/opt/homebrew/Caskroom/miniconda/base/lib/python3.11/subprocess.py:1016: RuntimeWarning: line buffering (buffering=1) isn't supported in binary mode, the default buffer size will be used
  self.stdout = io.open(c2pread, 'rb', bufsize)
/opt/homebrew/Caskroom/miniconda/base/lib/python3.11/subprocess.py:1021: RuntimeWarning: line buffering (buffering=1) isn't supported in binary mode, the default buffer size will be used
  self.stderr = io.open(errread, 'rb', bufsize)
/opt/homebrew/Caskroom/miniconda/base/lib/python3.11/subprocess.py:1016: RuntimeWarning: line buffering (buffering=1) isn't supported in binary mode, the default buffer size will be used
  self.stdout = io.open(c2pread, 'rb', bufsize)
/opt/homebrew/Caskroom/miniconda/base/lib/python3.11/subprocess.py:1021: RuntimeWarning: line buffering (buffering=1) isn't supported in binary mode, the default buffer size will be used
  self.stderr = io.open(errread, 'rb', bufsize)
/opt/homebrew/Caskroom/miniconda/base/lib/python3.11/subprocess.py:1016: RuntimeWarning: line buffering (buffering=1) isn't supported in binary mode, the default buffer size will be used
  self.stdout = io.open(c2pread, 'rb', bufsize)
/opt/homebrew/Caskroom/miniconda/base/lib/python3.11/subprocess.py:1021: RuntimeWarning: line buffering (buffering=1) isn't supported in binary mode, the default buffer size will be used
  self.stderr = io.open(errread, 'rb', bufsize)
[95m============================================================[0m
[95mMLX ParaLLM RL Training Launcher[0m
[95m============================================================[0m
Model: NousResearch/Hermes-4-Qwen3-14B-1-e3
Mode: Real Atropos (gsm8k)
Steps: 1
Batch Size: 2
[95m============================================================[0m

[1mStarting atropos-api...[0m
  Command: uv run run-api --port 8001
  Working dir: /Users/shannon/Workspace/Nous/atropos
Waiting for Atropos API on port 8001...
[96m[ATROPOS][0m [93mwarning: `VIRTUAL_ENV=/Users/shannon/Workspace/artivus/mlx_parallm/.venv` does not match the project environment path `.venv` and will be ignored; use `--active` to target the active environment instead[0m
[96m[ATROPOS][0m INFO:     Started server process [77473]
[96m[ATROPOS][0m INFO:     Waiting for application startup.
[96m[ATROPOS][0m INFO:     Application startup complete.
[96m[ATROPOS][0m INFO:     Uvicorn running on http://0.0.0.0:8001 (Press CTRL+C to quit)
[92m✓ Atropos API is ready on port 8001[0m
[1mStarting gsm8k-env...[0m
  Command: uv run python environments/gsm8k_server.py serve --openai.base_url http://localhost:8000/v1 --openai.api_key dummy --env.group_size 2 --slurm false
  Working dir: /Users/shannon/Workspace/Nous/atropos
[96m[ATROPOS][0m INFO:     127.0.0.1:60769 - "GET / HTTP/1.1" 200 OK
[94m[GSM8K][0m [93mwarning: `VIRTUAL_ENV=/Users/shannon/Workspace/artivus/mlx_parallm/.venv` does not match the project environment path `.venv` and will be ignored; use `--active` to target the active environment instead[0m
[94m[GSM8K][0m None of PyTorch, TensorFlow >= 2.0, or Flax have been found. Models won't be available and only tokenizers, configuration and file/data utilities can be used.
[94m[GSM8K][0m BaseEnvConfig(
[94m[GSM8K][0m     group_size=2,
[94m[GSM8K][0m     max_num_workers=1,
[94m[GSM8K][0m     max_eval_workers=16,
[94m[GSM8K][0m     max_num_workers_per_node=8,
[94m[GSM8K][0m     steps_per_eval=100,
[94m[GSM8K][0m     max_token_length=2048,
[94m[GSM8K][0m     eval_handling=<EvalHandlingEnum.STOP_TRAIN: 'STOP_TRAIN'>,
[94m[GSM8K][0m     eval_limit_ratio=0.5,
[94m[GSM8K][0m     inference_weight=1.0,
[94m[GSM8K][0m     batch_size=2,
[94m[GSM8K][0m     max_batches_offpolicy=3,
[94m[GSM8K][0m     tokenizer_name='NousResearch/Hermes-4-Qwen3-14B-1-e3',
[94m[GSM8K][0m     use_wandb=False,
[94m[GSM8K][0m     rollout_server_url='http://localhost:8001',
[94m[GSM8K][0m     total_steps=1000,
[94m[GSM8K][0m     wandb_name='gsm8k',
[94m[GSM8K][0m     num_rollouts_to_keep=32,
[94m[GSM8K][0m     num_rollouts_per_group_for_logging=1,
[94m[GSM8K][0m     ensure_scores_are_not_same=True,
[94m[GSM8K][0m     data_path_to_save_groups=None,
[94m[GSM8K][0m     data_dir_to_save_evals=None,
[94m[GSM8K][0m     min_items_sent_before_logging=2,
[94m[GSM8K][0m     include_messages=False,
[94m[GSM8K][0m     min_batch_allocation=None,
[94m[GSM8K][0m     worker_timeout=600.0
[94m[GSM8K][0m )
[94m[GSM8K][0m [
[94m[GSM8K][0m     APIServerConfig(
[94m[GSM8K][0m         timeout=1200,
[94m[GSM8K][0m         num_max_requests_at_once=512,
[94m[GSM8K][0m         num_requests_for_eval=256,
[94m[GSM8K][0m         model_name='NousResearch/Hermes-4-Qwen3-14B-1-e3',
[94m[GSM8K][0m         rolling_buffer_length=1000,
[94m[GSM8K][0m         server_type='openai',
[94m[GSM8K][0m         api_key='dummy',
[94m[GSM8K][0m         base_url='http://localhost:8000/v1',
[94m[GSM8K][0m         n_kwarg_is_ignored=False,
[94m[GSM8K][0m         health_check=True
[94m[GSM8K][0m     )
[94m[GSM8K][0m ]
[92m✓ Environment server started[0m
[1mStarting trainer...[0m
  Command: uv run mlx_parallm_train --model-path NousResearch/Hermes-4-Qwen3-14B-1-e3 --steps 1 --batch-size 2 --port 8000 --checkpoint-dir checkpoints --checkpoint-interval 1 --atropos-url http://localhost:8001 --token-budget 16384
  Working dir: /Users/shannon/Workspace/artivus/mlx_parallm

[1mTraining in progress...[0m
Logs are being saved to: logs/20250820_150249
Press Ctrl+C to stop

[92m[TRAINER][0m INFO:root:mlx_parallm_train starting
[92m[TRAINER][0m INFO:root:Server thread launched; waiting for readiness...
[92m[TRAINER][0m INFO:     Started server process [77648]
[92m[TRAINER][0m INFO:     Waiting for application startup.
[92m[TRAINER][0m INFO:root:Attempting to load initial model from CLI: NousResearch/Hermes-4-Qwen3-14B-1-e3
[92m[TRAINER][0m Fetching 17 files:   0%|          | 0/17 [00:00<?, ?it/s]Fetching 17 files: 100%|██████████| 17/17 [00:00<00:00, 31136.75it/s]
[92m[TRAINER][0m INFO:root:Successfully loaded model: NousResearch/Hermes-4-Qwen3-14B-1-e3
[92m[TRAINER][0m INFO:root:Model NousResearch/Hermes-4-Qwen3-14B-1-e3 registered with status: loaded
[92m[TRAINER][0m INFO:root:Batch processing worker task created.
[92m[TRAINER][0m INFO:root:Batch processing worker starting. MAX_BATCH_SIZE=8, BATCH_TIMEOUT=0.1s
[92m[TRAINER][0m INFO:root:Batch worker successfully retrieved model 'NousResearch/Hermes-4-Qwen3-14B-1-e3'.
[92m[TRAINER][0m INFO:     Application startup complete.
[92m[TRAINER][0m INFO:     Uvicorn running on http://127.0.0.1:8000 (Press CTRL+C to quit)
[96m[ATROPOS][0m INFO:     127.0.0.1:60851 - "POST /register HTTP/1.1" 200 OK
[92m[TRAINER][0m INFO:root:Registered with Atropos, UUID: 186448376286782649251474027867687894343
[96m[ATROPOS][0m INFO:     127.0.0.1:60852 - "GET /batch HTTP/1.1" 200 OK
[96m[ATROPOS][0m INFO:     127.0.0.1:60854 - "GET /batch HTTP/1.1" 200 OK
[96m[ATROPOS][0m INFO:     127.0.0.1:60857 - "GET /batch HTTP/1.1" 200 OK
[96m[ATROPOS][0m INFO:     127.0.0.1:60858 - "GET /batch HTTP/1.1" 200 OK
[96m[ATROPOS][0m INFO:     127.0.0.1:60859 - "GET /batch HTTP/1.1" 200 OK
[92m[TRAINER][0m INFO:root:Polling for batch... attempt 5
[96m[ATROPOS][0m INFO:     127.0.0.1:60866 - "GET /batch HTTP/1.1" 200 OK
[96m[ATROPOS][0m INFO:     127.0.0.1:60869 - "POST /register-env HTTP/1.1" 200 OK
[96m[ATROPOS][0m INFO:     127.0.0.1:60870 - "GET /info HTTP/1.1" 200 OK
[96m[ATROPOS][0m INFO:     127.0.0.1:60872 - "GET /batch HTTP/1.1" 200 OK
[96m[ATROPOS][0m INFO:     127.0.0.1:60875 - "GET /batch HTTP/1.1" 200 OK
[96m[ATROPOS][0m INFO:     127.0.0.1:60876 - "GET /batch HTTP/1.1" 200 OK
[96m[ATROPOS][0m INFO:     127.0.0.1:60877 - "GET /batch HTTP/1.1" 200 OK
[92m[TRAINER][0m INFO:root:Polling for batch... attempt 10
[96m[ATROPOS][0m INFO:     127.0.0.1:60878 - "GET /batch HTTP/1.1" 200 OK
[96m[ATROPOS][0m INFO:     127.0.0.1:60879 - "GET /status-env HTTP/1.1" 200 OK
[94m[GSM8K][0m INFO:atroposlib.envs.base:env_manager: Status dict: {'current_step': 0, 'queue_size': 0, 'unallocated_fraction': 1.0, 'self_queue_size': 0, 'max_group_size': 1, 'env_weight': 1.0}
[94m[GSM8K][0m max_num_workers: 1, queue size: 0, workers: 0, self_queue_size: 0
[94m[GSM8K][0m DEBUG:atroposlib.envs.base:handle_env: Starting with item: {'question': 'Mimi picked up 2 dozen seashells on the beach.  Kyle found twice as many shells as Mimi and put them in his pocket. Leigh grabbed one-third of the shells that Kyle found.  How many seashells did Leigh have?', 'answer': 'Mimi has 2 x 12 = <<2*12=24>>24 sea shells.\nKyle has 24 x 2 = <<24*2=48>>48 sea shells.\nLeigh has 48 / 3 = <<48/3=16>>16 sea shells.\n#### 16'}
[94m[GSM8K][0m [93mWARNING:__main__:Collecting trajectories for item: {'question': 'Mimi picked up 2 dozen seashells on the beach.  Kyle found twice as many shells as Mimi and put them in his pocket. Leigh grabbed one-third of the shells that Kyle found.  How many seashells did Leigh have?', 'answer': 'Mimi has 2 x 12 = <<2*12=24>>24 sea shells.\nKyle has 24 x 2 = <<24*2=48>>48 sea shells.\nLeigh has 48 / 3 = <<48/3=16>>16 sea shells.\n#### 16'}[0m
[96m[ATROPOS][0m INFO:     127.0.0.1:60880 - "GET /status-env HTTP/1.1" 200 OK
[94m[GSM8K][0m INFO:atroposlib.envs.base:env_manager: Status dict: {'current_step': 0, 'queue_size': 0, 'unallocated_fraction': 1.0, 'self_queue_size': 0, 'max_group_size': 1, 'env_weight': 1.0}
[92m[TRAINER][0m INFO:root:Non-streaming chat completion request for model NousResearch/Hermes-4-Qwen3-14B-1-e3. It will be queued for batch processing.
[92m[TRAINER][0m INFO:root:Non-streaming chat completion request for model NousResearch/Hermes-4-Qwen3-14B-1-e3. It will be queued for batch processing.
[92m[TRAINER][0m INFO:root:Processing batch of 2 requests.
[92m[TRAINER][0m INFO:root:Calling batch_generate_text_util with 3 expanded prompts.
[92m[TRAINER][0m INFO:root:Using tokenizer's model_max_length: 131072
[92m[TRAINER][0m [93mWARNING:root:Effective max_length 131072 exceeds safety cap of 65536. Capping to 65536.[0m
[92m[TRAINER][0m INFO:root:Final effective_max_length for tokenizer: 65536
[96m[ATROPOS][0m INFO:     127.0.0.1:60885 - "GET /status-env HTTP/1.1" 200 OK
[94m[GSM8K][0m INFO:atroposlib.envs.base:env_manager: Status dict: {'current_step': 0, 'queue_size': 0, 'unallocated_fraction': 1.0, 'self_queue_size': 0, 'max_group_size': 1, 'env_weight': 1.0}
[96m[ATROPOS][0m INFO:     127.0.0.1:60886 - "GET /status-env HTTP/1.1" 200 OK
[94m[GSM8K][0m INFO:atroposlib.envs.base:env_manager: Status dict: {'current_step': 0, 'queue_size': 0, 'unallocated_fraction': 1.0, 'self_queue_size': 0, 'max_group_size': 1, 'env_weight': 1.0}
[96m[ATROPOS][0m INFO:     127.0.0.1:60887 - "GET /status-env HTTP/1.1" 200 OK
[94m[GSM8K][0m INFO:atroposlib.envs.base:env_manager: Status dict: {'current_step': 0, 'queue_size': 0, 'unallocated_fraction': 1.0, 'self_queue_size': 0, 'max_group_size': 1, 'env_weight': 1.0}
[96m[ATROPOS][0m INFO:     127.0.0.1:60888 - "GET /status-env HTTP/1.1" 200 OK
[94m[GSM8K][0m INFO:atroposlib.envs.base:env_manager: Status dict: {'current_step': 0, 'queue_size': 0, 'unallocated_fraction': 1.0, 'self_queue_size': 0, 'max_group_size': 1, 'env_weight': 1.0}
[96m[ATROPOS][0m INFO:     127.0.0.1:60889 - "GET /status-env HTTP/1.1" 200 OK
[94m[GSM8K][0m INFO:atroposlib.envs.base:env_manager: Status dict: {'current_step': 0, 'queue_size': 0, 'unallocated_fraction': 1.0, 'self_queue_size': 0, 'max_group_size': 1, 'env_weight': 1.0}
[96m[ATROPOS][0m INFO:     127.0.0.1:60890 - "GET /status-env HTTP/1.1" 200 OK
[94m[GSM8K][0m INFO:atroposlib.envs.base:env_manager: Status dict: {'current_step': 0, 'queue_size': 0, 'unallocated_fraction': 1.0, 'self_queue_size': 0, 'max_group_size': 1, 'env_weight': 1.0}
[96m[ATROPOS][0m INFO:     127.0.0.1:60891 - "GET /batch HTTP/1.1" 200 OK
[96m[ATROPOS][0m INFO:     127.0.0.1:60892 - "GET /status-env HTTP/1.1" 200 OK
[94m[GSM8K][0m INFO:atroposlib.envs.base:env_manager: Status dict: {'current_step': 0, 'queue_size': 0, 'unallocated_fraction': 1.0, 'self_queue_size': 0, 'max_group_size': 1, 'env_weight': 1.0}
[96m[ATROPOS][0m INFO:     127.0.0.1:60893 - "GET /status-env HTTP/1.1" 200 OK
[94m[GSM8K][0m INFO:atroposlib.envs.base:env_manager: Status dict: {'current_step': 0, 'queue_size': 0, 'unallocated_fraction': 1.0, 'self_queue_size': 0, 'max_group_size': 1, 'env_weight': 1.0}
[96m[ATROPOS][0m INFO:     127.0.0.1:60894 - "GET /status-env HTTP/1.1" 200 OK
[94m[GSM8K][0m INFO:atroposlib.envs.base:env_manager: Status dict: {'current_step': 0, 'queue_size': 0, 'unallocated_fraction': 1.0, 'self_queue_size': 0, 'max_group_size': 1, 'env_weight': 1.0}
[96m[ATROPOS][0m INFO:     127.0.0.1:60895 - "GET /status-env HTTP/1.1" 200 OK
[94m[GSM8K][0m INFO:atroposlib.envs.base:env_manager: Status dict: {'current_step': 0, 'queue_size': 0, 'unallocated_fraction': 1.0, 'self_queue_size': 0, 'max_group_size': 1, 'env_weight': 1.0}
[96m[ATROPOS][0m INFO:     127.0.0.1:60896 - "GET /status-env HTTP/1.1" 200 OK
[94m[GSM8K][0m INFO:atroposlib.envs.base:env_manager: Status dict: {'current_step': 0, 'queue_size': 0, 'unallocated_fraction': 1.0, 'self_queue_size': 0, 'max_group_size': 1, 'env_weight': 1.0}
[96m[ATROPOS][0m INFO:     127.0.0.1:60897 - "GET /status-env HTTP/1.1" 200 OK
[94m[GSM8K][0m INFO:atroposlib.envs.base:env_manager: Status dict: {'current_step': 0, 'queue_size': 0, 'unallocated_fraction': 1.0, 'self_queue_size': 0, 'max_group_size': 1, 'env_weight': 1.0}
[96m[ATROPOS][0m INFO:     127.0.0.1:60898 - "GET /status-env HTTP/1.1" 200 OK
[94m[GSM8K][0m INFO:atroposlib.envs.base:env_manager: Status dict: {'current_step': 0, 'queue_size': 0, 'unallocated_fraction': 1.0, 'self_queue_size': 0, 'max_group_size': 1, 'env_weight': 1.0}
[96m[ATROPOS][0m INFO:     127.0.0.1:60899 - "GET /status-env HTTP/1.1" 200 OK
[94m[GSM8K][0m INFO:atroposlib.envs.base:env_manager: Status dict: {'current_step': 0, 'queue_size': 0, 'unallocated_fraction': 1.0, 'self_queue_size': 0, 'max_group_size': 1, 'env_weight': 1.0}
[96m[ATROPOS][0m INFO:     127.0.0.1:60900 - "GET /status-env HTTP/1.1" 200 OK
[94m[GSM8K][0m INFO:atroposlib.envs.base:env_manager: Status dict: {'current_step': 0, 'queue_size': 0, 'unallocated_fraction': 1.0, 'self_queue_size': 0, 'max_group_size': 1, 'env_weight': 1.0}
[96m[ATROPOS][0m INFO:     127.0.0.1:60901 - "GET /batch HTTP/1.1" 200 OK
[96m[ATROPOS][0m INFO:     127.0.0.1:60902 - "GET /status-env HTTP/1.1" 200 OK
[94m[GSM8K][0m INFO:atroposlib.envs.base:env_manager: Status dict: {'current_step': 0, 'queue_size': 0, 'unallocated_fraction': 1.0, 'self_queue_size': 0, 'max_group_size': 1, 'env_weight': 1.0}
[96m[ATROPOS][0m INFO:     127.0.0.1:60903 - "GET /status-env HTTP/1.1" 200 OK
[94m[GSM8K][0m INFO:atroposlib.envs.base:env_manager: Status dict: {'current_step': 0, 'queue_size': 0, 'unallocated_fraction': 1.0, 'self_queue_size': 0, 'max_group_size': 1, 'env_weight': 1.0}
[96m[ATROPOS][0m INFO:     127.0.0.1:60904 - "GET /status-env HTTP/1.1" 200 OK
[94m[GSM8K][0m INFO:atroposlib.envs.base:env_manager: Status dict: {'current_step': 0, 'queue_size': 0, 'unallocated_fraction': 1.0, 'self_queue_size': 0, 'max_group_size': 1, 'env_weight': 1.0}
[96m[ATROPOS][0m INFO:     127.0.0.1:60905 - "GET /status-env HTTP/1.1" 200 OK
[94m[GSM8K][0m INFO:atroposlib.envs.base:env_manager: Status dict: {'current_step': 0, 'queue_size': 0, 'unallocated_fraction': 1.0, 'self_queue_size': 0, 'max_group_size': 1, 'env_weight': 1.0}
[96m[ATROPOS][0m INFO:     127.0.0.1:60906 - "GET /status-env HTTP/1.1" 200 OK
[94m[GSM8K][0m INFO:atroposlib.envs.base:env_manager: Status dict: {'current_step': 0, 'queue_size': 0, 'unallocated_fraction': 1.0, 'self_queue_size': 0, 'max_group_size': 1, 'env_weight': 1.0}
[96m[ATROPOS][0m INFO:     127.0.0.1:60907 - "GET /status-env HTTP/1.1" 200 OK
[94m[GSM8K][0m INFO:atroposlib.envs.base:env_manager: Status dict: {'current_step': 0, 'queue_size': 0, 'unallocated_fraction': 1.0, 'self_queue_size': 0, 'max_group_size': 1, 'env_weight': 1.0}
[96m[ATROPOS][0m INFO:     127.0.0.1:60908 - "GET /status-env HTTP/1.1" 200 OK
[94m[GSM8K][0m INFO:atroposlib.envs.base:env_manager: Status dict: {'current_step': 0, 'queue_size': 0, 'unallocated_fraction': 1.0, 'self_queue_size': 0, 'max_group_size': 1, 'env_weight': 1.0}
[96m[ATROPOS][0m INFO:     127.0.0.1:60909 - "GET /status-env HTTP/1.1" 200 OK
[94m[GSM8K][0m INFO:atroposlib.envs.base:env_manager: Status dict: {'current_step': 0, 'queue_size': 0, 'unallocated_fraction': 1.0, 'self_queue_size': 0, 'max_group_size': 1, 'env_weight': 1.0}
[96m[ATROPOS][0m INFO:     127.0.0.1:60910 - "GET /status-env HTTP/1.1" 200 OK
[94m[GSM8K][0m INFO:atroposlib.envs.base:env_manager: Status dict: {'current_step': 0, 'queue_size': 0, 'unallocated_fraction': 1.0, 'self_queue_size': 0, 'max_group_size': 1, 'env_weight': 1.0}
[96m[ATROPOS][0m INFO:     127.0.0.1:60911 - "GET /status-env HTTP/1.1" 200 OK
[94m[GSM8K][0m INFO:atroposlib.envs.base:env_manager: Status dict: {'current_step': 0, 'queue_size': 0, 'unallocated_fraction': 1.0, 'self_queue_size': 0, 'max_group_size': 1, 'env_weight': 1.0}
[96m[ATROPOS][0m INFO:     127.0.0.1:60912 - "GET /batch HTTP/1.1" 200 OK
[96m[ATROPOS][0m INFO:     127.0.0.1:60913 - "GET /status-env HTTP/1.1" 200 OK
[94m[GSM8K][0m INFO:atroposlib.envs.base:env_manager: Status dict: {'current_step': 0, 'queue_size': 0, 'unallocated_fraction': 1.0, 'self_queue_size': 0, 'max_group_size': 1, 'env_weight': 1.0}
[96m[ATROPOS][0m INFO:     127.0.0.1:60914 - "GET /status-env HTTP/1.1" 200 OK
[94m[GSM8K][0m INFO:atroposlib.envs.base:env_manager: Status dict: {'current_step': 0, 'queue_size': 0, 'unallocated_fraction': 1.0, 'self_queue_size': 0, 'max_group_size': 1, 'env_weight': 1.0}
[96m[ATROPOS][0m INFO:     127.0.0.1:60915 - "GET /status-env HTTP/1.1" 200 OK
[94m[GSM8K][0m INFO:atroposlib.envs.base:env_manager: Status dict: {'current_step': 0, 'queue_size': 0, 'unallocated_fraction': 1.0, 'self_queue_size': 0, 'max_group_size': 1, 'env_weight': 1.0}
[96m[ATROPOS][0m INFO:     127.0.0.1:60916 - "GET /status-env HTTP/1.1" 200 OK
[94m[GSM8K][0m INFO:atroposlib.envs.base:env_manager: Status dict: {'current_step': 0, 'queue_size': 0, 'unallocated_fraction': 1.0, 'self_queue_size': 0, 'max_group_size': 1, 'env_weight': 1.0}
[96m[ATROPOS][0m INFO:     127.0.0.1:60917 - "GET /status-env HTTP/1.1" 200 OK
[94m[GSM8K][0m INFO:atroposlib.envs.base:env_manager: Status dict: {'current_step': 0, 'queue_size': 0, 'unallocated_fraction': 1.0, 'self_queue_size': 0, 'max_group_size': 1, 'env_weight': 1.0}
[96m[ATROPOS][0m INFO:     127.0.0.1:60918 - "GET /status-env HTTP/1.1" 200 OK
[94m[GSM8K][0m INFO:atroposlib.envs.base:env_manager: Status dict: {'current_step': 0, 'queue_size': 0, 'unallocated_fraction': 1.0, 'self_queue_size': 0, 'max_group_size': 1, 'env_weight': 1.0}
[96m[ATROPOS][0m INFO:     127.0.0.1:60919 - "GET /status-env HTTP/1.1" 200 OK
[94m[GSM8K][0m INFO:atroposlib.envs.base:env_manager: Status dict: {'current_step': 0, 'queue_size': 0, 'unallocated_fraction': 1.0, 'self_queue_size': 0, 'max_group_size': 1, 'env_weight': 1.0}
[96m[ATROPOS][0m INFO:     127.0.0.1:60920 - "GET /status-env HTTP/1.1" 200 OK
[94m[GSM8K][0m INFO:atroposlib.envs.base:env_manager: Status dict: {'current_step': 0, 'queue_size': 0, 'unallocated_fraction': 1.0, 'self_queue_size': 0, 'max_group_size': 1, 'env_weight': 1.0}
[96m[ATROPOS][0m INFO:     127.0.0.1:60921 - "GET /status-env HTTP/1.1" 200 OK
[94m[GSM8K][0m INFO:atroposlib.envs.base:env_manager: Status dict: {'current_step': 0, 'queue_size': 0, 'unallocated_fraction': 1.0, 'self_queue_size': 0, 'max_group_size': 1, 'env_weight': 1.0}
[96m[ATROPOS][0m INFO:     127.0.0.1:60922 - "GET /status-env HTTP/1.1" 200 OK
[94m[GSM8K][0m INFO:atroposlib.envs.base:env_manager: Status dict: {'current_step': 0, 'queue_size': 0, 'unallocated_fraction': 1.0, 'self_queue_size': 0, 'max_group_size': 1, 'env_weight': 1.0}
[96m[ATROPOS][0m INFO:     127.0.0.1:60923 - "GET /batch HTTP/1.1" 200 OK
[92m[TRAINER][0m INFO:root:Polling for batch... attempt 15
[96m[ATROPOS][0m INFO:     127.0.0.1:60924 - "GET /status-env HTTP/1.1" 200 OK
[94m[GSM8K][0m INFO:atroposlib.envs.base:env_manager: Status dict: {'current_step': 0, 'queue_size': 0, 'unallocated_fraction': 1.0, 'self_queue_size': 0, 'max_group_size': 1, 'env_weight': 1.0}
[96m[ATROPOS][0m INFO:     127.0.0.1:60925 - "GET /status-env HTTP/1.1" 200 OK
[94m[GSM8K][0m INFO:atroposlib.envs.base:env_manager: Status dict: {'current_step': 0, 'queue_size': 0, 'unallocated_fraction': 1.0, 'self_queue_size': 0, 'max_group_size': 1, 'env_weight': 1.0}
[96m[ATROPOS][0m INFO:     127.0.0.1:60926 - "GET /status-env HTTP/1.1" 200 OK
[94m[GSM8K][0m INFO:atroposlib.envs.base:env_manager: Status dict: {'current_step': 0, 'queue_size': 0, 'unallocated_fraction': 1.0, 'self_queue_size': 0, 'max_group_size': 1, 'env_weight': 1.0}
[96m[ATROPOS][0m INFO:     127.0.0.1:60927 - "GET /status-env HTTP/1.1" 200 OK
[94m[GSM8K][0m INFO:atroposlib.envs.base:env_manager: Status dict: {'current_step': 0, 'queue_size': 0, 'unallocated_fraction': 1.0, 'self_queue_size': 0, 'max_group_size': 1, 'env_weight': 1.0}
[96m[ATROPOS][0m INFO:     127.0.0.1:60928 - "GET /status-env HTTP/1.1" 200 OK
[94m[GSM8K][0m INFO:atroposlib.envs.base:env_manager: Status dict: {'current_step': 0, 'queue_size': 0, 'unallocated_fraction': 1.0, 'self_queue_size': 0, 'max_group_size': 1, 'env_weight': 1.0}
[96m[ATROPOS][0m INFO:     127.0.0.1:60929 - "GET /status-env HTTP/1.1" 200 OK
[94m[GSM8K][0m INFO:atroposlib.envs.base:env_manager: Status dict: {'current_step': 0, 'queue_size': 0, 'unallocated_fraction': 1.0, 'self_queue_size': 0, 'max_group_size': 1, 'env_weight': 1.0}
[96m[ATROPOS][0m INFO:     127.0.0.1:60930 - "GET /status-env HTTP/1.1" 200 OK
[94m[GSM8K][0m INFO:atroposlib.envs.base:env_manager: Status dict: {'current_step': 0, 'queue_size': 0, 'unallocated_fraction': 1.0, 'self_queue_size': 0, 'max_group_size': 1, 'env_weight': 1.0}
[96m[ATROPOS][0m INFO:     127.0.0.1:60931 - "GET /status-env HTTP/1.1" 200 OK
[94m[GSM8K][0m INFO:atroposlib.envs.base:env_manager: Status dict: {'current_step': 0, 'queue_size': 0, 'unallocated_fraction': 1.0, 'self_queue_size': 0, 'max_group_size': 1, 'env_weight': 1.0}
[96m[ATROPOS][0m INFO:     127.0.0.1:60932 - "GET /status-env HTTP/1.1" 200 OK
[94m[GSM8K][0m INFO:atroposlib.envs.base:env_manager: Status dict: {'current_step': 0, 'queue_size': 0, 'unallocated_fraction': 1.0, 'self_queue_size': 0, 'max_group_size': 1, 'env_weight': 1.0}
[96m[ATROPOS][0m INFO:     127.0.0.1:60933 - "GET /batch HTTP/1.1" 200 OK
[96m[ATROPOS][0m INFO:     127.0.0.1:60934 - "GET /status-env HTTP/1.1" 200 OK
[94m[GSM8K][0m INFO:atroposlib.envs.base:env_manager: Status dict: {'current_step': 0, 'queue_size': 0, 'unallocated_fraction': 1.0, 'self_queue_size': 0, 'max_group_size': 1, 'env_weight': 1.0}
[96m[ATROPOS][0m INFO:     127.0.0.1:60935 - "GET /status-env HTTP/1.1" 200 OK
[94m[GSM8K][0m INFO:atroposlib.envs.base:env_manager: Status dict: {'current_step': 0, 'queue_size': 0, 'unallocated_fraction': 1.0, 'self_queue_size': 0, 'max_group_size': 1, 'env_weight': 1.0}
[96m[ATROPOS][0m INFO:     127.0.0.1:60936 - "GET /status-env HTTP/1.1" 200 OK
[94m[GSM8K][0m INFO:atroposlib.envs.base:env_manager: Status dict: {'current_step': 0, 'queue_size': 0, 'unallocated_fraction': 1.0, 'self_queue_size': 0, 'max_group_size': 1, 'env_weight': 1.0}
[96m[ATROPOS][0m INFO:     127.0.0.1:60937 - "GET /status-env HTTP/1.1" 200 OK
[94m[GSM8K][0m INFO:atroposlib.envs.base:env_manager: Status dict: {'current_step': 0, 'queue_size': 0, 'unallocated_fraction': 1.0, 'self_queue_size': 0, 'max_group_size': 1, 'env_weight': 1.0}
[96m[ATROPOS][0m INFO:     127.0.0.1:60938 - "GET /status-env HTTP/1.1" 200 OK
[94m[GSM8K][0m INFO:atroposlib.envs.base:env_manager: Status dict: {'current_step': 0, 'queue_size': 0, 'unallocated_fraction': 1.0, 'self_queue_size': 0, 'max_group_size': 1, 'env_weight': 1.0}
[96m[ATROPOS][0m INFO:     127.0.0.1:60939 - "GET /status-env HTTP/1.1" 200 OK
[94m[GSM8K][0m INFO:atroposlib.envs.base:env_manager: Status dict: {'current_step': 0, 'queue_size': 0, 'unallocated_fraction': 1.0, 'self_queue_size': 0, 'max_group_size': 1, 'env_weight': 1.0}
[96m[ATROPOS][0m INFO:     127.0.0.1:60940 - "GET /status-env HTTP/1.1" 200 OK
[94m[GSM8K][0m INFO:atroposlib.envs.base:env_manager: Status dict: {'current_step': 0, 'queue_size': 0, 'unallocated_fraction': 1.0, 'self_queue_size': 0, 'max_group_size': 1, 'env_weight': 1.0}
[96m[ATROPOS][0m INFO:     127.0.0.1:60941 - "GET /status-env HTTP/1.1" 200 OK
[94m[GSM8K][0m INFO:atroposlib.envs.base:env_manager: Status dict: {'current_step': 0, 'queue_size': 0, 'unallocated_fraction': 1.0, 'self_queue_size': 0, 'max_group_size': 1, 'env_weight': 1.0}
[96m[ATROPOS][0m INFO:     127.0.0.1:60942 - "GET /status-env HTTP/1.1" 200 OK
[94m[GSM8K][0m INFO:atroposlib.envs.base:env_manager: Status dict: {'current_step': 0, 'queue_size': 0, 'unallocated_fraction': 1.0, 'self_queue_size': 0, 'max_group_size': 1, 'env_weight': 1.0}
[96m[ATROPOS][0m INFO:     127.0.0.1:60943 - "GET /status-env HTTP/1.1" 200 OK
[94m[GSM8K][0m INFO:atroposlib.envs.base:env_manager: Status dict: {'current_step': 0, 'queue_size': 0, 'unallocated_fraction': 1.0, 'self_queue_size': 0, 'max_group_size': 1, 'env_weight': 1.0}
[96m[ATROPOS][0m INFO:     127.0.0.1:60944 - "GET /batch HTTP/1.1" 200 OK
[96m[ATROPOS][0m INFO:     127.0.0.1:60945 - "GET /status-env HTTP/1.1" 200 OK
[94m[GSM8K][0m INFO:atroposlib.envs.base:env_manager: Status dict: {'current_step': 0, 'queue_size': 0, 'unallocated_fraction': 1.0, 'self_queue_size': 0, 'max_group_size': 1, 'env_weight': 1.0}
[96m[ATROPOS][0m INFO:     127.0.0.1:60946 - "GET /status-env HTTP/1.1" 200 OK
[94m[GSM8K][0m INFO:atroposlib.envs.base:env_manager: Status dict: {'current_step': 0, 'queue_size': 0, 'unallocated_fraction': 1.0, 'self_queue_size': 0, 'max_group_size': 1, 'env_weight': 1.0}
[96m[ATROPOS][0m INFO:     127.0.0.1:60947 - "GET /status-env HTTP/1.1" 200 OK
[94m[GSM8K][0m INFO:atroposlib.envs.base:env_manager: Status dict: {'current_step': 0, 'queue_size': 0, 'unallocated_fraction': 1.0, 'self_queue_size': 0, 'max_group_size': 1, 'env_weight': 1.0}
[96m[ATROPOS][0m INFO:     127.0.0.1:60948 - "GET /status-env HTTP/1.1" 200 OK
[94m[GSM8K][0m INFO:atroposlib.envs.base:env_manager: Status dict: {'current_step': 0, 'queue_size': 0, 'unallocated_fraction': 1.0, 'self_queue_size': 0, 'max_group_size': 1, 'env_weight': 1.0}
[96m[ATROPOS][0m INFO:     127.0.0.1:60949 - "GET /status-env HTTP/1.1" 200 OK
[94m[GSM8K][0m INFO:atroposlib.envs.base:env_manager: Status dict: {'current_step': 0, 'queue_size': 0, 'unallocated_fraction': 1.0, 'self_queue_size': 0, 'max_group_size': 1, 'env_weight': 1.0}
[96m[ATROPOS][0m INFO:     127.0.0.1:60950 - "GET /status-env HTTP/1.1" 200 OK
[94m[GSM8K][0m INFO:atroposlib.envs.base:env_manager: Status dict: {'current_step': 0, 'queue_size': 0, 'unallocated_fraction': 1.0, 'self_queue_size': 0, 'max_group_size': 1, 'env_weight': 1.0}
[96m[ATROPOS][0m INFO:     127.0.0.1:60951 - "GET /status-env HTTP/1.1" 200 OK
[94m[GSM8K][0m INFO:atroposlib.envs.base:env_manager: Status dict: {'current_step': 0, 'queue_size': 0, 'unallocated_fraction': 1.0, 'self_queue_size': 0, 'max_group_size': 1, 'env_weight': 1.0}
[96m[ATROPOS][0m INFO:     127.0.0.1:60952 - "GET /status-env HTTP/1.1" 200 OK
[94m[GSM8K][0m INFO:atroposlib.envs.base:env_manager: Status dict: {'current_step': 0, 'queue_size': 0, 'unallocated_fraction': 1.0, 'self_queue_size': 0, 'max_group_size': 1, 'env_weight': 1.0}
[96m[ATROPOS][0m INFO:     127.0.0.1:60953 - "GET /status-env HTTP/1.1" 200 OK
[94m[GSM8K][0m INFO:atroposlib.envs.base:env_manager: Status dict: {'current_step': 0, 'queue_size': 0, 'unallocated_fraction': 1.0, 'self_queue_size': 0, 'max_group_size': 1, 'env_weight': 1.0}
[96m[ATROPOS][0m INFO:     127.0.0.1:60954 - "GET /status-env HTTP/1.1" 200 OK
[94m[GSM8K][0m INFO:atroposlib.envs.base:env_manager: Status dict: {'current_step': 0, 'queue_size': 0, 'unallocated_fraction': 1.0, 'self_queue_size': 0, 'max_group_size': 1, 'env_weight': 1.0}
[96m[ATROPOS][0m INFO:     127.0.0.1:60955 - "GET /batch HTTP/1.1" 200 OK
[96m[ATROPOS][0m INFO:     127.0.0.1:60957 - "GET /status-env HTTP/1.1" 200 OK
[94m[GSM8K][0m INFO:atroposlib.envs.base:env_manager: Status dict: {'current_step': 0, 'queue_size': 0, 'unallocated_fraction': 1.0, 'self_queue_size': 0, 'max_group_size': 1, 'env_weight': 1.0}
[96m[ATROPOS][0m INFO:     127.0.0.1:60959 - "GET /status-env HTTP/1.1" 200 OK
[94m[GSM8K][0m INFO:atroposlib.envs.base:env_manager: Status dict: {'current_step': 0, 'queue_size': 0, 'unallocated_fraction': 1.0, 'self_queue_size': 0, 'max_group_size': 1, 'env_weight': 1.0}
[96m[ATROPOS][0m INFO:     127.0.0.1:60960 - "GET /status-env HTTP/1.1" 200 OK
[94m[GSM8K][0m INFO:atroposlib.envs.base:env_manager: Status dict: {'current_step': 0, 'queue_size': 0, 'unallocated_fraction': 1.0, 'self_queue_size': 0, 'max_group_size': 1, 'env_weight': 1.0}
[96m[ATROPOS][0m INFO:     127.0.0.1:60961 - "GET /status-env HTTP/1.1" 200 OK
[94m[GSM8K][0m INFO:atroposlib.envs.base:env_manager: Status dict: {'current_step': 0, 'queue_size': 0, 'unallocated_fraction': 1.0, 'self_queue_size': 0, 'max_group_size': 1, 'env_weight': 1.0}
[96m[ATROPOS][0m INFO:     127.0.0.1:60962 - "GET /status-env HTTP/1.1" 200 OK
[94m[GSM8K][0m INFO:atroposlib.envs.base:env_manager: Status dict: {'current_step': 0, 'queue_size': 0, 'unallocated_fraction': 1.0, 'self_queue_size': 0, 'max_group_size': 1, 'env_weight': 1.0}
[96m[ATROPOS][0m INFO:     127.0.0.1:60963 - "GET /status-env HTTP/1.1" 200 OK
[94m[GSM8K][0m INFO:atroposlib.envs.base:env_manager: Status dict: {'current_step': 0, 'queue_size': 0, 'unallocated_fraction': 1.0, 'self_queue_size': 0, 'max_group_size': 1, 'env_weight': 1.0}
[96m[ATROPOS][0m INFO:     127.0.0.1:60964 - "GET /status-env HTTP/1.1" 200 OK
[94m[GSM8K][0m INFO:atroposlib.envs.base:env_manager: Status dict: {'current_step': 0, 'queue_size': 0, 'unallocated_fraction': 1.0, 'self_queue_size': 0, 'max_group_size': 1, 'env_weight': 1.0}
[96m[ATROPOS][0m INFO:     127.0.0.1:60965 - "GET /status-env HTTP/1.1" 200 OK
[94m[GSM8K][0m INFO:atroposlib.envs.base:env_manager: Status dict: {'current_step': 0, 'queue_size': 0, 'unallocated_fraction': 1.0, 'self_queue_size': 0, 'max_group_size': 1, 'env_weight': 1.0}
[96m[ATROPOS][0m INFO:     127.0.0.1:60966 - "GET /status-env HTTP/1.1" 200 OK
[94m[GSM8K][0m INFO:atroposlib.envs.base:env_manager: Status dict: {'current_step': 0, 'queue_size': 0, 'unallocated_fraction': 1.0, 'self_queue_size': 0, 'max_group_size': 1, 'env_weight': 1.0}
[96m[ATROPOS][0m INFO:     127.0.0.1:60967 - "GET /status-env HTTP/1.1" 200 OK
[94m[GSM8K][0m INFO:atroposlib.envs.base:env_manager: Status dict: {'current_step': 0, 'queue_size': 0, 'unallocated_fraction': 1.0, 'self_queue_size': 0, 'max_group_size': 1, 'env_weight': 1.0}
[96m[ATROPOS][0m INFO:     127.0.0.1:60968 - "GET /batch HTTP/1.1" 200 OK
[96m[ATROPOS][0m INFO:     127.0.0.1:60969 - "GET /status-env HTTP/1.1" 200 OK
[94m[GSM8K][0m INFO:atroposlib.envs.base:env_manager: Status dict: {'current_step': 0, 'queue_size': 0, 'unallocated_fraction': 1.0, 'self_queue_size': 0, 'max_group_size': 1, 'env_weight': 1.0}
[96m[ATROPOS][0m INFO:     127.0.0.1:60970 - "GET /status-env HTTP/1.1" 200 OK
[94m[GSM8K][0m INFO:atroposlib.envs.base:env_manager: Status dict: {'current_step': 0, 'queue_size': 0, 'unallocated_fraction': 1.0, 'self_queue_size': 0, 'max_group_size': 1, 'env_weight': 1.0}
[96m[ATROPOS][0m INFO:     127.0.0.1:60971 - "GET /status-env HTTP/1.1" 200 OK
[94m[GSM8K][0m INFO:atroposlib.envs.base:env_manager: Status dict: {'current_step': 0, 'queue_size': 0, 'unallocated_fraction': 1.0, 'self_queue_size': 0, 'max_group_size': 1, 'env_weight': 1.0}
[96m[ATROPOS][0m INFO:     127.0.0.1:60972 - "GET /status-env HTTP/1.1" 200 OK
[94m[GSM8K][0m INFO:atroposlib.envs.base:env_manager: Status dict: {'current_step': 0, 'queue_size': 0, 'unallocated_fraction': 1.0, 'self_queue_size': 0, 'max_group_size': 1, 'env_weight': 1.0}
[96m[ATROPOS][0m INFO:     127.0.0.1:60973 - "GET /status-env HTTP/1.1" 200 OK
[94m[GSM8K][0m INFO:atroposlib.envs.base:env_manager: Status dict: {'current_step': 0, 'queue_size': 0, 'unallocated_fraction': 1.0, 'self_queue_size': 0, 'max_group_size': 1, 'env_weight': 1.0}
[96m[ATROPOS][0m INFO:     127.0.0.1:60974 - "GET /status-env HTTP/1.1" 200 OK
[94m[GSM8K][0m INFO:atroposlib.envs.base:env_manager: Status dict: {'current_step': 0, 'queue_size': 0, 'unallocated_fraction': 1.0, 'self_queue_size': 0, 'max_group_size': 1, 'env_weight': 1.0}
[96m[ATROPOS][0m INFO:     127.0.0.1:60975 - "GET /status-env HTTP/1.1" 200 OK
[94m[GSM8K][0m INFO:atroposlib.envs.base:env_manager: Status dict: {'current_step': 0, 'queue_size': 0, 'unallocated_fraction': 1.0, 'self_queue_size': 0, 'max_group_size': 1, 'env_weight': 1.0}
[96m[ATROPOS][0m INFO:     127.0.0.1:60976 - "GET /status-env HTTP/1.1" 200 OK
[94m[GSM8K][0m INFO:atroposlib.envs.base:env_manager: Status dict: {'current_step': 0, 'queue_size': 0, 'unallocated_fraction': 1.0, 'self_queue_size': 0, 'max_group_size': 1, 'env_weight': 1.0}
[96m[ATROPOS][0m INFO:     127.0.0.1:60977 - "GET /status-env HTTP/1.1" 200 OK
[94m[GSM8K][0m INFO:atroposlib.envs.base:env_manager: Status dict: {'current_step': 0, 'queue_size': 0, 'unallocated_fraction': 1.0, 'self_queue_size': 0, 'max_group_size': 1, 'env_weight': 1.0}
[96m[ATROPOS][0m INFO:     127.0.0.1:60978 - "GET /batch HTTP/1.1" 200 OK
[92m[TRAINER][0m INFO:root:Polling for batch... attempt 20
[96m[ATROPOS][0m INFO:     127.0.0.1:60979 - "GET /status-env HTTP/1.1" 200 OK
[94m[GSM8K][0m INFO:atroposlib.envs.base:env_manager: Status dict: {'current_step': 0, 'queue_size': 0, 'unallocated_fraction': 1.0, 'self_queue_size': 0, 'max_group_size': 1, 'env_weight': 1.0}
[96m[ATROPOS][0m INFO:     127.0.0.1:60980 - "GET /status-env HTTP/1.1" 200 OK
[94m[GSM8K][0m INFO:atroposlib.envs.base:env_manager: Status dict: {'current_step': 0, 'queue_size': 0, 'unallocated_fraction': 1.0, 'self_queue_size': 0, 'max_group_size': 1, 'env_weight': 1.0}
[96m[ATROPOS][0m INFO:     127.0.0.1:60981 - "GET /status-env HTTP/1.1" 200 OK
[94m[GSM8K][0m INFO:atroposlib.envs.base:env_manager: Status dict: {'current_step': 0, 'queue_size': 0, 'unallocated_fraction': 1.0, 'self_queue_size': 0, 'max_group_size': 1, 'env_weight': 1.0}
[96m[ATROPOS][0m INFO:     127.0.0.1:60982 - "GET /status-env HTTP/1.1" 200 OK
[94m[GSM8K][0m INFO:atroposlib.envs.base:env_manager: Status dict: {'current_step': 0, 'queue_size': 0, 'unallocated_fraction': 1.0, 'self_queue_size': 0, 'max_group_size': 1, 'env_weight': 1.0}
[96m[ATROPOS][0m INFO:     127.0.0.1:60983 - "GET /status-env HTTP/1.1" 200 OK
[94m[GSM8K][0m INFO:atroposlib.envs.base:env_manager: Status dict: {'current_step': 0, 'queue_size': 0, 'unallocated_fraction': 1.0, 'self_queue_size': 0, 'max_group_size': 1, 'env_weight': 1.0}
[96m[ATROPOS][0m INFO:     127.0.0.1:60984 - "GET /status-env HTTP/1.1" 200 OK
[94m[GSM8K][0m INFO:atroposlib.envs.base:env_manager: Status dict: {'current_step': 0, 'queue_size': 0, 'unallocated_fraction': 1.0, 'self_queue_size': 0, 'max_group_size': 1, 'env_weight': 1.0}
[96m[ATROPOS][0m INFO:     127.0.0.1:60985 - "GET /status-env HTTP/1.1" 200 OK
[94m[GSM8K][0m INFO:atroposlib.envs.base:env_manager: Status dict: {'current_step': 0, 'queue_size': 0, 'unallocated_fraction': 1.0, 'self_queue_size': 0, 'max_group_size': 1, 'env_weight': 1.0}
[96m[ATROPOS][0m INFO:     127.0.0.1:60986 - "GET /status-env HTTP/1.1" 200 OK
[94m[GSM8K][0m INFO:atroposlib.envs.base:env_manager: Status dict: {'current_step': 0, 'queue_size': 0, 'unallocated_fraction': 1.0, 'self_queue_size': 0, 'max_group_size': 1, 'env_weight': 1.0}
[96m[ATROPOS][0m INFO:     127.0.0.1:60987 - "GET /status-env HTTP/1.1" 200 OK
[94m[GSM8K][0m INFO:atroposlib.envs.base:env_manager: Status dict: {'current_step': 0, 'queue_size': 0, 'unallocated_fraction': 1.0, 'self_queue_size': 0, 'max_group_size': 1, 'env_weight': 1.0}
[96m[ATROPOS][0m INFO:     127.0.0.1:60988 - "GET /status-env HTTP/1.1" 200 OK
[94m[GSM8K][0m INFO:atroposlib.envs.base:env_manager: Status dict: {'current_step': 0, 'queue_size': 0, 'unallocated_fraction': 1.0, 'self_queue_size': 0, 'max_group_size': 1, 'env_weight': 1.0}
[96m[ATROPOS][0m INFO:     127.0.0.1:60989 - "GET /batch HTTP/1.1" 200 OK
[96m[ATROPOS][0m INFO:     127.0.0.1:60990 - "GET /status-env HTTP/1.1" 200 OK
[94m[GSM8K][0m INFO:atroposlib.envs.base:env_manager: Status dict: {'current_step': 0, 'queue_size': 0, 'unallocated_fraction': 1.0, 'self_queue_size': 0, 'max_group_size': 1, 'env_weight': 1.0}
[96m[ATROPOS][0m INFO:     127.0.0.1:60991 - "GET /status-env HTTP/1.1" 200 OK
[94m[GSM8K][0m INFO:atroposlib.envs.base:env_manager: Status dict: {'current_step': 0, 'queue_size': 0, 'unallocated_fraction': 1.0, 'self_queue_size': 0, 'max_group_size': 1, 'env_weight': 1.0}
[96m[ATROPOS][0m INFO:     127.0.0.1:60992 - "GET /status-env HTTP/1.1" 200 OK
[94m[GSM8K][0m INFO:atroposlib.envs.base:env_manager: Status dict: {'current_step': 0, 'queue_size': 0, 'unallocated_fraction': 1.0, 'self_queue_size': 0, 'max_group_size': 1, 'env_weight': 1.0}
[96m[ATROPOS][0m INFO:     127.0.0.1:60993 - "GET /status-env HTTP/1.1" 200 OK
[94m[GSM8K][0m INFO:atroposlib.envs.base:env_manager: Status dict: {'current_step': 0, 'queue_size': 0, 'unallocated_fraction': 1.0, 'self_queue_size': 0, 'max_group_size': 1, 'env_weight': 1.0}
[96m[ATROPOS][0m INFO:     127.0.0.1:60994 - "GET /status-env HTTP/1.1" 200 OK
[94m[GSM8K][0m INFO:atroposlib.envs.base:env_manager: Status dict: {'current_step': 0, 'queue_size': 0, 'unallocated_fraction': 1.0, 'self_queue_size': 0, 'max_group_size': 1, 'env_weight': 1.0}
[96m[ATROPOS][0m INFO:     127.0.0.1:60995 - "GET /status-env HTTP/1.1" 200 OK
[94m[GSM8K][0m INFO:atroposlib.envs.base:env_manager: Status dict: {'current_step': 0, 'queue_size': 0, 'unallocated_fraction': 1.0, 'self_queue_size': 0, 'max_group_size': 1, 'env_weight': 1.0}
[96m[ATROPOS][0m INFO:     127.0.0.1:60996 - "GET /status-env HTTP/1.1" 200 OK
[94m[GSM8K][0m INFO:atroposlib.envs.base:env_manager: Status dict: {'current_step': 0, 'queue_size': 0, 'unallocated_fraction': 1.0, 'self_queue_size': 0, 'max_group_size': 1, 'env_weight': 1.0}
[96m[ATROPOS][0m INFO:     127.0.0.1:60997 - "GET /status-env HTTP/1.1" 200 OK
[94m[GSM8K][0m INFO:atroposlib.envs.base:env_manager: Status dict: {'current_step': 0, 'queue_size': 0, 'unallocated_fraction': 1.0, 'self_queue_size': 0, 'max_group_size': 1, 'env_weight': 1.0}
[96m[ATROPOS][0m INFO:     127.0.0.1:60998 - "GET /status-env HTTP/1.1" 200 OK
[94m[GSM8K][0m INFO:atroposlib.envs.base:env_manager: Status dict: {'current_step': 0, 'queue_size': 0, 'unallocated_fraction': 1.0, 'self_queue_size': 0, 'max_group_size': 1, 'env_weight': 1.0}
[96m[ATROPOS][0m INFO:     127.0.0.1:60999 - "GET /status-env HTTP/1.1" 200 OK
[94m[GSM8K][0m INFO:atroposlib.envs.base:env_manager: Status dict: {'current_step': 0, 'queue_size': 0, 'unallocated_fraction': 1.0, 'self_queue_size': 0, 'max_group_size': 1, 'env_weight': 1.0}
[96m[ATROPOS][0m INFO:     127.0.0.1:61000 - "GET /batch HTTP/1.1" 200 OK
[96m[ATROPOS][0m INFO:     127.0.0.1:61001 - "GET /status-env HTTP/1.1" 200 OK
[94m[GSM8K][0m INFO:atroposlib.envs.base:env_manager: Status dict: {'current_step': 0, 'queue_size': 0, 'unallocated_fraction': 1.0, 'self_queue_size': 0, 'max_group_size': 1, 'env_weight': 1.0}
[96m[ATROPOS][0m INFO:     127.0.0.1:61002 - "GET /status-env HTTP/1.1" 200 OK
[94m[GSM8K][0m INFO:atroposlib.envs.base:env_manager: Status dict: {'current_step': 0, 'queue_size': 0, 'unallocated_fraction': 1.0, 'self_queue_size': 0, 'max_group_size': 1, 'env_weight': 1.0}
[96m[ATROPOS][0m INFO:     127.0.0.1:61003 - "GET /status-env HTTP/1.1" 200 OK
[94m[GSM8K][0m INFO:atroposlib.envs.base:env_manager: Status dict: {'current_step': 0, 'queue_size': 0, 'unallocated_fraction': 1.0, 'self_queue_size': 0, 'max_group_size': 1, 'env_weight': 1.0}
[96m[ATROPOS][0m INFO:     127.0.0.1:61004 - "GET /status-env HTTP/1.1" 200 OK
[94m[GSM8K][0m INFO:atroposlib.envs.base:env_manager: Status dict: {'current_step': 0, 'queue_size': 0, 'unallocated_fraction': 1.0, 'self_queue_size': 0, 'max_group_size': 1, 'env_weight': 1.0}
[96m[ATROPOS][0m INFO:     127.0.0.1:61005 - "GET /status-env HTTP/1.1" 200 OK
[94m[GSM8K][0m INFO:atroposlib.envs.base:env_manager: Status dict: {'current_step': 0, 'queue_size': 0, 'unallocated_fraction': 1.0, 'self_queue_size': 0, 'max_group_size': 1, 'env_weight': 1.0}
[96m[ATROPOS][0m INFO:     127.0.0.1:61006 - "GET /status-env HTTP/1.1" 200 OK
[94m[GSM8K][0m INFO:atroposlib.envs.base:env_manager: Status dict: {'current_step': 0, 'queue_size': 0, 'unallocated_fraction': 1.0, 'self_queue_size': 0, 'max_group_size': 1, 'env_weight': 1.0}
[96m[ATROPOS][0m INFO:     127.0.0.1:61007 - "GET /status-env HTTP/1.1" 200 OK
[94m[GSM8K][0m INFO:atroposlib.envs.base:env_manager: Status dict: {'current_step': 0, 'queue_size': 0, 'unallocated_fraction': 1.0, 'self_queue_size': 0, 'max_group_size': 1, 'env_weight': 1.0}
[96m[ATROPOS][0m INFO:     127.0.0.1:61008 - "GET /status-env HTTP/1.1" 200 OK
[94m[GSM8K][0m INFO:atroposlib.envs.base:env_manager: Status dict: {'current_step': 0, 'queue_size': 0, 'unallocated_fraction': 1.0, 'self_queue_size': 0, 'max_group_size': 1, 'env_weight': 1.0}
[96m[ATROPOS][0m INFO:     127.0.0.1:61009 - "GET /status-env HTTP/1.1" 200 OK
[94m[GSM8K][0m INFO:atroposlib.envs.base:env_manager: Status dict: {'current_step': 0, 'queue_size': 0, 'unallocated_fraction': 1.0, 'self_queue_size': 0, 'max_group_size': 1, 'env_weight': 1.0}
[96m[ATROPOS][0m INFO:     127.0.0.1:61010 - "GET /batch HTTP/1.1" 200 OK
[96m[ATROPOS][0m INFO:     127.0.0.1:61011 - "GET /status-env HTTP/1.1" 200 OK
[94m[GSM8K][0m INFO:atroposlib.envs.base:env_manager: Status dict: {'current_step': 0, 'queue_size': 0, 'unallocated_fraction': 1.0, 'self_queue_size': 0, 'max_group_size': 1, 'env_weight': 1.0}
[96m[ATROPOS][0m INFO:     127.0.0.1:61012 - "GET /status-env HTTP/1.1" 200 OK
[94m[GSM8K][0m INFO:atroposlib.envs.base:env_manager: Status dict: {'current_step': 0, 'queue_size': 0, 'unallocated_fraction': 1.0, 'self_queue_size': 0, 'max_group_size': 1, 'env_weight': 1.0}
[96m[ATROPOS][0m INFO:     127.0.0.1:61013 - "GET /status-env HTTP/1.1" 200 OK
[94m[GSM8K][0m INFO:atroposlib.envs.base:env_manager: Status dict: {'current_step': 0, 'queue_size': 0, 'unallocated_fraction': 1.0, 'self_queue_size': 0, 'max_group_size': 1, 'env_weight': 1.0}
[96m[ATROPOS][0m INFO:     127.0.0.1:61014 - "GET /status-env HTTP/1.1" 200 OK
[94m[GSM8K][0m INFO:atroposlib.envs.base:env_manager: Status dict: {'current_step': 0, 'queue_size': 0, 'unallocated_fraction': 1.0, 'self_queue_size': 0, 'max_group_size': 1, 'env_weight': 1.0}
[96m[ATROPOS][0m INFO:     127.0.0.1:61015 - "GET /status-env HTTP/1.1" 200 OK
[94m[GSM8K][0m INFO:atroposlib.envs.base:env_manager: Status dict: {'current_step': 0, 'queue_size': 0, 'unallocated_fraction': 1.0, 'self_queue_size': 0, 'max_group_size': 1, 'env_weight': 1.0}
[96m[ATROPOS][0m INFO:     127.0.0.1:61016 - "GET /status-env HTTP/1.1" 200 OK
[94m[GSM8K][0m INFO:atroposlib.envs.base:env_manager: Status dict: {'current_step': 0, 'queue_size': 0, 'unallocated_fraction': 1.0, 'self_queue_size': 0, 'max_group_size': 1, 'env_weight': 1.0}
[96m[ATROPOS][0m INFO:     127.0.0.1:61017 - "GET /status-env HTTP/1.1" 200 OK
[94m[GSM8K][0m INFO:atroposlib.envs.base:env_manager: Status dict: {'current_step': 0, 'queue_size': 0, 'unallocated_fraction': 1.0, 'self_queue_size': 0, 'max_group_size': 1, 'env_weight': 1.0}
[96m[ATROPOS][0m INFO:     127.0.0.1:61018 - "GET /status-env HTTP/1.1" 200 OK
[94m[GSM8K][0m INFO:atroposlib.envs.base:env_manager: Status dict: {'current_step': 0, 'queue_size': 0, 'unallocated_fraction': 1.0, 'self_queue_size': 0, 'max_group_size': 1, 'env_weight': 1.0}
[96m[ATROPOS][0m INFO:     127.0.0.1:61019 - "GET /status-env HTTP/1.1" 200 OK
[94m[GSM8K][0m INFO:atroposlib.envs.base:env_manager: Status dict: {'current_step': 0, 'queue_size': 0, 'unallocated_fraction': 1.0, 'self_queue_size': 0, 'max_group_size': 1, 'env_weight': 1.0}
[96m[ATROPOS][0m INFO:     127.0.0.1:61020 - "GET /status-env HTTP/1.1" 200 OK
[94m[GSM8K][0m INFO:atroposlib.envs.base:env_manager: Status dict: {'current_step': 0, 'queue_size': 0, 'unallocated_fraction': 1.0, 'self_queue_size': 0, 'max_group_size': 1, 'env_weight': 1.0}
[96m[ATROPOS][0m INFO:     127.0.0.1:61021 - "GET /batch HTTP/1.1" 200 OK
[96m[ATROPOS][0m INFO:     127.0.0.1:61022 - "GET /status-env HTTP/1.1" 200 OK
[94m[GSM8K][0m INFO:atroposlib.envs.base:env_manager: Status dict: {'current_step': 0, 'queue_size': 0, 'unallocated_fraction': 1.0, 'self_queue_size': 0, 'max_group_size': 1, 'env_weight': 1.0}
[96m[ATROPOS][0m INFO:     127.0.0.1:61023 - "GET /status-env HTTP/1.1" 200 OK
[94m[GSM8K][0m INFO:atroposlib.envs.base:env_manager: Status dict: {'current_step': 0, 'queue_size': 0, 'unallocated_fraction': 1.0, 'self_queue_size': 0, 'max_group_size': 1, 'env_weight': 1.0}
[96m[ATROPOS][0m INFO:     127.0.0.1:61024 - "GET /status-env HTTP/1.1" 200 OK
[94m[GSM8K][0m INFO:atroposlib.envs.base:env_manager: Status dict: {'current_step': 0, 'queue_size': 0, 'unallocated_fraction': 1.0, 'self_queue_size': 0, 'max_group_size': 1, 'env_weight': 1.0}
[96m[ATROPOS][0m INFO:     127.0.0.1:61025 - "GET /status-env HTTP/1.1" 200 OK
[94m[GSM8K][0m INFO:atroposlib.envs.base:env_manager: Status dict: {'current_step': 0, 'queue_size': 0, 'unallocated_fraction': 1.0, 'self_queue_size': 0, 'max_group_size': 1, 'env_weight': 1.0}
[96m[ATROPOS][0m INFO:     127.0.0.1:61026 - "GET /status-env HTTP/1.1" 200 OK
[94m[GSM8K][0m INFO:atroposlib.envs.base:env_manager: Status dict: {'current_step': 0, 'queue_size': 0, 'unallocated_fraction': 1.0, 'self_queue_size': 0, 'max_group_size': 1, 'env_weight': 1.0}
[96m[ATROPOS][0m INFO:     127.0.0.1:61027 - "GET /status-env HTTP/1.1" 200 OK
[94m[GSM8K][0m INFO:atroposlib.envs.base:env_manager: Status dict: {'current_step': 0, 'queue_size': 0, 'unallocated_fraction': 1.0, 'self_queue_size': 0, 'max_group_size': 1, 'env_weight': 1.0}
[96m[ATROPOS][0m INFO:     127.0.0.1:61028 - "GET /status-env HTTP/1.1" 200 OK
[94m[GSM8K][0m INFO:atroposlib.envs.base:env_manager: Status dict: {'current_step': 0, 'queue_size': 0, 'unallocated_fraction': 1.0, 'self_queue_size': 0, 'max_group_size': 1, 'env_weight': 1.0}
[96m[ATROPOS][0m INFO:     127.0.0.1:61029 - "GET /status-env HTTP/1.1" 200 OK
[94m[GSM8K][0m INFO:atroposlib.envs.base:env_manager: Status dict: {'current_step': 0, 'queue_size': 0, 'unallocated_fraction': 1.0, 'self_queue_size': 0, 'max_group_size': 1, 'env_weight': 1.0}
[96m[ATROPOS][0m INFO:     127.0.0.1:61030 - "GET /status-env HTTP/1.1" 200 OK
[94m[GSM8K][0m INFO:atroposlib.envs.base:env_manager: Status dict: {'current_step': 0, 'queue_size': 0, 'unallocated_fraction': 1.0, 'self_queue_size': 0, 'max_group_size': 1, 'env_weight': 1.0}
[96m[ATROPOS][0m INFO:     127.0.0.1:61031 - "GET /status-env HTTP/1.1" 200 OK
[94m[GSM8K][0m INFO:atroposlib.envs.base:env_manager: Status dict: {'current_step': 0, 'queue_size': 0, 'unallocated_fraction': 1.0, 'self_queue_size': 0, 'max_group_size': 1, 'env_weight': 1.0}
[96m[ATROPOS][0m INFO:     127.0.0.1:61032 - "GET /batch HTTP/1.1" 200 OK
[92m[TRAINER][0m INFO:root:Polling for batch... attempt 25
[96m[ATROPOS][0m INFO:     127.0.0.1:61033 - "GET /status-env HTTP/1.1" 200 OK
[94m[GSM8K][0m INFO:atroposlib.envs.base:env_manager: Status dict: {'current_step': 0, 'queue_size': 0, 'unallocated_fraction': 1.0, 'self_queue_size': 0, 'max_group_size': 1, 'env_weight': 1.0}
[96m[ATROPOS][0m INFO:     127.0.0.1:61034 - "GET /status-env HTTP/1.1" 200 OK
[94m[GSM8K][0m INFO:atroposlib.envs.base:env_manager: Status dict: {'current_step': 0, 'queue_size': 0, 'unallocated_fraction': 1.0, 'self_queue_size': 0, 'max_group_size': 1, 'env_weight': 1.0}
[96m[ATROPOS][0m INFO:     127.0.0.1:61035 - "GET /status-env HTTP/1.1" 200 OK
[94m[GSM8K][0m INFO:atroposlib.envs.base:env_manager: Status dict: {'current_step': 0, 'queue_size': 0, 'unallocated_fraction': 1.0, 'self_queue_size': 0, 'max_group_size': 1, 'env_weight': 1.0}
[96m[ATROPOS][0m INFO:     127.0.0.1:61036 - "GET /status-env HTTP/1.1" 200 OK
[94m[GSM8K][0m INFO:atroposlib.envs.base:env_manager: Status dict: {'current_step': 0, 'queue_size': 0, 'unallocated_fraction': 1.0, 'self_queue_size': 0, 'max_group_size': 1, 'env_weight': 1.0}
[96m[ATROPOS][0m INFO:     127.0.0.1:61037 - "GET /status-env HTTP/1.1" 200 OK
[94m[GSM8K][0m INFO:atroposlib.envs.base:env_manager: Status dict: {'current_step': 0, 'queue_size': 0, 'unallocated_fraction': 1.0, 'self_queue_size': 0, 'max_group_size': 1, 'env_weight': 1.0}
[96m[ATROPOS][0m INFO:     127.0.0.1:61047 - "GET /status-env HTTP/1.1" 200 OK
[94m[GSM8K][0m INFO:atroposlib.envs.base:env_manager: Status dict: {'current_step': 0, 'queue_size': 0, 'unallocated_fraction': 1.0, 'self_queue_size': 0, 'max_group_size': 1, 'env_weight': 1.0}
[96m[ATROPOS][0m INFO:     127.0.0.1:61048 - "GET /status-env HTTP/1.1" 200 OK
[94m[GSM8K][0m INFO:atroposlib.envs.base:env_manager: Status dict: {'current_step': 0, 'queue_size': 0, 'unallocated_fraction': 1.0, 'self_queue_size': 0, 'max_group_size': 1, 'env_weight': 1.0}
[96m[ATROPOS][0m INFO:     127.0.0.1:61051 - "GET /status-env HTTP/1.1" 200 OK
[94m[GSM8K][0m INFO:atroposlib.envs.base:env_manager: Status dict: {'current_step': 0, 'queue_size': 0, 'unallocated_fraction': 1.0, 'self_queue_size': 0, 'max_group_size': 1, 'env_weight': 1.0}
[96m[ATROPOS][0m INFO:     127.0.0.1:61053 - "GET /status-env HTTP/1.1" 200 OK
[94m[GSM8K][0m INFO:atroposlib.envs.base:env_manager: Status dict: {'current_step': 0, 'queue_size': 0, 'unallocated_fraction': 1.0, 'self_queue_size': 0, 'max_group_size': 1, 'env_weight': 1.0}
[96m[ATROPOS][0m INFO:     127.0.0.1:61054 - "GET /status-env HTTP/1.1" 200 OK
[94m[GSM8K][0m INFO:atroposlib.envs.base:env_manager: Status dict: {'current_step': 0, 'queue_size': 0, 'unallocated_fraction': 1.0, 'self_queue_size': 0, 'max_group_size': 1, 'env_weight': 1.0}
[96m[ATROPOS][0m INFO:     127.0.0.1:61055 - "GET /batch HTTP/1.1" 200 OK
[96m[ATROPOS][0m INFO:     127.0.0.1:61056 - "GET /status-env HTTP/1.1" 200 OK
[94m[GSM8K][0m INFO:atroposlib.envs.base:env_manager: Status dict: {'current_step': 0, 'queue_size': 0, 'unallocated_fraction': 1.0, 'self_queue_size': 0, 'max_group_size': 1, 'env_weight': 1.0}
[96m[ATROPOS][0m INFO:     127.0.0.1:61057 - "GET /status-env HTTP/1.1" 200 OK
[94m[GSM8K][0m INFO:atroposlib.envs.base:env_manager: Status dict: {'current_step': 0, 'queue_size': 0, 'unallocated_fraction': 1.0, 'self_queue_size': 0, 'max_group_size': 1, 'env_weight': 1.0}
[96m[ATROPOS][0m INFO:     127.0.0.1:61058 - "GET /status-env HTTP/1.1" 200 OK
[94m[GSM8K][0m INFO:atroposlib.envs.base:env_manager: Status dict: {'current_step': 0, 'queue_size': 0, 'unallocated_fraction': 1.0, 'self_queue_size': 0, 'max_group_size': 1, 'env_weight': 1.0}
[96m[ATROPOS][0m INFO:     127.0.0.1:61059 - "GET /status-env HTTP/1.1" 200 OK
[94m[GSM8K][0m INFO:atroposlib.envs.base:env_manager: Status dict: {'current_step': 0, 'queue_size': 0, 'unallocated_fraction': 1.0, 'self_queue_size': 0, 'max_group_size': 1, 'env_weight': 1.0}
[96m[ATROPOS][0m INFO:     127.0.0.1:61060 - "GET /status-env HTTP/1.1" 200 OK
[94m[GSM8K][0m INFO:atroposlib.envs.base:env_manager: Status dict: {'current_step': 0, 'queue_size': 0, 'unallocated_fraction': 1.0, 'self_queue_size': 0, 'max_group_size': 1, 'env_weight': 1.0}
[96m[ATROPOS][0m INFO:     127.0.0.1:61061 - "GET /status-env HTTP/1.1" 200 OK
[94m[GSM8K][0m INFO:atroposlib.envs.base:env_manager: Status dict: {'current_step': 0, 'queue_size': 0, 'unallocated_fraction': 1.0, 'self_queue_size': 0, 'max_group_size': 1, 'env_weight': 1.0}
[96m[ATROPOS][0m INFO:     127.0.0.1:61062 - "GET /status-env HTTP/1.1" 200 OK
[94m[GSM8K][0m INFO:atroposlib.envs.base:env_manager: Status dict: {'current_step': 0, 'queue_size': 0, 'unallocated_fraction': 1.0, 'self_queue_size': 0, 'max_group_size': 1, 'env_weight': 1.0}
[96m[ATROPOS][0m INFO:     127.0.0.1:61063 - "GET /status-env HTTP/1.1" 200 OK
[94m[GSM8K][0m INFO:atroposlib.envs.base:env_manager: Status dict: {'current_step': 0, 'queue_size': 0, 'unallocated_fraction': 1.0, 'self_queue_size': 0, 'max_group_size': 1, 'env_weight': 1.0}
[96m[ATROPOS][0m INFO:     127.0.0.1:61064 - "GET /status-env HTTP/1.1" 200 OK
[94m[GSM8K][0m INFO:atroposlib.envs.base:env_manager: Status dict: {'current_step': 0, 'queue_size': 0, 'unallocated_fraction': 1.0, 'self_queue_size': 0, 'max_group_size': 1, 'env_weight': 1.0}
[96m[ATROPOS][0m INFO:     127.0.0.1:61065 - "GET /batch HTTP/1.1" 200 OK
[96m[ATROPOS][0m INFO:     127.0.0.1:61066 - "GET /status-env HTTP/1.1" 200 OK
[94m[GSM8K][0m INFO:atroposlib.envs.base:env_manager: Status dict: {'current_step': 0, 'queue_size': 0, 'unallocated_fraction': 1.0, 'self_queue_size': 0, 'max_group_size': 1, 'env_weight': 1.0}
[96m[ATROPOS][0m INFO:     127.0.0.1:61067 - "GET /status-env HTTP/1.1" 200 OK
[94m[GSM8K][0m INFO:atroposlib.envs.base:env_manager: Status dict: {'current_step': 0, 'queue_size': 0, 'unallocated_fraction': 1.0, 'self_queue_size': 0, 'max_group_size': 1, 'env_weight': 1.0}
[96m[ATROPOS][0m INFO:     127.0.0.1:61068 - "GET /status-env HTTP/1.1" 200 OK
[94m[GSM8K][0m INFO:atroposlib.envs.base:env_manager: Status dict: {'current_step': 0, 'queue_size': 0, 'unallocated_fraction': 1.0, 'self_queue_size': 0, 'max_group_size': 1, 'env_weight': 1.0}
[96m[ATROPOS][0m INFO:     127.0.0.1:61069 - "GET /status-env HTTP/1.1" 200 OK
[94m[GSM8K][0m INFO:atroposlib.envs.base:env_manager: Status dict: {'current_step': 0, 'queue_size': 0, 'unallocated_fraction': 1.0, 'self_queue_size': 0, 'max_group_size': 1, 'env_weight': 1.0}
[96m[ATROPOS][0m INFO:     127.0.0.1:61071 - "GET /status-env HTTP/1.1" 200 OK
[94m[GSM8K][0m INFO:atroposlib.envs.base:env_manager: Status dict: {'current_step': 0, 'queue_size': 0, 'unallocated_fraction': 1.0, 'self_queue_size': 0, 'max_group_size': 1, 'env_weight': 1.0}
[96m[ATROPOS][0m INFO:     127.0.0.1:61072 - "GET /status-env HTTP/1.1" 200 OK
[94m[GSM8K][0m INFO:atroposlib.envs.base:env_manager: Status dict: {'current_step': 0, 'queue_size': 0, 'unallocated_fraction': 1.0, 'self_queue_size': 0, 'max_group_size': 1, 'env_weight': 1.0}
[96m[ATROPOS][0m INFO:     127.0.0.1:61073 - "GET /status-env HTTP/1.1" 200 OK
[94m[GSM8K][0m INFO:atroposlib.envs.base:env_manager: Status dict: {'current_step': 0, 'queue_size': 0, 'unallocated_fraction': 1.0, 'self_queue_size': 0, 'max_group_size': 1, 'env_weight': 1.0}
[96m[ATROPOS][0m INFO:     127.0.0.1:61074 - "GET /status-env HTTP/1.1" 200 OK
[94m[GSM8K][0m INFO:atroposlib.envs.base:env_manager: Status dict: {'current_step': 0, 'queue_size': 0, 'unallocated_fraction': 1.0, 'self_queue_size': 0, 'max_group_size': 1, 'env_weight': 1.0}
[96m[ATROPOS][0m INFO:     127.0.0.1:61075 - "GET /status-env HTTP/1.1" 200 OK
[94m[GSM8K][0m INFO:atroposlib.envs.base:env_manager: Status dict: {'current_step': 0, 'queue_size': 0, 'unallocated_fraction': 1.0, 'self_queue_size': 0, 'max_group_size': 1, 'env_weight': 1.0}
[96m[ATROPOS][0m INFO:     127.0.0.1:61076 - "GET /status-env HTTP/1.1" 200 OK
[94m[GSM8K][0m INFO:atroposlib.envs.base:env_manager: Status dict: {'current_step': 0, 'queue_size': 0, 'unallocated_fraction': 1.0, 'self_queue_size': 0, 'max_group_size': 1, 'env_weight': 1.0}
[96m[ATROPOS][0m INFO:     127.0.0.1:61077 - "GET /batch HTTP/1.1" 200 OK
[96m[ATROPOS][0m INFO:     127.0.0.1:61078 - "GET /status-env HTTP/1.1" 200 OK
[94m[GSM8K][0m INFO:atroposlib.envs.base:env_manager: Status dict: {'current_step': 0, 'queue_size': 0, 'unallocated_fraction': 1.0, 'self_queue_size': 0, 'max_group_size': 1, 'env_weight': 1.0}
[96m[ATROPOS][0m INFO:     127.0.0.1:61079 - "GET /status-env HTTP/1.1" 200 OK
[94m[GSM8K][0m INFO:atroposlib.envs.base:env_manager: Status dict: {'current_step': 0, 'queue_size': 0, 'unallocated_fraction': 1.0, 'self_queue_size': 0, 'max_group_size': 1, 'env_weight': 1.0}
[96m[ATROPOS][0m INFO:     127.0.0.1:61080 - "GET /status-env HTTP/1.1" 200 OK
[94m[GSM8K][0m INFO:atroposlib.envs.base:env_manager: Status dict: {'current_step': 0, 'queue_size': 0, 'unallocated_fraction': 1.0, 'self_queue_size': 0, 'max_group_size': 1, 'env_weight': 1.0}
[96m[ATROPOS][0m INFO:     127.0.0.1:61081 - "GET /status-env HTTP/1.1" 200 OK
[94m[GSM8K][0m INFO:atroposlib.envs.base:env_manager: Status dict: {'current_step': 0, 'queue_size': 0, 'unallocated_fraction': 1.0, 'self_queue_size': 0, 'max_group_size': 1, 'env_weight': 1.0}
[96m[ATROPOS][0m INFO:     127.0.0.1:61083 - "GET /status-env HTTP/1.1" 200 OK
[94m[GSM8K][0m INFO:atroposlib.envs.base:env_manager: Status dict: {'current_step': 0, 'queue_size': 0, 'unallocated_fraction': 1.0, 'self_queue_size': 0, 'max_group_size': 1, 'env_weight': 1.0}
[96m[ATROPOS][0m INFO:     127.0.0.1:61084 - "GET /status-env HTTP/1.1" 200 OK
[94m[GSM8K][0m INFO:atroposlib.envs.base:env_manager: Status dict: {'current_step': 0, 'queue_size': 0, 'unallocated_fraction': 1.0, 'self_queue_size': 0, 'max_group_size': 1, 'env_weight': 1.0}
[96m[ATROPOS][0m INFO:     127.0.0.1:61087 - "GET /status-env HTTP/1.1" 200 OK
[94m[GSM8K][0m INFO:atroposlib.envs.base:env_manager: Status dict: {'current_step': 0, 'queue_size': 0, 'unallocated_fraction': 1.0, 'self_queue_size': 0, 'max_group_size': 1, 'env_weight': 1.0}
[96m[ATROPOS][0m INFO:     127.0.0.1:61088 - "GET /status-env HTTP/1.1" 200 OK
[94m[GSM8K][0m INFO:atroposlib.envs.base:env_manager: Status dict: {'current_step': 0, 'queue_size': 0, 'unallocated_fraction': 1.0, 'self_queue_size': 0, 'max_group_size': 1, 'env_weight': 1.0}
[96m[ATROPOS][0m INFO:     127.0.0.1:61089 - "GET /status-env HTTP/1.1" 200 OK
[94m[GSM8K][0m INFO:atroposlib.envs.base:env_manager: Status dict: {'current_step': 0, 'queue_size': 0, 'unallocated_fraction': 1.0, 'self_queue_size': 0, 'max_group_size': 1, 'env_weight': 1.0}
[96m[ATROPOS][0m INFO:     127.0.0.1:61092 - "GET /status-env HTTP/1.1" 200 OK
[94m[GSM8K][0m INFO:atroposlib.envs.base:env_manager: Status dict: {'current_step': 0, 'queue_size': 0, 'unallocated_fraction': 1.0, 'self_queue_size': 0, 'max_group_size': 1, 'env_weight': 1.0}
[96m[ATROPOS][0m INFO:     127.0.0.1:61093 - "GET /batch HTTP/1.1" 200 OK
[96m[ATROPOS][0m INFO:     127.0.0.1:61097 - "GET /status-env HTTP/1.1" 200 OK
[94m[GSM8K][0m INFO:atroposlib.envs.base:env_manager: Status dict: {'current_step': 0, 'queue_size': 0, 'unallocated_fraction': 1.0, 'self_queue_size': 0, 'max_group_size': 1, 'env_weight': 1.0}
[96m[ATROPOS][0m INFO:     127.0.0.1:61098 - "GET /status-env HTTP/1.1" 200 OK
[94m[GSM8K][0m INFO:atroposlib.envs.base:env_manager: Status dict: {'current_step': 0, 'queue_size': 0, 'unallocated_fraction': 1.0, 'self_queue_size': 0, 'max_group_size': 1, 'env_weight': 1.0}
[96m[ATROPOS][0m INFO:     127.0.0.1:61099 - "GET /status-env HTTP/1.1" 200 OK
[94m[GSM8K][0m INFO:atroposlib.envs.base:env_manager: Status dict: {'current_step': 0, 'queue_size': 0, 'unallocated_fraction': 1.0, 'self_queue_size': 0, 'max_group_size': 1, 'env_weight': 1.0}
[96m[ATROPOS][0m INFO:     127.0.0.1:61100 - "GET /status-env HTTP/1.1" 200 OK
[94m[GSM8K][0m INFO:atroposlib.envs.base:env_manager: Status dict: {'current_step': 0, 'queue_size': 0, 'unallocated_fraction': 1.0, 'self_queue_size': 0, 'max_group_size': 1, 'env_weight': 1.0}
[96m[ATROPOS][0m INFO:     127.0.0.1:61101 - "GET /status-env HTTP/1.1" 200 OK
[94m[GSM8K][0m INFO:atroposlib.envs.base:env_manager: Status dict: {'current_step': 0, 'queue_size': 0, 'unallocated_fraction': 1.0, 'self_queue_size': 0, 'max_group_size': 1, 'env_weight': 1.0}
[96m[ATROPOS][0m INFO:     127.0.0.1:61102 - "GET /status-env HTTP/1.1" 200 OK
[94m[GSM8K][0m INFO:atroposlib.envs.base:env_manager: Status dict: {'current_step': 0, 'queue_size': 0, 'unallocated_fraction': 1.0, 'self_queue_size': 0, 'max_group_size': 1, 'env_weight': 1.0}
[96m[ATROPOS][0m INFO:     127.0.0.1:61103 - "GET /status-env HTTP/1.1" 200 OK
[94m[GSM8K][0m INFO:atroposlib.envs.base:env_manager: Status dict: {'current_step': 0, 'queue_size': 0, 'unallocated_fraction': 1.0, 'self_queue_size': 0, 'max_group_size': 1, 'env_weight': 1.0}
[96m[ATROPOS][0m INFO:     127.0.0.1:61106 - "GET /status-env HTTP/1.1" 200 OK
[94m[GSM8K][0m INFO:atroposlib.envs.base:env_manager: Status dict: {'current_step': 0, 'queue_size': 0, 'unallocated_fraction': 1.0, 'self_queue_size': 0, 'max_group_size': 1, 'env_weight': 1.0}
[96m[ATROPOS][0m INFO:     127.0.0.1:61107 - "GET /status-env HTTP/1.1" 200 OK
[94m[GSM8K][0m INFO:atroposlib.envs.base:env_manager: Status dict: {'current_step': 0, 'queue_size': 0, 'unallocated_fraction': 1.0, 'self_queue_size': 0, 'max_group_size': 1, 'env_weight': 1.0}
[96m[ATROPOS][0m INFO:     127.0.0.1:61108 - "GET /batch HTTP/1.1" 200 OK
[92m[TRAINER][0m INFO:root:Polling for batch... attempt 30
[96m[ATROPOS][0m INFO:     127.0.0.1:61109 - "GET /status-env HTTP/1.1" 200 OK
[94m[GSM8K][0m INFO:atroposlib.envs.base:env_manager: Status dict: {'current_step': 0, 'queue_size': 0, 'unallocated_fraction': 1.0, 'self_queue_size': 0, 'max_group_size': 1, 'env_weight': 1.0}
[96m[ATROPOS][0m INFO:     127.0.0.1:61110 - "GET /status-env HTTP/1.1" 200 OK
[94m[GSM8K][0m INFO:atroposlib.envs.base:env_manager: Status dict: {'current_step': 0, 'queue_size': 0, 'unallocated_fraction': 1.0, 'self_queue_size': 0, 'max_group_size': 1, 'env_weight': 1.0}
[96m[ATROPOS][0m INFO:     127.0.0.1:61113 - "GET /status-env HTTP/1.1" 200 OK
[94m[GSM8K][0m INFO:atroposlib.envs.base:env_manager: Status dict: {'current_step': 0, 'queue_size': 0, 'unallocated_fraction': 1.0, 'self_queue_size': 0, 'max_group_size': 1, 'env_weight': 1.0}
[96m[ATROPOS][0m INFO:     127.0.0.1:61114 - "GET /status-env HTTP/1.1" 200 OK
[94m[GSM8K][0m INFO:atroposlib.envs.base:env_manager: Status dict: {'current_step': 0, 'queue_size': 0, 'unallocated_fraction': 1.0, 'self_queue_size': 0, 'max_group_size': 1, 'env_weight': 1.0}
[96m[ATROPOS][0m INFO:     127.0.0.1:61115 - "GET /status-env HTTP/1.1" 200 OK
[94m[GSM8K][0m INFO:atroposlib.envs.base:env_manager: Status dict: {'current_step': 0, 'queue_size': 0, 'unallocated_fraction': 1.0, 'self_queue_size': 0, 'max_group_size': 1, 'env_weight': 1.0}
[96m[ATROPOS][0m INFO:     127.0.0.1:61116 - "GET /status-env HTTP/1.1" 200 OK
[94m[GSM8K][0m INFO:atroposlib.envs.base:env_manager: Status dict: {'current_step': 0, 'queue_size': 0, 'unallocated_fraction': 1.0, 'self_queue_size': 0, 'max_group_size': 1, 'env_weight': 1.0}
[96m[ATROPOS][0m INFO:     127.0.0.1:61117 - "GET /status-env HTTP/1.1" 200 OK
[94m[GSM8K][0m INFO:atroposlib.envs.base:env_manager: Status dict: {'current_step': 0, 'queue_size': 0, 'unallocated_fraction': 1.0, 'self_queue_size': 0, 'max_group_size': 1, 'env_weight': 1.0}
[96m[ATROPOS][0m INFO:     127.0.0.1:61118 - "GET /status-env HTTP/1.1" 200 OK
[94m[GSM8K][0m INFO:atroposlib.envs.base:env_manager: Status dict: {'current_step': 0, 'queue_size': 0, 'unallocated_fraction': 1.0, 'self_queue_size': 0, 'max_group_size': 1, 'env_weight': 1.0}
[96m[ATROPOS][0m INFO:     127.0.0.1:61119 - "GET /status-env HTTP/1.1" 200 OK
[94m[GSM8K][0m INFO:atroposlib.envs.base:env_manager: Status dict: {'current_step': 0, 'queue_size': 0, 'unallocated_fraction': 1.0, 'self_queue_size': 0, 'max_group_size': 1, 'env_weight': 1.0}
[96m[ATROPOS][0m INFO:     127.0.0.1:61120 - "GET /status-env HTTP/1.1" 200 OK
[94m[GSM8K][0m INFO:atroposlib.envs.base:env_manager: Status dict: {'current_step': 0, 'queue_size': 0, 'unallocated_fraction': 1.0, 'self_queue_size': 0, 'max_group_size': 1, 'env_weight': 1.0}
[96m[ATROPOS][0m INFO:     127.0.0.1:61121 - "GET /batch HTTP/1.1" 200 OK
[96m[ATROPOS][0m INFO:     127.0.0.1:61122 - "GET /status-env HTTP/1.1" 200 OK
[94m[GSM8K][0m INFO:atroposlib.envs.base:env_manager: Status dict: {'current_step': 0, 'queue_size': 0, 'unallocated_fraction': 1.0, 'self_queue_size': 0, 'max_group_size': 1, 'env_weight': 1.0}
[96m[ATROPOS][0m INFO:     127.0.0.1:61123 - "GET /status-env HTTP/1.1" 200 OK
[94m[GSM8K][0m INFO:atroposlib.envs.base:env_manager: Status dict: {'current_step': 0, 'queue_size': 0, 'unallocated_fraction': 1.0, 'self_queue_size': 0, 'max_group_size': 1, 'env_weight': 1.0}
[96m[ATROPOS][0m INFO:     127.0.0.1:61125 - "GET /status-env HTTP/1.1" 200 OK
[94m[GSM8K][0m INFO:atroposlib.envs.base:env_manager: Status dict: {'current_step': 0, 'queue_size': 0, 'unallocated_fraction': 1.0, 'self_queue_size': 0, 'max_group_size': 1, 'env_weight': 1.0}
[96m[ATROPOS][0m INFO:     127.0.0.1:61126 - "GET /status-env HTTP/1.1" 200 OK
[94m[GSM8K][0m INFO:atroposlib.envs.base:env_manager: Status dict: {'current_step': 0, 'queue_size': 0, 'unallocated_fraction': 1.0, 'self_queue_size': 0, 'max_group_size': 1, 'env_weight': 1.0}
[96m[ATROPOS][0m INFO:     127.0.0.1:61127 - "GET /status-env HTTP/1.1" 200 OK
[94m[GSM8K][0m INFO:atroposlib.envs.base:env_manager: Status dict: {'current_step': 0, 'queue_size': 0, 'unallocated_fraction': 1.0, 'self_queue_size': 0, 'max_group_size': 1, 'env_weight': 1.0}
[96m[ATROPOS][0m INFO:     127.0.0.1:61128 - "GET /status-env HTTP/1.1" 200 OK
[94m[GSM8K][0m INFO:atroposlib.envs.base:env_manager: Status dict: {'current_step': 0, 'queue_size': 0, 'unallocated_fraction': 1.0, 'self_queue_size': 0, 'max_group_size': 1, 'env_weight': 1.0}
[96m[ATROPOS][0m INFO:     127.0.0.1:61129 - "GET /status-env HTTP/1.1" 200 OK
[94m[GSM8K][0m INFO:atroposlib.envs.base:env_manager: Status dict: {'current_step': 0, 'queue_size': 0, 'unallocated_fraction': 1.0, 'self_queue_size': 0, 'max_group_size': 1, 'env_weight': 1.0}
[96m[ATROPOS][0m INFO:     127.0.0.1:61130 - "GET /status-env HTTP/1.1" 200 OK
[94m[GSM8K][0m INFO:atroposlib.envs.base:env_manager: Status dict: {'current_step': 0, 'queue_size': 0, 'unallocated_fraction': 1.0, 'self_queue_size': 0, 'max_group_size': 1, 'env_weight': 1.0}
[96m[ATROPOS][0m INFO:     127.0.0.1:61131 - "GET /status-env HTTP/1.1" 200 OK
[94m[GSM8K][0m INFO:atroposlib.envs.base:env_manager: Status dict: {'current_step': 0, 'queue_size': 0, 'unallocated_fraction': 1.0, 'self_queue_size': 0, 'max_group_size': 1, 'env_weight': 1.0}
[96m[ATROPOS][0m INFO:     127.0.0.1:61132 - "GET /status-env HTTP/1.1" 200 OK
[94m[GSM8K][0m INFO:atroposlib.envs.base:env_manager: Status dict: {'current_step': 0, 'queue_size': 0, 'unallocated_fraction': 1.0, 'self_queue_size': 0, 'max_group_size': 1, 'env_weight': 1.0}
[96m[ATROPOS][0m INFO:     127.0.0.1:61133 - "GET /batch HTTP/1.1" 200 OK
[96m[ATROPOS][0m INFO:     127.0.0.1:61134 - "GET /status-env HTTP/1.1" 200 OK
[94m[GSM8K][0m INFO:atroposlib.envs.base:env_manager: Status dict: {'current_step': 0, 'queue_size': 0, 'unallocated_fraction': 1.0, 'self_queue_size': 0, 'max_group_size': 1, 'env_weight': 1.0}
[96m[ATROPOS][0m INFO:     127.0.0.1:61135 - "GET /status-env HTTP/1.1" 200 OK
[94m[GSM8K][0m INFO:atroposlib.envs.base:env_manager: Status dict: {'current_step': 0, 'queue_size': 0, 'unallocated_fraction': 1.0, 'self_queue_size': 0, 'max_group_size': 1, 'env_weight': 1.0}
[96m[ATROPOS][0m INFO:     127.0.0.1:61136 - "GET /status-env HTTP/1.1" 200 OK
[94m[GSM8K][0m INFO:atroposlib.envs.base:env_manager: Status dict: {'current_step': 0, 'queue_size': 0, 'unallocated_fraction': 1.0, 'self_queue_size': 0, 'max_group_size': 1, 'env_weight': 1.0}
[96m[ATROPOS][0m INFO:     127.0.0.1:61137 - "GET /status-env HTTP/1.1" 200 OK
[94m[GSM8K][0m INFO:atroposlib.envs.base:env_manager: Status dict: {'current_step': 0, 'queue_size': 0, 'unallocated_fraction': 1.0, 'self_queue_size': 0, 'max_group_size': 1, 'env_weight': 1.0}
[96m[ATROPOS][0m INFO:     127.0.0.1:61138 - "GET /status-env HTTP/1.1" 200 OK
[94m[GSM8K][0m INFO:atroposlib.envs.base:env_manager: Status dict: {'current_step': 0, 'queue_size': 0, 'unallocated_fraction': 1.0, 'self_queue_size': 0, 'max_group_size': 1, 'env_weight': 1.0}
[96m[ATROPOS][0m INFO:     127.0.0.1:61139 - "GET /status-env HTTP/1.1" 200 OK
[94m[GSM8K][0m INFO:atroposlib.envs.base:env_manager: Status dict: {'current_step': 0, 'queue_size': 0, 'unallocated_fraction': 1.0, 'self_queue_size': 0, 'max_group_size': 1, 'env_weight': 1.0}
[96m[ATROPOS][0m INFO:     127.0.0.1:61140 - "GET /status-env HTTP/1.1" 200 OK
[94m[GSM8K][0m INFO:atroposlib.envs.base:env_manager: Status dict: {'current_step': 0, 'queue_size': 0, 'unallocated_fraction': 1.0, 'self_queue_size': 0, 'max_group_size': 1, 'env_weight': 1.0}
[96m[ATROPOS][0m INFO:     127.0.0.1:61141 - "GET /status-env HTTP/1.1" 200 OK
[94m[GSM8K][0m INFO:atroposlib.envs.base:env_manager: Status dict: {'current_step': 0, 'queue_size': 0, 'unallocated_fraction': 1.0, 'self_queue_size': 0, 'max_group_size': 1, 'env_weight': 1.0}
[96m[ATROPOS][0m INFO:     127.0.0.1:61142 - "GET /status-env HTTP/1.1" 200 OK
[94m[GSM8K][0m INFO:atroposlib.envs.base:env_manager: Status dict: {'current_step': 0, 'queue_size': 0, 'unallocated_fraction': 1.0, 'self_queue_size': 0, 'max_group_size': 1, 'env_weight': 1.0}
[96m[ATROPOS][0m INFO:     127.0.0.1:61143 - "GET /batch HTTP/1.1" 200 OK
[96m[ATROPOS][0m INFO:     127.0.0.1:61144 - "GET /status-env HTTP/1.1" 200 OK
[94m[GSM8K][0m INFO:atroposlib.envs.base:env_manager: Status dict: {'current_step': 0, 'queue_size': 0, 'unallocated_fraction': 1.0, 'self_queue_size': 0, 'max_group_size': 1, 'env_weight': 1.0}
[96m[ATROPOS][0m INFO:     127.0.0.1:61145 - "GET /status-env HTTP/1.1" 200 OK
[94m[GSM8K][0m INFO:atroposlib.envs.base:env_manager: Status dict: {'current_step': 0, 'queue_size': 0, 'unallocated_fraction': 1.0, 'self_queue_size': 0, 'max_group_size': 1, 'env_weight': 1.0}
[96m[ATROPOS][0m INFO:     127.0.0.1:61146 - "GET /status-env HTTP/1.1" 200 OK
[94m[GSM8K][0m INFO:atroposlib.envs.base:env_manager: Status dict: {'current_step': 0, 'queue_size': 0, 'unallocated_fraction': 1.0, 'self_queue_size': 0, 'max_group_size': 1, 'env_weight': 1.0}
[96m[ATROPOS][0m INFO:     127.0.0.1:61147 - "GET /status-env HTTP/1.1" 200 OK
[94m[GSM8K][0m INFO:atroposlib.envs.base:env_manager: Status dict: {'current_step': 0, 'queue_size': 0, 'unallocated_fraction': 1.0, 'self_queue_size': 0, 'max_group_size': 1, 'env_weight': 1.0}
[96m[ATROPOS][0m INFO:     127.0.0.1:61148 - "GET /status-env HTTP/1.1" 200 OK
[94m[GSM8K][0m INFO:atroposlib.envs.base:env_manager: Status dict: {'current_step': 0, 'queue_size': 0, 'unallocated_fraction': 1.0, 'self_queue_size': 0, 'max_group_size': 1, 'env_weight': 1.0}
[96m[ATROPOS][0m INFO:     127.0.0.1:61149 - "GET /status-env HTTP/1.1" 200 OK
[94m[GSM8K][0m INFO:atroposlib.envs.base:env_manager: Status dict: {'current_step': 0, 'queue_size': 0, 'unallocated_fraction': 1.0, 'self_queue_size': 0, 'max_group_size': 1, 'env_weight': 1.0}
[96m[ATROPOS][0m INFO:     127.0.0.1:61150 - "GET /status-env HTTP/1.1" 200 OK
[94m[GSM8K][0m INFO:atroposlib.envs.base:env_manager: Status dict: {'current_step': 0, 'queue_size': 0, 'unallocated_fraction': 1.0, 'self_queue_size': 0, 'max_group_size': 1, 'env_weight': 1.0}
[96m[ATROPOS][0m INFO:     127.0.0.1:61151 - "GET /status-env HTTP/1.1" 200 OK
[94m[GSM8K][0m INFO:atroposlib.envs.base:env_manager: Status dict: {'current_step': 0, 'queue_size': 0, 'unallocated_fraction': 1.0, 'self_queue_size': 0, 'max_group_size': 1, 'env_weight': 1.0}
[96m[ATROPOS][0m INFO:     127.0.0.1:61152 - "GET /status-env HTTP/1.1" 200 OK
[94m[GSM8K][0m INFO:atroposlib.envs.base:env_manager: Status dict: {'current_step': 0, 'queue_size': 0, 'unallocated_fraction': 1.0, 'self_queue_size': 0, 'max_group_size': 1, 'env_weight': 1.0}
[96m[ATROPOS][0m INFO:     127.0.0.1:61153 - "GET /status-env HTTP/1.1" 200 OK
[94m[GSM8K][0m INFO:atroposlib.envs.base:env_manager: Status dict: {'current_step': 0, 'queue_size': 0, 'unallocated_fraction': 1.0, 'self_queue_size': 0, 'max_group_size': 1, 'env_weight': 1.0}
[96m[ATROPOS][0m INFO:     127.0.0.1:61154 - "GET /batch HTTP/1.1" 200 OK
[96m[ATROPOS][0m INFO:     127.0.0.1:61155 - "GET /status-env HTTP/1.1" 200 OK
[94m[GSM8K][0m INFO:atroposlib.envs.base:env_manager: Status dict: {'current_step': 0, 'queue_size': 0, 'unallocated_fraction': 1.0, 'self_queue_size': 0, 'max_group_size': 1, 'env_weight': 1.0}
[96m[ATROPOS][0m INFO:     127.0.0.1:61156 - "GET /status-env HTTP/1.1" 200 OK
[94m[GSM8K][0m INFO:atroposlib.envs.base:env_manager: Status dict: {'current_step': 0, 'queue_size': 0, 'unallocated_fraction': 1.0, 'self_queue_size': 0, 'max_group_size': 1, 'env_weight': 1.0}
[96m[ATROPOS][0m INFO:     127.0.0.1:61157 - "GET /status-env HTTP/1.1" 200 OK
[94m[GSM8K][0m INFO:atroposlib.envs.base:env_manager: Status dict: {'current_step': 0, 'queue_size': 0, 'unallocated_fraction': 1.0, 'self_queue_size': 0, 'max_group_size': 1, 'env_weight': 1.0}
[96m[ATROPOS][0m INFO:     127.0.0.1:61158 - "GET /status-env HTTP/1.1" 200 OK
[94m[GSM8K][0m INFO:atroposlib.envs.base:env_manager: Status dict: {'current_step': 0, 'queue_size': 0, 'unallocated_fraction': 1.0, 'self_queue_size': 0, 'max_group_size': 1, 'env_weight': 1.0}
[96m[ATROPOS][0m INFO:     127.0.0.1:61159 - "GET /status-env HTTP/1.1" 200 OK
[94m[GSM8K][0m INFO:atroposlib.envs.base:env_manager: Status dict: {'current_step': 0, 'queue_size': 0, 'unallocated_fraction': 1.0, 'self_queue_size': 0, 'max_group_size': 1, 'env_weight': 1.0}
[96m[ATROPOS][0m INFO:     127.0.0.1:61160 - "GET /status-env HTTP/1.1" 200 OK
[94m[GSM8K][0m INFO:atroposlib.envs.base:env_manager: Status dict: {'current_step': 0, 'queue_size': 0, 'unallocated_fraction': 1.0, 'self_queue_size': 0, 'max_group_size': 1, 'env_weight': 1.0}
[96m[ATROPOS][0m INFO:     127.0.0.1:61161 - "GET /status-env HTTP/1.1" 200 OK
[94m[GSM8K][0m INFO:atroposlib.envs.base:env_manager: Status dict: {'current_step': 0, 'queue_size': 0, 'unallocated_fraction': 1.0, 'self_queue_size': 0, 'max_group_size': 1, 'env_weight': 1.0}
[96m[ATROPOS][0m INFO:     127.0.0.1:61162 - "GET /status-env HTTP/1.1" 200 OK
[94m[GSM8K][0m INFO:atroposlib.envs.base:env_manager: Status dict: {'current_step': 0, 'queue_size': 0, 'unallocated_fraction': 1.0, 'self_queue_size': 0, 'max_group_size': 1, 'env_weight': 1.0}
[96m[ATROPOS][0m INFO:     127.0.0.1:61163 - "GET /status-env HTTP/1.1" 200 OK
[94m[GSM8K][0m INFO:atroposlib.envs.base:env_manager: Status dict: {'current_step': 0, 'queue_size': 0, 'unallocated_fraction': 1.0, 'self_queue_size': 0, 'max_group_size': 1, 'env_weight': 1.0}
[96m[ATROPOS][0m INFO:     127.0.0.1:61164 - "GET /status-env HTTP/1.1" 200 OK
[94m[GSM8K][0m INFO:atroposlib.envs.base:env_manager: Status dict: {'current_step': 0, 'queue_size': 0, 'unallocated_fraction': 1.0, 'self_queue_size': 0, 'max_group_size': 1, 'env_weight': 1.0}
[96m[ATROPOS][0m INFO:     127.0.0.1:61165 - "GET /batch HTTP/1.1" 200 OK
[92m[TRAINER][0m INFO:root:Polling for batch... attempt 35
[96m[ATROPOS][0m INFO:     127.0.0.1:61166 - "GET /status-env HTTP/1.1" 200 OK
[94m[GSM8K][0m INFO:atroposlib.envs.base:env_manager: Status dict: {'current_step': 0, 'queue_size': 0, 'unallocated_fraction': 1.0, 'self_queue_size': 0, 'max_group_size': 1, 'env_weight': 1.0}
[96m[ATROPOS][0m INFO:     127.0.0.1:61169 - "GET /status-env HTTP/1.1" 200 OK
[94m[GSM8K][0m INFO:atroposlib.envs.base:env_manager: Status dict: {'current_step': 0, 'queue_size': 0, 'unallocated_fraction': 1.0, 'self_queue_size': 0, 'max_group_size': 1, 'env_weight': 1.0}
[96m[ATROPOS][0m INFO:     127.0.0.1:61170 - "GET /status-env HTTP/1.1" 200 OK
[94m[GSM8K][0m INFO:atroposlib.envs.base:env_manager: Status dict: {'current_step': 0, 'queue_size': 0, 'unallocated_fraction': 1.0, 'self_queue_size': 0, 'max_group_size': 1, 'env_weight': 1.0}
[96m[ATROPOS][0m INFO:     127.0.0.1:61171 - "GET /status-env HTTP/1.1" 200 OK
[94m[GSM8K][0m INFO:atroposlib.envs.base:env_manager: Status dict: {'current_step': 0, 'queue_size': 0, 'unallocated_fraction': 1.0, 'self_queue_size': 0, 'max_group_size': 1, 'env_weight': 1.0}
[96m[ATROPOS][0m INFO:     127.0.0.1:61172 - "GET /status-env HTTP/1.1" 200 OK
[94m[GSM8K][0m INFO:atroposlib.envs.base:env_manager: Status dict: {'current_step': 0, 'queue_size': 0, 'unallocated_fraction': 1.0, 'self_queue_size': 0, 'max_group_size': 1, 'env_weight': 1.0}
[96m[ATROPOS][0m INFO:     127.0.0.1:61173 - "GET /status-env HTTP/1.1" 200 OK
[94m[GSM8K][0m INFO:atroposlib.envs.base:env_manager: Status dict: {'current_step': 0, 'queue_size': 0, 'unallocated_fraction': 1.0, 'self_queue_size': 0, 'max_group_size': 1, 'env_weight': 1.0}
[96m[ATROPOS][0m INFO:     127.0.0.1:61174 - "GET /status-env HTTP/1.1" 200 OK
[94m[GSM8K][0m INFO:atroposlib.envs.base:env_manager: Status dict: {'current_step': 0, 'queue_size': 0, 'unallocated_fraction': 1.0, 'self_queue_size': 0, 'max_group_size': 1, 'env_weight': 1.0}
[96m[ATROPOS][0m INFO:     127.0.0.1:61175 - "GET /status-env HTTP/1.1" 200 OK
[94m[GSM8K][0m INFO:atroposlib.envs.base:env_manager: Status dict: {'current_step': 0, 'queue_size': 0, 'unallocated_fraction': 1.0, 'self_queue_size': 0, 'max_group_size': 1, 'env_weight': 1.0}
[96m[ATROPOS][0m INFO:     127.0.0.1:61176 - "GET /status-env HTTP/1.1" 200 OK
[94m[GSM8K][0m INFO:atroposlib.envs.base:env_manager: Status dict: {'current_step': 0, 'queue_size': 0, 'unallocated_fraction': 1.0, 'self_queue_size': 0, 'max_group_size': 1, 'env_weight': 1.0}
[96m[ATROPOS][0m INFO:     127.0.0.1:61177 - "GET /status-env HTTP/1.1" 200 OK
[94m[GSM8K][0m INFO:atroposlib.envs.base:env_manager: Status dict: {'current_step': 0, 'queue_size': 0, 'unallocated_fraction': 1.0, 'self_queue_size': 0, 'max_group_size': 1, 'env_weight': 1.0}
[96m[ATROPOS][0m INFO:     127.0.0.1:61178 - "GET /batch HTTP/1.1" 200 OK
[96m[ATROPOS][0m INFO:     127.0.0.1:61179 - "GET /status-env HTTP/1.1" 200 OK
[94m[GSM8K][0m INFO:atroposlib.envs.base:env_manager: Status dict: {'current_step': 0, 'queue_size': 0, 'unallocated_fraction': 1.0, 'self_queue_size': 0, 'max_group_size': 1, 'env_weight': 1.0}
[96m[ATROPOS][0m INFO:     127.0.0.1:61180 - "GET /status-env HTTP/1.1" 200 OK
[94m[GSM8K][0m INFO:atroposlib.envs.base:env_manager: Status dict: {'current_step': 0, 'queue_size': 0, 'unallocated_fraction': 1.0, 'self_queue_size': 0, 'max_group_size': 1, 'env_weight': 1.0}
[96m[ATROPOS][0m INFO:     127.0.0.1:61181 - "GET /status-env HTTP/1.1" 200 OK
[94m[GSM8K][0m INFO:atroposlib.envs.base:env_manager: Status dict: {'current_step': 0, 'queue_size': 0, 'unallocated_fraction': 1.0, 'self_queue_size': 0, 'max_group_size': 1, 'env_weight': 1.0}
[96m[ATROPOS][0m INFO:     127.0.0.1:61182 - "GET /status-env HTTP/1.1" 200 OK
[94m[GSM8K][0m INFO:atroposlib.envs.base:env_manager: Status dict: {'current_step': 0, 'queue_size': 0, 'unallocated_fraction': 1.0, 'self_queue_size': 0, 'max_group_size': 1, 'env_weight': 1.0}
[96m[ATROPOS][0m INFO:     127.0.0.1:61183 - "GET /status-env HTTP/1.1" 200 OK
[94m[GSM8K][0m INFO:atroposlib.envs.base:env_manager: Status dict: {'current_step': 0, 'queue_size': 0, 'unallocated_fraction': 1.0, 'self_queue_size': 0, 'max_group_size': 1, 'env_weight': 1.0}
[96m[ATROPOS][0m INFO:     127.0.0.1:61184 - "GET /status-env HTTP/1.1" 200 OK
[94m[GSM8K][0m INFO:atroposlib.envs.base:env_manager: Status dict: {'current_step': 0, 'queue_size': 0, 'unallocated_fraction': 1.0, 'self_queue_size': 0, 'max_group_size': 1, 'env_weight': 1.0}
[96m[ATROPOS][0m INFO:     127.0.0.1:61185 - "GET /status-env HTTP/1.1" 200 OK
[94m[GSM8K][0m INFO:atroposlib.envs.base:env_manager: Status dict: {'current_step': 0, 'queue_size': 0, 'unallocated_fraction': 1.0, 'self_queue_size': 0, 'max_group_size': 1, 'env_weight': 1.0}
[96m[ATROPOS][0m INFO:     127.0.0.1:61186 - "GET /status-env HTTP/1.1" 200 OK
[94m[GSM8K][0m INFO:atroposlib.envs.base:env_manager: Status dict: {'current_step': 0, 'queue_size': 0, 'unallocated_fraction': 1.0, 'self_queue_size': 0, 'max_group_size': 1, 'env_weight': 1.0}
[96m[ATROPOS][0m INFO:     127.0.0.1:61187 - "GET /status-env HTTP/1.1" 200 OK
[94m[GSM8K][0m INFO:atroposlib.envs.base:env_manager: Status dict: {'current_step': 0, 'queue_size': 0, 'unallocated_fraction': 1.0, 'self_queue_size': 0, 'max_group_size': 1, 'env_weight': 1.0}
[96m[ATROPOS][0m INFO:     127.0.0.1:61188 - "GET /batch HTTP/1.1" 200 OK
[96m[ATROPOS][0m INFO:     127.0.0.1:61189 - "GET /status-env HTTP/1.1" 200 OK
[94m[GSM8K][0m INFO:atroposlib.envs.base:env_manager: Status dict: {'current_step': 0, 'queue_size': 0, 'unallocated_fraction': 1.0, 'self_queue_size': 0, 'max_group_size': 1, 'env_weight': 1.0}
[96m[ATROPOS][0m INFO:     127.0.0.1:61190 - "GET /status-env HTTP/1.1" 200 OK
[94m[GSM8K][0m INFO:atroposlib.envs.base:env_manager: Status dict: {'current_step': 0, 'queue_size': 0, 'unallocated_fraction': 1.0, 'self_queue_size': 0, 'max_group_size': 1, 'env_weight': 1.0}
[96m[ATROPOS][0m INFO:     127.0.0.1:61191 - "GET /status-env HTTP/1.1" 200 OK
[94m[GSM8K][0m INFO:atroposlib.envs.base:env_manager: Status dict: {'current_step': 0, 'queue_size': 0, 'unallocated_fraction': 1.0, 'self_queue_size': 0, 'max_group_size': 1, 'env_weight': 1.0}
[96m[ATROPOS][0m INFO:     127.0.0.1:61192 - "GET /status-env HTTP/1.1" 200 OK
[94m[GSM8K][0m INFO:atroposlib.envs.base:env_manager: Status dict: {'current_step': 0, 'queue_size': 0, 'unallocated_fraction': 1.0, 'self_queue_size': 0, 'max_group_size': 1, 'env_weight': 1.0}
[96m[ATROPOS][0m INFO:     127.0.0.1:61193 - "GET /status-env HTTP/1.1" 200 OK
[94m[GSM8K][0m INFO:atroposlib.envs.base:env_manager: Status dict: {'current_step': 0, 'queue_size': 0, 'unallocated_fraction': 1.0, 'self_queue_size': 0, 'max_group_size': 1, 'env_weight': 1.0}
[96m[ATROPOS][0m INFO:     127.0.0.1:61194 - "GET /status-env HTTP/1.1" 200 OK
[94m[GSM8K][0m INFO:atroposlib.envs.base:env_manager: Status dict: {'current_step': 0, 'queue_size': 0, 'unallocated_fraction': 1.0, 'self_queue_size': 0, 'max_group_size': 1, 'env_weight': 1.0}
[96m[ATROPOS][0m INFO:     127.0.0.1:61195 - "GET /status-env HTTP/1.1" 200 OK
[94m[GSM8K][0m INFO:atroposlib.envs.base:env_manager: Status dict: {'current_step': 0, 'queue_size': 0, 'unallocated_fraction': 1.0, 'self_queue_size': 0, 'max_group_size': 1, 'env_weight': 1.0}
[96m[ATROPOS][0m INFO:     127.0.0.1:61196 - "GET /status-env HTTP/1.1" 200 OK
[94m[GSM8K][0m INFO:atroposlib.envs.base:env_manager: Status dict: {'current_step': 0, 'queue_size': 0, 'unallocated_fraction': 1.0, 'self_queue_size': 0, 'max_group_size': 1, 'env_weight': 1.0}
[96m[ATROPOS][0m INFO:     127.0.0.1:61197 - "GET /status-env HTTP/1.1" 200 OK
[94m[GSM8K][0m INFO:atroposlib.envs.base:env_manager: Status dict: {'current_step': 0, 'queue_size': 0, 'unallocated_fraction': 1.0, 'self_queue_size': 0, 'max_group_size': 1, 'env_weight': 1.0}
[96m[ATROPOS][0m INFO:     127.0.0.1:61198 - "GET /status-env HTTP/1.1" 200 OK
[94m[GSM8K][0m INFO:atroposlib.envs.base:env_manager: Status dict: {'current_step': 0, 'queue_size': 0, 'unallocated_fraction': 1.0, 'self_queue_size': 0, 'max_group_size': 1, 'env_weight': 1.0}
[96m[ATROPOS][0m INFO:     127.0.0.1:61200 - "GET /batch HTTP/1.1" 200 OK
[96m[ATROPOS][0m INFO:     127.0.0.1:61201 - "GET /status-env HTTP/1.1" 200 OK
[94m[GSM8K][0m INFO:atroposlib.envs.base:env_manager: Status dict: {'current_step': 0, 'queue_size': 0, 'unallocated_fraction': 1.0, 'self_queue_size': 0, 'max_group_size': 1, 'env_weight': 1.0}
[96m[ATROPOS][0m INFO:     127.0.0.1:61202 - "GET /status-env HTTP/1.1" 200 OK
[94m[GSM8K][0m INFO:atroposlib.envs.base:env_manager: Status dict: {'current_step': 0, 'queue_size': 0, 'unallocated_fraction': 1.0, 'self_queue_size': 0, 'max_group_size': 1, 'env_weight': 1.0}
[96m[ATROPOS][0m INFO:     127.0.0.1:61203 - "GET /status-env HTTP/1.1" 200 OK
[94m[GSM8K][0m INFO:atroposlib.envs.base:env_manager: Status dict: {'current_step': 0, 'queue_size': 0, 'unallocated_fraction': 1.0, 'self_queue_size': 0, 'max_group_size': 1, 'env_weight': 1.0}
[96m[ATROPOS][0m INFO:     127.0.0.1:61204 - "GET /status-env HTTP/1.1" 200 OK
[94m[GSM8K][0m INFO:atroposlib.envs.base:env_manager: Status dict: {'current_step': 0, 'queue_size': 0, 'unallocated_fraction': 1.0, 'self_queue_size': 0, 'max_group_size': 1, 'env_weight': 1.0}
[96m[ATROPOS][0m INFO:     127.0.0.1:61205 - "GET /status-env HTTP/1.1" 200 OK
[94m[GSM8K][0m INFO:atroposlib.envs.base:env_manager: Status dict: {'current_step': 0, 'queue_size': 0, 'unallocated_fraction': 1.0, 'self_queue_size': 0, 'max_group_size': 1, 'env_weight': 1.0}
[96m[ATROPOS][0m INFO:     127.0.0.1:61206 - "GET /status-env HTTP/1.1" 200 OK
[94m[GSM8K][0m INFO:atroposlib.envs.base:env_manager: Status dict: {'current_step': 0, 'queue_size': 0, 'unallocated_fraction': 1.0, 'self_queue_size': 0, 'max_group_size': 1, 'env_weight': 1.0}
[96m[ATROPOS][0m INFO:     127.0.0.1:61207 - "GET /status-env HTTP/1.1" 200 OK
[94m[GSM8K][0m INFO:atroposlib.envs.base:env_manager: Status dict: {'current_step': 0, 'queue_size': 0, 'unallocated_fraction': 1.0, 'self_queue_size': 0, 'max_group_size': 1, 'env_weight': 1.0}
[96m[ATROPOS][0m INFO:     127.0.0.1:61208 - "GET /status-env HTTP/1.1" 200 OK
[94m[GSM8K][0m INFO:atroposlib.envs.base:env_manager: Status dict: {'current_step': 0, 'queue_size': 0, 'unallocated_fraction': 1.0, 'self_queue_size': 0, 'max_group_size': 1, 'env_weight': 1.0}
[96m[ATROPOS][0m INFO:     127.0.0.1:61209 - "GET /status-env HTTP/1.1" 200 OK
[94m[GSM8K][0m INFO:atroposlib.envs.base:env_manager: Status dict: {'current_step': 0, 'queue_size': 0, 'unallocated_fraction': 1.0, 'self_queue_size': 0, 'max_group_size': 1, 'env_weight': 1.0}
[96m[ATROPOS][0m INFO:     127.0.0.1:61210 - "GET /status-env HTTP/1.1" 200 OK
[94m[GSM8K][0m INFO:atroposlib.envs.base:env_manager: Status dict: {'current_step': 0, 'queue_size': 0, 'unallocated_fraction': 1.0, 'self_queue_size': 0, 'max_group_size': 1, 'env_weight': 1.0}
[96m[ATROPOS][0m INFO:     127.0.0.1:61211 - "GET /batch HTTP/1.1" 200 OK
[96m[ATROPOS][0m INFO:     127.0.0.1:61212 - "GET /status-env HTTP/1.1" 200 OK
[94m[GSM8K][0m INFO:atroposlib.envs.base:env_manager: Status dict: {'current_step': 0, 'queue_size': 0, 'unallocated_fraction': 1.0, 'self_queue_size': 0, 'max_group_size': 1, 'env_weight': 1.0}
[96m[ATROPOS][0m INFO:     127.0.0.1:61213 - "GET /status-env HTTP/1.1" 200 OK
[94m[GSM8K][0m INFO:atroposlib.envs.base:env_manager: Status dict: {'current_step': 0, 'queue_size': 0, 'unallocated_fraction': 1.0, 'self_queue_size': 0, 'max_group_size': 1, 'env_weight': 1.0}
[96m[ATROPOS][0m INFO:     127.0.0.1:61214 - "GET /status-env HTTP/1.1" 200 OK
[94m[GSM8K][0m INFO:atroposlib.envs.base:env_manager: Status dict: {'current_step': 0, 'queue_size': 0, 'unallocated_fraction': 1.0, 'self_queue_size': 0, 'max_group_size': 1, 'env_weight': 1.0}
[96m[ATROPOS][0m INFO:     127.0.0.1:61215 - "GET /status-env HTTP/1.1" 200 OK
[94m[GSM8K][0m INFO:atroposlib.envs.base:env_manager: Status dict: {'current_step': 0, 'queue_size': 0, 'unallocated_fraction': 1.0, 'self_queue_size': 0, 'max_group_size': 1, 'env_weight': 1.0}
[96m[ATROPOS][0m INFO:     127.0.0.1:61216 - "GET /status-env HTTP/1.1" 200 OK
[94m[GSM8K][0m INFO:atroposlib.envs.base:env_manager: Status dict: {'current_step': 0, 'queue_size': 0, 'unallocated_fraction': 1.0, 'self_queue_size': 0, 'max_group_size': 1, 'env_weight': 1.0}
[96m[ATROPOS][0m INFO:     127.0.0.1:61217 - "GET /status-env HTTP/1.1" 200 OK
[94m[GSM8K][0m INFO:atroposlib.envs.base:env_manager: Status dict: {'current_step': 0, 'queue_size': 0, 'unallocated_fraction': 1.0, 'self_queue_size': 0, 'max_group_size': 1, 'env_weight': 1.0}
[96m[ATROPOS][0m INFO:     127.0.0.1:61218 - "GET /status-env HTTP/1.1" 200 OK
[94m[GSM8K][0m INFO:atroposlib.envs.base:env_manager: Status dict: {'current_step': 0, 'queue_size': 0, 'unallocated_fraction': 1.0, 'self_queue_size': 0, 'max_group_size': 1, 'env_weight': 1.0}
[96m[ATROPOS][0m INFO:     127.0.0.1:61219 - "GET /status-env HTTP/1.1" 200 OK
[94m[GSM8K][0m INFO:atroposlib.envs.base:env_manager: Status dict: {'current_step': 0, 'queue_size': 0, 'unallocated_fraction': 1.0, 'self_queue_size': 0, 'max_group_size': 1, 'env_weight': 1.0}
[96m[ATROPOS][0m INFO:     127.0.0.1:61220 - "GET /status-env HTTP/1.1" 200 OK
[94m[GSM8K][0m INFO:atroposlib.envs.base:env_manager: Status dict: {'current_step': 0, 'queue_size': 0, 'unallocated_fraction': 1.0, 'self_queue_size': 0, 'max_group_size': 1, 'env_weight': 1.0}
[96m[ATROPOS][0m INFO:     127.0.0.1:61221 - "GET /batch HTTP/1.1" 200 OK
[92m[TRAINER][0m INFO:root:Polling for batch... attempt 40
[96m[ATROPOS][0m INFO:     127.0.0.1:61222 - "GET /status-env HTTP/1.1" 200 OK
[94m[GSM8K][0m INFO:atroposlib.envs.base:env_manager: Status dict: {'current_step': 0, 'queue_size': 0, 'unallocated_fraction': 1.0, 'self_queue_size': 0, 'max_group_size': 1, 'env_weight': 1.0}
[96m[ATROPOS][0m INFO:     127.0.0.1:61223 - "GET /status-env HTTP/1.1" 200 OK
[94m[GSM8K][0m INFO:atroposlib.envs.base:env_manager: Status dict: {'current_step': 0, 'queue_size': 0, 'unallocated_fraction': 1.0, 'self_queue_size': 0, 'max_group_size': 1, 'env_weight': 1.0}
[96m[ATROPOS][0m INFO:     127.0.0.1:61224 - "GET /status-env HTTP/1.1" 200 OK
[94m[GSM8K][0m INFO:atroposlib.envs.base:env_manager: Status dict: {'current_step': 0, 'queue_size': 0, 'unallocated_fraction': 1.0, 'self_queue_size': 0, 'max_group_size': 1, 'env_weight': 1.0}
[96m[ATROPOS][0m INFO:     127.0.0.1:61225 - "GET /status-env HTTP/1.1" 200 OK
[94m[GSM8K][0m INFO:atroposlib.envs.base:env_manager: Status dict: {'current_step': 0, 'queue_size': 0, 'unallocated_fraction': 1.0, 'self_queue_size': 0, 'max_group_size': 1, 'env_weight': 1.0}
[96m[ATROPOS][0m INFO:     127.0.0.1:61226 - "GET /status-env HTTP/1.1" 200 OK
[94m[GSM8K][0m INFO:atroposlib.envs.base:env_manager: Status dict: {'current_step': 0, 'queue_size': 0, 'unallocated_fraction': 1.0, 'self_queue_size': 0, 'max_group_size': 1, 'env_weight': 1.0}
[96m[ATROPOS][0m INFO:     127.0.0.1:61227 - "GET /status-env HTTP/1.1" 200 OK
[94m[GSM8K][0m INFO:atroposlib.envs.base:env_manager: Status dict: {'current_step': 0, 'queue_size': 0, 'unallocated_fraction': 1.0, 'self_queue_size': 0, 'max_group_size': 1, 'env_weight': 1.0}
[96m[ATROPOS][0m INFO:     127.0.0.1:61228 - "GET /status-env HTTP/1.1" 200 OK
[94m[GSM8K][0m INFO:atroposlib.envs.base:env_manager: Status dict: {'current_step': 0, 'queue_size': 0, 'unallocated_fraction': 1.0, 'self_queue_size': 0, 'max_group_size': 1, 'env_weight': 1.0}
[96m[ATROPOS][0m INFO:     127.0.0.1:61229 - "GET /status-env HTTP/1.1" 200 OK
[94m[GSM8K][0m INFO:atroposlib.envs.base:env_manager: Status dict: {'current_step': 0, 'queue_size': 0, 'unallocated_fraction': 1.0, 'self_queue_size': 0, 'max_group_size': 1, 'env_weight': 1.0}
[96m[ATROPOS][0m INFO:     127.0.0.1:61230 - "GET /status-env HTTP/1.1" 200 OK
[94m[GSM8K][0m INFO:atroposlib.envs.base:env_manager: Status dict: {'current_step': 0, 'queue_size': 0, 'unallocated_fraction': 1.0, 'self_queue_size': 0, 'max_group_size': 1, 'env_weight': 1.0}
[96m[ATROPOS][0m INFO:     127.0.0.1:61231 - "GET /status-env HTTP/1.1" 200 OK
[94m[GSM8K][0m INFO:atroposlib.envs.base:env_manager: Status dict: {'current_step': 0, 'queue_size': 0, 'unallocated_fraction': 1.0, 'self_queue_size': 0, 'max_group_size': 1, 'env_weight': 1.0}
[96m[ATROPOS][0m INFO:     127.0.0.1:61232 - "GET /batch HTTP/1.1" 200 OK
[96m[ATROPOS][0m INFO:     127.0.0.1:61233 - "GET /status-env HTTP/1.1" 200 OK
[94m[GSM8K][0m INFO:atroposlib.envs.base:env_manager: Status dict: {'current_step': 0, 'queue_size': 0, 'unallocated_fraction': 1.0, 'self_queue_size': 0, 'max_group_size': 1, 'env_weight': 1.0}
[96m[ATROPOS][0m INFO:     127.0.0.1:61234 - "GET /status-env HTTP/1.1" 200 OK
[94m[GSM8K][0m INFO:atroposlib.envs.base:env_manager: Status dict: {'current_step': 0, 'queue_size': 0, 'unallocated_fraction': 1.0, 'self_queue_size': 0, 'max_group_size': 1, 'env_weight': 1.0}
[96m[ATROPOS][0m INFO:     127.0.0.1:61235 - "GET /status-env HTTP/1.1" 200 OK
[94m[GSM8K][0m INFO:atroposlib.envs.base:env_manager: Status dict: {'current_step': 0, 'queue_size': 0, 'unallocated_fraction': 1.0, 'self_queue_size': 0, 'max_group_size': 1, 'env_weight': 1.0}
[96m[ATROPOS][0m INFO:     127.0.0.1:61236 - "GET /status-env HTTP/1.1" 200 OK
[94m[GSM8K][0m INFO:atroposlib.envs.base:env_manager: Status dict: {'current_step': 0, 'queue_size': 0, 'unallocated_fraction': 1.0, 'self_queue_size': 0, 'max_group_size': 1, 'env_weight': 1.0}
[96m[ATROPOS][0m INFO:     127.0.0.1:61237 - "GET /status-env HTTP/1.1" 200 OK
[94m[GSM8K][0m INFO:atroposlib.envs.base:env_manager: Status dict: {'current_step': 0, 'queue_size': 0, 'unallocated_fraction': 1.0, 'self_queue_size': 0, 'max_group_size': 1, 'env_weight': 1.0}
[96m[ATROPOS][0m INFO:     127.0.0.1:61238 - "GET /status-env HTTP/1.1" 200 OK
[94m[GSM8K][0m INFO:atroposlib.envs.base:env_manager: Status dict: {'current_step': 0, 'queue_size': 0, 'unallocated_fraction': 1.0, 'self_queue_size': 0, 'max_group_size': 1, 'env_weight': 1.0}
[96m[ATROPOS][0m INFO:     127.0.0.1:61239 - "GET /status-env HTTP/1.1" 200 OK
[94m[GSM8K][0m INFO:atroposlib.envs.base:env_manager: Status dict: {'current_step': 0, 'queue_size': 0, 'unallocated_fraction': 1.0, 'self_queue_size': 0, 'max_group_size': 1, 'env_weight': 1.0}
[96m[ATROPOS][0m INFO:     127.0.0.1:61240 - "GET /status-env HTTP/1.1" 200 OK
[94m[GSM8K][0m INFO:atroposlib.envs.base:env_manager: Status dict: {'current_step': 0, 'queue_size': 0, 'unallocated_fraction': 1.0, 'self_queue_size': 0, 'max_group_size': 1, 'env_weight': 1.0}
[96m[ATROPOS][0m INFO:     127.0.0.1:61241 - "GET /status-env HTTP/1.1" 200 OK
[94m[GSM8K][0m INFO:atroposlib.envs.base:env_manager: Status dict: {'current_step': 0, 'queue_size': 0, 'unallocated_fraction': 1.0, 'self_queue_size': 0, 'max_group_size': 1, 'env_weight': 1.0}
[96m[ATROPOS][0m INFO:     127.0.0.1:61242 - "GET /status-env HTTP/1.1" 200 OK
[94m[GSM8K][0m INFO:atroposlib.envs.base:env_manager: Status dict: {'current_step': 0, 'queue_size': 0, 'unallocated_fraction': 1.0, 'self_queue_size': 0, 'max_group_size': 1, 'env_weight': 1.0}
[96m[ATROPOS][0m INFO:     127.0.0.1:61243 - "GET /batch HTTP/1.1" 200 OK
[96m[ATROPOS][0m INFO:     127.0.0.1:61244 - "GET /status-env HTTP/1.1" 200 OK
[94m[GSM8K][0m INFO:atroposlib.envs.base:env_manager: Status dict: {'current_step': 0, 'queue_size': 0, 'unallocated_fraction': 1.0, 'self_queue_size': 0, 'max_group_size': 1, 'env_weight': 1.0}
[96m[ATROPOS][0m INFO:     127.0.0.1:61245 - "GET /status-env HTTP/1.1" 200 OK
[94m[GSM8K][0m INFO:atroposlib.envs.base:env_manager: Status dict: {'current_step': 0, 'queue_size': 0, 'unallocated_fraction': 1.0, 'self_queue_size': 0, 'max_group_size': 1, 'env_weight': 1.0}
[96m[ATROPOS][0m INFO:     127.0.0.1:61246 - "GET /status-env HTTP/1.1" 200 OK
[94m[GSM8K][0m INFO:atroposlib.envs.base:env_manager: Status dict: {'current_step': 0, 'queue_size': 0, 'unallocated_fraction': 1.0, 'self_queue_size': 0, 'max_group_size': 1, 'env_weight': 1.0}
[96m[ATROPOS][0m INFO:     127.0.0.1:61247 - "GET /status-env HTTP/1.1" 200 OK
[94m[GSM8K][0m INFO:atroposlib.envs.base:env_manager: Status dict: {'current_step': 0, 'queue_size': 0, 'unallocated_fraction': 1.0, 'self_queue_size': 0, 'max_group_size': 1, 'env_weight': 1.0}
[96m[ATROPOS][0m INFO:     127.0.0.1:61248 - "GET /status-env HTTP/1.1" 200 OK
[94m[GSM8K][0m INFO:atroposlib.envs.base:env_manager: Status dict: {'current_step': 0, 'queue_size': 0, 'unallocated_fraction': 1.0, 'self_queue_size': 0, 'max_group_size': 1, 'env_weight': 1.0}
[96m[ATROPOS][0m INFO:     127.0.0.1:61249 - "GET /status-env HTTP/1.1" 200 OK
[94m[GSM8K][0m INFO:atroposlib.envs.base:env_manager: Status dict: {'current_step': 0, 'queue_size': 0, 'unallocated_fraction': 1.0, 'self_queue_size': 0, 'max_group_size': 1, 'env_weight': 1.0}
[96m[ATROPOS][0m INFO:     127.0.0.1:61250 - "GET /status-env HTTP/1.1" 200 OK
[94m[GSM8K][0m INFO:atroposlib.envs.base:env_manager: Status dict: {'current_step': 0, 'queue_size': 0, 'unallocated_fraction': 1.0, 'self_queue_size': 0, 'max_group_size': 1, 'env_weight': 1.0}
[96m[ATROPOS][0m INFO:     127.0.0.1:61251 - "GET /status-env HTTP/1.1" 200 OK
[94m[GSM8K][0m INFO:atroposlib.envs.base:env_manager: Status dict: {'current_step': 0, 'queue_size': 0, 'unallocated_fraction': 1.0, 'self_queue_size': 0, 'max_group_size': 1, 'env_weight': 1.0}
[96m[ATROPOS][0m INFO:     127.0.0.1:61252 - "GET /status-env HTTP/1.1" 200 OK
[94m[GSM8K][0m INFO:atroposlib.envs.base:env_manager: Status dict: {'current_step': 0, 'queue_size': 0, 'unallocated_fraction': 1.0, 'self_queue_size': 0, 'max_group_size': 1, 'env_weight': 1.0}
[96m[ATROPOS][0m INFO:     127.0.0.1:61253 - "GET /status-env HTTP/1.1" 200 OK
[94m[GSM8K][0m INFO:atroposlib.envs.base:env_manager: Status dict: {'current_step': 0, 'queue_size': 0, 'unallocated_fraction': 1.0, 'self_queue_size': 0, 'max_group_size': 1, 'env_weight': 1.0}
[96m[ATROPOS][0m INFO:     127.0.0.1:61254 - "GET /batch HTTP/1.1" 200 OK
[96m[ATROPOS][0m INFO:     127.0.0.1:61255 - "GET /status-env HTTP/1.1" 200 OK
[94m[GSM8K][0m INFO:atroposlib.envs.base:env_manager: Status dict: {'current_step': 0, 'queue_size': 0, 'unallocated_fraction': 1.0, 'self_queue_size': 0, 'max_group_size': 1, 'env_weight': 1.0}
[96m[ATROPOS][0m INFO:     127.0.0.1:61256 - "GET /status-env HTTP/1.1" 200 OK
[94m[GSM8K][0m INFO:atroposlib.envs.base:env_manager: Status dict: {'current_step': 0, 'queue_size': 0, 'unallocated_fraction': 1.0, 'self_queue_size': 0, 'max_group_size': 1, 'env_weight': 1.0}
[96m[ATROPOS][0m INFO:     127.0.0.1:61257 - "GET /status-env HTTP/1.1" 200 OK
[94m[GSM8K][0m INFO:atroposlib.envs.base:env_manager: Status dict: {'current_step': 0, 'queue_size': 0, 'unallocated_fraction': 1.0, 'self_queue_size': 0, 'max_group_size': 1, 'env_weight': 1.0}
[96m[ATROPOS][0m INFO:     127.0.0.1:61258 - "GET /status-env HTTP/1.1" 200 OK
[94m[GSM8K][0m INFO:atroposlib.envs.base:env_manager: Status dict: {'current_step': 0, 'queue_size': 0, 'unallocated_fraction': 1.0, 'self_queue_size': 0, 'max_group_size': 1, 'env_weight': 1.0}
[96m[ATROPOS][0m INFO:     127.0.0.1:61259 - "GET /status-env HTTP/1.1" 200 OK
[94m[GSM8K][0m INFO:atroposlib.envs.base:env_manager: Status dict: {'current_step': 0, 'queue_size': 0, 'unallocated_fraction': 1.0, 'self_queue_size': 0, 'max_group_size': 1, 'env_weight': 1.0}
[96m[ATROPOS][0m INFO:     127.0.0.1:61260 - "GET /status-env HTTP/1.1" 200 OK
[94m[GSM8K][0m INFO:atroposlib.envs.base:env_manager: Status dict: {'current_step': 0, 'queue_size': 0, 'unallocated_fraction': 1.0, 'self_queue_size': 0, 'max_group_size': 1, 'env_weight': 1.0}
[96m[ATROPOS][0m INFO:     127.0.0.1:61261 - "GET /status-env HTTP/1.1" 200 OK
[94m[GSM8K][0m INFO:atroposlib.envs.base:env_manager: Status dict: {'current_step': 0, 'queue_size': 0, 'unallocated_fraction': 1.0, 'self_queue_size': 0, 'max_group_size': 1, 'env_weight': 1.0}
[96m[ATROPOS][0m INFO:     127.0.0.1:61262 - "GET /status-env HTTP/1.1" 200 OK
[94m[GSM8K][0m INFO:atroposlib.envs.base:env_manager: Status dict: {'current_step': 0, 'queue_size': 0, 'unallocated_fraction': 1.0, 'self_queue_size': 0, 'max_group_size': 1, 'env_weight': 1.0}
[96m[ATROPOS][0m INFO:     127.0.0.1:61263 - "GET /status-env HTTP/1.1" 200 OK
[94m[GSM8K][0m INFO:atroposlib.envs.base:env_manager: Status dict: {'current_step': 0, 'queue_size': 0, 'unallocated_fraction': 1.0, 'self_queue_size': 0, 'max_group_size': 1, 'env_weight': 1.0}
[96m[ATROPOS][0m INFO:     127.0.0.1:61264 - "GET /batch HTTP/1.1" 200 OK
[96m[ATROPOS][0m INFO:     127.0.0.1:61265 - "GET /status-env HTTP/1.1" 200 OK
[94m[GSM8K][0m INFO:atroposlib.envs.base:env_manager: Status dict: {'current_step': 0, 'queue_size': 0, 'unallocated_fraction': 1.0, 'self_queue_size': 0, 'max_group_size': 1, 'env_weight': 1.0}
[96m[ATROPOS][0m INFO:     127.0.0.1:61266 - "GET /status-env HTTP/1.1" 200 OK
[94m[GSM8K][0m INFO:atroposlib.envs.base:env_manager: Status dict: {'current_step': 0, 'queue_size': 0, 'unallocated_fraction': 1.0, 'self_queue_size': 0, 'max_group_size': 1, 'env_weight': 1.0}
[96m[ATROPOS][0m INFO:     127.0.0.1:61267 - "GET /status-env HTTP/1.1" 200 OK
[94m[GSM8K][0m INFO:atroposlib.envs.base:env_manager: Status dict: {'current_step': 0, 'queue_size': 0, 'unallocated_fraction': 1.0, 'self_queue_size': 0, 'max_group_size': 1, 'env_weight': 1.0}
[96m[ATROPOS][0m INFO:     127.0.0.1:61268 - "GET /status-env HTTP/1.1" 200 OK
[94m[GSM8K][0m INFO:atroposlib.envs.base:env_manager: Status dict: {'current_step': 0, 'queue_size': 0, 'unallocated_fraction': 1.0, 'self_queue_size': 0, 'max_group_size': 1, 'env_weight': 1.0}
[96m[ATROPOS][0m INFO:     127.0.0.1:61269 - "GET /status-env HTTP/1.1" 200 OK
[94m[GSM8K][0m INFO:atroposlib.envs.base:env_manager: Status dict: {'current_step': 0, 'queue_size': 0, 'unallocated_fraction': 1.0, 'self_queue_size': 0, 'max_group_size': 1, 'env_weight': 1.0}
[96m[ATROPOS][0m INFO:     127.0.0.1:61270 - "GET /status-env HTTP/1.1" 200 OK
[94m[GSM8K][0m INFO:atroposlib.envs.base:env_manager: Status dict: {'current_step': 0, 'queue_size': 0, 'unallocated_fraction': 1.0, 'self_queue_size': 0, 'max_group_size': 1, 'env_weight': 1.0}
[96m[ATROPOS][0m INFO:     127.0.0.1:61271 - "GET /status-env HTTP/1.1" 200 OK
[94m[GSM8K][0m INFO:atroposlib.envs.base:env_manager: Status dict: {'current_step': 0, 'queue_size': 0, 'unallocated_fraction': 1.0, 'self_queue_size': 0, 'max_group_size': 1, 'env_weight': 1.0}
[96m[ATROPOS][0m INFO:     127.0.0.1:61272 - "GET /status-env HTTP/1.1" 200 OK
[94m[GSM8K][0m INFO:atroposlib.envs.base:env_manager: Status dict: {'current_step': 0, 'queue_size': 0, 'unallocated_fraction': 1.0, 'self_queue_size': 0, 'max_group_size': 1, 'env_weight': 1.0}
[96m[ATROPOS][0m INFO:     127.0.0.1:61273 - "GET /status-env HTTP/1.1" 200 OK
[94m[GSM8K][0m INFO:atroposlib.envs.base:env_manager: Status dict: {'current_step': 0, 'queue_size': 0, 'unallocated_fraction': 1.0, 'self_queue_size': 0, 'max_group_size': 1, 'env_weight': 1.0}
[96m[ATROPOS][0m INFO:     127.0.0.1:61274 - "GET /status-env HTTP/1.1" 200 OK
[94m[GSM8K][0m INFO:atroposlib.envs.base:env_manager: Status dict: {'current_step': 0, 'queue_size': 0, 'unallocated_fraction': 1.0, 'self_queue_size': 0, 'max_group_size': 1, 'env_weight': 1.0}
[96m[ATROPOS][0m INFO:     127.0.0.1:61275 - "GET /batch HTTP/1.1" 200 OK
[92m[TRAINER][0m INFO:root:Polling for batch... attempt 45
[96m[ATROPOS][0m INFO:     127.0.0.1:61276 - "GET /status-env HTTP/1.1" 200 OK
[94m[GSM8K][0m INFO:atroposlib.envs.base:env_manager: Status dict: {'current_step': 0, 'queue_size': 0, 'unallocated_fraction': 1.0, 'self_queue_size': 0, 'max_group_size': 1, 'env_weight': 1.0}
[96m[ATROPOS][0m INFO:     127.0.0.1:61277 - "GET /status-env HTTP/1.1" 200 OK
[94m[GSM8K][0m INFO:atroposlib.envs.base:env_manager: Status dict: {'current_step': 0, 'queue_size': 0, 'unallocated_fraction': 1.0, 'self_queue_size': 0, 'max_group_size': 1, 'env_weight': 1.0}
[96m[ATROPOS][0m INFO:     127.0.0.1:61278 - "GET /status-env HTTP/1.1" 200 OK
[94m[GSM8K][0m INFO:atroposlib.envs.base:env_manager: Status dict: {'current_step': 0, 'queue_size': 0, 'unallocated_fraction': 1.0, 'self_queue_size': 0, 'max_group_size': 1, 'env_weight': 1.0}
[96m[ATROPOS][0m INFO:     127.0.0.1:61279 - "GET /status-env HTTP/1.1" 200 OK
[94m[GSM8K][0m INFO:atroposlib.envs.base:env_manager: Status dict: {'current_step': 0, 'queue_size': 0, 'unallocated_fraction': 1.0, 'self_queue_size': 0, 'max_group_size': 1, 'env_weight': 1.0}
[96m[ATROPOS][0m INFO:     127.0.0.1:61280 - "GET /status-env HTTP/1.1" 200 OK
[94m[GSM8K][0m INFO:atroposlib.envs.base:env_manager: Status dict: {'current_step': 0, 'queue_size': 0, 'unallocated_fraction': 1.0, 'self_queue_size': 0, 'max_group_size': 1, 'env_weight': 1.0}
[96m[ATROPOS][0m INFO:     127.0.0.1:61281 - "GET /status-env HTTP/1.1" 200 OK
[94m[GSM8K][0m INFO:atroposlib.envs.base:env_manager: Status dict: {'current_step': 0, 'queue_size': 0, 'unallocated_fraction': 1.0, 'self_queue_size': 0, 'max_group_size': 1, 'env_weight': 1.0}
[96m[ATROPOS][0m INFO:     127.0.0.1:61282 - "GET /status-env HTTP/1.1" 200 OK
[94m[GSM8K][0m INFO:atroposlib.envs.base:env_manager: Status dict: {'current_step': 0, 'queue_size': 0, 'unallocated_fraction': 1.0, 'self_queue_size': 0, 'max_group_size': 1, 'env_weight': 1.0}
[96m[ATROPOS][0m INFO:     127.0.0.1:61283 - "GET /status-env HTTP/1.1" 200 OK
[94m[GSM8K][0m INFO:atroposlib.envs.base:env_manager: Status dict: {'current_step': 0, 'queue_size': 0, 'unallocated_fraction': 1.0, 'self_queue_size': 0, 'max_group_size': 1, 'env_weight': 1.0}
[96m[ATROPOS][0m INFO:     127.0.0.1:61284 - "GET /status-env HTTP/1.1" 200 OK
[94m[GSM8K][0m INFO:atroposlib.envs.base:env_manager: Status dict: {'current_step': 0, 'queue_size': 0, 'unallocated_fraction': 1.0, 'self_queue_size': 0, 'max_group_size': 1, 'env_weight': 1.0}
[96m[ATROPOS][0m INFO:     127.0.0.1:61285 - "GET /status-env HTTP/1.1" 200 OK
[94m[GSM8K][0m INFO:atroposlib.envs.base:env_manager: Status dict: {'current_step': 0, 'queue_size': 0, 'unallocated_fraction': 1.0, 'self_queue_size': 0, 'max_group_size': 1, 'env_weight': 1.0}
[96m[ATROPOS][0m INFO:     127.0.0.1:61286 - "GET /batch HTTP/1.1" 200 OK
[96m[ATROPOS][0m INFO:     127.0.0.1:61287 - "GET /status-env HTTP/1.1" 200 OK
[94m[GSM8K][0m INFO:atroposlib.envs.base:env_manager: Status dict: {'current_step': 0, 'queue_size': 0, 'unallocated_fraction': 1.0, 'self_queue_size': 0, 'max_group_size': 1, 'env_weight': 1.0}
[96m[ATROPOS][0m INFO:     127.0.0.1:61288 - "GET /status-env HTTP/1.1" 200 OK
[94m[GSM8K][0m INFO:atroposlib.envs.base:env_manager: Status dict: {'current_step': 0, 'queue_size': 0, 'unallocated_fraction': 1.0, 'self_queue_size': 0, 'max_group_size': 1, 'env_weight': 1.0}
[96m[ATROPOS][0m INFO:     127.0.0.1:61289 - "GET /status-env HTTP/1.1" 200 OK
[94m[GSM8K][0m INFO:atroposlib.envs.base:env_manager: Status dict: {'current_step': 0, 'queue_size': 0, 'unallocated_fraction': 1.0, 'self_queue_size': 0, 'max_group_size': 1, 'env_weight': 1.0}
[96m[ATROPOS][0m INFO:     127.0.0.1:61290 - "GET /status-env HTTP/1.1" 200 OK
[94m[GSM8K][0m INFO:atroposlib.envs.base:env_manager: Status dict: {'current_step': 0, 'queue_size': 0, 'unallocated_fraction': 1.0, 'self_queue_size': 0, 'max_group_size': 1, 'env_weight': 1.0}
[96m[ATROPOS][0m INFO:     127.0.0.1:61291 - "GET /status-env HTTP/1.1" 200 OK
[94m[GSM8K][0m INFO:atroposlib.envs.base:env_manager: Status dict: {'current_step': 0, 'queue_size': 0, 'unallocated_fraction': 1.0, 'self_queue_size': 0, 'max_group_size': 1, 'env_weight': 1.0}
[96m[ATROPOS][0m INFO:     127.0.0.1:61292 - "GET /status-env HTTP/1.1" 200 OK
[94m[GSM8K][0m INFO:atroposlib.envs.base:env_manager: Status dict: {'current_step': 0, 'queue_size': 0, 'unallocated_fraction': 1.0, 'self_queue_size': 0, 'max_group_size': 1, 'env_weight': 1.0}
[96m[ATROPOS][0m INFO:     127.0.0.1:61293 - "GET /status-env HTTP/1.1" 200 OK
[94m[GSM8K][0m INFO:atroposlib.envs.base:env_manager: Status dict: {'current_step': 0, 'queue_size': 0, 'unallocated_fraction': 1.0, 'self_queue_size': 0, 'max_group_size': 1, 'env_weight': 1.0}
[96m[ATROPOS][0m INFO:     127.0.0.1:61294 - "GET /status-env HTTP/1.1" 200 OK
[94m[GSM8K][0m INFO:atroposlib.envs.base:env_manager: Status dict: {'current_step': 0, 'queue_size': 0, 'unallocated_fraction': 1.0, 'self_queue_size': 0, 'max_group_size': 1, 'env_weight': 1.0}
[96m[ATROPOS][0m INFO:     127.0.0.1:61295 - "GET /status-env HTTP/1.1" 200 OK
[94m[GSM8K][0m INFO:atroposlib.envs.base:env_manager: Status dict: {'current_step': 0, 'queue_size': 0, 'unallocated_fraction': 1.0, 'self_queue_size': 0, 'max_group_size': 1, 'env_weight': 1.0}
[96m[ATROPOS][0m INFO:     127.0.0.1:61296 - "GET /batch HTTP/1.1" 200 OK
[96m[ATROPOS][0m INFO:     127.0.0.1:61297 - "GET /status-env HTTP/1.1" 200 OK
[94m[GSM8K][0m INFO:atroposlib.envs.base:env_manager: Status dict: {'current_step': 0, 'queue_size': 0, 'unallocated_fraction': 1.0, 'self_queue_size': 0, 'max_group_size': 1, 'env_weight': 1.0}
[96m[ATROPOS][0m INFO:     127.0.0.1:61298 - "GET /status-env HTTP/1.1" 200 OK
[94m[GSM8K][0m INFO:atroposlib.envs.base:env_manager: Status dict: {'current_step': 0, 'queue_size': 0, 'unallocated_fraction': 1.0, 'self_queue_size': 0, 'max_group_size': 1, 'env_weight': 1.0}
[96m[ATROPOS][0m INFO:     127.0.0.1:61300 - "GET /status-env HTTP/1.1" 200 OK
[94m[GSM8K][0m INFO:atroposlib.envs.base:env_manager: Status dict: {'current_step': 0, 'queue_size': 0, 'unallocated_fraction': 1.0, 'self_queue_size': 0, 'max_group_size': 1, 'env_weight': 1.0}
[96m[ATROPOS][0m INFO:     127.0.0.1:61301 - "GET /status-env HTTP/1.1" 200 OK
[94m[GSM8K][0m INFO:atroposlib.envs.base:env_manager: Status dict: {'current_step': 0, 'queue_size': 0, 'unallocated_fraction': 1.0, 'self_queue_size': 0, 'max_group_size': 1, 'env_weight': 1.0}
[96m[ATROPOS][0m INFO:     127.0.0.1:61302 - "GET /status-env HTTP/1.1" 200 OK
[94m[GSM8K][0m INFO:atroposlib.envs.base:env_manager: Status dict: {'current_step': 0, 'queue_size': 0, 'unallocated_fraction': 1.0, 'self_queue_size': 0, 'max_group_size': 1, 'env_weight': 1.0}
[96m[ATROPOS][0m INFO:     127.0.0.1:61303 - "GET /status-env HTTP/1.1" 200 OK
[94m[GSM8K][0m INFO:atroposlib.envs.base:env_manager: Status dict: {'current_step': 0, 'queue_size': 0, 'unallocated_fraction': 1.0, 'self_queue_size': 0, 'max_group_size': 1, 'env_weight': 1.0}
[96m[ATROPOS][0m INFO:     127.0.0.1:61304 - "GET /status-env HTTP/1.1" 200 OK
[94m[GSM8K][0m INFO:atroposlib.envs.base:env_manager: Status dict: {'current_step': 0, 'queue_size': 0, 'unallocated_fraction': 1.0, 'self_queue_size': 0, 'max_group_size': 1, 'env_weight': 1.0}
[96m[ATROPOS][0m INFO:     127.0.0.1:61305 - "GET /status-env HTTP/1.1" 200 OK
[94m[GSM8K][0m INFO:atroposlib.envs.base:env_manager: Status dict: {'current_step': 0, 'queue_size': 0, 'unallocated_fraction': 1.0, 'self_queue_size': 0, 'max_group_size': 1, 'env_weight': 1.0}
[96m[ATROPOS][0m INFO:     127.0.0.1:61306 - "GET /status-env HTTP/1.1" 200 OK
[94m[GSM8K][0m INFO:atroposlib.envs.base:env_manager: Status dict: {'current_step': 0, 'queue_size': 0, 'unallocated_fraction': 1.0, 'self_queue_size': 0, 'max_group_size': 1, 'env_weight': 1.0}
[96m[ATROPOS][0m INFO:     127.0.0.1:61307 - "GET /status-env HTTP/1.1" 200 OK
[94m[GSM8K][0m INFO:atroposlib.envs.base:env_manager: Status dict: {'current_step': 0, 'queue_size': 0, 'unallocated_fraction': 1.0, 'self_queue_size': 0, 'max_group_size': 1, 'env_weight': 1.0}
[96m[ATROPOS][0m INFO:     127.0.0.1:61309 - "GET /batch HTTP/1.1" 200 OK
[96m[ATROPOS][0m INFO:     127.0.0.1:61311 - "GET /status-env HTTP/1.1" 200 OK
[94m[GSM8K][0m INFO:atroposlib.envs.base:env_manager: Status dict: {'current_step': 0, 'queue_size': 0, 'unallocated_fraction': 1.0, 'self_queue_size': 0, 'max_group_size': 1, 'env_weight': 1.0}
[96m[ATROPOS][0m INFO:     127.0.0.1:61312 - "GET /status-env HTTP/1.1" 200 OK
[94m[GSM8K][0m INFO:atroposlib.envs.base:env_manager: Status dict: {'current_step': 0, 'queue_size': 0, 'unallocated_fraction': 1.0, 'self_queue_size': 0, 'max_group_size': 1, 'env_weight': 1.0}
[96m[ATROPOS][0m INFO:     127.0.0.1:61313 - "GET /status-env HTTP/1.1" 200 OK
[94m[GSM8K][0m INFO:atroposlib.envs.base:env_manager: Status dict: {'current_step': 0, 'queue_size': 0, 'unallocated_fraction': 1.0, 'self_queue_size': 0, 'max_group_size': 1, 'env_weight': 1.0}
[96m[ATROPOS][0m INFO:     127.0.0.1:61314 - "GET /status-env HTTP/1.1" 200 OK
[94m[GSM8K][0m INFO:atroposlib.envs.base:env_manager: Status dict: {'current_step': 0, 'queue_size': 0, 'unallocated_fraction': 1.0, 'self_queue_size': 0, 'max_group_size': 1, 'env_weight': 1.0}
[96m[ATROPOS][0m INFO:     127.0.0.1:61315 - "GET /status-env HTTP/1.1" 200 OK
[94m[GSM8K][0m INFO:atroposlib.envs.base:env_manager: Status dict: {'current_step': 0, 'queue_size': 0, 'unallocated_fraction': 1.0, 'self_queue_size': 0, 'max_group_size': 1, 'env_weight': 1.0}
[96m[ATROPOS][0m INFO:     127.0.0.1:61316 - "GET /status-env HTTP/1.1" 200 OK
[94m[GSM8K][0m INFO:atroposlib.envs.base:env_manager: Status dict: {'current_step': 0, 'queue_size': 0, 'unallocated_fraction': 1.0, 'self_queue_size': 0, 'max_group_size': 1, 'env_weight': 1.0}
[96m[ATROPOS][0m INFO:     127.0.0.1:61317 - "GET /status-env HTTP/1.1" 200 OK
[94m[GSM8K][0m INFO:atroposlib.envs.base:env_manager: Status dict: {'current_step': 0, 'queue_size': 0, 'unallocated_fraction': 1.0, 'self_queue_size': 0, 'max_group_size': 1, 'env_weight': 1.0}
[96m[ATROPOS][0m INFO:     127.0.0.1:61318 - "GET /status-env HTTP/1.1" 200 OK
[94m[GSM8K][0m INFO:atroposlib.envs.base:env_manager: Status dict: {'current_step': 0, 'queue_size': 0, 'unallocated_fraction': 1.0, 'self_queue_size': 0, 'max_group_size': 1, 'env_weight': 1.0}
[96m[ATROPOS][0m INFO:     127.0.0.1:61319 - "GET /status-env HTTP/1.1" 200 OK
[94m[GSM8K][0m INFO:atroposlib.envs.base:env_manager: Status dict: {'current_step': 0, 'queue_size': 0, 'unallocated_fraction': 1.0, 'self_queue_size': 0, 'max_group_size': 1, 'env_weight': 1.0}
[96m[ATROPOS][0m INFO:     127.0.0.1:61320 - "GET /status-env HTTP/1.1" 200 OK
[94m[GSM8K][0m INFO:atroposlib.envs.base:env_manager: Status dict: {'current_step': 0, 'queue_size': 0, 'unallocated_fraction': 1.0, 'self_queue_size': 0, 'max_group_size': 1, 'env_weight': 1.0}
[96m[ATROPOS][0m INFO:     127.0.0.1:61321 - "GET /batch HTTP/1.1" 200 OK
[96m[ATROPOS][0m INFO:     127.0.0.1:61322 - "GET /status-env HTTP/1.1" 200 OK
[94m[GSM8K][0m INFO:atroposlib.envs.base:env_manager: Status dict: {'current_step': 0, 'queue_size': 0, 'unallocated_fraction': 1.0, 'self_queue_size': 0, 'max_group_size': 1, 'env_weight': 1.0}
[96m[ATROPOS][0m INFO:     127.0.0.1:61323 - "GET /status-env HTTP/1.1" 200 OK
[94m[GSM8K][0m INFO:atroposlib.envs.base:env_manager: Status dict: {'current_step': 0, 'queue_size': 0, 'unallocated_fraction': 1.0, 'self_queue_size': 0, 'max_group_size': 1, 'env_weight': 1.0}
[96m[ATROPOS][0m INFO:     127.0.0.1:61324 - "GET /status-env HTTP/1.1" 200 OK
[94m[GSM8K][0m INFO:atroposlib.envs.base:env_manager: Status dict: {'current_step': 0, 'queue_size': 0, 'unallocated_fraction': 1.0, 'self_queue_size': 0, 'max_group_size': 1, 'env_weight': 1.0}
[96m[ATROPOS][0m INFO:     127.0.0.1:61325 - "GET /status-env HTTP/1.1" 200 OK
[94m[GSM8K][0m INFO:atroposlib.envs.base:env_manager: Status dict: {'current_step': 0, 'queue_size': 0, 'unallocated_fraction': 1.0, 'self_queue_size': 0, 'max_group_size': 1, 'env_weight': 1.0}
[96m[ATROPOS][0m INFO:     127.0.0.1:61326 - "GET /status-env HTTP/1.1" 200 OK
[94m[GSM8K][0m INFO:atroposlib.envs.base:env_manager: Status dict: {'current_step': 0, 'queue_size': 0, 'unallocated_fraction': 1.0, 'self_queue_size': 0, 'max_group_size': 1, 'env_weight': 1.0}
[96m[ATROPOS][0m INFO:     127.0.0.1:61327 - "GET /status-env HTTP/1.1" 200 OK
[94m[GSM8K][0m INFO:atroposlib.envs.base:env_manager: Status dict: {'current_step': 0, 'queue_size': 0, 'unallocated_fraction': 1.0, 'self_queue_size': 0, 'max_group_size': 1, 'env_weight': 1.0}
[96m[ATROPOS][0m INFO:     127.0.0.1:61328 - "GET /status-env HTTP/1.1" 200 OK
[94m[GSM8K][0m INFO:atroposlib.envs.base:env_manager: Status dict: {'current_step': 0, 'queue_size': 0, 'unallocated_fraction': 1.0, 'self_queue_size': 0, 'max_group_size': 1, 'env_weight': 1.0}
[96m[ATROPOS][0m INFO:     127.0.0.1:61329 - "GET /status-env HTTP/1.1" 200 OK
[94m[GSM8K][0m INFO:atroposlib.envs.base:env_manager: Status dict: {'current_step': 0, 'queue_size': 0, 'unallocated_fraction': 1.0, 'self_queue_size': 0, 'max_group_size': 1, 'env_weight': 1.0}
[96m[ATROPOS][0m INFO:     127.0.0.1:61330 - "GET /status-env HTTP/1.1" 200 OK
[94m[GSM8K][0m INFO:atroposlib.envs.base:env_manager: Status dict: {'current_step': 0, 'queue_size': 0, 'unallocated_fraction': 1.0, 'self_queue_size': 0, 'max_group_size': 1, 'env_weight': 1.0}
[96m[ATROPOS][0m INFO:     127.0.0.1:61331 - "GET /batch HTTP/1.1" 200 OK
[92m[TRAINER][0m INFO:root:Polling for batch... attempt 50
[96m[ATROPOS][0m INFO:     127.0.0.1:61332 - "GET /status-env HTTP/1.1" 200 OK
[94m[GSM8K][0m INFO:atroposlib.envs.base:env_manager: Status dict: {'current_step': 0, 'queue_size': 0, 'unallocated_fraction': 1.0, 'self_queue_size': 0, 'max_group_size': 1, 'env_weight': 1.0}
[96m[ATROPOS][0m INFO:     127.0.0.1:61334 - "GET /status-env HTTP/1.1" 200 OK
[94m[GSM8K][0m INFO:atroposlib.envs.base:env_manager: Status dict: {'current_step': 0, 'queue_size': 0, 'unallocated_fraction': 1.0, 'self_queue_size': 0, 'max_group_size': 1, 'env_weight': 1.0}
[96m[ATROPOS][0m INFO:     127.0.0.1:61335 - "GET /status-env HTTP/1.1" 200 OK
[94m[GSM8K][0m INFO:atroposlib.envs.base:env_manager: Status dict: {'current_step': 0, 'queue_size': 0, 'unallocated_fraction': 1.0, 'self_queue_size': 0, 'max_group_size': 1, 'env_weight': 1.0}
[96m[ATROPOS][0m INFO:     127.0.0.1:61336 - "GET /status-env HTTP/1.1" 200 OK
[94m[GSM8K][0m INFO:atroposlib.envs.base:env_manager: Status dict: {'current_step': 0, 'queue_size': 0, 'unallocated_fraction': 1.0, 'self_queue_size': 0, 'max_group_size': 1, 'env_weight': 1.0}
[96m[ATROPOS][0m INFO:     127.0.0.1:61337 - "GET /status-env HTTP/1.1" 200 OK
[94m[GSM8K][0m INFO:atroposlib.envs.base:env_manager: Status dict: {'current_step': 0, 'queue_size': 0, 'unallocated_fraction': 1.0, 'self_queue_size': 0, 'max_group_size': 1, 'env_weight': 1.0}
[96m[ATROPOS][0m INFO:     127.0.0.1:61338 - "GET /status-env HTTP/1.1" 200 OK
[94m[GSM8K][0m INFO:atroposlib.envs.base:env_manager: Status dict: {'current_step': 0, 'queue_size': 0, 'unallocated_fraction': 1.0, 'self_queue_size': 0, 'max_group_size': 1, 'env_weight': 1.0}
[96m[ATROPOS][0m INFO:     127.0.0.1:61339 - "GET /status-env HTTP/1.1" 200 OK
[94m[GSM8K][0m INFO:atroposlib.envs.base:env_manager: Status dict: {'current_step': 0, 'queue_size': 0, 'unallocated_fraction': 1.0, 'self_queue_size': 0, 'max_group_size': 1, 'env_weight': 1.0}
[96m[ATROPOS][0m INFO:     127.0.0.1:61340 - "GET /status-env HTTP/1.1" 200 OK
[94m[GSM8K][0m INFO:atroposlib.envs.base:env_manager: Status dict: {'current_step': 0, 'queue_size': 0, 'unallocated_fraction': 1.0, 'self_queue_size': 0, 'max_group_size': 1, 'env_weight': 1.0}
[96m[ATROPOS][0m INFO:     127.0.0.1:61341 - "GET /status-env HTTP/1.1" 200 OK
[94m[GSM8K][0m INFO:atroposlib.envs.base:env_manager: Status dict: {'current_step': 0, 'queue_size': 0, 'unallocated_fraction': 1.0, 'self_queue_size': 0, 'max_group_size': 1, 'env_weight': 1.0}
[96m[ATROPOS][0m INFO:     127.0.0.1:61342 - "GET /status-env HTTP/1.1" 200 OK
[94m[GSM8K][0m INFO:atroposlib.envs.base:env_manager: Status dict: {'current_step': 0, 'queue_size': 0, 'unallocated_fraction': 1.0, 'self_queue_size': 0, 'max_group_size': 1, 'env_weight': 1.0}
[96m[ATROPOS][0m INFO:     127.0.0.1:61343 - "GET /batch HTTP/1.1" 200 OK
[96m[ATROPOS][0m INFO:     127.0.0.1:61344 - "GET /status-env HTTP/1.1" 200 OK
[94m[GSM8K][0m INFO:atroposlib.envs.base:env_manager: Status dict: {'current_step': 0, 'queue_size': 0, 'unallocated_fraction': 1.0, 'self_queue_size': 0, 'max_group_size': 1, 'env_weight': 1.0}
[96m[ATROPOS][0m INFO:     127.0.0.1:61345 - "GET /status-env HTTP/1.1" 200 OK
[94m[GSM8K][0m INFO:atroposlib.envs.base:env_manager: Status dict: {'current_step': 0, 'queue_size': 0, 'unallocated_fraction': 1.0, 'self_queue_size': 0, 'max_group_size': 1, 'env_weight': 1.0}
[96m[ATROPOS][0m INFO:     127.0.0.1:61346 - "GET /status-env HTTP/1.1" 200 OK
[94m[GSM8K][0m INFO:atroposlib.envs.base:env_manager: Status dict: {'current_step': 0, 'queue_size': 0, 'unallocated_fraction': 1.0, 'self_queue_size': 0, 'max_group_size': 1, 'env_weight': 1.0}
[96m[ATROPOS][0m INFO:     127.0.0.1:61347 - "GET /status-env HTTP/1.1" 200 OK
[94m[GSM8K][0m INFO:atroposlib.envs.base:env_manager: Status dict: {'current_step': 0, 'queue_size': 0, 'unallocated_fraction': 1.0, 'self_queue_size': 0, 'max_group_size': 1, 'env_weight': 1.0}
[96m[ATROPOS][0m INFO:     127.0.0.1:61348 - "GET /status-env HTTP/1.1" 200 OK
[94m[GSM8K][0m INFO:atroposlib.envs.base:env_manager: Status dict: {'current_step': 0, 'queue_size': 0, 'unallocated_fraction': 1.0, 'self_queue_size': 0, 'max_group_size': 1, 'env_weight': 1.0}
[96m[ATROPOS][0m INFO:     127.0.0.1:61349 - "GET /status-env HTTP/1.1" 200 OK
[94m[GSM8K][0m INFO:atroposlib.envs.base:env_manager: Status dict: {'current_step': 0, 'queue_size': 0, 'unallocated_fraction': 1.0, 'self_queue_size': 0, 'max_group_size': 1, 'env_weight': 1.0}
[96m[ATROPOS][0m INFO:     127.0.0.1:61350 - "GET /status-env HTTP/1.1" 200 OK
[94m[GSM8K][0m INFO:atroposlib.envs.base:env_manager: Status dict: {'current_step': 0, 'queue_size': 0, 'unallocated_fraction': 1.0, 'self_queue_size': 0, 'max_group_size': 1, 'env_weight': 1.0}
[96m[ATROPOS][0m INFO:     127.0.0.1:61351 - "GET /status-env HTTP/1.1" 200 OK
[94m[GSM8K][0m INFO:atroposlib.envs.base:env_manager: Status dict: {'current_step': 0, 'queue_size': 0, 'unallocated_fraction': 1.0, 'self_queue_size': 0, 'max_group_size': 1, 'env_weight': 1.0}
[96m[ATROPOS][0m INFO:     127.0.0.1:61352 - "GET /status-env HTTP/1.1" 200 OK
[94m[GSM8K][0m INFO:atroposlib.envs.base:env_manager: Status dict: {'current_step': 0, 'queue_size': 0, 'unallocated_fraction': 1.0, 'self_queue_size': 0, 'max_group_size': 1, 'env_weight': 1.0}
[96m[ATROPOS][0m INFO:     127.0.0.1:61353 - "GET /status-env HTTP/1.1" 200 OK
[94m[GSM8K][0m INFO:atroposlib.envs.base:env_manager: Status dict: {'current_step': 0, 'queue_size': 0, 'unallocated_fraction': 1.0, 'self_queue_size': 0, 'max_group_size': 1, 'env_weight': 1.0}
[96m[ATROPOS][0m INFO:     127.0.0.1:61354 - "GET /batch HTTP/1.1" 200 OK
[96m[ATROPOS][0m INFO:     127.0.0.1:61355 - "GET /status-env HTTP/1.1" 200 OK
[94m[GSM8K][0m INFO:atroposlib.envs.base:env_manager: Status dict: {'current_step': 0, 'queue_size': 0, 'unallocated_fraction': 1.0, 'self_queue_size': 0, 'max_group_size': 1, 'env_weight': 1.0}
[96m[ATROPOS][0m INFO:     127.0.0.1:61356 - "GET /status-env HTTP/1.1" 200 OK
[94m[GSM8K][0m INFO:atroposlib.envs.base:env_manager: Status dict: {'current_step': 0, 'queue_size': 0, 'unallocated_fraction': 1.0, 'self_queue_size': 0, 'max_group_size': 1, 'env_weight': 1.0}
[96m[ATROPOS][0m INFO:     127.0.0.1:61357 - "GET /status-env HTTP/1.1" 200 OK
[94m[GSM8K][0m INFO:atroposlib.envs.base:env_manager: Status dict: {'current_step': 0, 'queue_size': 0, 'unallocated_fraction': 1.0, 'self_queue_size': 0, 'max_group_size': 1, 'env_weight': 1.0}
[96m[ATROPOS][0m INFO:     127.0.0.1:61358 - "GET /status-env HTTP/1.1" 200 OK
[94m[GSM8K][0m INFO:atroposlib.envs.base:env_manager: Status dict: {'current_step': 0, 'queue_size': 0, 'unallocated_fraction': 1.0, 'self_queue_size': 0, 'max_group_size': 1, 'env_weight': 1.0}
[96m[ATROPOS][0m INFO:     127.0.0.1:61359 - "GET /status-env HTTP/1.1" 200 OK
[94m[GSM8K][0m INFO:atroposlib.envs.base:env_manager: Status dict: {'current_step': 0, 'queue_size': 0, 'unallocated_fraction': 1.0, 'self_queue_size': 0, 'max_group_size': 1, 'env_weight': 1.0}
[96m[ATROPOS][0m INFO:     127.0.0.1:61360 - "GET /status-env HTTP/1.1" 200 OK
[94m[GSM8K][0m INFO:atroposlib.envs.base:env_manager: Status dict: {'current_step': 0, 'queue_size': 0, 'unallocated_fraction': 1.0, 'self_queue_size': 0, 'max_group_size': 1, 'env_weight': 1.0}
[96m[ATROPOS][0m INFO:     127.0.0.1:61361 - "GET /status-env HTTP/1.1" 200 OK
[94m[GSM8K][0m INFO:atroposlib.envs.base:env_manager: Status dict: {'current_step': 0, 'queue_size': 0, 'unallocated_fraction': 1.0, 'self_queue_size': 0, 'max_group_size': 1, 'env_weight': 1.0}
[96m[ATROPOS][0m INFO:     127.0.0.1:61362 - "GET /status-env HTTP/1.1" 200 OK
[94m[GSM8K][0m INFO:atroposlib.envs.base:env_manager: Status dict: {'current_step': 0, 'queue_size': 0, 'unallocated_fraction': 1.0, 'self_queue_size': 0, 'max_group_size': 1, 'env_weight': 1.0}
[96m[ATROPOS][0m INFO:     127.0.0.1:61363 - "GET /status-env HTTP/1.1" 200 OK
[94m[GSM8K][0m INFO:atroposlib.envs.base:env_manager: Status dict: {'current_step': 0, 'queue_size': 0, 'unallocated_fraction': 1.0, 'self_queue_size': 0, 'max_group_size': 1, 'env_weight': 1.0}
[96m[ATROPOS][0m INFO:     127.0.0.1:61364 - "GET /batch HTTP/1.1" 200 OK
[96m[ATROPOS][0m INFO:     127.0.0.1:61365 - "GET /status-env HTTP/1.1" 200 OK
[94m[GSM8K][0m INFO:atroposlib.envs.base:env_manager: Status dict: {'current_step': 0, 'queue_size': 0, 'unallocated_fraction': 1.0, 'self_queue_size': 0, 'max_group_size': 1, 'env_weight': 1.0}
[96m[ATROPOS][0m INFO:     127.0.0.1:61366 - "GET /status-env HTTP/1.1" 200 OK
[94m[GSM8K][0m INFO:atroposlib.envs.base:env_manager: Status dict: {'current_step': 0, 'queue_size': 0, 'unallocated_fraction': 1.0, 'self_queue_size': 0, 'max_group_size': 1, 'env_weight': 1.0}
[96m[ATROPOS][0m INFO:     127.0.0.1:61367 - "GET /status-env HTTP/1.1" 200 OK
[94m[GSM8K][0m INFO:atroposlib.envs.base:env_manager: Status dict: {'current_step': 0, 'queue_size': 0, 'unallocated_fraction': 1.0, 'self_queue_size': 0, 'max_group_size': 1, 'env_weight': 1.0}
[96m[ATROPOS][0m INFO:     127.0.0.1:61368 - "GET /status-env HTTP/1.1" 200 OK
[94m[GSM8K][0m INFO:atroposlib.envs.base:env_manager: Status dict: {'current_step': 0, 'queue_size': 0, 'unallocated_fraction': 1.0, 'self_queue_size': 0, 'max_group_size': 1, 'env_weight': 1.0}
[96m[ATROPOS][0m INFO:     127.0.0.1:61369 - "GET /status-env HTTP/1.1" 200 OK
[94m[GSM8K][0m INFO:atroposlib.envs.base:env_manager: Status dict: {'current_step': 0, 'queue_size': 0, 'unallocated_fraction': 1.0, 'self_queue_size': 0, 'max_group_size': 1, 'env_weight': 1.0}
[96m[ATROPOS][0m INFO:     127.0.0.1:61370 - "GET /status-env HTTP/1.1" 200 OK
[94m[GSM8K][0m INFO:atroposlib.envs.base:env_manager: Status dict: {'current_step': 0, 'queue_size': 0, 'unallocated_fraction': 1.0, 'self_queue_size': 0, 'max_group_size': 1, 'env_weight': 1.0}
[96m[ATROPOS][0m INFO:     127.0.0.1:61371 - "GET /status-env HTTP/1.1" 200 OK
[94m[GSM8K][0m INFO:atroposlib.envs.base:env_manager: Status dict: {'current_step': 0, 'queue_size': 0, 'unallocated_fraction': 1.0, 'self_queue_size': 0, 'max_group_size': 1, 'env_weight': 1.0}
[96m[ATROPOS][0m INFO:     127.0.0.1:61372 - "GET /status-env HTTP/1.1" 200 OK
[94m[GSM8K][0m INFO:atroposlib.envs.base:env_manager: Status dict: {'current_step': 0, 'queue_size': 0, 'unallocated_fraction': 1.0, 'self_queue_size': 0, 'max_group_size': 1, 'env_weight': 1.0}
[96m[ATROPOS][0m INFO:     127.0.0.1:61373 - "GET /status-env HTTP/1.1" 200 OK
[94m[GSM8K][0m INFO:atroposlib.envs.base:env_manager: Status dict: {'current_step': 0, 'queue_size': 0, 'unallocated_fraction': 1.0, 'self_queue_size': 0, 'max_group_size': 1, 'env_weight': 1.0}
[96m[ATROPOS][0m INFO:     127.0.0.1:61374 - "GET /status-env HTTP/1.1" 200 OK
[94m[GSM8K][0m INFO:atroposlib.envs.base:env_manager: Status dict: {'current_step': 0, 'queue_size': 0, 'unallocated_fraction': 1.0, 'self_queue_size': 0, 'max_group_size': 1, 'env_weight': 1.0}
[96m[ATROPOS][0m INFO:     127.0.0.1:61375 - "GET /batch HTTP/1.1" 200 OK
[96m[ATROPOS][0m INFO:     127.0.0.1:61376 - "GET /status-env HTTP/1.1" 200 OK
[94m[GSM8K][0m INFO:atroposlib.envs.base:env_manager: Status dict: {'current_step': 0, 'queue_size': 0, 'unallocated_fraction': 1.0, 'self_queue_size': 0, 'max_group_size': 1, 'env_weight': 1.0}
[96m[ATROPOS][0m INFO:     127.0.0.1:61377 - "GET /status-env HTTP/1.1" 200 OK
[94m[GSM8K][0m INFO:atroposlib.envs.base:env_manager: Status dict: {'current_step': 0, 'queue_size': 0, 'unallocated_fraction': 1.0, 'self_queue_size': 0, 'max_group_size': 1, 'env_weight': 1.0}
[96m[ATROPOS][0m INFO:     127.0.0.1:61378 - "GET /status-env HTTP/1.1" 200 OK
[94m[GSM8K][0m INFO:atroposlib.envs.base:env_manager: Status dict: {'current_step': 0, 'queue_size': 0, 'unallocated_fraction': 1.0, 'self_queue_size': 0, 'max_group_size': 1, 'env_weight': 1.0}
[96m[ATROPOS][0m INFO:     127.0.0.1:61379 - "GET /status-env HTTP/1.1" 200 OK
[94m[GSM8K][0m INFO:atroposlib.envs.base:env_manager: Status dict: {'current_step': 0, 'queue_size': 0, 'unallocated_fraction': 1.0, 'self_queue_size': 0, 'max_group_size': 1, 'env_weight': 1.0}
[96m[ATROPOS][0m INFO:     127.0.0.1:61380 - "GET /status-env HTTP/1.1" 200 OK
[94m[GSM8K][0m INFO:atroposlib.envs.base:env_manager: Status dict: {'current_step': 0, 'queue_size': 0, 'unallocated_fraction': 1.0, 'self_queue_size': 0, 'max_group_size': 1, 'env_weight': 1.0}
[96m[ATROPOS][0m INFO:     127.0.0.1:61381 - "GET /status-env HTTP/1.1" 200 OK
[94m[GSM8K][0m INFO:atroposlib.envs.base:env_manager: Status dict: {'current_step': 0, 'queue_size': 0, 'unallocated_fraction': 1.0, 'self_queue_size': 0, 'max_group_size': 1, 'env_weight': 1.0}
[96m[ATROPOS][0m INFO:     127.0.0.1:61382 - "GET /status-env HTTP/1.1" 200 OK
[94m[GSM8K][0m INFO:atroposlib.envs.base:env_manager: Status dict: {'current_step': 0, 'queue_size': 0, 'unallocated_fraction': 1.0, 'self_queue_size': 0, 'max_group_size': 1, 'env_weight': 1.0}
[96m[ATROPOS][0m INFO:     127.0.0.1:61383 - "GET /status-env HTTP/1.1" 200 OK
[94m[GSM8K][0m INFO:atroposlib.envs.base:env_manager: Status dict: {'current_step': 0, 'queue_size': 0, 'unallocated_fraction': 1.0, 'self_queue_size': 0, 'max_group_size': 1, 'env_weight': 1.0}
[96m[ATROPOS][0m INFO:     127.0.0.1:61384 - "GET /status-env HTTP/1.1" 200 OK
[94m[GSM8K][0m INFO:atroposlib.envs.base:env_manager: Status dict: {'current_step': 0, 'queue_size': 0, 'unallocated_fraction': 1.0, 'self_queue_size': 0, 'max_group_size': 1, 'env_weight': 1.0}
[96m[ATROPOS][0m INFO:     127.0.0.1:61385 - "GET /status-env HTTP/1.1" 200 OK
[96m[ATROPOS][0m INFO:     127.0.0.1:61386 - "GET /batch HTTP/1.1" 200 OK
[94m[GSM8K][0m INFO:atroposlib.envs.base:env_manager: Status dict: {'current_step': 0, 'queue_size': 0, 'unallocated_fraction': 1.0, 'self_queue_size': 0, 'max_group_size': 1, 'env_weight': 1.0}
[92m[TRAINER][0m INFO:root:Polling for batch... attempt 55
[96m[ATROPOS][0m INFO:     127.0.0.1:61387 - "GET /status-env HTTP/1.1" 200 OK
[94m[GSM8K][0m INFO:atroposlib.envs.base:env_manager: Status dict: {'current_step': 0, 'queue_size': 0, 'unallocated_fraction': 1.0, 'self_queue_size': 0, 'max_group_size': 1, 'env_weight': 1.0}
[96m[ATROPOS][0m INFO:     127.0.0.1:61388 - "GET /status-env HTTP/1.1" 200 OK
[94m[GSM8K][0m INFO:atroposlib.envs.base:env_manager: Status dict: {'current_step': 0, 'queue_size': 0, 'unallocated_fraction': 1.0, 'self_queue_size': 0, 'max_group_size': 1, 'env_weight': 1.0}
[96m[ATROPOS][0m INFO:     127.0.0.1:61389 - "GET /status-env HTTP/1.1" 200 OK
[94m[GSM8K][0m INFO:atroposlib.envs.base:env_manager: Status dict: {'current_step': 0, 'queue_size': 0, 'unallocated_fraction': 1.0, 'self_queue_size': 0, 'max_group_size': 1, 'env_weight': 1.0}
[96m[ATROPOS][0m INFO:     127.0.0.1:61390 - "GET /status-env HTTP/1.1" 200 OK
[94m[GSM8K][0m INFO:atroposlib.envs.base:env_manager: Status dict: {'current_step': 0, 'queue_size': 0, 'unallocated_fraction': 1.0, 'self_queue_size': 0, 'max_group_size': 1, 'env_weight': 1.0}
[96m[ATROPOS][0m INFO:     127.0.0.1:61391 - "GET /status-env HTTP/1.1" 200 OK
[94m[GSM8K][0m INFO:atroposlib.envs.base:env_manager: Status dict: {'current_step': 0, 'queue_size': 0, 'unallocated_fraction': 1.0, 'self_queue_size': 0, 'max_group_size': 1, 'env_weight': 1.0}
[96m[ATROPOS][0m INFO:     127.0.0.1:61392 - "GET /status-env HTTP/1.1" 200 OK
[94m[GSM8K][0m INFO:atroposlib.envs.base:env_manager: Status dict: {'current_step': 0, 'queue_size': 0, 'unallocated_fraction': 1.0, 'self_queue_size': 0, 'max_group_size': 1, 'env_weight': 1.0}
[96m[ATROPOS][0m INFO:     127.0.0.1:61393 - "GET /status-env HTTP/1.1" 200 OK
[94m[GSM8K][0m INFO:atroposlib.envs.base:env_manager: Status dict: {'current_step': 0, 'queue_size': 0, 'unallocated_fraction': 1.0, 'self_queue_size': 0, 'max_group_size': 1, 'env_weight': 1.0}
[96m[ATROPOS][0m INFO:     127.0.0.1:61394 - "GET /status-env HTTP/1.1" 200 OK
[94m[GSM8K][0m INFO:atroposlib.envs.base:env_manager: Status dict: {'current_step': 0, 'queue_size': 0, 'unallocated_fraction': 1.0, 'self_queue_size': 0, 'max_group_size': 1, 'env_weight': 1.0}
[96m[ATROPOS][0m INFO:     127.0.0.1:61395 - "GET /status-env HTTP/1.1" 200 OK
[94m[GSM8K][0m INFO:atroposlib.envs.base:env_manager: Status dict: {'current_step': 0, 'queue_size': 0, 'unallocated_fraction': 1.0, 'self_queue_size': 0, 'max_group_size': 1, 'env_weight': 1.0}
[96m[ATROPOS][0m INFO:     127.0.0.1:61396 - "GET /batch HTTP/1.1" 200 OK
[96m[ATROPOS][0m INFO:     127.0.0.1:61397 - "GET /status-env HTTP/1.1" 200 OK
[94m[GSM8K][0m INFO:atroposlib.envs.base:env_manager: Status dict: {'current_step': 0, 'queue_size': 0, 'unallocated_fraction': 1.0, 'self_queue_size': 0, 'max_group_size': 1, 'env_weight': 1.0}
[96m[ATROPOS][0m INFO:     127.0.0.1:61398 - "GET /status-env HTTP/1.1" 200 OK
[94m[GSM8K][0m INFO:atroposlib.envs.base:env_manager: Status dict: {'current_step': 0, 'queue_size': 0, 'unallocated_fraction': 1.0, 'self_queue_size': 0, 'max_group_size': 1, 'env_weight': 1.0}
[96m[ATROPOS][0m INFO:     127.0.0.1:61399 - "GET /status-env HTTP/1.1" 200 OK
[94m[GSM8K][0m INFO:atroposlib.envs.base:env_manager: Status dict: {'current_step': 0, 'queue_size': 0, 'unallocated_fraction': 1.0, 'self_queue_size': 0, 'max_group_size': 1, 'env_weight': 1.0}
[96m[ATROPOS][0m INFO:     127.0.0.1:61400 - "GET /status-env HTTP/1.1" 200 OK
[94m[GSM8K][0m INFO:atroposlib.envs.base:env_manager: Status dict: {'current_step': 0, 'queue_size': 0, 'unallocated_fraction': 1.0, 'self_queue_size': 0, 'max_group_size': 1, 'env_weight': 1.0}
[96m[ATROPOS][0m INFO:     127.0.0.1:61401 - "GET /status-env HTTP/1.1" 200 OK
[94m[GSM8K][0m INFO:atroposlib.envs.base:env_manager: Status dict: {'current_step': 0, 'queue_size': 0, 'unallocated_fraction': 1.0, 'self_queue_size': 0, 'max_group_size': 1, 'env_weight': 1.0}
[96m[ATROPOS][0m INFO:     127.0.0.1:61402 - "GET /status-env HTTP/1.1" 200 OK
[94m[GSM8K][0m INFO:atroposlib.envs.base:env_manager: Status dict: {'current_step': 0, 'queue_size': 0, 'unallocated_fraction': 1.0, 'self_queue_size': 0, 'max_group_size': 1, 'env_weight': 1.0}
[96m[ATROPOS][0m INFO:     127.0.0.1:61403 - "GET /status-env HTTP/1.1" 200 OK
[94m[GSM8K][0m INFO:atroposlib.envs.base:env_manager: Status dict: {'current_step': 0, 'queue_size': 0, 'unallocated_fraction': 1.0, 'self_queue_size': 0, 'max_group_size': 1, 'env_weight': 1.0}
[96m[ATROPOS][0m INFO:     127.0.0.1:61404 - "GET /status-env HTTP/1.1" 200 OK
[94m[GSM8K][0m INFO:atroposlib.envs.base:env_manager: Status dict: {'current_step': 0, 'queue_size': 0, 'unallocated_fraction': 1.0, 'self_queue_size': 0, 'max_group_size': 1, 'env_weight': 1.0}
[96m[ATROPOS][0m INFO:     127.0.0.1:61405 - "GET /status-env HTTP/1.1" 200 OK
[94m[GSM8K][0m INFO:atroposlib.envs.base:env_manager: Status dict: {'current_step': 0, 'queue_size': 0, 'unallocated_fraction': 1.0, 'self_queue_size': 0, 'max_group_size': 1, 'env_weight': 1.0}
[96m[ATROPOS][0m INFO:     127.0.0.1:61406 - "GET /status-env HTTP/1.1" 200 OK
[94m[GSM8K][0m INFO:atroposlib.envs.base:env_manager: Status dict: {'current_step': 0, 'queue_size': 0, 'unallocated_fraction': 1.0, 'self_queue_size': 0, 'max_group_size': 1, 'env_weight': 1.0}
[96m[ATROPOS][0m INFO:     127.0.0.1:61407 - "GET /batch HTTP/1.1" 200 OK
[96m[ATROPOS][0m INFO:     127.0.0.1:61408 - "GET /status-env HTTP/1.1" 200 OK
[94m[GSM8K][0m INFO:atroposlib.envs.base:env_manager: Status dict: {'current_step': 0, 'queue_size': 0, 'unallocated_fraction': 1.0, 'self_queue_size': 0, 'max_group_size': 1, 'env_weight': 1.0}
[96m[ATROPOS][0m INFO:     127.0.0.1:61409 - "GET /status-env HTTP/1.1" 200 OK
[94m[GSM8K][0m INFO:atroposlib.envs.base:env_manager: Status dict: {'current_step': 0, 'queue_size': 0, 'unallocated_fraction': 1.0, 'self_queue_size': 0, 'max_group_size': 1, 'env_weight': 1.0}
[96m[ATROPOS][0m INFO:     127.0.0.1:61417 - "GET /status-env HTTP/1.1" 200 OK
[94m[GSM8K][0m INFO:atroposlib.envs.base:env_manager: Status dict: {'current_step': 0, 'queue_size': 0, 'unallocated_fraction': 1.0, 'self_queue_size': 0, 'max_group_size': 1, 'env_weight': 1.0}
[96m[ATROPOS][0m INFO:     127.0.0.1:61418 - "GET /status-env HTTP/1.1" 200 OK
[94m[GSM8K][0m INFO:atroposlib.envs.base:env_manager: Status dict: {'current_step': 0, 'queue_size': 0, 'unallocated_fraction': 1.0, 'self_queue_size': 0, 'max_group_size': 1, 'env_weight': 1.0}
[96m[ATROPOS][0m INFO:     127.0.0.1:61419 - "GET /status-env HTTP/1.1" 200 OK
[94m[GSM8K][0m INFO:atroposlib.envs.base:env_manager: Status dict: {'current_step': 0, 'queue_size': 0, 'unallocated_fraction': 1.0, 'self_queue_size': 0, 'max_group_size': 1, 'env_weight': 1.0}
[96m[ATROPOS][0m INFO:     127.0.0.1:61421 - "GET /status-env HTTP/1.1" 200 OK
[94m[GSM8K][0m INFO:atroposlib.envs.base:env_manager: Status dict: {'current_step': 0, 'queue_size': 0, 'unallocated_fraction': 1.0, 'self_queue_size': 0, 'max_group_size': 1, 'env_weight': 1.0}
[96m[ATROPOS][0m INFO:     127.0.0.1:61422 - "GET /status-env HTTP/1.1" 200 OK
[94m[GSM8K][0m INFO:atroposlib.envs.base:env_manager: Status dict: {'current_step': 0, 'queue_size': 0, 'unallocated_fraction': 1.0, 'self_queue_size': 0, 'max_group_size': 1, 'env_weight': 1.0}
[96m[ATROPOS][0m INFO:     127.0.0.1:61423 - "GET /status-env HTTP/1.1" 200 OK
[94m[GSM8K][0m INFO:atroposlib.envs.base:env_manager: Status dict: {'current_step': 0, 'queue_size': 0, 'unallocated_fraction': 1.0, 'self_queue_size': 0, 'max_group_size': 1, 'env_weight': 1.0}
[96m[ATROPOS][0m INFO:     127.0.0.1:61424 - "GET /status-env HTTP/1.1" 200 OK
[94m[GSM8K][0m INFO:atroposlib.envs.base:env_manager: Status dict: {'current_step': 0, 'queue_size': 0, 'unallocated_fraction': 1.0, 'self_queue_size': 0, 'max_group_size': 1, 'env_weight': 1.0}
[96m[ATROPOS][0m INFO:     127.0.0.1:61426 - "GET /batch HTTP/1.1" 200 OK
[96m[ATROPOS][0m INFO:     127.0.0.1:61427 - "GET /status-env HTTP/1.1" 200 OK
[94m[GSM8K][0m INFO:atroposlib.envs.base:env_manager: Status dict: {'current_step': 0, 'queue_size': 0, 'unallocated_fraction': 1.0, 'self_queue_size': 0, 'max_group_size': 1, 'env_weight': 1.0}
[96m[ATROPOS][0m INFO:     127.0.0.1:61428 - "GET /status-env HTTP/1.1" 200 OK
[94m[GSM8K][0m INFO:atroposlib.envs.base:env_manager: Status dict: {'current_step': 0, 'queue_size': 0, 'unallocated_fraction': 1.0, 'self_queue_size': 0, 'max_group_size': 1, 'env_weight': 1.0}
[96m[ATROPOS][0m INFO:     127.0.0.1:61429 - "GET /status-env HTTP/1.1" 200 OK
[94m[GSM8K][0m INFO:atroposlib.envs.base:env_manager: Status dict: {'current_step': 0, 'queue_size': 0, 'unallocated_fraction': 1.0, 'self_queue_size': 0, 'max_group_size': 1, 'env_weight': 1.0}
[96m[ATROPOS][0m INFO:     127.0.0.1:61430 - "GET /status-env HTTP/1.1" 200 OK
[94m[GSM8K][0m INFO:atroposlib.envs.base:env_manager: Status dict: {'current_step': 0, 'queue_size': 0, 'unallocated_fraction': 1.0, 'self_queue_size': 0, 'max_group_size': 1, 'env_weight': 1.0}
[96m[ATROPOS][0m INFO:     127.0.0.1:61431 - "GET /status-env HTTP/1.1" 200 OK
[94m[GSM8K][0m INFO:atroposlib.envs.base:env_manager: Status dict: {'current_step': 0, 'queue_size': 0, 'unallocated_fraction': 1.0, 'self_queue_size': 0, 'max_group_size': 1, 'env_weight': 1.0}
[96m[ATROPOS][0m INFO:     127.0.0.1:61432 - "GET /status-env HTTP/1.1" 200 OK
[94m[GSM8K][0m INFO:atroposlib.envs.base:env_manager: Status dict: {'current_step': 0, 'queue_size': 0, 'unallocated_fraction': 1.0, 'self_queue_size': 0, 'max_group_size': 1, 'env_weight': 1.0}
[96m[ATROPOS][0m INFO:     127.0.0.1:61433 - "GET /status-env HTTP/1.1" 200 OK
[94m[GSM8K][0m INFO:atroposlib.envs.base:env_manager: Status dict: {'current_step': 0, 'queue_size': 0, 'unallocated_fraction': 1.0, 'self_queue_size': 0, 'max_group_size': 1, 'env_weight': 1.0}
[96m[ATROPOS][0m INFO:     127.0.0.1:61434 - "GET /status-env HTTP/1.1" 200 OK
[94m[GSM8K][0m INFO:atroposlib.envs.base:env_manager: Status dict: {'current_step': 0, 'queue_size': 0, 'unallocated_fraction': 1.0, 'self_queue_size': 0, 'max_group_size': 1, 'env_weight': 1.0}
[96m[ATROPOS][0m INFO:     127.0.0.1:61435 - "GET /status-env HTTP/1.1" 200 OK
[94m[GSM8K][0m INFO:atroposlib.envs.base:env_manager: Status dict: {'current_step': 0, 'queue_size': 0, 'unallocated_fraction': 1.0, 'self_queue_size': 0, 'max_group_size': 1, 'env_weight': 1.0}
[96m[ATROPOS][0m INFO:     127.0.0.1:61436 - "GET /status-env HTTP/1.1" 200 OK
[94m[GSM8K][0m INFO:atroposlib.envs.base:env_manager: Status dict: {'current_step': 0, 'queue_size': 0, 'unallocated_fraction': 1.0, 'self_queue_size': 0, 'max_group_size': 1, 'env_weight': 1.0}
[96m[ATROPOS][0m INFO:     127.0.0.1:61437 - "GET /batch HTTP/1.1" 200 OK
[96m[ATROPOS][0m INFO:     127.0.0.1:61438 - "GET /status-env HTTP/1.1" 200 OK
[94m[GSM8K][0m INFO:atroposlib.envs.base:env_manager: Status dict: {'current_step': 0, 'queue_size': 0, 'unallocated_fraction': 1.0, 'self_queue_size': 0, 'max_group_size': 1, 'env_weight': 1.0}
[96m[ATROPOS][0m INFO:     127.0.0.1:61439 - "GET /status-env HTTP/1.1" 200 OK
[94m[GSM8K][0m INFO:atroposlib.envs.base:env_manager: Status dict: {'current_step': 0, 'queue_size': 0, 'unallocated_fraction': 1.0, 'self_queue_size': 0, 'max_group_size': 1, 'env_weight': 1.0}
[96m[ATROPOS][0m INFO:     127.0.0.1:61441 - "GET /status-env HTTP/1.1" 200 OK
[94m[GSM8K][0m INFO:atroposlib.envs.base:env_manager: Status dict: {'current_step': 0, 'queue_size': 0, 'unallocated_fraction': 1.0, 'self_queue_size': 0, 'max_group_size': 1, 'env_weight': 1.0}
[96m[ATROPOS][0m INFO:     127.0.0.1:61442 - "GET /status-env HTTP/1.1" 200 OK
[94m[GSM8K][0m INFO:atroposlib.envs.base:env_manager: Status dict: {'current_step': 0, 'queue_size': 0, 'unallocated_fraction': 1.0, 'self_queue_size': 0, 'max_group_size': 1, 'env_weight': 1.0}
[96m[ATROPOS][0m INFO:     127.0.0.1:61443 - "GET /status-env HTTP/1.1" 200 OK
[94m[GSM8K][0m INFO:atroposlib.envs.base:env_manager: Status dict: {'current_step': 0, 'queue_size': 0, 'unallocated_fraction': 1.0, 'self_queue_size': 0, 'max_group_size': 1, 'env_weight': 1.0}
[96m[ATROPOS][0m INFO:     127.0.0.1:61444 - "GET /status-env HTTP/1.1" 200 OK
[94m[GSM8K][0m INFO:atroposlib.envs.base:env_manager: Status dict: {'current_step': 0, 'queue_size': 0, 'unallocated_fraction': 1.0, 'self_queue_size': 0, 'max_group_size': 1, 'env_weight': 1.0}
[96m[ATROPOS][0m INFO:     127.0.0.1:61445 - "GET /status-env HTTP/1.1" 200 OK
[94m[GSM8K][0m INFO:atroposlib.envs.base:env_manager: Status dict: {'current_step': 0, 'queue_size': 0, 'unallocated_fraction': 1.0, 'self_queue_size': 0, 'max_group_size': 1, 'env_weight': 1.0}
[96m[ATROPOS][0m INFO:     127.0.0.1:61446 - "GET /status-env HTTP/1.1" 200 OK
[94m[GSM8K][0m INFO:atroposlib.envs.base:env_manager: Status dict: {'current_step': 0, 'queue_size': 0, 'unallocated_fraction': 1.0, 'self_queue_size': 0, 'max_group_size': 1, 'env_weight': 1.0}
[96m[ATROPOS][0m INFO:     127.0.0.1:61447 - "GET /status-env HTTP/1.1" 200 OK
[94m[GSM8K][0m INFO:atroposlib.envs.base:env_manager: Status dict: {'current_step': 0, 'queue_size': 0, 'unallocated_fraction': 1.0, 'self_queue_size': 0, 'max_group_size': 1, 'env_weight': 1.0}
[96m[ATROPOS][0m INFO:     127.0.0.1:61448 - "GET /status-env HTTP/1.1" 200 OK
[94m[GSM8K][0m INFO:atroposlib.envs.base:env_manager: Status dict: {'current_step': 0, 'queue_size': 0, 'unallocated_fraction': 1.0, 'self_queue_size': 0, 'max_group_size': 1, 'env_weight': 1.0}
[96m[ATROPOS][0m INFO:     127.0.0.1:61449 - "GET /batch HTTP/1.1" 200 OK
[92m[TRAINER][0m INFO:root:Polling for batch... attempt 60
[96m[ATROPOS][0m INFO:     127.0.0.1:61450 - "GET /status-env HTTP/1.1" 200 OK
[94m[GSM8K][0m INFO:atroposlib.envs.base:env_manager: Status dict: {'current_step': 0, 'queue_size': 0, 'unallocated_fraction': 1.0, 'self_queue_size': 0, 'max_group_size': 1, 'env_weight': 1.0}
[96m[ATROPOS][0m INFO:     127.0.0.1:61451 - "GET /status-env HTTP/1.1" 200 OK
[94m[GSM8K][0m INFO:atroposlib.envs.base:env_manager: Status dict: {'current_step': 0, 'queue_size': 0, 'unallocated_fraction': 1.0, 'self_queue_size': 0, 'max_group_size': 1, 'env_weight': 1.0}
[96m[ATROPOS][0m INFO:     127.0.0.1:61452 - "GET /status-env HTTP/1.1" 200 OK
[94m[GSM8K][0m INFO:atroposlib.envs.base:env_manager: Status dict: {'current_step': 0, 'queue_size': 0, 'unallocated_fraction': 1.0, 'self_queue_size': 0, 'max_group_size': 1, 'env_weight': 1.0}
[96m[ATROPOS][0m INFO:     127.0.0.1:61453 - "GET /status-env HTTP/1.1" 200 OK
[94m[GSM8K][0m INFO:atroposlib.envs.base:env_manager: Status dict: {'current_step': 0, 'queue_size': 0, 'unallocated_fraction': 1.0, 'self_queue_size': 0, 'max_group_size': 1, 'env_weight': 1.0}
[96m[ATROPOS][0m INFO:     127.0.0.1:61454 - "GET /status-env HTTP/1.1" 200 OK
[94m[GSM8K][0m INFO:atroposlib.envs.base:env_manager: Status dict: {'current_step': 0, 'queue_size': 0, 'unallocated_fraction': 1.0, 'self_queue_size': 0, 'max_group_size': 1, 'env_weight': 1.0}
[96m[ATROPOS][0m INFO:     127.0.0.1:61457 - "GET /status-env HTTP/1.1" 200 OK
[94m[GSM8K][0m INFO:atroposlib.envs.base:env_manager: Status dict: {'current_step': 0, 'queue_size': 0, 'unallocated_fraction': 1.0, 'self_queue_size': 0, 'max_group_size': 1, 'env_weight': 1.0}
[96m[ATROPOS][0m INFO:     127.0.0.1:61460 - "GET /status-env HTTP/1.1" 200 OK
[94m[GSM8K][0m INFO:atroposlib.envs.base:env_manager: Status dict: {'current_step': 0, 'queue_size': 0, 'unallocated_fraction': 1.0, 'self_queue_size': 0, 'max_group_size': 1, 'env_weight': 1.0}
[96m[ATROPOS][0m INFO:     127.0.0.1:61464 - "GET /status-env HTTP/1.1" 200 OK
[94m[GSM8K][0m INFO:atroposlib.envs.base:env_manager: Status dict: {'current_step': 0, 'queue_size': 0, 'unallocated_fraction': 1.0, 'self_queue_size': 0, 'max_group_size': 1, 'env_weight': 1.0}
[96m[ATROPOS][0m INFO:     127.0.0.1:61465 - "GET /status-env HTTP/1.1" 200 OK
[94m[GSM8K][0m INFO:atroposlib.envs.base:env_manager: Status dict: {'current_step': 0, 'queue_size': 0, 'unallocated_fraction': 1.0, 'self_queue_size': 0, 'max_group_size': 1, 'env_weight': 1.0}
[96m[ATROPOS][0m INFO:     127.0.0.1:61466 - "GET /batch HTTP/1.1" 200 OK
[96m[ATROPOS][0m INFO:     127.0.0.1:61467 - "GET /status-env HTTP/1.1" 200 OK
[94m[GSM8K][0m INFO:atroposlib.envs.base:env_manager: Status dict: {'current_step': 0, 'queue_size': 0, 'unallocated_fraction': 1.0, 'self_queue_size': 0, 'max_group_size': 1, 'env_weight': 1.0}
[96m[ATROPOS][0m INFO:     127.0.0.1:61468 - "GET /status-env HTTP/1.1" 200 OK
[94m[GSM8K][0m INFO:atroposlib.envs.base:env_manager: Status dict: {'current_step': 0, 'queue_size': 0, 'unallocated_fraction': 1.0, 'self_queue_size': 0, 'max_group_size': 1, 'env_weight': 1.0}
[96m[ATROPOS][0m INFO:     127.0.0.1:61469 - "GET /status-env HTTP/1.1" 200 OK
[94m[GSM8K][0m INFO:atroposlib.envs.base:env_manager: Status dict: {'current_step': 0, 'queue_size': 0, 'unallocated_fraction': 1.0, 'self_queue_size': 0, 'max_group_size': 1, 'env_weight': 1.0}
[96m[ATROPOS][0m INFO:     127.0.0.1:61470 - "GET /status-env HTTP/1.1" 200 OK
[94m[GSM8K][0m INFO:atroposlib.envs.base:env_manager: Status dict: {'current_step': 0, 'queue_size': 0, 'unallocated_fraction': 1.0, 'self_queue_size': 0, 'max_group_size': 1, 'env_weight': 1.0}
[96m[ATROPOS][0m INFO:     127.0.0.1:61471 - "GET /status-env HTTP/1.1" 200 OK
[94m[GSM8K][0m INFO:atroposlib.envs.base:env_manager: Status dict: {'current_step': 0, 'queue_size': 0, 'unallocated_fraction': 1.0, 'self_queue_size': 0, 'max_group_size': 1, 'env_weight': 1.0}
[96m[ATROPOS][0m INFO:     127.0.0.1:61472 - "GET /status-env HTTP/1.1" 200 OK
[94m[GSM8K][0m INFO:atroposlib.envs.base:env_manager: Status dict: {'current_step': 0, 'queue_size': 0, 'unallocated_fraction': 1.0, 'self_queue_size': 0, 'max_group_size': 1, 'env_weight': 1.0}
[96m[ATROPOS][0m INFO:     127.0.0.1:61473 - "GET /status-env HTTP/1.1" 200 OK
[94m[GSM8K][0m INFO:atroposlib.envs.base:env_manager: Status dict: {'current_step': 0, 'queue_size': 0, 'unallocated_fraction': 1.0, 'self_queue_size': 0, 'max_group_size': 1, 'env_weight': 1.0}
[96m[ATROPOS][0m INFO:     127.0.0.1:61474 - "GET /status-env HTTP/1.1" 200 OK
[94m[GSM8K][0m INFO:atroposlib.envs.base:env_manager: Status dict: {'current_step': 0, 'queue_size': 0, 'unallocated_fraction': 1.0, 'self_queue_size': 0, 'max_group_size': 1, 'env_weight': 1.0}
[96m[ATROPOS][0m INFO:     127.0.0.1:61475 - "GET /status-env HTTP/1.1" 200 OK
[94m[GSM8K][0m INFO:atroposlib.envs.base:env_manager: Status dict: {'current_step': 0, 'queue_size': 0, 'unallocated_fraction': 1.0, 'self_queue_size': 0, 'max_group_size': 1, 'env_weight': 1.0}
[96m[ATROPOS][0m INFO:     127.0.0.1:61476 - "GET /status-env HTTP/1.1" 200 OK
[94m[GSM8K][0m INFO:atroposlib.envs.base:env_manager: Status dict: {'current_step': 0, 'queue_size': 0, 'unallocated_fraction': 1.0, 'self_queue_size': 0, 'max_group_size': 1, 'env_weight': 1.0}
[96m[ATROPOS][0m INFO:     127.0.0.1:61477 - "GET /batch HTTP/1.1" 200 OK
[96m[ATROPOS][0m INFO:     127.0.0.1:61478 - "GET /status-env HTTP/1.1" 200 OK
[94m[GSM8K][0m INFO:atroposlib.envs.base:env_manager: Status dict: {'current_step': 0, 'queue_size': 0, 'unallocated_fraction': 1.0, 'self_queue_size': 0, 'max_group_size': 1, 'env_weight': 1.0}
[96m[ATROPOS][0m INFO:     127.0.0.1:61479 - "GET /status-env HTTP/1.1" 200 OK
[94m[GSM8K][0m INFO:atroposlib.envs.base:env_manager: Status dict: {'current_step': 0, 'queue_size': 0, 'unallocated_fraction': 1.0, 'self_queue_size': 0, 'max_group_size': 1, 'env_weight': 1.0}
[96m[ATROPOS][0m INFO:     127.0.0.1:61480 - "GET /status-env HTTP/1.1" 200 OK
[94m[GSM8K][0m INFO:atroposlib.envs.base:env_manager: Status dict: {'current_step': 0, 'queue_size': 0, 'unallocated_fraction': 1.0, 'self_queue_size': 0, 'max_group_size': 1, 'env_weight': 1.0}
[96m[ATROPOS][0m INFO:     127.0.0.1:61481 - "GET /status-env HTTP/1.1" 200 OK
[94m[GSM8K][0m INFO:atroposlib.envs.base:env_manager: Status dict: {'current_step': 0, 'queue_size': 0, 'unallocated_fraction': 1.0, 'self_queue_size': 0, 'max_group_size': 1, 'env_weight': 1.0}
[96m[ATROPOS][0m INFO:     127.0.0.1:61482 - "GET /status-env HTTP/1.1" 200 OK
[94m[GSM8K][0m INFO:atroposlib.envs.base:env_manager: Status dict: {'current_step': 0, 'queue_size': 0, 'unallocated_fraction': 1.0, 'self_queue_size': 0, 'max_group_size': 1, 'env_weight': 1.0}
[96m[ATROPOS][0m INFO:     127.0.0.1:61483 - "GET /status-env HTTP/1.1" 200 OK
[94m[GSM8K][0m INFO:atroposlib.envs.base:env_manager: Status dict: {'current_step': 0, 'queue_size': 0, 'unallocated_fraction': 1.0, 'self_queue_size': 0, 'max_group_size': 1, 'env_weight': 1.0}
[96m[ATROPOS][0m INFO:     127.0.0.1:61484 - "GET /status-env HTTP/1.1" 200 OK
[94m[GSM8K][0m INFO:atroposlib.envs.base:env_manager: Status dict: {'current_step': 0, 'queue_size': 0, 'unallocated_fraction': 1.0, 'self_queue_size': 0, 'max_group_size': 1, 'env_weight': 1.0}
[96m[ATROPOS][0m INFO:     127.0.0.1:61485 - "GET /status-env HTTP/1.1" 200 OK
[94m[GSM8K][0m INFO:atroposlib.envs.base:env_manager: Status dict: {'current_step': 0, 'queue_size': 0, 'unallocated_fraction': 1.0, 'self_queue_size': 0, 'max_group_size': 1, 'env_weight': 1.0}
[96m[ATROPOS][0m INFO:     127.0.0.1:61486 - "GET /status-env HTTP/1.1" 200 OK
[94m[GSM8K][0m INFO:atroposlib.envs.base:env_manager: Status dict: {'current_step': 0, 'queue_size': 0, 'unallocated_fraction': 1.0, 'self_queue_size': 0, 'max_group_size': 1, 'env_weight': 1.0}
[96m[ATROPOS][0m INFO:     127.0.0.1:61487 - "GET /status-env HTTP/1.1" 200 OK
[94m[GSM8K][0m INFO:atroposlib.envs.base:env_manager: Status dict: {'current_step': 0, 'queue_size': 0, 'unallocated_fraction': 1.0, 'self_queue_size': 0, 'max_group_size': 1, 'env_weight': 1.0}
[96m[ATROPOS][0m INFO:     127.0.0.1:61488 - "GET /batch HTTP/1.1" 200 OK
[96m[ATROPOS][0m INFO:     127.0.0.1:61489 - "GET /status-env HTTP/1.1" 200 OK
[94m[GSM8K][0m INFO:atroposlib.envs.base:env_manager: Status dict: {'current_step': 0, 'queue_size': 0, 'unallocated_fraction': 1.0, 'self_queue_size': 0, 'max_group_size': 1, 'env_weight': 1.0}
[96m[ATROPOS][0m INFO:     127.0.0.1:61490 - "GET /status-env HTTP/1.1" 200 OK
[94m[GSM8K][0m INFO:atroposlib.envs.base:env_manager: Status dict: {'current_step': 0, 'queue_size': 0, 'unallocated_fraction': 1.0, 'self_queue_size': 0, 'max_group_size': 1, 'env_weight': 1.0}
[96m[ATROPOS][0m INFO:     127.0.0.1:61491 - "GET /status-env HTTP/1.1" 200 OK
[94m[GSM8K][0m INFO:atroposlib.envs.base:env_manager: Status dict: {'current_step': 0, 'queue_size': 0, 'unallocated_fraction': 1.0, 'self_queue_size': 0, 'max_group_size': 1, 'env_weight': 1.0}
[96m[ATROPOS][0m INFO:     127.0.0.1:61492 - "GET /status-env HTTP/1.1" 200 OK
[94m[GSM8K][0m INFO:atroposlib.envs.base:env_manager: Status dict: {'current_step': 0, 'queue_size': 0, 'unallocated_fraction': 1.0, 'self_queue_size': 0, 'max_group_size': 1, 'env_weight': 1.0}
[96m[ATROPOS][0m INFO:     127.0.0.1:61493 - "GET /status-env HTTP/1.1" 200 OK
[94m[GSM8K][0m INFO:atroposlib.envs.base:env_manager: Status dict: {'current_step': 0, 'queue_size': 0, 'unallocated_fraction': 1.0, 'self_queue_size': 0, 'max_group_size': 1, 'env_weight': 1.0}
[96m[ATROPOS][0m INFO:     127.0.0.1:61494 - "GET /status-env HTTP/1.1" 200 OK
[94m[GSM8K][0m INFO:atroposlib.envs.base:env_manager: Status dict: {'current_step': 0, 'queue_size': 0, 'unallocated_fraction': 1.0, 'self_queue_size': 0, 'max_group_size': 1, 'env_weight': 1.0}
[96m[ATROPOS][0m INFO:     127.0.0.1:61495 - "GET /status-env HTTP/1.1" 200 OK
[94m[GSM8K][0m INFO:atroposlib.envs.base:env_manager: Status dict: {'current_step': 0, 'queue_size': 0, 'unallocated_fraction': 1.0, 'self_queue_size': 0, 'max_group_size': 1, 'env_weight': 1.0}
[96m[ATROPOS][0m INFO:     127.0.0.1:61496 - "GET /status-env HTTP/1.1" 200 OK
[94m[GSM8K][0m INFO:atroposlib.envs.base:env_manager: Status dict: {'current_step': 0, 'queue_size': 0, 'unallocated_fraction': 1.0, 'self_queue_size': 0, 'max_group_size': 1, 'env_weight': 1.0}
[96m[ATROPOS][0m INFO:     127.0.0.1:61497 - "GET /status-env HTTP/1.1" 200 OK
[94m[GSM8K][0m INFO:atroposlib.envs.base:env_manager: Status dict: {'current_step': 0, 'queue_size': 0, 'unallocated_fraction': 1.0, 'self_queue_size': 0, 'max_group_size': 1, 'env_weight': 1.0}
[96m[ATROPOS][0m INFO:     127.0.0.1:61498 - "GET /batch HTTP/1.1" 200 OK
[96m[ATROPOS][0m INFO:     127.0.0.1:61499 - "GET /status-env HTTP/1.1" 200 OK
[94m[GSM8K][0m INFO:atroposlib.envs.base:env_manager: Status dict: {'current_step': 0, 'queue_size': 0, 'unallocated_fraction': 1.0, 'self_queue_size': 0, 'max_group_size': 1, 'env_weight': 1.0}
[96m[ATROPOS][0m INFO:     127.0.0.1:61500 - "GET /status-env HTTP/1.1" 200 OK
[94m[GSM8K][0m INFO:atroposlib.envs.base:env_manager: Status dict: {'current_step': 0, 'queue_size': 0, 'unallocated_fraction': 1.0, 'self_queue_size': 0, 'max_group_size': 1, 'env_weight': 1.0}
[96m[ATROPOS][0m INFO:     127.0.0.1:61501 - "GET /status-env HTTP/1.1" 200 OK
[94m[GSM8K][0m INFO:atroposlib.envs.base:env_manager: Status dict: {'current_step': 0, 'queue_size': 0, 'unallocated_fraction': 1.0, 'self_queue_size': 0, 'max_group_size': 1, 'env_weight': 1.0}
[96m[ATROPOS][0m INFO:     127.0.0.1:61502 - "GET /status-env HTTP/1.1" 200 OK
[94m[GSM8K][0m INFO:atroposlib.envs.base:env_manager: Status dict: {'current_step': 0, 'queue_size': 0, 'unallocated_fraction': 1.0, 'self_queue_size': 0, 'max_group_size': 1, 'env_weight': 1.0}
[96m[ATROPOS][0m INFO:     127.0.0.1:61503 - "GET /status-env HTTP/1.1" 200 OK
[94m[GSM8K][0m INFO:atroposlib.envs.base:env_manager: Status dict: {'current_step': 0, 'queue_size': 0, 'unallocated_fraction': 1.0, 'self_queue_size': 0, 'max_group_size': 1, 'env_weight': 1.0}
[96m[ATROPOS][0m INFO:     127.0.0.1:61504 - "GET /status-env HTTP/1.1" 200 OK
[94m[GSM8K][0m INFO:atroposlib.envs.base:env_manager: Status dict: {'current_step': 0, 'queue_size': 0, 'unallocated_fraction': 1.0, 'self_queue_size': 0, 'max_group_size': 1, 'env_weight': 1.0}
[96m[ATROPOS][0m INFO:     127.0.0.1:61505 - "GET /status-env HTTP/1.1" 200 OK
[94m[GSM8K][0m INFO:atroposlib.envs.base:env_manager: Status dict: {'current_step': 0, 'queue_size': 0, 'unallocated_fraction': 1.0, 'self_queue_size': 0, 'max_group_size': 1, 'env_weight': 1.0}
[96m[ATROPOS][0m INFO:     127.0.0.1:61506 - "GET /status-env HTTP/1.1" 200 OK
[94m[GSM8K][0m INFO:atroposlib.envs.base:env_manager: Status dict: {'current_step': 0, 'queue_size': 0, 'unallocated_fraction': 1.0, 'self_queue_size': 0, 'max_group_size': 1, 'env_weight': 1.0}
[96m[ATROPOS][0m INFO:     127.0.0.1:61507 - "GET /status-env HTTP/1.1" 200 OK
[94m[GSM8K][0m INFO:atroposlib.envs.base:env_manager: Status dict: {'current_step': 0, 'queue_size': 0, 'unallocated_fraction': 1.0, 'self_queue_size': 0, 'max_group_size': 1, 'env_weight': 1.0}
[96m[ATROPOS][0m INFO:     127.0.0.1:61508 - "GET /status-env HTTP/1.1" 200 OK
[94m[GSM8K][0m INFO:atroposlib.envs.base:env_manager: Status dict: {'current_step': 0, 'queue_size': 0, 'unallocated_fraction': 1.0, 'self_queue_size': 0, 'max_group_size': 1, 'env_weight': 1.0}
[96m[ATROPOS][0m INFO:     127.0.0.1:61509 - "GET /batch HTTP/1.1" 200 OK
[92m[TRAINER][0m INFO:root:Polling for batch... attempt 65
[96m[ATROPOS][0m INFO:     127.0.0.1:61510 - "GET /status-env HTTP/1.1" 200 OK
[94m[GSM8K][0m INFO:atroposlib.envs.base:env_manager: Status dict: {'current_step': 0, 'queue_size': 0, 'unallocated_fraction': 1.0, 'self_queue_size': 0, 'max_group_size': 1, 'env_weight': 1.0}
[96m[ATROPOS][0m INFO:     127.0.0.1:61513 - "GET /status-env HTTP/1.1" 200 OK
[94m[GSM8K][0m INFO:atroposlib.envs.base:env_manager: Status dict: {'current_step': 0, 'queue_size': 0, 'unallocated_fraction': 1.0, 'self_queue_size': 0, 'max_group_size': 1, 'env_weight': 1.0}
[96m[ATROPOS][0m INFO:     127.0.0.1:61514 - "GET /status-env HTTP/1.1" 200 OK
[94m[GSM8K][0m INFO:atroposlib.envs.base:env_manager: Status dict: {'current_step': 0, 'queue_size': 0, 'unallocated_fraction': 1.0, 'self_queue_size': 0, 'max_group_size': 1, 'env_weight': 1.0}
[96m[ATROPOS][0m INFO:     127.0.0.1:61515 - "GET /status-env HTTP/1.1" 200 OK
[94m[GSM8K][0m INFO:atroposlib.envs.base:env_manager: Status dict: {'current_step': 0, 'queue_size': 0, 'unallocated_fraction': 1.0, 'self_queue_size': 0, 'max_group_size': 1, 'env_weight': 1.0}
[96m[ATROPOS][0m INFO:     127.0.0.1:61516 - "GET /status-env HTTP/1.1" 200 OK
[94m[GSM8K][0m INFO:atroposlib.envs.base:env_manager: Status dict: {'current_step': 0, 'queue_size': 0, 'unallocated_fraction': 1.0, 'self_queue_size': 0, 'max_group_size': 1, 'env_weight': 1.0}
[96m[ATROPOS][0m INFO:     127.0.0.1:61517 - "GET /status-env HTTP/1.1" 200 OK
[94m[GSM8K][0m INFO:atroposlib.envs.base:env_manager: Status dict: {'current_step': 0, 'queue_size': 0, 'unallocated_fraction': 1.0, 'self_queue_size': 0, 'max_group_size': 1, 'env_weight': 1.0}
[96m[ATROPOS][0m INFO:     127.0.0.1:61519 - "GET /status-env HTTP/1.1" 200 OK
[94m[GSM8K][0m INFO:atroposlib.envs.base:env_manager: Status dict: {'current_step': 0, 'queue_size': 0, 'unallocated_fraction': 1.0, 'self_queue_size': 0, 'max_group_size': 1, 'env_weight': 1.0}
[96m[ATROPOS][0m INFO:     127.0.0.1:61520 - "GET /status-env HTTP/1.1" 200 OK
[94m[GSM8K][0m INFO:atroposlib.envs.base:env_manager: Status dict: {'current_step': 0, 'queue_size': 0, 'unallocated_fraction': 1.0, 'self_queue_size': 0, 'max_group_size': 1, 'env_weight': 1.0}
[96m[ATROPOS][0m INFO:     127.0.0.1:61521 - "GET /status-env HTTP/1.1" 200 OK
[94m[GSM8K][0m INFO:atroposlib.envs.base:env_manager: Status dict: {'current_step': 0, 'queue_size': 0, 'unallocated_fraction': 1.0, 'self_queue_size': 0, 'max_group_size': 1, 'env_weight': 1.0}
[96m[ATROPOS][0m INFO:     127.0.0.1:61522 - "GET /status-env HTTP/1.1" 200 OK
[94m[GSM8K][0m INFO:atroposlib.envs.base:env_manager: Status dict: {'current_step': 0, 'queue_size': 0, 'unallocated_fraction': 1.0, 'self_queue_size': 0, 'max_group_size': 1, 'env_weight': 1.0}
[96m[ATROPOS][0m INFO:     127.0.0.1:61523 - "GET /batch HTTP/1.1" 200 OK
[96m[ATROPOS][0m INFO:     127.0.0.1:61524 - "GET /status-env HTTP/1.1" 200 OK
[94m[GSM8K][0m INFO:atroposlib.envs.base:env_manager: Status dict: {'current_step': 0, 'queue_size': 0, 'unallocated_fraction': 1.0, 'self_queue_size': 0, 'max_group_size': 1, 'env_weight': 1.0}
[96m[ATROPOS][0m INFO:     127.0.0.1:61525 - "GET /status-env HTTP/1.1" 200 OK
[94m[GSM8K][0m INFO:atroposlib.envs.base:env_manager: Status dict: {'current_step': 0, 'queue_size': 0, 'unallocated_fraction': 1.0, 'self_queue_size': 0, 'max_group_size': 1, 'env_weight': 1.0}
[96m[ATROPOS][0m INFO:     127.0.0.1:61526 - "GET /status-env HTTP/1.1" 200 OK
[94m[GSM8K][0m INFO:atroposlib.envs.base:env_manager: Status dict: {'current_step': 0, 'queue_size': 0, 'unallocated_fraction': 1.0, 'self_queue_size': 0, 'max_group_size': 1, 'env_weight': 1.0}
[96m[ATROPOS][0m INFO:     127.0.0.1:61527 - "GET /status-env HTTP/1.1" 200 OK
[94m[GSM8K][0m INFO:atroposlib.envs.base:env_manager: Status dict: {'current_step': 0, 'queue_size': 0, 'unallocated_fraction': 1.0, 'self_queue_size': 0, 'max_group_size': 1, 'env_weight': 1.0}
[96m[ATROPOS][0m INFO:     127.0.0.1:61528 - "GET /status-env HTTP/1.1" 200 OK
[94m[GSM8K][0m INFO:atroposlib.envs.base:env_manager: Status dict: {'current_step': 0, 'queue_size': 0, 'unallocated_fraction': 1.0, 'self_queue_size': 0, 'max_group_size': 1, 'env_weight': 1.0}
[96m[ATROPOS][0m INFO:     127.0.0.1:61529 - "GET /status-env HTTP/1.1" 200 OK
[94m[GSM8K][0m INFO:atroposlib.envs.base:env_manager: Status dict: {'current_step': 0, 'queue_size': 0, 'unallocated_fraction': 1.0, 'self_queue_size': 0, 'max_group_size': 1, 'env_weight': 1.0}
[96m[ATROPOS][0m INFO:     127.0.0.1:61530 - "GET /status-env HTTP/1.1" 200 OK
[94m[GSM8K][0m INFO:atroposlib.envs.base:env_manager: Status dict: {'current_step': 0, 'queue_size': 0, 'unallocated_fraction': 1.0, 'self_queue_size': 0, 'max_group_size': 1, 'env_weight': 1.0}
[96m[ATROPOS][0m INFO:     127.0.0.1:61531 - "GET /status-env HTTP/1.1" 200 OK
[94m[GSM8K][0m INFO:atroposlib.envs.base:env_manager: Status dict: {'current_step': 0, 'queue_size': 0, 'unallocated_fraction': 1.0, 'self_queue_size': 0, 'max_group_size': 1, 'env_weight': 1.0}
[96m[ATROPOS][0m INFO:     127.0.0.1:61532 - "GET /status-env HTTP/1.1" 200 OK
[94m[GSM8K][0m INFO:atroposlib.envs.base:env_manager: Status dict: {'current_step': 0, 'queue_size': 0, 'unallocated_fraction': 1.0, 'self_queue_size': 0, 'max_group_size': 1, 'env_weight': 1.0}
[96m[ATROPOS][0m INFO:     127.0.0.1:61533 - "GET /batch HTTP/1.1" 200 OK
[96m[ATROPOS][0m INFO:     127.0.0.1:61534 - "GET /status-env HTTP/1.1" 200 OK
[94m[GSM8K][0m INFO:atroposlib.envs.base:env_manager: Status dict: {'current_step': 0, 'queue_size': 0, 'unallocated_fraction': 1.0, 'self_queue_size': 0, 'max_group_size': 1, 'env_weight': 1.0}
[96m[ATROPOS][0m INFO:     127.0.0.1:61535 - "GET /status-env HTTP/1.1" 200 OK
[94m[GSM8K][0m INFO:atroposlib.envs.base:env_manager: Status dict: {'current_step': 0, 'queue_size': 0, 'unallocated_fraction': 1.0, 'self_queue_size': 0, 'max_group_size': 1, 'env_weight': 1.0}
[96m[ATROPOS][0m INFO:     127.0.0.1:61536 - "GET /status-env HTTP/1.1" 200 OK
[94m[GSM8K][0m INFO:atroposlib.envs.base:env_manager: Status dict: {'current_step': 0, 'queue_size': 0, 'unallocated_fraction': 1.0, 'self_queue_size': 0, 'max_group_size': 1, 'env_weight': 1.0}
[96m[ATROPOS][0m INFO:     127.0.0.1:61537 - "GET /status-env HTTP/1.1" 200 OK
[94m[GSM8K][0m INFO:atroposlib.envs.base:env_manager: Status dict: {'current_step': 0, 'queue_size': 0, 'unallocated_fraction': 1.0, 'self_queue_size': 0, 'max_group_size': 1, 'env_weight': 1.0}
[96m[ATROPOS][0m INFO:     127.0.0.1:61539 - "GET /status-env HTTP/1.1" 200 OK
[94m[GSM8K][0m INFO:atroposlib.envs.base:env_manager: Status dict: {'current_step': 0, 'queue_size': 0, 'unallocated_fraction': 1.0, 'self_queue_size': 0, 'max_group_size': 1, 'env_weight': 1.0}
[96m[ATROPOS][0m INFO:     127.0.0.1:61541 - "GET /status-env HTTP/1.1" 200 OK
[94m[GSM8K][0m INFO:atroposlib.envs.base:env_manager: Status dict: {'current_step': 0, 'queue_size': 0, 'unallocated_fraction': 1.0, 'self_queue_size': 0, 'max_group_size': 1, 'env_weight': 1.0}
[96m[ATROPOS][0m INFO:     127.0.0.1:61542 - "GET /status-env HTTP/1.1" 200 OK
[94m[GSM8K][0m INFO:atroposlib.envs.base:env_manager: Status dict: {'current_step': 0, 'queue_size': 0, 'unallocated_fraction': 1.0, 'self_queue_size': 0, 'max_group_size': 1, 'env_weight': 1.0}
[96m[ATROPOS][0m INFO:     127.0.0.1:61543 - "GET /status-env HTTP/1.1" 200 OK
[94m[GSM8K][0m INFO:atroposlib.envs.base:env_manager: Status dict: {'current_step': 0, 'queue_size': 0, 'unallocated_fraction': 1.0, 'self_queue_size': 0, 'max_group_size': 1, 'env_weight': 1.0}
[96m[ATROPOS][0m INFO:     127.0.0.1:61544 - "GET /status-env HTTP/1.1" 200 OK
[94m[GSM8K][0m INFO:atroposlib.envs.base:env_manager: Status dict: {'current_step': 0, 'queue_size': 0, 'unallocated_fraction': 1.0, 'self_queue_size': 0, 'max_group_size': 1, 'env_weight': 1.0}
[96m[ATROPOS][0m INFO:     127.0.0.1:61545 - "GET /status-env HTTP/1.1" 200 OK
[94m[GSM8K][0m INFO:atroposlib.envs.base:env_manager: Status dict: {'current_step': 0, 'queue_size': 0, 'unallocated_fraction': 1.0, 'self_queue_size': 0, 'max_group_size': 1, 'env_weight': 1.0}
[96m[ATROPOS][0m INFO:     127.0.0.1:61546 - "GET /batch HTTP/1.1" 200 OK
[96m[ATROPOS][0m INFO:     127.0.0.1:61547 - "GET /status-env HTTP/1.1" 200 OK
[94m[GSM8K][0m INFO:atroposlib.envs.base:env_manager: Status dict: {'current_step': 0, 'queue_size': 0, 'unallocated_fraction': 1.0, 'self_queue_size': 0, 'max_group_size': 1, 'env_weight': 1.0}
[96m[ATROPOS][0m INFO:     127.0.0.1:61548 - "GET /status-env HTTP/1.1" 200 OK
[94m[GSM8K][0m INFO:atroposlib.envs.base:env_manager: Status dict: {'current_step': 0, 'queue_size': 0, 'unallocated_fraction': 1.0, 'self_queue_size': 0, 'max_group_size': 1, 'env_weight': 1.0}
[96m[ATROPOS][0m INFO:     127.0.0.1:61549 - "GET /status-env HTTP/1.1" 200 OK
[94m[GSM8K][0m INFO:atroposlib.envs.base:env_manager: Status dict: {'current_step': 0, 'queue_size': 0, 'unallocated_fraction': 1.0, 'self_queue_size': 0, 'max_group_size': 1, 'env_weight': 1.0}
[96m[ATROPOS][0m INFO:     127.0.0.1:61550 - "GET /status-env HTTP/1.1" 200 OK
[94m[GSM8K][0m INFO:atroposlib.envs.base:env_manager: Status dict: {'current_step': 0, 'queue_size': 0, 'unallocated_fraction': 1.0, 'self_queue_size': 0, 'max_group_size': 1, 'env_weight': 1.0}
[96m[ATROPOS][0m INFO:     127.0.0.1:61551 - "GET /status-env HTTP/1.1" 200 OK
[94m[GSM8K][0m INFO:atroposlib.envs.base:env_manager: Status dict: {'current_step': 0, 'queue_size': 0, 'unallocated_fraction': 1.0, 'self_queue_size': 0, 'max_group_size': 1, 'env_weight': 1.0}
[96m[ATROPOS][0m INFO:     127.0.0.1:61552 - "GET /status-env HTTP/1.1" 200 OK
[94m[GSM8K][0m INFO:atroposlib.envs.base:env_manager: Status dict: {'current_step': 0, 'queue_size': 0, 'unallocated_fraction': 1.0, 'self_queue_size': 0, 'max_group_size': 1, 'env_weight': 1.0}
[96m[ATROPOS][0m INFO:     127.0.0.1:61553 - "GET /status-env HTTP/1.1" 200 OK
[94m[GSM8K][0m INFO:atroposlib.envs.base:env_manager: Status dict: {'current_step': 0, 'queue_size': 0, 'unallocated_fraction': 1.0, 'self_queue_size': 0, 'max_group_size': 1, 'env_weight': 1.0}
[96m[ATROPOS][0m INFO:     127.0.0.1:61554 - "GET /status-env HTTP/1.1" 200 OK
[94m[GSM8K][0m INFO:atroposlib.envs.base:env_manager: Status dict: {'current_step': 0, 'queue_size': 0, 'unallocated_fraction': 1.0, 'self_queue_size': 0, 'max_group_size': 1, 'env_weight': 1.0}
[96m[ATROPOS][0m INFO:     127.0.0.1:61555 - "GET /status-env HTTP/1.1" 200 OK
[94m[GSM8K][0m INFO:atroposlib.envs.base:env_manager: Status dict: {'current_step': 0, 'queue_size': 0, 'unallocated_fraction': 1.0, 'self_queue_size': 0, 'max_group_size': 1, 'env_weight': 1.0}
[96m[ATROPOS][0m INFO:     127.0.0.1:61556 - "GET /status-env HTTP/1.1" 200 OK
[94m[GSM8K][0m INFO:atroposlib.envs.base:env_manager: Status dict: {'current_step': 0, 'queue_size': 0, 'unallocated_fraction': 1.0, 'self_queue_size': 0, 'max_group_size': 1, 'env_weight': 1.0}
[96m[ATROPOS][0m INFO:     127.0.0.1:61557 - "GET /batch HTTP/1.1" 200 OK
[96m[ATROPOS][0m INFO:     127.0.0.1:61558 - "GET /status-env HTTP/1.1" 200 OK
[94m[GSM8K][0m INFO:atroposlib.envs.base:env_manager: Status dict: {'current_step': 0, 'queue_size': 0, 'unallocated_fraction': 1.0, 'self_queue_size': 0, 'max_group_size': 1, 'env_weight': 1.0}
[96m[ATROPOS][0m INFO:     127.0.0.1:61559 - "GET /status-env HTTP/1.1" 200 OK
[94m[GSM8K][0m INFO:atroposlib.envs.base:env_manager: Status dict: {'current_step': 0, 'queue_size': 0, 'unallocated_fraction': 1.0, 'self_queue_size': 0, 'max_group_size': 1, 'env_weight': 1.0}
[96m[ATROPOS][0m INFO:     127.0.0.1:61560 - "GET /status-env HTTP/1.1" 200 OK
[94m[GSM8K][0m INFO:atroposlib.envs.base:env_manager: Status dict: {'current_step': 0, 'queue_size': 0, 'unallocated_fraction': 1.0, 'self_queue_size': 0, 'max_group_size': 1, 'env_weight': 1.0}
[96m[ATROPOS][0m INFO:     127.0.0.1:61561 - "GET /status-env HTTP/1.1" 200 OK
[94m[GSM8K][0m INFO:atroposlib.envs.base:env_manager: Status dict: {'current_step': 0, 'queue_size': 0, 'unallocated_fraction': 1.0, 'self_queue_size': 0, 'max_group_size': 1, 'env_weight': 1.0}
[96m[ATROPOS][0m INFO:     127.0.0.1:61562 - "GET /status-env HTTP/1.1" 200 OK
[94m[GSM8K][0m INFO:atroposlib.envs.base:env_manager: Status dict: {'current_step': 0, 'queue_size': 0, 'unallocated_fraction': 1.0, 'self_queue_size': 0, 'max_group_size': 1, 'env_weight': 1.0}
[96m[ATROPOS][0m INFO:     127.0.0.1:61563 - "GET /status-env HTTP/1.1" 200 OK
[94m[GSM8K][0m INFO:atroposlib.envs.base:env_manager: Status dict: {'current_step': 0, 'queue_size': 0, 'unallocated_fraction': 1.0, 'self_queue_size': 0, 'max_group_size': 1, 'env_weight': 1.0}
[96m[ATROPOS][0m INFO:     127.0.0.1:61564 - "GET /status-env HTTP/1.1" 200 OK
[94m[GSM8K][0m INFO:atroposlib.envs.base:env_manager: Status dict: {'current_step': 0, 'queue_size': 0, 'unallocated_fraction': 1.0, 'self_queue_size': 0, 'max_group_size': 1, 'env_weight': 1.0}
[96m[ATROPOS][0m INFO:     127.0.0.1:61565 - "GET /status-env HTTP/1.1" 200 OK
[94m[GSM8K][0m INFO:atroposlib.envs.base:env_manager: Status dict: {'current_step': 0, 'queue_size': 0, 'unallocated_fraction': 1.0, 'self_queue_size': 0, 'max_group_size': 1, 'env_weight': 1.0}
[96m[ATROPOS][0m INFO:     127.0.0.1:61566 - "GET /status-env HTTP/1.1" 200 OK
[94m[GSM8K][0m INFO:atroposlib.envs.base:env_manager: Status dict: {'current_step': 0, 'queue_size': 0, 'unallocated_fraction': 1.0, 'self_queue_size': 0, 'max_group_size': 1, 'env_weight': 1.0}
[96m[ATROPOS][0m INFO:     127.0.0.1:61567 - "GET /batch HTTP/1.1" 200 OK
[92m[TRAINER][0m INFO:root:Polling for batch... attempt 70
[96m[ATROPOS][0m INFO:     127.0.0.1:61568 - "GET /status-env HTTP/1.1" 200 OK
[94m[GSM8K][0m INFO:atroposlib.envs.base:env_manager: Status dict: {'current_step': 0, 'queue_size': 0, 'unallocated_fraction': 1.0, 'self_queue_size': 0, 'max_group_size': 1, 'env_weight': 1.0}
[96m[ATROPOS][0m INFO:     127.0.0.1:61569 - "GET /status-env HTTP/1.1" 200 OK
[94m[GSM8K][0m INFO:atroposlib.envs.base:env_manager: Status dict: {'current_step': 0, 'queue_size': 0, 'unallocated_fraction': 1.0, 'self_queue_size': 0, 'max_group_size': 1, 'env_weight': 1.0}
[96m[ATROPOS][0m INFO:     127.0.0.1:61570 - "GET /status-env HTTP/1.1" 200 OK
[94m[GSM8K][0m INFO:atroposlib.envs.base:env_manager: Status dict: {'current_step': 0, 'queue_size': 0, 'unallocated_fraction': 1.0, 'self_queue_size': 0, 'max_group_size': 1, 'env_weight': 1.0}
[96m[ATROPOS][0m INFO:     127.0.0.1:61571 - "GET /status-env HTTP/1.1" 200 OK
[94m[GSM8K][0m INFO:atroposlib.envs.base:env_manager: Status dict: {'current_step': 0, 'queue_size': 0, 'unallocated_fraction': 1.0, 'self_queue_size': 0, 'max_group_size': 1, 'env_weight': 1.0}
[96m[ATROPOS][0m INFO:     127.0.0.1:61572 - "GET /status-env HTTP/1.1" 200 OK
[94m[GSM8K][0m INFO:atroposlib.envs.base:env_manager: Status dict: {'current_step': 0, 'queue_size': 0, 'unallocated_fraction': 1.0, 'self_queue_size': 0, 'max_group_size': 1, 'env_weight': 1.0}
[96m[ATROPOS][0m INFO:     127.0.0.1:61573 - "GET /status-env HTTP/1.1" 200 OK
[94m[GSM8K][0m INFO:atroposlib.envs.base:env_manager: Status dict: {'current_step': 0, 'queue_size': 0, 'unallocated_fraction': 1.0, 'self_queue_size': 0, 'max_group_size': 1, 'env_weight': 1.0}
[96m[ATROPOS][0m INFO:     127.0.0.1:61574 - "GET /status-env HTTP/1.1" 200 OK
[94m[GSM8K][0m INFO:atroposlib.envs.base:env_manager: Status dict: {'current_step': 0, 'queue_size': 0, 'unallocated_fraction': 1.0, 'self_queue_size': 0, 'max_group_size': 1, 'env_weight': 1.0}
[96m[ATROPOS][0m INFO:     127.0.0.1:61575 - "GET /status-env HTTP/1.1" 200 OK
[94m[GSM8K][0m INFO:atroposlib.envs.base:env_manager: Status dict: {'current_step': 0, 'queue_size': 0, 'unallocated_fraction': 1.0, 'self_queue_size': 0, 'max_group_size': 1, 'env_weight': 1.0}
[96m[ATROPOS][0m INFO:     127.0.0.1:61576 - "GET /status-env HTTP/1.1" 200 OK
[94m[GSM8K][0m INFO:atroposlib.envs.base:env_manager: Status dict: {'current_step': 0, 'queue_size': 0, 'unallocated_fraction': 1.0, 'self_queue_size': 0, 'max_group_size': 1, 'env_weight': 1.0}
[96m[ATROPOS][0m INFO:     127.0.0.1:61577 - "GET /status-env HTTP/1.1" 200 OK
[94m[GSM8K][0m INFO:atroposlib.envs.base:env_manager: Status dict: {'current_step': 0, 'queue_size': 0, 'unallocated_fraction': 1.0, 'self_queue_size': 0, 'max_group_size': 1, 'env_weight': 1.0}
[96m[ATROPOS][0m INFO:     127.0.0.1:61578 - "GET /batch HTTP/1.1" 200 OK
[96m[ATROPOS][0m INFO:     127.0.0.1:61579 - "GET /status-env HTTP/1.1" 200 OK
[94m[GSM8K][0m INFO:atroposlib.envs.base:env_manager: Status dict: {'current_step': 0, 'queue_size': 0, 'unallocated_fraction': 1.0, 'self_queue_size': 0, 'max_group_size': 1, 'env_weight': 1.0}
[96m[ATROPOS][0m INFO:     127.0.0.1:61580 - "GET /status-env HTTP/1.1" 200 OK
[94m[GSM8K][0m INFO:atroposlib.envs.base:env_manager: Status dict: {'current_step': 0, 'queue_size': 0, 'unallocated_fraction': 1.0, 'self_queue_size': 0, 'max_group_size': 1, 'env_weight': 1.0}
[92m[TRAINER][0m [91mERROR:root:Chat request timed out for model NousResearch/Hermes-4-Qwen3-14B-1-e3 after 60.0 seconds.[0m
[92m[TRAINER][0m INFO:     127.0.0.1:60883 - "POST /v1/chat/completions HTTP/1.1" 504 Gateway Timeout
[92m[TRAINER][0m [91mERROR:root:Chat request timed out for model NousResearch/Hermes-4-Qwen3-14B-1-e3 after 60.0 seconds.[0m
[92m[TRAINER][0m INFO:     127.0.0.1:60884 - "POST /v1/chat/completions HTTP/1.1" 504 Gateway Timeout
[96m[ATROPOS][0m INFO:     127.0.0.1:61581 - "GET /status-env HTTP/1.1" 200 OK
[94m[GSM8K][0m INFO:atroposlib.envs.base:env_manager: Status dict: {'current_step': 0, 'queue_size': 0, 'unallocated_fraction': 1.0, 'self_queue_size': 0, 'max_group_size': 1, 'env_weight': 1.0}
[96m[ATROPOS][0m INFO:     127.0.0.1:61582 - "GET /status-env HTTP/1.1" 200 OK
[94m[GSM8K][0m INFO:atroposlib.envs.base:env_manager: Status dict: {'current_step': 0, 'queue_size': 0, 'unallocated_fraction': 1.0, 'self_queue_size': 0, 'max_group_size': 1, 'env_weight': 1.0}
[96m[ATROPOS][0m INFO:     127.0.0.1:61583 - "GET /status-env HTTP/1.1" 200 OK
[94m[GSM8K][0m INFO:atroposlib.envs.base:env_manager: Status dict: {'current_step': 0, 'queue_size': 0, 'unallocated_fraction': 1.0, 'self_queue_size': 0, 'max_group_size': 1, 'env_weight': 1.0}
[96m[ATROPOS][0m INFO:     127.0.0.1:61584 - "GET /status-env HTTP/1.1" 200 OK
[94m[GSM8K][0m INFO:atroposlib.envs.base:env_manager: Status dict: {'current_step': 0, 'queue_size': 0, 'unallocated_fraction': 1.0, 'self_queue_size': 0, 'max_group_size': 1, 'env_weight': 1.0}
[92m[TRAINER][0m INFO:root:Non-streaming chat completion request for model NousResearch/Hermes-4-Qwen3-14B-1-e3. It will be queued for batch processing.
[96m[ATROPOS][0m INFO:     127.0.0.1:61585 - "GET /status-env HTTP/1.1" 200 OK
[94m[GSM8K][0m INFO:atroposlib.envs.base:env_manager: Status dict: {'current_step': 0, 'queue_size': 0, 'unallocated_fraction': 1.0, 'self_queue_size': 0, 'max_group_size': 1, 'env_weight': 1.0}
[92m[TRAINER][0m INFO:root:Non-streaming chat completion request for model NousResearch/Hermes-4-Qwen3-14B-1-e3. It will be queued for batch processing.
[96m[ATROPOS][0m INFO:     127.0.0.1:61586 - "GET /status-env HTTP/1.1" 200 OK
[94m[GSM8K][0m INFO:atroposlib.envs.base:env_manager: Status dict: {'current_step': 0, 'queue_size': 0, 'unallocated_fraction': 1.0, 'self_queue_size': 0, 'max_group_size': 1, 'env_weight': 1.0}
[96m[ATROPOS][0m INFO:     127.0.0.1:61587 - "GET /status-env HTTP/1.1" 200 OK
[94m[GSM8K][0m INFO:atroposlib.envs.base:env_manager: Status dict: {'current_step': 0, 'queue_size': 0, 'unallocated_fraction': 1.0, 'self_queue_size': 0, 'max_group_size': 1, 'env_weight': 1.0}
[96m[ATROPOS][0m INFO:     127.0.0.1:61588 - "GET /status-env HTTP/1.1" 200 OK
[94m[GSM8K][0m INFO:atroposlib.envs.base:env_manager: Status dict: {'current_step': 0, 'queue_size': 0, 'unallocated_fraction': 1.0, 'self_queue_size': 0, 'max_group_size': 1, 'env_weight': 1.0}
[96m[ATROPOS][0m INFO:     127.0.0.1:61589 - "GET /batch HTTP/1.1" 200 OK
[96m[ATROPOS][0m INFO:     127.0.0.1:61590 - "GET /status-env HTTP/1.1" 200 OK
[94m[GSM8K][0m INFO:atroposlib.envs.base:env_manager: Status dict: {'current_step': 0, 'queue_size': 0, 'unallocated_fraction': 1.0, 'self_queue_size': 0, 'max_group_size': 1, 'env_weight': 1.0}
[96m[ATROPOS][0m INFO:     127.0.0.1:61591 - "GET /status-env HTTP/1.1" 200 OK
[94m[GSM8K][0m INFO:atroposlib.envs.base:env_manager: Status dict: {'current_step': 0, 'queue_size': 0, 'unallocated_fraction': 1.0, 'self_queue_size': 0, 'max_group_size': 1, 'env_weight': 1.0}
[96m[ATROPOS][0m INFO:     127.0.0.1:61592 - "GET /status-env HTTP/1.1" 200 OK
[94m[GSM8K][0m INFO:atroposlib.envs.base:env_manager: Status dict: {'current_step': 0, 'queue_size': 0, 'unallocated_fraction': 1.0, 'self_queue_size': 0, 'max_group_size': 1, 'env_weight': 1.0}
[96m[ATROPOS][0m INFO:     127.0.0.1:61593 - "GET /status-env HTTP/1.1" 200 OK
[94m[GSM8K][0m INFO:atroposlib.envs.base:env_manager: Status dict: {'current_step': 0, 'queue_size': 0, 'unallocated_fraction': 1.0, 'self_queue_size': 0, 'max_group_size': 1, 'env_weight': 1.0}
[96m[ATROPOS][0m INFO:     127.0.0.1:61594 - "GET /status-env HTTP/1.1" 200 OK
[94m[GSM8K][0m INFO:atroposlib.envs.base:env_manager: Status dict: {'current_step': 0, 'queue_size': 0, 'unallocated_fraction': 1.0, 'self_queue_size': 0, 'max_group_size': 1, 'env_weight': 1.0}
[96m[ATROPOS][0m INFO:     127.0.0.1:61595 - "GET /status-env HTTP/1.1" 200 OK
[94m[GSM8K][0m INFO:atroposlib.envs.base:env_manager: Status dict: {'current_step': 0, 'queue_size': 0, 'unallocated_fraction': 1.0, 'self_queue_size': 0, 'max_group_size': 1, 'env_weight': 1.0}
[96m[ATROPOS][0m INFO:     127.0.0.1:61596 - "GET /status-env HTTP/1.1" 200 OK
[94m[GSM8K][0m INFO:atroposlib.envs.base:env_manager: Status dict: {'current_step': 0, 'queue_size': 0, 'unallocated_fraction': 1.0, 'self_queue_size': 0, 'max_group_size': 1, 'env_weight': 1.0}
[96m[ATROPOS][0m INFO:     127.0.0.1:61597 - "GET /status-env HTTP/1.1" 200 OK
[94m[GSM8K][0m INFO:atroposlib.envs.base:env_manager: Status dict: {'current_step': 0, 'queue_size': 0, 'unallocated_fraction': 1.0, 'self_queue_size': 0, 'max_group_size': 1, 'env_weight': 1.0}
[96m[ATROPOS][0m INFO:     127.0.0.1:61598 - "GET /status-env HTTP/1.1" 200 OK
[94m[GSM8K][0m INFO:atroposlib.envs.base:env_manager: Status dict: {'current_step': 0, 'queue_size': 0, 'unallocated_fraction': 1.0, 'self_queue_size': 0, 'max_group_size': 1, 'env_weight': 1.0}
[96m[ATROPOS][0m INFO:     127.0.0.1:61599 - "GET /batch HTTP/1.1" 200 OK
[96m[ATROPOS][0m INFO:     127.0.0.1:61600 - "GET /status-env HTTP/1.1" 200 OK
[94m[GSM8K][0m INFO:atroposlib.envs.base:env_manager: Status dict: {'current_step': 0, 'queue_size': 0, 'unallocated_fraction': 1.0, 'self_queue_size': 0, 'max_group_size': 1, 'env_weight': 1.0}
[96m[ATROPOS][0m INFO:     127.0.0.1:61601 - "GET /status-env HTTP/1.1" 200 OK
[94m[GSM8K][0m INFO:atroposlib.envs.base:env_manager: Status dict: {'current_step': 0, 'queue_size': 0, 'unallocated_fraction': 1.0, 'self_queue_size': 0, 'max_group_size': 1, 'env_weight': 1.0}
[96m[ATROPOS][0m INFO:     127.0.0.1:61602 - "GET /status-env HTTP/1.1" 200 OK
[94m[GSM8K][0m INFO:atroposlib.envs.base:env_manager: Status dict: {'current_step': 0, 'queue_size': 0, 'unallocated_fraction': 1.0, 'self_queue_size': 0, 'max_group_size': 1, 'env_weight': 1.0}
[96m[ATROPOS][0m INFO:     127.0.0.1:61603 - "GET /status-env HTTP/1.1" 200 OK
[94m[GSM8K][0m INFO:atroposlib.envs.base:env_manager: Status dict: {'current_step': 0, 'queue_size': 0, 'unallocated_fraction': 1.0, 'self_queue_size': 0, 'max_group_size': 1, 'env_weight': 1.0}
[96m[ATROPOS][0m INFO:     127.0.0.1:61604 - "GET /status-env HTTP/1.1" 200 OK
[94m[GSM8K][0m INFO:atroposlib.envs.base:env_manager: Status dict: {'current_step': 0, 'queue_size': 0, 'unallocated_fraction': 1.0, 'self_queue_size': 0, 'max_group_size': 1, 'env_weight': 1.0}
[96m[ATROPOS][0m INFO:     127.0.0.1:61605 - "GET /status-env HTTP/1.1" 200 OK
[94m[GSM8K][0m INFO:atroposlib.envs.base:env_manager: Status dict: {'current_step': 0, 'queue_size': 0, 'unallocated_fraction': 1.0, 'self_queue_size': 0, 'max_group_size': 1, 'env_weight': 1.0}
[96m[ATROPOS][0m INFO:     127.0.0.1:61606 - "GET /status-env HTTP/1.1" 200 OK
[94m[GSM8K][0m INFO:atroposlib.envs.base:env_manager: Status dict: {'current_step': 0, 'queue_size': 0, 'unallocated_fraction': 1.0, 'self_queue_size': 0, 'max_group_size': 1, 'env_weight': 1.0}
[96m[ATROPOS][0m INFO:     127.0.0.1:61607 - "GET /status-env HTTP/1.1" 200 OK
[94m[GSM8K][0m INFO:atroposlib.envs.base:env_manager: Status dict: {'current_step': 0, 'queue_size': 0, 'unallocated_fraction': 1.0, 'self_queue_size': 0, 'max_group_size': 1, 'env_weight': 1.0}
[96m[ATROPOS][0m INFO:     127.0.0.1:61608 - "GET /status-env HTTP/1.1" 200 OK
[94m[GSM8K][0m INFO:atroposlib.envs.base:env_manager: Status dict: {'current_step': 0, 'queue_size': 0, 'unallocated_fraction': 1.0, 'self_queue_size': 0, 'max_group_size': 1, 'env_weight': 1.0}
[96m[ATROPOS][0m INFO:     127.0.0.1:61609 - "GET /status-env HTTP/1.1" 200 OK
[94m[GSM8K][0m INFO:atroposlib.envs.base:env_manager: Status dict: {'current_step': 0, 'queue_size': 0, 'unallocated_fraction': 1.0, 'self_queue_size': 0, 'max_group_size': 1, 'env_weight': 1.0}
[96m[ATROPOS][0m INFO:     127.0.0.1:61610 - "GET /batch HTTP/1.1" 200 OK
[96m[ATROPOS][0m INFO:     127.0.0.1:61611 - "GET /status-env HTTP/1.1" 200 OK
[94m[GSM8K][0m INFO:atroposlib.envs.base:env_manager: Status dict: {'current_step': 0, 'queue_size': 0, 'unallocated_fraction': 1.0, 'self_queue_size': 0, 'max_group_size': 1, 'env_weight': 1.0}
[96m[ATROPOS][0m INFO:     127.0.0.1:61612 - "GET /status-env HTTP/1.1" 200 OK
[94m[GSM8K][0m INFO:atroposlib.envs.base:env_manager: Status dict: {'current_step': 0, 'queue_size': 0, 'unallocated_fraction': 1.0, 'self_queue_size': 0, 'max_group_size': 1, 'env_weight': 1.0}
[96m[ATROPOS][0m INFO:     127.0.0.1:61613 - "GET /status-env HTTP/1.1" 200 OK
[94m[GSM8K][0m INFO:atroposlib.envs.base:env_manager: Status dict: {'current_step': 0, 'queue_size': 0, 'unallocated_fraction': 1.0, 'self_queue_size': 0, 'max_group_size': 1, 'env_weight': 1.0}
[96m[ATROPOS][0m INFO:     127.0.0.1:61614 - "GET /status-env HTTP/1.1" 200 OK
[94m[GSM8K][0m INFO:atroposlib.envs.base:env_manager: Status dict: {'current_step': 0, 'queue_size': 0, 'unallocated_fraction': 1.0, 'self_queue_size': 0, 'max_group_size': 1, 'env_weight': 1.0}
[96m[ATROPOS][0m INFO:     127.0.0.1:61615 - "GET /status-env HTTP/1.1" 200 OK
[94m[GSM8K][0m INFO:atroposlib.envs.base:env_manager: Status dict: {'current_step': 0, 'queue_size': 0, 'unallocated_fraction': 1.0, 'self_queue_size': 0, 'max_group_size': 1, 'env_weight': 1.0}
[96m[ATROPOS][0m INFO:     127.0.0.1:61616 - "GET /status-env HTTP/1.1" 200 OK
[94m[GSM8K][0m INFO:atroposlib.envs.base:env_manager: Status dict: {'current_step': 0, 'queue_size': 0, 'unallocated_fraction': 1.0, 'self_queue_size': 0, 'max_group_size': 1, 'env_weight': 1.0}
[96m[ATROPOS][0m INFO:     127.0.0.1:61617 - "GET /status-env HTTP/1.1" 200 OK
[94m[GSM8K][0m INFO:atroposlib.envs.base:env_manager: Status dict: {'current_step': 0, 'queue_size': 0, 'unallocated_fraction': 1.0, 'self_queue_size': 0, 'max_group_size': 1, 'env_weight': 1.0}
[96m[ATROPOS][0m INFO:     127.0.0.1:61618 - "GET /status-env HTTP/1.1" 200 OK
[94m[GSM8K][0m INFO:atroposlib.envs.base:env_manager: Status dict: {'current_step': 0, 'queue_size': 0, 'unallocated_fraction': 1.0, 'self_queue_size': 0, 'max_group_size': 1, 'env_weight': 1.0}
[96m[ATROPOS][0m INFO:     127.0.0.1:61619 - "GET /status-env HTTP/1.1" 200 OK
[94m[GSM8K][0m INFO:atroposlib.envs.base:env_manager: Status dict: {'current_step': 0, 'queue_size': 0, 'unallocated_fraction': 1.0, 'self_queue_size': 0, 'max_group_size': 1, 'env_weight': 1.0}
[96m[ATROPOS][0m INFO:     127.0.0.1:61620 - "GET /status-env HTTP/1.1" 200 OK
[94m[GSM8K][0m INFO:atroposlib.envs.base:env_manager: Status dict: {'current_step': 0, 'queue_size': 0, 'unallocated_fraction': 1.0, 'self_queue_size': 0, 'max_group_size': 1, 'env_weight': 1.0}
[96m[ATROPOS][0m INFO:     127.0.0.1:61621 - "GET /batch HTTP/1.1" 200 OK
[92m[TRAINER][0m INFO:root:Polling for batch... attempt 75
[96m[ATROPOS][0m INFO:     127.0.0.1:61622 - "GET /status-env HTTP/1.1" 200 OK
[94m[GSM8K][0m INFO:atroposlib.envs.base:env_manager: Status dict: {'current_step': 0, 'queue_size': 0, 'unallocated_fraction': 1.0, 'self_queue_size': 0, 'max_group_size': 1, 'env_weight': 1.0}
[96m[ATROPOS][0m INFO:     127.0.0.1:61623 - "GET /status-env HTTP/1.1" 200 OK
[94m[GSM8K][0m INFO:atroposlib.envs.base:env_manager: Status dict: {'current_step': 0, 'queue_size': 0, 'unallocated_fraction': 1.0, 'self_queue_size': 0, 'max_group_size': 1, 'env_weight': 1.0}
[96m[ATROPOS][0m INFO:     127.0.0.1:61624 - "GET /status-env HTTP/1.1" 200 OK
[94m[GSM8K][0m INFO:atroposlib.envs.base:env_manager: Status dict: {'current_step': 0, 'queue_size': 0, 'unallocated_fraction': 1.0, 'self_queue_size': 0, 'max_group_size': 1, 'env_weight': 1.0}
[96m[ATROPOS][0m INFO:     127.0.0.1:61625 - "GET /status-env HTTP/1.1" 200 OK
[94m[GSM8K][0m INFO:atroposlib.envs.base:env_manager: Status dict: {'current_step': 0, 'queue_size': 0, 'unallocated_fraction': 1.0, 'self_queue_size': 0, 'max_group_size': 1, 'env_weight': 1.0}
[96m[ATROPOS][0m INFO:     127.0.0.1:61626 - "GET /status-env HTTP/1.1" 200 OK
[94m[GSM8K][0m INFO:atroposlib.envs.base:env_manager: Status dict: {'current_step': 0, 'queue_size': 0, 'unallocated_fraction': 1.0, 'self_queue_size': 0, 'max_group_size': 1, 'env_weight': 1.0}
[96m[ATROPOS][0m INFO:     127.0.0.1:61627 - "GET /status-env HTTP/1.1" 200 OK
[94m[GSM8K][0m INFO:atroposlib.envs.base:env_manager: Status dict: {'current_step': 0, 'queue_size': 0, 'unallocated_fraction': 1.0, 'self_queue_size': 0, 'max_group_size': 1, 'env_weight': 1.0}
[96m[ATROPOS][0m INFO:     127.0.0.1:61628 - "GET /status-env HTTP/1.1" 200 OK
[94m[GSM8K][0m INFO:atroposlib.envs.base:env_manager: Status dict: {'current_step': 0, 'queue_size': 0, 'unallocated_fraction': 1.0, 'self_queue_size': 0, 'max_group_size': 1, 'env_weight': 1.0}
[96m[ATROPOS][0m INFO:     127.0.0.1:61629 - "GET /status-env HTTP/1.1" 200 OK
[94m[GSM8K][0m INFO:atroposlib.envs.base:env_manager: Status dict: {'current_step': 0, 'queue_size': 0, 'unallocated_fraction': 1.0, 'self_queue_size': 0, 'max_group_size': 1, 'env_weight': 1.0}
[96m[ATROPOS][0m INFO:     127.0.0.1:61630 - "GET /status-env HTTP/1.1" 200 OK
[94m[GSM8K][0m INFO:atroposlib.envs.base:env_manager: Status dict: {'current_step': 0, 'queue_size': 0, 'unallocated_fraction': 1.0, 'self_queue_size': 0, 'max_group_size': 1, 'env_weight': 1.0}
[96m[ATROPOS][0m INFO:     127.0.0.1:61631 - "GET /batch HTTP/1.1" 200 OK
[96m[ATROPOS][0m INFO:     127.0.0.1:61632 - "GET /status-env HTTP/1.1" 200 OK
[94m[GSM8K][0m INFO:atroposlib.envs.base:env_manager: Status dict: {'current_step': 0, 'queue_size': 0, 'unallocated_fraction': 1.0, 'self_queue_size': 0, 'max_group_size': 1, 'env_weight': 1.0}
[96m[ATROPOS][0m INFO:     127.0.0.1:61633 - "GET /status-env HTTP/1.1" 200 OK
[94m[GSM8K][0m INFO:atroposlib.envs.base:env_manager: Status dict: {'current_step': 0, 'queue_size': 0, 'unallocated_fraction': 1.0, 'self_queue_size': 0, 'max_group_size': 1, 'env_weight': 1.0}
[96m[ATROPOS][0m INFO:     127.0.0.1:61634 - "GET /status-env HTTP/1.1" 200 OK
[94m[GSM8K][0m INFO:atroposlib.envs.base:env_manager: Status dict: {'current_step': 0, 'queue_size': 0, 'unallocated_fraction': 1.0, 'self_queue_size': 0, 'max_group_size': 1, 'env_weight': 1.0}
[96m[ATROPOS][0m INFO:     127.0.0.1:61635 - "GET /status-env HTTP/1.1" 200 OK
[94m[GSM8K][0m INFO:atroposlib.envs.base:env_manager: Status dict: {'current_step': 0, 'queue_size': 0, 'unallocated_fraction': 1.0, 'self_queue_size': 0, 'max_group_size': 1, 'env_weight': 1.0}
[96m[ATROPOS][0m INFO:     127.0.0.1:61636 - "GET /status-env HTTP/1.1" 200 OK
[94m[GSM8K][0m INFO:atroposlib.envs.base:env_manager: Status dict: {'current_step': 0, 'queue_size': 0, 'unallocated_fraction': 1.0, 'self_queue_size': 0, 'max_group_size': 1, 'env_weight': 1.0}
[96m[ATROPOS][0m INFO:     127.0.0.1:61637 - "GET /status-env HTTP/1.1" 200 OK
[94m[GSM8K][0m INFO:atroposlib.envs.base:env_manager: Status dict: {'current_step': 0, 'queue_size': 0, 'unallocated_fraction': 1.0, 'self_queue_size': 0, 'max_group_size': 1, 'env_weight': 1.0}
[96m[ATROPOS][0m INFO:     127.0.0.1:61638 - "GET /status-env HTTP/1.1" 200 OK
[94m[GSM8K][0m INFO:atroposlib.envs.base:env_manager: Status dict: {'current_step': 0, 'queue_size': 0, 'unallocated_fraction': 1.0, 'self_queue_size': 0, 'max_group_size': 1, 'env_weight': 1.0}
[96m[ATROPOS][0m INFO:     127.0.0.1:61639 - "GET /status-env HTTP/1.1" 200 OK
[94m[GSM8K][0m INFO:atroposlib.envs.base:env_manager: Status dict: {'current_step': 0, 'queue_size': 0, 'unallocated_fraction': 1.0, 'self_queue_size': 0, 'max_group_size': 1, 'env_weight': 1.0}
[96m[ATROPOS][0m INFO:     127.0.0.1:61640 - "GET /status-env HTTP/1.1" 200 OK
[94m[GSM8K][0m INFO:atroposlib.envs.base:env_manager: Status dict: {'current_step': 0, 'queue_size': 0, 'unallocated_fraction': 1.0, 'self_queue_size': 0, 'max_group_size': 1, 'env_weight': 1.0}
[96m[ATROPOS][0m INFO:     127.0.0.1:61641 - "GET /status-env HTTP/1.1" 200 OK
[94m[GSM8K][0m INFO:atroposlib.envs.base:env_manager: Status dict: {'current_step': 0, 'queue_size': 0, 'unallocated_fraction': 1.0, 'self_queue_size': 0, 'max_group_size': 1, 'env_weight': 1.0}
[96m[ATROPOS][0m INFO:     127.0.0.1:61642 - "GET /batch HTTP/1.1" 200 OK
[96m[ATROPOS][0m INFO:     127.0.0.1:61643 - "GET /status-env HTTP/1.1" 200 OK
[94m[GSM8K][0m INFO:atroposlib.envs.base:env_manager: Status dict: {'current_step': 0, 'queue_size': 0, 'unallocated_fraction': 1.0, 'self_queue_size': 0, 'max_group_size': 1, 'env_weight': 1.0}
[96m[ATROPOS][0m INFO:     127.0.0.1:61644 - "GET /status-env HTTP/1.1" 200 OK
[94m[GSM8K][0m INFO:atroposlib.envs.base:env_manager: Status dict: {'current_step': 0, 'queue_size': 0, 'unallocated_fraction': 1.0, 'self_queue_size': 0, 'max_group_size': 1, 'env_weight': 1.0}
[96m[ATROPOS][0m INFO:     127.0.0.1:61645 - "GET /status-env HTTP/1.1" 200 OK
[94m[GSM8K][0m INFO:atroposlib.envs.base:env_manager: Status dict: {'current_step': 0, 'queue_size': 0, 'unallocated_fraction': 1.0, 'self_queue_size': 0, 'max_group_size': 1, 'env_weight': 1.0}
[96m[ATROPOS][0m INFO:     127.0.0.1:61646 - "GET /status-env HTTP/1.1" 200 OK
[94m[GSM8K][0m INFO:atroposlib.envs.base:env_manager: Status dict: {'current_step': 0, 'queue_size': 0, 'unallocated_fraction': 1.0, 'self_queue_size': 0, 'max_group_size': 1, 'env_weight': 1.0}
[96m[ATROPOS][0m INFO:     127.0.0.1:61647 - "GET /status-env HTTP/1.1" 200 OK
[94m[GSM8K][0m INFO:atroposlib.envs.base:env_manager: Status dict: {'current_step': 0, 'queue_size': 0, 'unallocated_fraction': 1.0, 'self_queue_size': 0, 'max_group_size': 1, 'env_weight': 1.0}
[96m[ATROPOS][0m INFO:     127.0.0.1:61648 - "GET /status-env HTTP/1.1" 200 OK
[94m[GSM8K][0m INFO:atroposlib.envs.base:env_manager: Status dict: {'current_step': 0, 'queue_size': 0, 'unallocated_fraction': 1.0, 'self_queue_size': 0, 'max_group_size': 1, 'env_weight': 1.0}
[96m[ATROPOS][0m INFO:     127.0.0.1:61649 - "GET /status-env HTTP/1.1" 200 OK
[94m[GSM8K][0m INFO:atroposlib.envs.base:env_manager: Status dict: {'current_step': 0, 'queue_size': 0, 'unallocated_fraction': 1.0, 'self_queue_size': 0, 'max_group_size': 1, 'env_weight': 1.0}
[96m[ATROPOS][0m INFO:     127.0.0.1:61650 - "GET /status-env HTTP/1.1" 200 OK
[94m[GSM8K][0m INFO:atroposlib.envs.base:env_manager: Status dict: {'current_step': 0, 'queue_size': 0, 'unallocated_fraction': 1.0, 'self_queue_size': 0, 'max_group_size': 1, 'env_weight': 1.0}
[96m[ATROPOS][0m INFO:     127.0.0.1:61652 - "GET /status-env HTTP/1.1" 200 OK
[94m[GSM8K][0m INFO:atroposlib.envs.base:env_manager: Status dict: {'current_step': 0, 'queue_size': 0, 'unallocated_fraction': 1.0, 'self_queue_size': 0, 'max_group_size': 1, 'env_weight': 1.0}
[96m[ATROPOS][0m INFO:     127.0.0.1:61654 - "GET /status-env HTTP/1.1" 200 OK
[94m[GSM8K][0m INFO:atroposlib.envs.base:env_manager: Status dict: {'current_step': 0, 'queue_size': 0, 'unallocated_fraction': 1.0, 'self_queue_size': 0, 'max_group_size': 1, 'env_weight': 1.0}
[96m[ATROPOS][0m INFO:     127.0.0.1:61655 - "GET /batch HTTP/1.1" 200 OK
[96m[ATROPOS][0m INFO:     127.0.0.1:61656 - "GET /status-env HTTP/1.1" 200 OK
[94m[GSM8K][0m INFO:atroposlib.envs.base:env_manager: Status dict: {'current_step': 0, 'queue_size': 0, 'unallocated_fraction': 1.0, 'self_queue_size': 0, 'max_group_size': 1, 'env_weight': 1.0}
[96m[ATROPOS][0m INFO:     127.0.0.1:61657 - "GET /status-env HTTP/1.1" 200 OK
[94m[GSM8K][0m INFO:atroposlib.envs.base:env_manager: Status dict: {'current_step': 0, 'queue_size': 0, 'unallocated_fraction': 1.0, 'self_queue_size': 0, 'max_group_size': 1, 'env_weight': 1.0}
[96m[ATROPOS][0m INFO:     127.0.0.1:61658 - "GET /status-env HTTP/1.1" 200 OK
[94m[GSM8K][0m INFO:atroposlib.envs.base:env_manager: Status dict: {'current_step': 0, 'queue_size': 0, 'unallocated_fraction': 1.0, 'self_queue_size': 0, 'max_group_size': 1, 'env_weight': 1.0}
[96m[ATROPOS][0m INFO:     127.0.0.1:61659 - "GET /status-env HTTP/1.1" 200 OK
[94m[GSM8K][0m INFO:atroposlib.envs.base:env_manager: Status dict: {'current_step': 0, 'queue_size': 0, 'unallocated_fraction': 1.0, 'self_queue_size': 0, 'max_group_size': 1, 'env_weight': 1.0}
[96m[ATROPOS][0m INFO:     127.0.0.1:61660 - "GET /status-env HTTP/1.1" 200 OK
[94m[GSM8K][0m INFO:atroposlib.envs.base:env_manager: Status dict: {'current_step': 0, 'queue_size': 0, 'unallocated_fraction': 1.0, 'self_queue_size': 0, 'max_group_size': 1, 'env_weight': 1.0}
[96m[ATROPOS][0m INFO:     127.0.0.1:61661 - "GET /status-env HTTP/1.1" 200 OK
[94m[GSM8K][0m INFO:atroposlib.envs.base:env_manager: Status dict: {'current_step': 0, 'queue_size': 0, 'unallocated_fraction': 1.0, 'self_queue_size': 0, 'max_group_size': 1, 'env_weight': 1.0}
[96m[ATROPOS][0m INFO:     127.0.0.1:61662 - "GET /status-env HTTP/1.1" 200 OK
[94m[GSM8K][0m INFO:atroposlib.envs.base:env_manager: Status dict: {'current_step': 0, 'queue_size': 0, 'unallocated_fraction': 1.0, 'self_queue_size': 0, 'max_group_size': 1, 'env_weight': 1.0}
[96m[ATROPOS][0m INFO:     127.0.0.1:61663 - "GET /status-env HTTP/1.1" 200 OK
[94m[GSM8K][0m INFO:atroposlib.envs.base:env_manager: Status dict: {'current_step': 0, 'queue_size': 0, 'unallocated_fraction': 1.0, 'self_queue_size': 0, 'max_group_size': 1, 'env_weight': 1.0}
[96m[ATROPOS][0m INFO:     127.0.0.1:61664 - "GET /status-env HTTP/1.1" 200 OK
[94m[GSM8K][0m INFO:atroposlib.envs.base:env_manager: Status dict: {'current_step': 0, 'queue_size': 0, 'unallocated_fraction': 1.0, 'self_queue_size': 0, 'max_group_size': 1, 'env_weight': 1.0}
[96m[ATROPOS][0m INFO:     127.0.0.1:61665 - "GET /batch HTTP/1.1" 200 OK
[96m[ATROPOS][0m INFO:     127.0.0.1:61666 - "GET /status-env HTTP/1.1" 200 OK
[94m[GSM8K][0m INFO:atroposlib.envs.base:env_manager: Status dict: {'current_step': 0, 'queue_size': 0, 'unallocated_fraction': 1.0, 'self_queue_size': 0, 'max_group_size': 1, 'env_weight': 1.0}
[96m[ATROPOS][0m INFO:     127.0.0.1:61667 - "GET /status-env HTTP/1.1" 200 OK
[94m[GSM8K][0m INFO:atroposlib.envs.base:env_manager: Status dict: {'current_step': 0, 'queue_size': 0, 'unallocated_fraction': 1.0, 'self_queue_size': 0, 'max_group_size': 1, 'env_weight': 1.0}
[96m[ATROPOS][0m INFO:     127.0.0.1:61668 - "GET /status-env HTTP/1.1" 200 OK
[94m[GSM8K][0m INFO:atroposlib.envs.base:env_manager: Status dict: {'current_step': 0, 'queue_size': 0, 'unallocated_fraction': 1.0, 'self_queue_size': 0, 'max_group_size': 1, 'env_weight': 1.0}
[96m[ATROPOS][0m INFO:     127.0.0.1:61669 - "GET /status-env HTTP/1.1" 200 OK
[94m[GSM8K][0m INFO:atroposlib.envs.base:env_manager: Status dict: {'current_step': 0, 'queue_size': 0, 'unallocated_fraction': 1.0, 'self_queue_size': 0, 'max_group_size': 1, 'env_weight': 1.0}
[96m[ATROPOS][0m INFO:     127.0.0.1:61670 - "GET /status-env HTTP/1.1" 200 OK
[94m[GSM8K][0m INFO:atroposlib.envs.base:env_manager: Status dict: {'current_step': 0, 'queue_size': 0, 'unallocated_fraction': 1.0, 'self_queue_size': 0, 'max_group_size': 1, 'env_weight': 1.0}
[96m[ATROPOS][0m INFO:     127.0.0.1:61671 - "GET /status-env HTTP/1.1" 200 OK
[94m[GSM8K][0m INFO:atroposlib.envs.base:env_manager: Status dict: {'current_step': 0, 'queue_size': 0, 'unallocated_fraction': 1.0, 'self_queue_size': 0, 'max_group_size': 1, 'env_weight': 1.0}
[96m[ATROPOS][0m INFO:     127.0.0.1:61672 - "GET /status-env HTTP/1.1" 200 OK
[94m[GSM8K][0m INFO:atroposlib.envs.base:env_manager: Status dict: {'current_step': 0, 'queue_size': 0, 'unallocated_fraction': 1.0, 'self_queue_size': 0, 'max_group_size': 1, 'env_weight': 1.0}
[96m[ATROPOS][0m INFO:     127.0.0.1:61673 - "GET /status-env HTTP/1.1" 200 OK
[94m[GSM8K][0m INFO:atroposlib.envs.base:env_manager: Status dict: {'current_step': 0, 'queue_size': 0, 'unallocated_fraction': 1.0, 'self_queue_size': 0, 'max_group_size': 1, 'env_weight': 1.0}
[96m[ATROPOS][0m INFO:     127.0.0.1:61674 - "GET /status-env HTTP/1.1" 200 OK
[94m[GSM8K][0m INFO:atroposlib.envs.base:env_manager: Status dict: {'current_step': 0, 'queue_size': 0, 'unallocated_fraction': 1.0, 'self_queue_size': 0, 'max_group_size': 1, 'env_weight': 1.0}
[96m[ATROPOS][0m INFO:     127.0.0.1:61675 - "GET /status-env HTTP/1.1" 200 OK
[94m[GSM8K][0m INFO:atroposlib.envs.base:env_manager: Status dict: {'current_step': 0, 'queue_size': 0, 'unallocated_fraction': 1.0, 'self_queue_size': 0, 'max_group_size': 1, 'env_weight': 1.0}
[96m[ATROPOS][0m INFO:     127.0.0.1:61676 - "GET /batch HTTP/1.1" 200 OK
[92m[TRAINER][0m INFO:root:Polling for batch... attempt 80
[96m[ATROPOS][0m INFO:     127.0.0.1:61677 - "GET /status-env HTTP/1.1" 200 OK
[94m[GSM8K][0m INFO:atroposlib.envs.base:env_manager: Status dict: {'current_step': 0, 'queue_size': 0, 'unallocated_fraction': 1.0, 'self_queue_size': 0, 'max_group_size': 1, 'env_weight': 1.0}
[96m[ATROPOS][0m INFO:     127.0.0.1:61678 - "GET /status-env HTTP/1.1" 200 OK
[94m[GSM8K][0m INFO:atroposlib.envs.base:env_manager: Status dict: {'current_step': 0, 'queue_size': 0, 'unallocated_fraction': 1.0, 'self_queue_size': 0, 'max_group_size': 1, 'env_weight': 1.0}
[96m[ATROPOS][0m INFO:     127.0.0.1:61679 - "GET /status-env HTTP/1.1" 200 OK
[94m[GSM8K][0m INFO:atroposlib.envs.base:env_manager: Status dict: {'current_step': 0, 'queue_size': 0, 'unallocated_fraction': 1.0, 'self_queue_size': 0, 'max_group_size': 1, 'env_weight': 1.0}
[96m[ATROPOS][0m INFO:     127.0.0.1:61680 - "GET /status-env HTTP/1.1" 200 OK
[94m[GSM8K][0m INFO:atroposlib.envs.base:env_manager: Status dict: {'current_step': 0, 'queue_size': 0, 'unallocated_fraction': 1.0, 'self_queue_size': 0, 'max_group_size': 1, 'env_weight': 1.0}
[96m[ATROPOS][0m INFO:     127.0.0.1:61681 - "GET /status-env HTTP/1.1" 200 OK
[94m[GSM8K][0m INFO:atroposlib.envs.base:env_manager: Status dict: {'current_step': 0, 'queue_size': 0, 'unallocated_fraction': 1.0, 'self_queue_size': 0, 'max_group_size': 1, 'env_weight': 1.0}
[96m[ATROPOS][0m INFO:     127.0.0.1:61682 - "GET /status-env HTTP/1.1" 200 OK
[94m[GSM8K][0m INFO:atroposlib.envs.base:env_manager: Status dict: {'current_step': 0, 'queue_size': 0, 'unallocated_fraction': 1.0, 'self_queue_size': 0, 'max_group_size': 1, 'env_weight': 1.0}
[96m[ATROPOS][0m INFO:     127.0.0.1:61683 - "GET /status-env HTTP/1.1" 200 OK
[94m[GSM8K][0m INFO:atroposlib.envs.base:env_manager: Status dict: {'current_step': 0, 'queue_size': 0, 'unallocated_fraction': 1.0, 'self_queue_size': 0, 'max_group_size': 1, 'env_weight': 1.0}
[96m[ATROPOS][0m INFO:     127.0.0.1:61684 - "GET /status-env HTTP/1.1" 200 OK
[94m[GSM8K][0m INFO:atroposlib.envs.base:env_manager: Status dict: {'current_step': 0, 'queue_size': 0, 'unallocated_fraction': 1.0, 'self_queue_size': 0, 'max_group_size': 1, 'env_weight': 1.0}
[96m[ATROPOS][0m INFO:     127.0.0.1:61691 - "GET /status-env HTTP/1.1" 200 OK
[94m[GSM8K][0m INFO:atroposlib.envs.base:env_manager: Status dict: {'current_step': 0, 'queue_size': 0, 'unallocated_fraction': 1.0, 'self_queue_size': 0, 'max_group_size': 1, 'env_weight': 1.0}
[96m[ATROPOS][0m INFO:     127.0.0.1:61692 - "GET /status-env HTTP/1.1" 200 OK
[94m[GSM8K][0m INFO:atroposlib.envs.base:env_manager: Status dict: {'current_step': 0, 'queue_size': 0, 'unallocated_fraction': 1.0, 'self_queue_size': 0, 'max_group_size': 1, 'env_weight': 1.0}
[96m[ATROPOS][0m INFO:     127.0.0.1:61693 - "GET /batch HTTP/1.1" 200 OK
[96m[ATROPOS][0m INFO:     127.0.0.1:61695 - "GET /status-env HTTP/1.1" 200 OK
[94m[GSM8K][0m INFO:atroposlib.envs.base:env_manager: Status dict: {'current_step': 0, 'queue_size': 0, 'unallocated_fraction': 1.0, 'self_queue_size': 0, 'max_group_size': 1, 'env_weight': 1.0}
[96m[ATROPOS][0m INFO:     127.0.0.1:61696 - "GET /status-env HTTP/1.1" 200 OK
[94m[GSM8K][0m INFO:atroposlib.envs.base:env_manager: Status dict: {'current_step': 0, 'queue_size': 0, 'unallocated_fraction': 1.0, 'self_queue_size': 0, 'max_group_size': 1, 'env_weight': 1.0}
[96m[ATROPOS][0m INFO:     127.0.0.1:61697 - "GET /status-env HTTP/1.1" 200 OK
[94m[GSM8K][0m INFO:atroposlib.envs.base:env_manager: Status dict: {'current_step': 0, 'queue_size': 0, 'unallocated_fraction': 1.0, 'self_queue_size': 0, 'max_group_size': 1, 'env_weight': 1.0}
[96m[ATROPOS][0m INFO:     127.0.0.1:61698 - "GET /status-env HTTP/1.1" 200 OK
[94m[GSM8K][0m INFO:atroposlib.envs.base:env_manager: Status dict: {'current_step': 0, 'queue_size': 0, 'unallocated_fraction': 1.0, 'self_queue_size': 0, 'max_group_size': 1, 'env_weight': 1.0}
[96m[ATROPOS][0m INFO:     127.0.0.1:61699 - "GET /status-env HTTP/1.1" 200 OK
[94m[GSM8K][0m INFO:atroposlib.envs.base:env_manager: Status dict: {'current_step': 0, 'queue_size': 0, 'unallocated_fraction': 1.0, 'self_queue_size': 0, 'max_group_size': 1, 'env_weight': 1.0}
[96m[ATROPOS][0m INFO:     127.0.0.1:61700 - "GET /status-env HTTP/1.1" 200 OK
[94m[GSM8K][0m INFO:atroposlib.envs.base:env_manager: Status dict: {'current_step': 0, 'queue_size': 0, 'unallocated_fraction': 1.0, 'self_queue_size': 0, 'max_group_size': 1, 'env_weight': 1.0}
[96m[ATROPOS][0m INFO:     127.0.0.1:61701 - "GET /status-env HTTP/1.1" 200 OK
[94m[GSM8K][0m INFO:atroposlib.envs.base:env_manager: Status dict: {'current_step': 0, 'queue_size': 0, 'unallocated_fraction': 1.0, 'self_queue_size': 0, 'max_group_size': 1, 'env_weight': 1.0}
[96m[ATROPOS][0m INFO:     127.0.0.1:61702 - "GET /status-env HTTP/1.1" 200 OK
[94m[GSM8K][0m INFO:atroposlib.envs.base:env_manager: Status dict: {'current_step': 0, 'queue_size': 0, 'unallocated_fraction': 1.0, 'self_queue_size': 0, 'max_group_size': 1, 'env_weight': 1.0}
[96m[ATROPOS][0m INFO:     127.0.0.1:61703 - "GET /status-env HTTP/1.1" 200 OK
[94m[GSM8K][0m INFO:atroposlib.envs.base:env_manager: Status dict: {'current_step': 0, 'queue_size': 0, 'unallocated_fraction': 1.0, 'self_queue_size': 0, 'max_group_size': 1, 'env_weight': 1.0}
[96m[ATROPOS][0m INFO:     127.0.0.1:61704 - "GET /batch HTTP/1.1" 200 OK
[96m[ATROPOS][0m INFO:     127.0.0.1:61705 - "GET /status-env HTTP/1.1" 200 OK
[94m[GSM8K][0m INFO:atroposlib.envs.base:env_manager: Status dict: {'current_step': 0, 'queue_size': 0, 'unallocated_fraction': 1.0, 'self_queue_size': 0, 'max_group_size': 1, 'env_weight': 1.0}
[96m[ATROPOS][0m INFO:     127.0.0.1:61706 - "GET /status-env HTTP/1.1" 200 OK
[94m[GSM8K][0m INFO:atroposlib.envs.base:env_manager: Status dict: {'current_step': 0, 'queue_size': 0, 'unallocated_fraction': 1.0, 'self_queue_size': 0, 'max_group_size': 1, 'env_weight': 1.0}
[96m[ATROPOS][0m INFO:     127.0.0.1:61707 - "GET /status-env HTTP/1.1" 200 OK
[94m[GSM8K][0m INFO:atroposlib.envs.base:env_manager: Status dict: {'current_step': 0, 'queue_size': 0, 'unallocated_fraction': 1.0, 'self_queue_size': 0, 'max_group_size': 1, 'env_weight': 1.0}
[96m[ATROPOS][0m INFO:     127.0.0.1:61708 - "GET /status-env HTTP/1.1" 200 OK
[94m[GSM8K][0m INFO:atroposlib.envs.base:env_manager: Status dict: {'current_step': 0, 'queue_size': 0, 'unallocated_fraction': 1.0, 'self_queue_size': 0, 'max_group_size': 1, 'env_weight': 1.0}
[96m[ATROPOS][0m INFO:     127.0.0.1:61709 - "GET /status-env HTTP/1.1" 200 OK
[94m[GSM8K][0m INFO:atroposlib.envs.base:env_manager: Status dict: {'current_step': 0, 'queue_size': 0, 'unallocated_fraction': 1.0, 'self_queue_size': 0, 'max_group_size': 1, 'env_weight': 1.0}
[96m[ATROPOS][0m INFO:     127.0.0.1:61710 - "GET /status-env HTTP/1.1" 200 OK
[94m[GSM8K][0m INFO:atroposlib.envs.base:env_manager: Status dict: {'current_step': 0, 'queue_size': 0, 'unallocated_fraction': 1.0, 'self_queue_size': 0, 'max_group_size': 1, 'env_weight': 1.0}
[96m[ATROPOS][0m INFO:     127.0.0.1:61711 - "GET /status-env HTTP/1.1" 200 OK
[94m[GSM8K][0m INFO:atroposlib.envs.base:env_manager: Status dict: {'current_step': 0, 'queue_size': 0, 'unallocated_fraction': 1.0, 'self_queue_size': 0, 'max_group_size': 1, 'env_weight': 1.0}
[96m[ATROPOS][0m INFO:     127.0.0.1:61712 - "GET /status-env HTTP/1.1" 200 OK
[94m[GSM8K][0m INFO:atroposlib.envs.base:env_manager: Status dict: {'current_step': 0, 'queue_size': 0, 'unallocated_fraction': 1.0, 'self_queue_size': 0, 'max_group_size': 1, 'env_weight': 1.0}
[96m[ATROPOS][0m INFO:     127.0.0.1:61713 - "GET /status-env HTTP/1.1" 200 OK
[94m[GSM8K][0m INFO:atroposlib.envs.base:env_manager: Status dict: {'current_step': 0, 'queue_size': 0, 'unallocated_fraction': 1.0, 'self_queue_size': 0, 'max_group_size': 1, 'env_weight': 1.0}
[96m[ATROPOS][0m INFO:     127.0.0.1:61714 - "GET /status-env HTTP/1.1" 200 OK
[94m[GSM8K][0m INFO:atroposlib.envs.base:env_manager: Status dict: {'current_step': 0, 'queue_size': 0, 'unallocated_fraction': 1.0, 'self_queue_size': 0, 'max_group_size': 1, 'env_weight': 1.0}
[96m[ATROPOS][0m INFO:     127.0.0.1:61715 - "GET /batch HTTP/1.1" 200 OK
[94m[GSM8K][0m INFO:atroposlib.envs.base:env_manager: Status dict: {'current_step': 0, 'queue_size': 0, 'unallocated_fraction': 1.0, 'self_queue_size': 0, 'max_group_size': 1, 'env_weight': 1.0}
[96m[ATROPOS][0m INFO:     127.0.0.1:61716 - "GET /status-env HTTP/1.1" 200 OK
[96m[ATROPOS][0m INFO:     127.0.0.1:61717 - "GET /status-env HTTP/1.1" 200 OK
[94m[GSM8K][0m INFO:atroposlib.envs.base:env_manager: Status dict: {'current_step': 0, 'queue_size': 0, 'unallocated_fraction': 1.0, 'self_queue_size': 0, 'max_group_size': 1, 'env_weight': 1.0}
[96m[ATROPOS][0m INFO:     127.0.0.1:61718 - "GET /status-env HTTP/1.1" 200 OK
[94m[GSM8K][0m INFO:atroposlib.envs.base:env_manager: Status dict: {'current_step': 0, 'queue_size': 0, 'unallocated_fraction': 1.0, 'self_queue_size': 0, 'max_group_size': 1, 'env_weight': 1.0}
[96m[ATROPOS][0m INFO:     127.0.0.1:61719 - "GET /status-env HTTP/1.1" 200 OK
[94m[GSM8K][0m INFO:atroposlib.envs.base:env_manager: Status dict: {'current_step': 0, 'queue_size': 0, 'unallocated_fraction': 1.0, 'self_queue_size': 0, 'max_group_size': 1, 'env_weight': 1.0}
[96m[ATROPOS][0m INFO:     127.0.0.1:61720 - "GET /status-env HTTP/1.1" 200 OK
[94m[GSM8K][0m INFO:atroposlib.envs.base:env_manager: Status dict: {'current_step': 0, 'queue_size': 0, 'unallocated_fraction': 1.0, 'self_queue_size': 0, 'max_group_size': 1, 'env_weight': 1.0}
[96m[ATROPOS][0m INFO:     127.0.0.1:61721 - "GET /status-env HTTP/1.1" 200 OK
[94m[GSM8K][0m INFO:atroposlib.envs.base:env_manager: Status dict: {'current_step': 0, 'queue_size': 0, 'unallocated_fraction': 1.0, 'self_queue_size': 0, 'max_group_size': 1, 'env_weight': 1.0}
[96m[ATROPOS][0m INFO:     127.0.0.1:61722 - "GET /status-env HTTP/1.1" 200 OK
[94m[GSM8K][0m INFO:atroposlib.envs.base:env_manager: Status dict: {'current_step': 0, 'queue_size': 0, 'unallocated_fraction': 1.0, 'self_queue_size': 0, 'max_group_size': 1, 'env_weight': 1.0}
[96m[ATROPOS][0m INFO:     127.0.0.1:61723 - "GET /status-env HTTP/1.1" 200 OK
[94m[GSM8K][0m INFO:atroposlib.envs.base:env_manager: Status dict: {'current_step': 0, 'queue_size': 0, 'unallocated_fraction': 1.0, 'self_queue_size': 0, 'max_group_size': 1, 'env_weight': 1.0}
[96m[ATROPOS][0m INFO:     127.0.0.1:61724 - "GET /status-env HTTP/1.1" 200 OK
[94m[GSM8K][0m INFO:atroposlib.envs.base:env_manager: Status dict: {'current_step': 0, 'queue_size': 0, 'unallocated_fraction': 1.0, 'self_queue_size': 0, 'max_group_size': 1, 'env_weight': 1.0}
[96m[ATROPOS][0m INFO:     127.0.0.1:61725 - "GET /status-env HTTP/1.1" 200 OK
[94m[GSM8K][0m INFO:atroposlib.envs.base:env_manager: Status dict: {'current_step': 0, 'queue_size': 0, 'unallocated_fraction': 1.0, 'self_queue_size': 0, 'max_group_size': 1, 'env_weight': 1.0}
[96m[ATROPOS][0m INFO:     127.0.0.1:61726 - "GET /batch HTTP/1.1" 200 OK
[96m[ATROPOS][0m INFO:     127.0.0.1:61727 - "GET /status-env HTTP/1.1" 200 OK
[94m[GSM8K][0m INFO:atroposlib.envs.base:env_manager: Status dict: {'current_step': 0, 'queue_size': 0, 'unallocated_fraction': 1.0, 'self_queue_size': 0, 'max_group_size': 1, 'env_weight': 1.0}
[96m[ATROPOS][0m INFO:     127.0.0.1:61728 - "GET /status-env HTTP/1.1" 200 OK
[94m[GSM8K][0m INFO:atroposlib.envs.base:env_manager: Status dict: {'current_step': 0, 'queue_size': 0, 'unallocated_fraction': 1.0, 'self_queue_size': 0, 'max_group_size': 1, 'env_weight': 1.0}
[96m[ATROPOS][0m INFO:     127.0.0.1:61729 - "GET /status-env HTTP/1.1" 200 OK
[94m[GSM8K][0m INFO:atroposlib.envs.base:env_manager: Status dict: {'current_step': 0, 'queue_size': 0, 'unallocated_fraction': 1.0, 'self_queue_size': 0, 'max_group_size': 1, 'env_weight': 1.0}
[96m[ATROPOS][0m INFO:     127.0.0.1:61730 - "GET /status-env HTTP/1.1" 200 OK
[94m[GSM8K][0m INFO:atroposlib.envs.base:env_manager: Status dict: {'current_step': 0, 'queue_size': 0, 'unallocated_fraction': 1.0, 'self_queue_size': 0, 'max_group_size': 1, 'env_weight': 1.0}
[96m[ATROPOS][0m INFO:     127.0.0.1:61731 - "GET /status-env HTTP/1.1" 200 OK
[94m[GSM8K][0m INFO:atroposlib.envs.base:env_manager: Status dict: {'current_step': 0, 'queue_size': 0, 'unallocated_fraction': 1.0, 'self_queue_size': 0, 'max_group_size': 1, 'env_weight': 1.0}
[96m[ATROPOS][0m INFO:     127.0.0.1:61732 - "GET /status-env HTTP/1.1" 200 OK
[94m[GSM8K][0m INFO:atroposlib.envs.base:env_manager: Status dict: {'current_step': 0, 'queue_size': 0, 'unallocated_fraction': 1.0, 'self_queue_size': 0, 'max_group_size': 1, 'env_weight': 1.0}
[96m[ATROPOS][0m INFO:     127.0.0.1:61733 - "GET /status-env HTTP/1.1" 200 OK
[94m[GSM8K][0m INFO:atroposlib.envs.base:env_manager: Status dict: {'current_step': 0, 'queue_size': 0, 'unallocated_fraction': 1.0, 'self_queue_size': 0, 'max_group_size': 1, 'env_weight': 1.0}
[96m[ATROPOS][0m INFO:     127.0.0.1:61734 - "GET /status-env HTTP/1.1" 200 OK
[94m[GSM8K][0m INFO:atroposlib.envs.base:env_manager: Status dict: {'current_step': 0, 'queue_size': 0, 'unallocated_fraction': 1.0, 'self_queue_size': 0, 'max_group_size': 1, 'env_weight': 1.0}
[96m[ATROPOS][0m INFO:     127.0.0.1:61735 - "GET /status-env HTTP/1.1" 200 OK
[94m[GSM8K][0m INFO:atroposlib.envs.base:env_manager: Status dict: {'current_step': 0, 'queue_size': 0, 'unallocated_fraction': 1.0, 'self_queue_size': 0, 'max_group_size': 1, 'env_weight': 1.0}
[96m[ATROPOS][0m INFO:     127.0.0.1:61736 - "GET /status-env HTTP/1.1" 200 OK
[94m[GSM8K][0m INFO:atroposlib.envs.base:env_manager: Status dict: {'current_step': 0, 'queue_size': 0, 'unallocated_fraction': 1.0, 'self_queue_size': 0, 'max_group_size': 1, 'env_weight': 1.0}
[96m[ATROPOS][0m INFO:     127.0.0.1:61737 - "GET /batch HTTP/1.1" 200 OK
[92m[TRAINER][0m INFO:root:Polling for batch... attempt 85
[96m[ATROPOS][0m INFO:     127.0.0.1:61738 - "GET /status-env HTTP/1.1" 200 OK
[94m[GSM8K][0m INFO:atroposlib.envs.base:env_manager: Status dict: {'current_step': 0, 'queue_size': 0, 'unallocated_fraction': 1.0, 'self_queue_size': 0, 'max_group_size': 1, 'env_weight': 1.0}
[96m[ATROPOS][0m INFO:     127.0.0.1:61739 - "GET /status-env HTTP/1.1" 200 OK
[94m[GSM8K][0m INFO:atroposlib.envs.base:env_manager: Status dict: {'current_step': 0, 'queue_size': 0, 'unallocated_fraction': 1.0, 'self_queue_size': 0, 'max_group_size': 1, 'env_weight': 1.0}
[96m[ATROPOS][0m INFO:     127.0.0.1:61740 - "GET /status-env HTTP/1.1" 200 OK
[94m[GSM8K][0m INFO:atroposlib.envs.base:env_manager: Status dict: {'current_step': 0, 'queue_size': 0, 'unallocated_fraction': 1.0, 'self_queue_size': 0, 'max_group_size': 1, 'env_weight': 1.0}
[96m[ATROPOS][0m INFO:     127.0.0.1:61741 - "GET /status-env HTTP/1.1" 200 OK
[94m[GSM8K][0m INFO:atroposlib.envs.base:env_manager: Status dict: {'current_step': 0, 'queue_size': 0, 'unallocated_fraction': 1.0, 'self_queue_size': 0, 'max_group_size': 1, 'env_weight': 1.0}
[96m[ATROPOS][0m INFO:     127.0.0.1:61742 - "GET /status-env HTTP/1.1" 200 OK
[94m[GSM8K][0m INFO:atroposlib.envs.base:env_manager: Status dict: {'current_step': 0, 'queue_size': 0, 'unallocated_fraction': 1.0, 'self_queue_size': 0, 'max_group_size': 1, 'env_weight': 1.0}
[96m[ATROPOS][0m INFO:     127.0.0.1:61743 - "GET /status-env HTTP/1.1" 200 OK
[94m[GSM8K][0m INFO:atroposlib.envs.base:env_manager: Status dict: {'current_step': 0, 'queue_size': 0, 'unallocated_fraction': 1.0, 'self_queue_size': 0, 'max_group_size': 1, 'env_weight': 1.0}
[96m[ATROPOS][0m INFO:     127.0.0.1:61744 - "GET /status-env HTTP/1.1" 200 OK
[94m[GSM8K][0m INFO:atroposlib.envs.base:env_manager: Status dict: {'current_step': 0, 'queue_size': 0, 'unallocated_fraction': 1.0, 'self_queue_size': 0, 'max_group_size': 1, 'env_weight': 1.0}
[96m[ATROPOS][0m INFO:     127.0.0.1:61745 - "GET /status-env HTTP/1.1" 200 OK
[94m[GSM8K][0m INFO:atroposlib.envs.base:env_manager: Status dict: {'current_step': 0, 'queue_size': 0, 'unallocated_fraction': 1.0, 'self_queue_size': 0, 'max_group_size': 1, 'env_weight': 1.0}
[96m[ATROPOS][0m INFO:     127.0.0.1:61746 - "GET /status-env HTTP/1.1" 200 OK
[94m[GSM8K][0m INFO:atroposlib.envs.base:env_manager: Status dict: {'current_step': 0, 'queue_size': 0, 'unallocated_fraction': 1.0, 'self_queue_size': 0, 'max_group_size': 1, 'env_weight': 1.0}
[96m[ATROPOS][0m INFO:     127.0.0.1:61747 - "GET /batch HTTP/1.1" 200 OK
[96m[ATROPOS][0m INFO:     127.0.0.1:61748 - "GET /status-env HTTP/1.1" 200 OK
[94m[GSM8K][0m INFO:atroposlib.envs.base:env_manager: Status dict: {'current_step': 0, 'queue_size': 0, 'unallocated_fraction': 1.0, 'self_queue_size': 0, 'max_group_size': 1, 'env_weight': 1.0}
[96m[ATROPOS][0m INFO:     127.0.0.1:61749 - "GET /status-env HTTP/1.1" 200 OK
[94m[GSM8K][0m INFO:atroposlib.envs.base:env_manager: Status dict: {'current_step': 0, 'queue_size': 0, 'unallocated_fraction': 1.0, 'self_queue_size': 0, 'max_group_size': 1, 'env_weight': 1.0}
[96m[ATROPOS][0m INFO:     127.0.0.1:61750 - "GET /status-env HTTP/1.1" 200 OK
[94m[GSM8K][0m INFO:atroposlib.envs.base:env_manager: Status dict: {'current_step': 0, 'queue_size': 0, 'unallocated_fraction': 1.0, 'self_queue_size': 0, 'max_group_size': 1, 'env_weight': 1.0}
[96m[ATROPOS][0m INFO:     127.0.0.1:61751 - "GET /status-env HTTP/1.1" 200 OK
[94m[GSM8K][0m INFO:atroposlib.envs.base:env_manager: Status dict: {'current_step': 0, 'queue_size': 0, 'unallocated_fraction': 1.0, 'self_queue_size': 0, 'max_group_size': 1, 'env_weight': 1.0}
[96m[ATROPOS][0m INFO:     127.0.0.1:61752 - "GET /status-env HTTP/1.1" 200 OK
[94m[GSM8K][0m INFO:atroposlib.envs.base:env_manager: Status dict: {'current_step': 0, 'queue_size': 0, 'unallocated_fraction': 1.0, 'self_queue_size': 0, 'max_group_size': 1, 'env_weight': 1.0}
[96m[ATROPOS][0m INFO:     127.0.0.1:61753 - "GET /status-env HTTP/1.1" 200 OK
[94m[GSM8K][0m INFO:atroposlib.envs.base:env_manager: Status dict: {'current_step': 0, 'queue_size': 0, 'unallocated_fraction': 1.0, 'self_queue_size': 0, 'max_group_size': 1, 'env_weight': 1.0}
[96m[ATROPOS][0m INFO:     127.0.0.1:61754 - "GET /status-env HTTP/1.1" 200 OK
[94m[GSM8K][0m INFO:atroposlib.envs.base:env_manager: Status dict: {'current_step': 0, 'queue_size': 0, 'unallocated_fraction': 1.0, 'self_queue_size': 0, 'max_group_size': 1, 'env_weight': 1.0}
[96m[ATROPOS][0m INFO:     127.0.0.1:61755 - "GET /status-env HTTP/1.1" 200 OK
[94m[GSM8K][0m INFO:atroposlib.envs.base:env_manager: Status dict: {'current_step': 0, 'queue_size': 0, 'unallocated_fraction': 1.0, 'self_queue_size': 0, 'max_group_size': 1, 'env_weight': 1.0}
[96m[ATROPOS][0m INFO:     127.0.0.1:61756 - "GET /status-env HTTP/1.1" 200 OK
[94m[GSM8K][0m INFO:atroposlib.envs.base:env_manager: Status dict: {'current_step': 0, 'queue_size': 0, 'unallocated_fraction': 1.0, 'self_queue_size': 0, 'max_group_size': 1, 'env_weight': 1.0}
[96m[ATROPOS][0m INFO:     127.0.0.1:61757 - "GET /status-env HTTP/1.1" 200 OK
[94m[GSM8K][0m INFO:atroposlib.envs.base:env_manager: Status dict: {'current_step': 0, 'queue_size': 0, 'unallocated_fraction': 1.0, 'self_queue_size': 0, 'max_group_size': 1, 'env_weight': 1.0}
[96m[ATROPOS][0m INFO:     127.0.0.1:61758 - "GET /batch HTTP/1.1" 200 OK
[96m[ATROPOS][0m INFO:     127.0.0.1:61759 - "GET /status-env HTTP/1.1" 200 OK
[94m[GSM8K][0m INFO:atroposlib.envs.base:env_manager: Status dict: {'current_step': 0, 'queue_size': 0, 'unallocated_fraction': 1.0, 'self_queue_size': 0, 'max_group_size': 1, 'env_weight': 1.0}
[96m[ATROPOS][0m INFO:     127.0.0.1:61760 - "GET /status-env HTTP/1.1" 200 OK
[94m[GSM8K][0m INFO:atroposlib.envs.base:env_manager: Status dict: {'current_step': 0, 'queue_size': 0, 'unallocated_fraction': 1.0, 'self_queue_size': 0, 'max_group_size': 1, 'env_weight': 1.0}
[96m[ATROPOS][0m INFO:     127.0.0.1:61761 - "GET /status-env HTTP/1.1" 200 OK
[94m[GSM8K][0m INFO:atroposlib.envs.base:env_manager: Status dict: {'current_step': 0, 'queue_size': 0, 'unallocated_fraction': 1.0, 'self_queue_size': 0, 'max_group_size': 1, 'env_weight': 1.0}
[96m[ATROPOS][0m INFO:     127.0.0.1:61762 - "GET /status-env HTTP/1.1" 200 OK
[94m[GSM8K][0m INFO:atroposlib.envs.base:env_manager: Status dict: {'current_step': 0, 'queue_size': 0, 'unallocated_fraction': 1.0, 'self_queue_size': 0, 'max_group_size': 1, 'env_weight': 1.0}
[96m[ATROPOS][0m INFO:     127.0.0.1:61763 - "GET /status-env HTTP/1.1" 200 OK
[94m[GSM8K][0m INFO:atroposlib.envs.base:env_manager: Status dict: {'current_step': 0, 'queue_size': 0, 'unallocated_fraction': 1.0, 'self_queue_size': 0, 'max_group_size': 1, 'env_weight': 1.0}
[96m[ATROPOS][0m INFO:     127.0.0.1:61765 - "GET /status-env HTTP/1.1" 200 OK
[94m[GSM8K][0m INFO:atroposlib.envs.base:env_manager: Status dict: {'current_step': 0, 'queue_size': 0, 'unallocated_fraction': 1.0, 'self_queue_size': 0, 'max_group_size': 1, 'env_weight': 1.0}
[96m[ATROPOS][0m INFO:     127.0.0.1:61768 - "GET /status-env HTTP/1.1" 200 OK
[94m[GSM8K][0m INFO:atroposlib.envs.base:env_manager: Status dict: {'current_step': 0, 'queue_size': 0, 'unallocated_fraction': 1.0, 'self_queue_size': 0, 'max_group_size': 1, 'env_weight': 1.0}
[96m[ATROPOS][0m INFO:     127.0.0.1:61769 - "GET /status-env HTTP/1.1" 200 OK
[94m[GSM8K][0m INFO:atroposlib.envs.base:env_manager: Status dict: {'current_step': 0, 'queue_size': 0, 'unallocated_fraction': 1.0, 'self_queue_size': 0, 'max_group_size': 1, 'env_weight': 1.0}
[96m[ATROPOS][0m INFO:     127.0.0.1:61770 - "GET /status-env HTTP/1.1" 200 OK
[94m[GSM8K][0m INFO:atroposlib.envs.base:env_manager: Status dict: {'current_step': 0, 'queue_size': 0, 'unallocated_fraction': 1.0, 'self_queue_size': 0, 'max_group_size': 1, 'env_weight': 1.0}
[96m[ATROPOS][0m INFO:     127.0.0.1:61771 - "GET /status-env HTTP/1.1" 200 OK
[94m[GSM8K][0m INFO:atroposlib.envs.base:env_manager: Status dict: {'current_step': 0, 'queue_size': 0, 'unallocated_fraction': 1.0, 'self_queue_size': 0, 'max_group_size': 1, 'env_weight': 1.0}
[96m[ATROPOS][0m INFO:     127.0.0.1:61772 - "GET /batch HTTP/1.1" 200 OK
[96m[ATROPOS][0m INFO:     127.0.0.1:61773 - "GET /status-env HTTP/1.1" 200 OK
[94m[GSM8K][0m INFO:atroposlib.envs.base:env_manager: Status dict: {'current_step': 0, 'queue_size': 0, 'unallocated_fraction': 1.0, 'self_queue_size': 0, 'max_group_size': 1, 'env_weight': 1.0}
[96m[ATROPOS][0m INFO:     127.0.0.1:61774 - "GET /status-env HTTP/1.1" 200 OK
[94m[GSM8K][0m INFO:atroposlib.envs.base:env_manager: Status dict: {'current_step': 0, 'queue_size': 0, 'unallocated_fraction': 1.0, 'self_queue_size': 0, 'max_group_size': 1, 'env_weight': 1.0}
[96m[ATROPOS][0m INFO:     127.0.0.1:61775 - "GET /status-env HTTP/1.1" 200 OK
[94m[GSM8K][0m INFO:atroposlib.envs.base:env_manager: Status dict: {'current_step': 0, 'queue_size': 0, 'unallocated_fraction': 1.0, 'self_queue_size': 0, 'max_group_size': 1, 'env_weight': 1.0}
[96m[ATROPOS][0m INFO:     127.0.0.1:61776 - "GET /status-env HTTP/1.1" 200 OK
[94m[GSM8K][0m INFO:atroposlib.envs.base:env_manager: Status dict: {'current_step': 0, 'queue_size': 0, 'unallocated_fraction': 1.0, 'self_queue_size': 0, 'max_group_size': 1, 'env_weight': 1.0}
[96m[ATROPOS][0m INFO:     127.0.0.1:61777 - "GET /status-env HTTP/1.1" 200 OK
[94m[GSM8K][0m INFO:atroposlib.envs.base:env_manager: Status dict: {'current_step': 0, 'queue_size': 0, 'unallocated_fraction': 1.0, 'self_queue_size': 0, 'max_group_size': 1, 'env_weight': 1.0}
[96m[ATROPOS][0m INFO:     127.0.0.1:61778 - "GET /status-env HTTP/1.1" 200 OK
[94m[GSM8K][0m INFO:atroposlib.envs.base:env_manager: Status dict: {'current_step': 0, 'queue_size': 0, 'unallocated_fraction': 1.0, 'self_queue_size': 0, 'max_group_size': 1, 'env_weight': 1.0}
[96m[ATROPOS][0m INFO:     127.0.0.1:61779 - "GET /status-env HTTP/1.1" 200 OK
[94m[GSM8K][0m INFO:atroposlib.envs.base:env_manager: Status dict: {'current_step': 0, 'queue_size': 0, 'unallocated_fraction': 1.0, 'self_queue_size': 0, 'max_group_size': 1, 'env_weight': 1.0}
[96m[ATROPOS][0m INFO:     127.0.0.1:61780 - "GET /status-env HTTP/1.1" 200 OK
[94m[GSM8K][0m INFO:atroposlib.envs.base:env_manager: Status dict: {'current_step': 0, 'queue_size': 0, 'unallocated_fraction': 1.0, 'self_queue_size': 0, 'max_group_size': 1, 'env_weight': 1.0}
[96m[ATROPOS][0m INFO:     127.0.0.1:61781 - "GET /status-env HTTP/1.1" 200 OK
[94m[GSM8K][0m INFO:atroposlib.envs.base:env_manager: Status dict: {'current_step': 0, 'queue_size': 0, 'unallocated_fraction': 1.0, 'self_queue_size': 0, 'max_group_size': 1, 'env_weight': 1.0}
[96m[ATROPOS][0m INFO:     127.0.0.1:61782 - "GET /batch HTTP/1.1" 200 OK
[96m[ATROPOS][0m INFO:     127.0.0.1:61783 - "GET /status-env HTTP/1.1" 200 OK
[94m[GSM8K][0m INFO:atroposlib.envs.base:env_manager: Status dict: {'current_step': 0, 'queue_size': 0, 'unallocated_fraction': 1.0, 'self_queue_size': 0, 'max_group_size': 1, 'env_weight': 1.0}
[96m[ATROPOS][0m INFO:     127.0.0.1:61789 - "GET /status-env HTTP/1.1" 200 OK
[94m[GSM8K][0m INFO:atroposlib.envs.base:env_manager: Status dict: {'current_step': 0, 'queue_size': 0, 'unallocated_fraction': 1.0, 'self_queue_size': 0, 'max_group_size': 1, 'env_weight': 1.0}
[96m[ATROPOS][0m INFO:     127.0.0.1:61790 - "GET /status-env HTTP/1.1" 200 OK
[94m[GSM8K][0m INFO:atroposlib.envs.base:env_manager: Status dict: {'current_step': 0, 'queue_size': 0, 'unallocated_fraction': 1.0, 'self_queue_size': 0, 'max_group_size': 1, 'env_weight': 1.0}
[96m[ATROPOS][0m INFO:     127.0.0.1:61792 - "GET /status-env HTTP/1.1" 200 OK
[94m[GSM8K][0m INFO:atroposlib.envs.base:env_manager: Status dict: {'current_step': 0, 'queue_size': 0, 'unallocated_fraction': 1.0, 'self_queue_size': 0, 'max_group_size': 1, 'env_weight': 1.0}
[96m[ATROPOS][0m INFO:     127.0.0.1:61793 - "GET /status-env HTTP/1.1" 200 OK
[94m[GSM8K][0m INFO:atroposlib.envs.base:env_manager: Status dict: {'current_step': 0, 'queue_size': 0, 'unallocated_fraction': 1.0, 'self_queue_size': 0, 'max_group_size': 1, 'env_weight': 1.0}
[96m[ATROPOS][0m INFO:     127.0.0.1:61794 - "GET /status-env HTTP/1.1" 200 OK
[94m[GSM8K][0m INFO:atroposlib.envs.base:env_manager: Status dict: {'current_step': 0, 'queue_size': 0, 'unallocated_fraction': 1.0, 'self_queue_size': 0, 'max_group_size': 1, 'env_weight': 1.0}
[96m[ATROPOS][0m INFO:     127.0.0.1:61795 - "GET /status-env HTTP/1.1" 200 OK
[94m[GSM8K][0m INFO:atroposlib.envs.base:env_manager: Status dict: {'current_step': 0, 'queue_size': 0, 'unallocated_fraction': 1.0, 'self_queue_size': 0, 'max_group_size': 1, 'env_weight': 1.0}
[96m[ATROPOS][0m INFO:     127.0.0.1:61796 - "GET /status-env HTTP/1.1" 200 OK
[94m[GSM8K][0m INFO:atroposlib.envs.base:env_manager: Status dict: {'current_step': 0, 'queue_size': 0, 'unallocated_fraction': 1.0, 'self_queue_size': 0, 'max_group_size': 1, 'env_weight': 1.0}
[96m[ATROPOS][0m INFO:     127.0.0.1:61797 - "GET /status-env HTTP/1.1" 200 OK
[94m[GSM8K][0m INFO:atroposlib.envs.base:env_manager: Status dict: {'current_step': 0, 'queue_size': 0, 'unallocated_fraction': 1.0, 'self_queue_size': 0, 'max_group_size': 1, 'env_weight': 1.0}
[96m[ATROPOS][0m INFO:     127.0.0.1:61798 - "GET /status-env HTTP/1.1" 200 OK
[94m[GSM8K][0m INFO:atroposlib.envs.base:env_manager: Status dict: {'current_step': 0, 'queue_size': 0, 'unallocated_fraction': 1.0, 'self_queue_size': 0, 'max_group_size': 1, 'env_weight': 1.0}
[96m[ATROPOS][0m INFO:     127.0.0.1:61799 - "GET /batch HTTP/1.1" 200 OK
[92m[TRAINER][0m INFO:root:Polling for batch... attempt 90
[96m[ATROPOS][0m INFO:     127.0.0.1:61800 - "GET /status-env HTTP/1.1" 200 OK
[94m[GSM8K][0m INFO:atroposlib.envs.base:env_manager: Status dict: {'current_step': 0, 'queue_size': 0, 'unallocated_fraction': 1.0, 'self_queue_size': 0, 'max_group_size': 1, 'env_weight': 1.0}
[96m[ATROPOS][0m INFO:     127.0.0.1:61801 - "GET /status-env HTTP/1.1" 200 OK
[94m[GSM8K][0m INFO:atroposlib.envs.base:env_manager: Status dict: {'current_step': 0, 'queue_size': 0, 'unallocated_fraction': 1.0, 'self_queue_size': 0, 'max_group_size': 1, 'env_weight': 1.0}
[96m[ATROPOS][0m INFO:     127.0.0.1:61802 - "GET /status-env HTTP/1.1" 200 OK
[94m[GSM8K][0m INFO:atroposlib.envs.base:env_manager: Status dict: {'current_step': 0, 'queue_size': 0, 'unallocated_fraction': 1.0, 'self_queue_size': 0, 'max_group_size': 1, 'env_weight': 1.0}
[96m[ATROPOS][0m INFO:     127.0.0.1:61803 - "GET /status-env HTTP/1.1" 200 OK
[94m[GSM8K][0m INFO:atroposlib.envs.base:env_manager: Status dict: {'current_step': 0, 'queue_size': 0, 'unallocated_fraction': 1.0, 'self_queue_size': 0, 'max_group_size': 1, 'env_weight': 1.0}
[96m[ATROPOS][0m INFO:     127.0.0.1:61804 - "GET /status-env HTTP/1.1" 200 OK
[94m[GSM8K][0m INFO:atroposlib.envs.base:env_manager: Status dict: {'current_step': 0, 'queue_size': 0, 'unallocated_fraction': 1.0, 'self_queue_size': 0, 'max_group_size': 1, 'env_weight': 1.0}
[96m[ATROPOS][0m INFO:     127.0.0.1:61805 - "GET /status-env HTTP/1.1" 200 OK
[94m[GSM8K][0m INFO:atroposlib.envs.base:env_manager: Status dict: {'current_step': 0, 'queue_size': 0, 'unallocated_fraction': 1.0, 'self_queue_size': 0, 'max_group_size': 1, 'env_weight': 1.0}
[96m[ATROPOS][0m INFO:     127.0.0.1:61806 - "GET /status-env HTTP/1.1" 200 OK
[94m[GSM8K][0m INFO:atroposlib.envs.base:env_manager: Status dict: {'current_step': 0, 'queue_size': 0, 'unallocated_fraction': 1.0, 'self_queue_size': 0, 'max_group_size': 1, 'env_weight': 1.0}
[96m[ATROPOS][0m INFO:     127.0.0.1:61807 - "GET /status-env HTTP/1.1" 200 OK
[94m[GSM8K][0m INFO:atroposlib.envs.base:env_manager: Status dict: {'current_step': 0, 'queue_size': 0, 'unallocated_fraction': 1.0, 'self_queue_size': 0, 'max_group_size': 1, 'env_weight': 1.0}
[96m[ATROPOS][0m INFO:     127.0.0.1:61811 - "GET /status-env HTTP/1.1" 200 OK
[94m[GSM8K][0m INFO:atroposlib.envs.base:env_manager: Status dict: {'current_step': 0, 'queue_size': 0, 'unallocated_fraction': 1.0, 'self_queue_size': 0, 'max_group_size': 1, 'env_weight': 1.0}
[96m[ATROPOS][0m INFO:     127.0.0.1:61812 - "GET /status-env HTTP/1.1" 200 OK
[94m[GSM8K][0m INFO:atroposlib.envs.base:env_manager: Status dict: {'current_step': 0, 'queue_size': 0, 'unallocated_fraction': 1.0, 'self_queue_size': 0, 'max_group_size': 1, 'env_weight': 1.0}
[96m[ATROPOS][0m INFO:     127.0.0.1:61813 - "GET /batch HTTP/1.1" 200 OK
[96m[ATROPOS][0m INFO:     127.0.0.1:61814 - "GET /status-env HTTP/1.1" 200 OK
[94m[GSM8K][0m INFO:atroposlib.envs.base:env_manager: Status dict: {'current_step': 0, 'queue_size': 0, 'unallocated_fraction': 1.0, 'self_queue_size': 0, 'max_group_size': 1, 'env_weight': 1.0}
[96m[ATROPOS][0m INFO:     127.0.0.1:61815 - "GET /status-env HTTP/1.1" 200 OK
[94m[GSM8K][0m INFO:atroposlib.envs.base:env_manager: Status dict: {'current_step': 0, 'queue_size': 0, 'unallocated_fraction': 1.0, 'self_queue_size': 0, 'max_group_size': 1, 'env_weight': 1.0}
[96m[ATROPOS][0m INFO:     127.0.0.1:61816 - "GET /status-env HTTP/1.1" 200 OK
[94m[GSM8K][0m INFO:atroposlib.envs.base:env_manager: Status dict: {'current_step': 0, 'queue_size': 0, 'unallocated_fraction': 1.0, 'self_queue_size': 0, 'max_group_size': 1, 'env_weight': 1.0}
[96m[ATROPOS][0m INFO:     127.0.0.1:61817 - "GET /status-env HTTP/1.1" 200 OK
[94m[GSM8K][0m INFO:atroposlib.envs.base:env_manager: Status dict: {'current_step': 0, 'queue_size': 0, 'unallocated_fraction': 1.0, 'self_queue_size': 0, 'max_group_size': 1, 'env_weight': 1.0}
[96m[ATROPOS][0m INFO:     127.0.0.1:61818 - "GET /status-env HTTP/1.1" 200 OK
[94m[GSM8K][0m INFO:atroposlib.envs.base:env_manager: Status dict: {'current_step': 0, 'queue_size': 0, 'unallocated_fraction': 1.0, 'self_queue_size': 0, 'max_group_size': 1, 'env_weight': 1.0}
[96m[ATROPOS][0m INFO:     127.0.0.1:61819 - "GET /status-env HTTP/1.1" 200 OK
[94m[GSM8K][0m INFO:atroposlib.envs.base:env_manager: Status dict: {'current_step': 0, 'queue_size': 0, 'unallocated_fraction': 1.0, 'self_queue_size': 0, 'max_group_size': 1, 'env_weight': 1.0}
[96m[ATROPOS][0m INFO:     127.0.0.1:61820 - "GET /status-env HTTP/1.1" 200 OK
[94m[GSM8K][0m INFO:atroposlib.envs.base:env_manager: Status dict: {'current_step': 0, 'queue_size': 0, 'unallocated_fraction': 1.0, 'self_queue_size': 0, 'max_group_size': 1, 'env_weight': 1.0}
[96m[ATROPOS][0m INFO:     127.0.0.1:61821 - "GET /status-env HTTP/1.1" 200 OK
[94m[GSM8K][0m INFO:atroposlib.envs.base:env_manager: Status dict: {'current_step': 0, 'queue_size': 0, 'unallocated_fraction': 1.0, 'self_queue_size': 0, 'max_group_size': 1, 'env_weight': 1.0}
[96m[ATROPOS][0m INFO:     127.0.0.1:61822 - "GET /status-env HTTP/1.1" 200 OK
[94m[GSM8K][0m INFO:atroposlib.envs.base:env_manager: Status dict: {'current_step': 0, 'queue_size': 0, 'unallocated_fraction': 1.0, 'self_queue_size': 0, 'max_group_size': 1, 'env_weight': 1.0}
[96m[ATROPOS][0m INFO:     127.0.0.1:61824 - "GET /batch HTTP/1.1" 200 OK
[96m[ATROPOS][0m INFO:     127.0.0.1:61823 - "GET /status-env HTTP/1.1" 200 OK
[94m[GSM8K][0m INFO:atroposlib.envs.base:env_manager: Status dict: {'current_step': 0, 'queue_size': 0, 'unallocated_fraction': 1.0, 'self_queue_size': 0, 'max_group_size': 1, 'env_weight': 1.0}
[96m[ATROPOS][0m INFO:     127.0.0.1:61825 - "GET /status-env HTTP/1.1" 200 OK
[94m[GSM8K][0m INFO:atroposlib.envs.base:env_manager: Status dict: {'current_step': 0, 'queue_size': 0, 'unallocated_fraction': 1.0, 'self_queue_size': 0, 'max_group_size': 1, 'env_weight': 1.0}
[96m[ATROPOS][0m INFO:     127.0.0.1:61826 - "GET /status-env HTTP/1.1" 200 OK
[94m[GSM8K][0m INFO:atroposlib.envs.base:env_manager: Status dict: {'current_step': 0, 'queue_size': 0, 'unallocated_fraction': 1.0, 'self_queue_size': 0, 'max_group_size': 1, 'env_weight': 1.0}
[96m[ATROPOS][0m INFO:     127.0.0.1:61827 - "GET /status-env HTTP/1.1" 200 OK
[94m[GSM8K][0m INFO:atroposlib.envs.base:env_manager: Status dict: {'current_step': 0, 'queue_size': 0, 'unallocated_fraction': 1.0, 'self_queue_size': 0, 'max_group_size': 1, 'env_weight': 1.0}
[96m[ATROPOS][0m INFO:     127.0.0.1:61828 - "GET /status-env HTTP/1.1" 200 OK
[94m[GSM8K][0m INFO:atroposlib.envs.base:env_manager: Status dict: {'current_step': 0, 'queue_size': 0, 'unallocated_fraction': 1.0, 'self_queue_size': 0, 'max_group_size': 1, 'env_weight': 1.0}
[96m[ATROPOS][0m INFO:     127.0.0.1:61829 - "GET /status-env HTTP/1.1" 200 OK
[94m[GSM8K][0m INFO:atroposlib.envs.base:env_manager: Status dict: {'current_step': 0, 'queue_size': 0, 'unallocated_fraction': 1.0, 'self_queue_size': 0, 'max_group_size': 1, 'env_weight': 1.0}
[96m[ATROPOS][0m INFO:     127.0.0.1:61830 - "GET /status-env HTTP/1.1" 200 OK
[94m[GSM8K][0m INFO:atroposlib.envs.base:env_manager: Status dict: {'current_step': 0, 'queue_size': 0, 'unallocated_fraction': 1.0, 'self_queue_size': 0, 'max_group_size': 1, 'env_weight': 1.0}
[96m[ATROPOS][0m INFO:     127.0.0.1:61831 - "GET /status-env HTTP/1.1" 200 OK
[94m[GSM8K][0m INFO:atroposlib.envs.base:env_manager: Status dict: {'current_step': 0, 'queue_size': 0, 'unallocated_fraction': 1.0, 'self_queue_size': 0, 'max_group_size': 1, 'env_weight': 1.0}
[96m[ATROPOS][0m INFO:     127.0.0.1:61832 - "GET /status-env HTTP/1.1" 200 OK
[94m[GSM8K][0m INFO:atroposlib.envs.base:env_manager: Status dict: {'current_step': 0, 'queue_size': 0, 'unallocated_fraction': 1.0, 'self_queue_size': 0, 'max_group_size': 1, 'env_weight': 1.0}
[96m[ATROPOS][0m INFO:     127.0.0.1:61833 - "GET /status-env HTTP/1.1" 200 OK
[94m[GSM8K][0m INFO:atroposlib.envs.base:env_manager: Status dict: {'current_step': 0, 'queue_size': 0, 'unallocated_fraction': 1.0, 'self_queue_size': 0, 'max_group_size': 1, 'env_weight': 1.0}
[96m[ATROPOS][0m INFO:     127.0.0.1:61834 - "GET /batch HTTP/1.1" 200 OK
[96m[ATROPOS][0m INFO:     127.0.0.1:61835 - "GET /status-env HTTP/1.1" 200 OK
[94m[GSM8K][0m INFO:atroposlib.envs.base:env_manager: Status dict: {'current_step': 0, 'queue_size': 0, 'unallocated_fraction': 1.0, 'self_queue_size': 0, 'max_group_size': 1, 'env_weight': 1.0}
[96m[ATROPOS][0m INFO:     127.0.0.1:61836 - "GET /status-env HTTP/1.1" 200 OK
[94m[GSM8K][0m INFO:atroposlib.envs.base:env_manager: Status dict: {'current_step': 0, 'queue_size': 0, 'unallocated_fraction': 1.0, 'self_queue_size': 0, 'max_group_size': 1, 'env_weight': 1.0}
[96m[ATROPOS][0m INFO:     127.0.0.1:61837 - "GET /status-env HTTP/1.1" 200 OK
[94m[GSM8K][0m INFO:atroposlib.envs.base:env_manager: Status dict: {'current_step': 0, 'queue_size': 0, 'unallocated_fraction': 1.0, 'self_queue_size': 0, 'max_group_size': 1, 'env_weight': 1.0}
[96m[ATROPOS][0m INFO:     127.0.0.1:61838 - "GET /status-env HTTP/1.1" 200 OK
[94m[GSM8K][0m INFO:atroposlib.envs.base:env_manager: Status dict: {'current_step': 0, 'queue_size': 0, 'unallocated_fraction': 1.0, 'self_queue_size': 0, 'max_group_size': 1, 'env_weight': 1.0}
[96m[ATROPOS][0m INFO:     127.0.0.1:61839 - "GET /status-env HTTP/1.1" 200 OK
[94m[GSM8K][0m INFO:atroposlib.envs.base:env_manager: Status dict: {'current_step': 0, 'queue_size': 0, 'unallocated_fraction': 1.0, 'self_queue_size': 0, 'max_group_size': 1, 'env_weight': 1.0}
[96m[ATROPOS][0m INFO:     127.0.0.1:61840 - "GET /status-env HTTP/1.1" 200 OK
[94m[GSM8K][0m INFO:atroposlib.envs.base:env_manager: Status dict: {'current_step': 0, 'queue_size': 0, 'unallocated_fraction': 1.0, 'self_queue_size': 0, 'max_group_size': 1, 'env_weight': 1.0}
[96m[ATROPOS][0m INFO:     127.0.0.1:61841 - "GET /status-env HTTP/1.1" 200 OK
[94m[GSM8K][0m INFO:atroposlib.envs.base:env_manager: Status dict: {'current_step': 0, 'queue_size': 0, 'unallocated_fraction': 1.0, 'self_queue_size': 0, 'max_group_size': 1, 'env_weight': 1.0}
[96m[ATROPOS][0m INFO:     127.0.0.1:61842 - "GET /status-env HTTP/1.1" 200 OK
[94m[GSM8K][0m INFO:atroposlib.envs.base:env_manager: Status dict: {'current_step': 0, 'queue_size': 0, 'unallocated_fraction': 1.0, 'self_queue_size': 0, 'max_group_size': 1, 'env_weight': 1.0}
[96m[ATROPOS][0m INFO:     127.0.0.1:61843 - "GET /status-env HTTP/1.1" 200 OK
[94m[GSM8K][0m INFO:atroposlib.envs.base:env_manager: Status dict: {'current_step': 0, 'queue_size': 0, 'unallocated_fraction': 1.0, 'self_queue_size': 0, 'max_group_size': 1, 'env_weight': 1.0}
[96m[ATROPOS][0m INFO:     127.0.0.1:61844 - "GET /status-env HTTP/1.1" 200 OK
[94m[GSM8K][0m INFO:atroposlib.envs.base:env_manager: Status dict: {'current_step': 0, 'queue_size': 0, 'unallocated_fraction': 1.0, 'self_queue_size': 0, 'max_group_size': 1, 'env_weight': 1.0}
[96m[ATROPOS][0m INFO:     127.0.0.1:61845 - "GET /batch HTTP/1.1" 200 OK
[96m[ATROPOS][0m INFO:     127.0.0.1:61846 - "GET /status-env HTTP/1.1" 200 OK
[94m[GSM8K][0m INFO:atroposlib.envs.base:env_manager: Status dict: {'current_step': 0, 'queue_size': 0, 'unallocated_fraction': 1.0, 'self_queue_size': 0, 'max_group_size': 1, 'env_weight': 1.0}
[96m[ATROPOS][0m INFO:     127.0.0.1:61847 - "GET /status-env HTTP/1.1" 200 OK
[94m[GSM8K][0m INFO:atroposlib.envs.base:env_manager: Status dict: {'current_step': 0, 'queue_size': 0, 'unallocated_fraction': 1.0, 'self_queue_size': 0, 'max_group_size': 1, 'env_weight': 1.0}
[96m[ATROPOS][0m INFO:     127.0.0.1:61848 - "GET /status-env HTTP/1.1" 200 OK
[94m[GSM8K][0m INFO:atroposlib.envs.base:env_manager: Status dict: {'current_step': 0, 'queue_size': 0, 'unallocated_fraction': 1.0, 'self_queue_size': 0, 'max_group_size': 1, 'env_weight': 1.0}
[96m[ATROPOS][0m INFO:     127.0.0.1:61849 - "GET /status-env HTTP/1.1" 200 OK
[94m[GSM8K][0m INFO:atroposlib.envs.base:env_manager: Status dict: {'current_step': 0, 'queue_size': 0, 'unallocated_fraction': 1.0, 'self_queue_size': 0, 'max_group_size': 1, 'env_weight': 1.0}
[96m[ATROPOS][0m INFO:     127.0.0.1:61850 - "GET /status-env HTTP/1.1" 200 OK
[94m[GSM8K][0m INFO:atroposlib.envs.base:env_manager: Status dict: {'current_step': 0, 'queue_size': 0, 'unallocated_fraction': 1.0, 'self_queue_size': 0, 'max_group_size': 1, 'env_weight': 1.0}
[96m[ATROPOS][0m INFO:     127.0.0.1:61851 - "GET /status-env HTTP/1.1" 200 OK
[94m[GSM8K][0m INFO:atroposlib.envs.base:env_manager: Status dict: {'current_step': 0, 'queue_size': 0, 'unallocated_fraction': 1.0, 'self_queue_size': 0, 'max_group_size': 1, 'env_weight': 1.0}
[96m[ATROPOS][0m INFO:     127.0.0.1:61852 - "GET /status-env HTTP/1.1" 200 OK
[94m[GSM8K][0m INFO:atroposlib.envs.base:env_manager: Status dict: {'current_step': 0, 'queue_size': 0, 'unallocated_fraction': 1.0, 'self_queue_size': 0, 'max_group_size': 1, 'env_weight': 1.0}
[96m[ATROPOS][0m INFO:     127.0.0.1:61853 - "GET /status-env HTTP/1.1" 200 OK
[94m[GSM8K][0m INFO:atroposlib.envs.base:env_manager: Status dict: {'current_step': 0, 'queue_size': 0, 'unallocated_fraction': 1.0, 'self_queue_size': 0, 'max_group_size': 1, 'env_weight': 1.0}
[96m[ATROPOS][0m INFO:     127.0.0.1:61854 - "GET /status-env HTTP/1.1" 200 OK
[94m[GSM8K][0m INFO:atroposlib.envs.base:env_manager: Status dict: {'current_step': 0, 'queue_size': 0, 'unallocated_fraction': 1.0, 'self_queue_size': 0, 'max_group_size': 1, 'env_weight': 1.0}
[96m[ATROPOS][0m INFO:     127.0.0.1:61855 - "GET /batch HTTP/1.1" 200 OK
[92m[TRAINER][0m INFO:root:Polling for batch... attempt 95
[96m[ATROPOS][0m INFO:     127.0.0.1:61856 - "GET /status-env HTTP/1.1" 200 OK
[94m[GSM8K][0m INFO:atroposlib.envs.base:env_manager: Status dict: {'current_step': 0, 'queue_size': 0, 'unallocated_fraction': 1.0, 'self_queue_size': 0, 'max_group_size': 1, 'env_weight': 1.0}
[96m[ATROPOS][0m INFO:     127.0.0.1:61857 - "GET /status-env HTTP/1.1" 200 OK
[94m[GSM8K][0m INFO:atroposlib.envs.base:env_manager: Status dict: {'current_step': 0, 'queue_size': 0, 'unallocated_fraction': 1.0, 'self_queue_size': 0, 'max_group_size': 1, 'env_weight': 1.0}
[96m[ATROPOS][0m INFO:     127.0.0.1:61858 - "GET /status-env HTTP/1.1" 200 OK
[94m[GSM8K][0m INFO:atroposlib.envs.base:env_manager: Status dict: {'current_step': 0, 'queue_size': 0, 'unallocated_fraction': 1.0, 'self_queue_size': 0, 'max_group_size': 1, 'env_weight': 1.0}
[96m[ATROPOS][0m INFO:     127.0.0.1:61859 - "GET /status-env HTTP/1.1" 200 OK
[94m[GSM8K][0m INFO:atroposlib.envs.base:env_manager: Status dict: {'current_step': 0, 'queue_size': 0, 'unallocated_fraction': 1.0, 'self_queue_size': 0, 'max_group_size': 1, 'env_weight': 1.0}
[96m[ATROPOS][0m INFO:     127.0.0.1:61860 - "GET /status-env HTTP/1.1" 200 OK
[94m[GSM8K][0m INFO:atroposlib.envs.base:env_manager: Status dict: {'current_step': 0, 'queue_size': 0, 'unallocated_fraction': 1.0, 'self_queue_size': 0, 'max_group_size': 1, 'env_weight': 1.0}
[96m[ATROPOS][0m INFO:     127.0.0.1:61861 - "GET /status-env HTTP/1.1" 200 OK
[94m[GSM8K][0m INFO:atroposlib.envs.base:env_manager: Status dict: {'current_step': 0, 'queue_size': 0, 'unallocated_fraction': 1.0, 'self_queue_size': 0, 'max_group_size': 1, 'env_weight': 1.0}
[96m[ATROPOS][0m INFO:     127.0.0.1:61862 - "GET /status-env HTTP/1.1" 200 OK
[94m[GSM8K][0m INFO:atroposlib.envs.base:env_manager: Status dict: {'current_step': 0, 'queue_size': 0, 'unallocated_fraction': 1.0, 'self_queue_size': 0, 'max_group_size': 1, 'env_weight': 1.0}
[96m[ATROPOS][0m INFO:     127.0.0.1:61863 - "GET /status-env HTTP/1.1" 200 OK
[94m[GSM8K][0m INFO:atroposlib.envs.base:env_manager: Status dict: {'current_step': 0, 'queue_size': 0, 'unallocated_fraction': 1.0, 'self_queue_size': 0, 'max_group_size': 1, 'env_weight': 1.0}
[96m[ATROPOS][0m INFO:     127.0.0.1:61864 - "GET /status-env HTTP/1.1" 200 OK
[94m[GSM8K][0m INFO:atroposlib.envs.base:env_manager: Status dict: {'current_step': 0, 'queue_size': 0, 'unallocated_fraction': 1.0, 'self_queue_size': 0, 'max_group_size': 1, 'env_weight': 1.0}
[96m[ATROPOS][0m INFO:     127.0.0.1:61865 - "GET /status-env HTTP/1.1" 200 OK
[94m[GSM8K][0m INFO:atroposlib.envs.base:env_manager: Status dict: {'current_step': 0, 'queue_size': 0, 'unallocated_fraction': 1.0, 'self_queue_size': 0, 'max_group_size': 1, 'env_weight': 1.0}
[96m[ATROPOS][0m INFO:     127.0.0.1:61866 - "GET /batch HTTP/1.1" 200 OK
[96m[ATROPOS][0m INFO:     127.0.0.1:61867 - "GET /status-env HTTP/1.1" 200 OK
[94m[GSM8K][0m INFO:atroposlib.envs.base:env_manager: Status dict: {'current_step': 0, 'queue_size': 0, 'unallocated_fraction': 1.0, 'self_queue_size': 0, 'max_group_size': 1, 'env_weight': 1.0}
[96m[ATROPOS][0m INFO:     127.0.0.1:61868 - "GET /status-env HTTP/1.1" 200 OK
[94m[GSM8K][0m INFO:atroposlib.envs.base:env_manager: Status dict: {'current_step': 0, 'queue_size': 0, 'unallocated_fraction': 1.0, 'self_queue_size': 0, 'max_group_size': 1, 'env_weight': 1.0}
[96m[ATROPOS][0m INFO:     127.0.0.1:61869 - "GET /status-env HTTP/1.1" 200 OK
[94m[GSM8K][0m INFO:atroposlib.envs.base:env_manager: Status dict: {'current_step': 0, 'queue_size': 0, 'unallocated_fraction': 1.0, 'self_queue_size': 0, 'max_group_size': 1, 'env_weight': 1.0}
[96m[ATROPOS][0m INFO:     127.0.0.1:61870 - "GET /status-env HTTP/1.1" 200 OK
[94m[GSM8K][0m INFO:atroposlib.envs.base:env_manager: Status dict: {'current_step': 0, 'queue_size': 0, 'unallocated_fraction': 1.0, 'self_queue_size': 0, 'max_group_size': 1, 'env_weight': 1.0}
[96m[ATROPOS][0m INFO:     127.0.0.1:61871 - "GET /status-env HTTP/1.1" 200 OK
[94m[GSM8K][0m INFO:atroposlib.envs.base:env_manager: Status dict: {'current_step': 0, 'queue_size': 0, 'unallocated_fraction': 1.0, 'self_queue_size': 0, 'max_group_size': 1, 'env_weight': 1.0}
[96m[ATROPOS][0m INFO:     127.0.0.1:61872 - "GET /status-env HTTP/1.1" 200 OK
[94m[GSM8K][0m INFO:atroposlib.envs.base:env_manager: Status dict: {'current_step': 0, 'queue_size': 0, 'unallocated_fraction': 1.0, 'self_queue_size': 0, 'max_group_size': 1, 'env_weight': 1.0}
[96m[ATROPOS][0m INFO:     127.0.0.1:61873 - "GET /status-env HTTP/1.1" 200 OK
[94m[GSM8K][0m INFO:atroposlib.envs.base:env_manager: Status dict: {'current_step': 0, 'queue_size': 0, 'unallocated_fraction': 1.0, 'self_queue_size': 0, 'max_group_size': 1, 'env_weight': 1.0}
[96m[ATROPOS][0m INFO:     127.0.0.1:61874 - "GET /status-env HTTP/1.1" 200 OK
[94m[GSM8K][0m INFO:atroposlib.envs.base:env_manager: Status dict: {'current_step': 0, 'queue_size': 0, 'unallocated_fraction': 1.0, 'self_queue_size': 0, 'max_group_size': 1, 'env_weight': 1.0}
[96m[ATROPOS][0m INFO:     127.0.0.1:61875 - "GET /status-env HTTP/1.1" 200 OK
[94m[GSM8K][0m INFO:atroposlib.envs.base:env_manager: Status dict: {'current_step': 0, 'queue_size': 0, 'unallocated_fraction': 1.0, 'self_queue_size': 0, 'max_group_size': 1, 'env_weight': 1.0}
[96m[ATROPOS][0m INFO:     127.0.0.1:61876 - "GET /status-env HTTP/1.1" 200 OK
[94m[GSM8K][0m INFO:atroposlib.envs.base:env_manager: Status dict: {'current_step': 0, 'queue_size': 0, 'unallocated_fraction': 1.0, 'self_queue_size': 0, 'max_group_size': 1, 'env_weight': 1.0}
[96m[ATROPOS][0m INFO:     127.0.0.1:61877 - "GET /batch HTTP/1.1" 200 OK
[96m[ATROPOS][0m INFO:     127.0.0.1:61878 - "GET /status-env HTTP/1.1" 200 OK
[94m[GSM8K][0m INFO:atroposlib.envs.base:env_manager: Status dict: {'current_step': 0, 'queue_size': 0, 'unallocated_fraction': 1.0, 'self_queue_size': 0, 'max_group_size': 1, 'env_weight': 1.0}
[96m[ATROPOS][0m INFO:     127.0.0.1:61879 - "GET /status-env HTTP/1.1" 200 OK
[94m[GSM8K][0m INFO:atroposlib.envs.base:env_manager: Status dict: {'current_step': 0, 'queue_size': 0, 'unallocated_fraction': 1.0, 'self_queue_size': 0, 'max_group_size': 1, 'env_weight': 1.0}
[96m[ATROPOS][0m INFO:     127.0.0.1:61880 - "GET /status-env HTTP/1.1" 200 OK
[94m[GSM8K][0m INFO:atroposlib.envs.base:env_manager: Status dict: {'current_step': 0, 'queue_size': 0, 'unallocated_fraction': 1.0, 'self_queue_size': 0, 'max_group_size': 1, 'env_weight': 1.0}
[96m[ATROPOS][0m INFO:     127.0.0.1:61881 - "GET /status-env HTTP/1.1" 200 OK
[94m[GSM8K][0m INFO:atroposlib.envs.base:env_manager: Status dict: {'current_step': 0, 'queue_size': 0, 'unallocated_fraction': 1.0, 'self_queue_size': 0, 'max_group_size': 1, 'env_weight': 1.0}
[96m[ATROPOS][0m INFO:     127.0.0.1:61882 - "GET /status-env HTTP/1.1" 200 OK
[94m[GSM8K][0m INFO:atroposlib.envs.base:env_manager: Status dict: {'current_step': 0, 'queue_size': 0, 'unallocated_fraction': 1.0, 'self_queue_size': 0, 'max_group_size': 1, 'env_weight': 1.0}
[96m[ATROPOS][0m INFO:     127.0.0.1:61883 - "GET /status-env HTTP/1.1" 200 OK
[94m[GSM8K][0m INFO:atroposlib.envs.base:env_manager: Status dict: {'current_step': 0, 'queue_size': 0, 'unallocated_fraction': 1.0, 'self_queue_size': 0, 'max_group_size': 1, 'env_weight': 1.0}
[96m[ATROPOS][0m INFO:     127.0.0.1:61884 - "GET /status-env HTTP/1.1" 200 OK
[94m[GSM8K][0m INFO:atroposlib.envs.base:env_manager: Status dict: {'current_step': 0, 'queue_size': 0, 'unallocated_fraction': 1.0, 'self_queue_size': 0, 'max_group_size': 1, 'env_weight': 1.0}
[96m[ATROPOS][0m INFO:     127.0.0.1:61886 - "GET /status-env HTTP/1.1" 200 OK
[94m[GSM8K][0m INFO:atroposlib.envs.base:env_manager: Status dict: {'current_step': 0, 'queue_size': 0, 'unallocated_fraction': 1.0, 'self_queue_size': 0, 'max_group_size': 1, 'env_weight': 1.0}
[96m[ATROPOS][0m INFO:     127.0.0.1:61887 - "GET /status-env HTTP/1.1" 200 OK
[94m[GSM8K][0m INFO:atroposlib.envs.base:env_manager: Status dict: {'current_step': 0, 'queue_size': 0, 'unallocated_fraction': 1.0, 'self_queue_size': 0, 'max_group_size': 1, 'env_weight': 1.0}
[96m[ATROPOS][0m INFO:     127.0.0.1:61888 - "GET /batch HTTP/1.1" 200 OK
[96m[ATROPOS][0m INFO:     127.0.0.1:61889 - "GET /status-env HTTP/1.1" 200 OK
[94m[GSM8K][0m INFO:atroposlib.envs.base:env_manager: Status dict: {'current_step': 0, 'queue_size': 0, 'unallocated_fraction': 1.0, 'self_queue_size': 0, 'max_group_size': 1, 'env_weight': 1.0}
[96m[ATROPOS][0m INFO:     127.0.0.1:61890 - "GET /status-env HTTP/1.1" 200 OK
[94m[GSM8K][0m INFO:atroposlib.envs.base:env_manager: Status dict: {'current_step': 0, 'queue_size': 0, 'unallocated_fraction': 1.0, 'self_queue_size': 0, 'max_group_size': 1, 'env_weight': 1.0}
[96m[ATROPOS][0m INFO:     127.0.0.1:61891 - "GET /status-env HTTP/1.1" 200 OK
[94m[GSM8K][0m INFO:atroposlib.envs.base:env_manager: Status dict: {'current_step': 0, 'queue_size': 0, 'unallocated_fraction': 1.0, 'self_queue_size': 0, 'max_group_size': 1, 'env_weight': 1.0}
[96m[ATROPOS][0m INFO:     127.0.0.1:61892 - "GET /status-env HTTP/1.1" 200 OK
[94m[GSM8K][0m INFO:atroposlib.envs.base:env_manager: Status dict: {'current_step': 0, 'queue_size': 0, 'unallocated_fraction': 1.0, 'self_queue_size': 0, 'max_group_size': 1, 'env_weight': 1.0}
[96m[ATROPOS][0m INFO:     127.0.0.1:61893 - "GET /status-env HTTP/1.1" 200 OK
[94m[GSM8K][0m INFO:atroposlib.envs.base:env_manager: Status dict: {'current_step': 0, 'queue_size': 0, 'unallocated_fraction': 1.0, 'self_queue_size': 0, 'max_group_size': 1, 'env_weight': 1.0}
[96m[ATROPOS][0m INFO:     127.0.0.1:61894 - "GET /status-env HTTP/1.1" 200 OK
[94m[GSM8K][0m INFO:atroposlib.envs.base:env_manager: Status dict: {'current_step': 0, 'queue_size': 0, 'unallocated_fraction': 1.0, 'self_queue_size': 0, 'max_group_size': 1, 'env_weight': 1.0}
[96m[ATROPOS][0m INFO:     127.0.0.1:61895 - "GET /status-env HTTP/1.1" 200 OK
[94m[GSM8K][0m INFO:atroposlib.envs.base:env_manager: Status dict: {'current_step': 0, 'queue_size': 0, 'unallocated_fraction': 1.0, 'self_queue_size': 0, 'max_group_size': 1, 'env_weight': 1.0}
[96m[ATROPOS][0m INFO:     127.0.0.1:61896 - "GET /status-env HTTP/1.1" 200 OK
[94m[GSM8K][0m INFO:atroposlib.envs.base:env_manager: Status dict: {'current_step': 0, 'queue_size': 0, 'unallocated_fraction': 1.0, 'self_queue_size': 0, 'max_group_size': 1, 'env_weight': 1.0}
[96m[ATROPOS][0m INFO:     127.0.0.1:61897 - "GET /status-env HTTP/1.1" 200 OK
[94m[GSM8K][0m INFO:atroposlib.envs.base:env_manager: Status dict: {'current_step': 0, 'queue_size': 0, 'unallocated_fraction': 1.0, 'self_queue_size': 0, 'max_group_size': 1, 'env_weight': 1.0}
[96m[ATROPOS][0m INFO:     127.0.0.1:61898 - "GET /status-env HTTP/1.1" 200 OK
[94m[GSM8K][0m INFO:atroposlib.envs.base:env_manager: Status dict: {'current_step': 0, 'queue_size': 0, 'unallocated_fraction': 1.0, 'self_queue_size': 0, 'max_group_size': 1, 'env_weight': 1.0}
[96m[ATROPOS][0m INFO:     127.0.0.1:61899 - "GET /batch HTTP/1.1" 200 OK
[96m[ATROPOS][0m INFO:     127.0.0.1:61900 - "GET /status-env HTTP/1.1" 200 OK
[94m[GSM8K][0m INFO:atroposlib.envs.base:env_manager: Status dict: {'current_step': 0, 'queue_size': 0, 'unallocated_fraction': 1.0, 'self_queue_size': 0, 'max_group_size': 1, 'env_weight': 1.0}
[96m[ATROPOS][0m INFO:     127.0.0.1:61901 - "GET /status-env HTTP/1.1" 200 OK
[94m[GSM8K][0m INFO:atroposlib.envs.base:env_manager: Status dict: {'current_step': 0, 'queue_size': 0, 'unallocated_fraction': 1.0, 'self_queue_size': 0, 'max_group_size': 1, 'env_weight': 1.0}
[96m[ATROPOS][0m INFO:     127.0.0.1:61902 - "GET /status-env HTTP/1.1" 200 OK
[94m[GSM8K][0m INFO:atroposlib.envs.base:env_manager: Status dict: {'current_step': 0, 'queue_size': 0, 'unallocated_fraction': 1.0, 'self_queue_size': 0, 'max_group_size': 1, 'env_weight': 1.0}
[96m[ATROPOS][0m INFO:     127.0.0.1:61903 - "GET /status-env HTTP/1.1" 200 OK
[94m[GSM8K][0m INFO:atroposlib.envs.base:env_manager: Status dict: {'current_step': 0, 'queue_size': 0, 'unallocated_fraction': 1.0, 'self_queue_size': 0, 'max_group_size': 1, 'env_weight': 1.0}
[96m[ATROPOS][0m INFO:     127.0.0.1:61904 - "GET /status-env HTTP/1.1" 200 OK
[94m[GSM8K][0m INFO:atroposlib.envs.base:env_manager: Status dict: {'current_step': 0, 'queue_size': 0, 'unallocated_fraction': 1.0, 'self_queue_size': 0, 'max_group_size': 1, 'env_weight': 1.0}
[96m[ATROPOS][0m INFO:     127.0.0.1:61905 - "GET /status-env HTTP/1.1" 200 OK
[94m[GSM8K][0m INFO:atroposlib.envs.base:env_manager: Status dict: {'current_step': 0, 'queue_size': 0, 'unallocated_fraction': 1.0, 'self_queue_size': 0, 'max_group_size': 1, 'env_weight': 1.0}
[96m[ATROPOS][0m INFO:     127.0.0.1:61906 - "GET /status-env HTTP/1.1" 200 OK
[94m[GSM8K][0m INFO:atroposlib.envs.base:env_manager: Status dict: {'current_step': 0, 'queue_size': 0, 'unallocated_fraction': 1.0, 'self_queue_size': 0, 'max_group_size': 1, 'env_weight': 1.0}
[96m[ATROPOS][0m INFO:     127.0.0.1:61907 - "GET /status-env HTTP/1.1" 200 OK
[94m[GSM8K][0m INFO:atroposlib.envs.base:env_manager: Status dict: {'current_step': 0, 'queue_size': 0, 'unallocated_fraction': 1.0, 'self_queue_size': 0, 'max_group_size': 1, 'env_weight': 1.0}
[96m[ATROPOS][0m INFO:     127.0.0.1:61908 - "GET /status-env HTTP/1.1" 200 OK
[94m[GSM8K][0m INFO:atroposlib.envs.base:env_manager: Status dict: {'current_step': 0, 'queue_size': 0, 'unallocated_fraction': 1.0, 'self_queue_size': 0, 'max_group_size': 1, 'env_weight': 1.0}
[96m[ATROPOS][0m INFO:     127.0.0.1:61909 - "GET /status-env HTTP/1.1" 200 OK
[94m[GSM8K][0m INFO:atroposlib.envs.base:env_manager: Status dict: {'current_step': 0, 'queue_size': 0, 'unallocated_fraction': 1.0, 'self_queue_size': 0, 'max_group_size': 1, 'env_weight': 1.0}
[96m[ATROPOS][0m INFO:     127.0.0.1:61910 - "GET /batch HTTP/1.1" 200 OK
[92m[TRAINER][0m INFO:root:Polling for batch... attempt 100
[96m[ATROPOS][0m INFO:     127.0.0.1:61911 - "GET /status-env HTTP/1.1" 200 OK
[94m[GSM8K][0m INFO:atroposlib.envs.base:env_manager: Status dict: {'current_step': 0, 'queue_size': 0, 'unallocated_fraction': 1.0, 'self_queue_size': 0, 'max_group_size': 1, 'env_weight': 1.0}
[96m[ATROPOS][0m INFO:     127.0.0.1:61912 - "GET /status-env HTTP/1.1" 200 OK
[94m[GSM8K][0m INFO:atroposlib.envs.base:env_manager: Status dict: {'current_step': 0, 'queue_size': 0, 'unallocated_fraction': 1.0, 'self_queue_size': 0, 'max_group_size': 1, 'env_weight': 1.0}
[96m[ATROPOS][0m INFO:     127.0.0.1:61913 - "GET /status-env HTTP/1.1" 200 OK
[94m[GSM8K][0m INFO:atroposlib.envs.base:env_manager: Status dict: {'current_step': 0, 'queue_size': 0, 'unallocated_fraction': 1.0, 'self_queue_size': 0, 'max_group_size': 1, 'env_weight': 1.0}
[96m[ATROPOS][0m INFO:     127.0.0.1:61914 - "GET /status-env HTTP/1.1" 200 OK
[94m[GSM8K][0m INFO:atroposlib.envs.base:env_manager: Status dict: {'current_step': 0, 'queue_size': 0, 'unallocated_fraction': 1.0, 'self_queue_size': 0, 'max_group_size': 1, 'env_weight': 1.0}
[96m[ATROPOS][0m INFO:     127.0.0.1:61915 - "GET /status-env HTTP/1.1" 200 OK
[94m[GSM8K][0m INFO:atroposlib.envs.base:env_manager: Status dict: {'current_step': 0, 'queue_size': 0, 'unallocated_fraction': 1.0, 'self_queue_size': 0, 'max_group_size': 1, 'env_weight': 1.0}
[96m[ATROPOS][0m INFO:     127.0.0.1:61916 - "GET /status-env HTTP/1.1" 200 OK
[94m[GSM8K][0m INFO:atroposlib.envs.base:env_manager: Status dict: {'current_step': 0, 'queue_size': 0, 'unallocated_fraction': 1.0, 'self_queue_size': 0, 'max_group_size': 1, 'env_weight': 1.0}
[96m[ATROPOS][0m INFO:     127.0.0.1:61917 - "GET /status-env HTTP/1.1" 200 OK
[94m[GSM8K][0m INFO:atroposlib.envs.base:env_manager: Status dict: {'current_step': 0, 'queue_size': 0, 'unallocated_fraction': 1.0, 'self_queue_size': 0, 'max_group_size': 1, 'env_weight': 1.0}
[96m[ATROPOS][0m INFO:     127.0.0.1:61918 - "GET /status-env HTTP/1.1" 200 OK
[94m[GSM8K][0m INFO:atroposlib.envs.base:env_manager: Status dict: {'current_step': 0, 'queue_size': 0, 'unallocated_fraction': 1.0, 'self_queue_size': 0, 'max_group_size': 1, 'env_weight': 1.0}
[96m[ATROPOS][0m INFO:     127.0.0.1:61919 - "GET /status-env HTTP/1.1" 200 OK
[94m[GSM8K][0m INFO:atroposlib.envs.base:env_manager: Status dict: {'current_step': 0, 'queue_size': 0, 'unallocated_fraction': 1.0, 'self_queue_size': 0, 'max_group_size': 1, 'env_weight': 1.0}
[96m[ATROPOS][0m INFO:     127.0.0.1:61920 - "GET /batch HTTP/1.1" 200 OK
[96m[ATROPOS][0m INFO:     127.0.0.1:61921 - "GET /status-env HTTP/1.1" 200 OK
[94m[GSM8K][0m INFO:atroposlib.envs.base:env_manager: Status dict: {'current_step': 0, 'queue_size': 0, 'unallocated_fraction': 1.0, 'self_queue_size': 0, 'max_group_size': 1, 'env_weight': 1.0}
[96m[ATROPOS][0m INFO:     127.0.0.1:61922 - "GET /status-env HTTP/1.1" 200 OK
[94m[GSM8K][0m INFO:atroposlib.envs.base:env_manager: Status dict: {'current_step': 0, 'queue_size': 0, 'unallocated_fraction': 1.0, 'self_queue_size': 0, 'max_group_size': 1, 'env_weight': 1.0}
[96m[ATROPOS][0m INFO:     127.0.0.1:61923 - "GET /status-env HTTP/1.1" 200 OK
[94m[GSM8K][0m INFO:atroposlib.envs.base:env_manager: Status dict: {'current_step': 0, 'queue_size': 0, 'unallocated_fraction': 1.0, 'self_queue_size': 0, 'max_group_size': 1, 'env_weight': 1.0}
[96m[ATROPOS][0m INFO:     127.0.0.1:61924 - "GET /status-env HTTP/1.1" 200 OK
[94m[GSM8K][0m INFO:atroposlib.envs.base:env_manager: Status dict: {'current_step': 0, 'queue_size': 0, 'unallocated_fraction': 1.0, 'self_queue_size': 0, 'max_group_size': 1, 'env_weight': 1.0}
[96m[ATROPOS][0m INFO:     127.0.0.1:61925 - "GET /status-env HTTP/1.1" 200 OK
[94m[GSM8K][0m INFO:atroposlib.envs.base:env_manager: Status dict: {'current_step': 0, 'queue_size': 0, 'unallocated_fraction': 1.0, 'self_queue_size': 0, 'max_group_size': 1, 'env_weight': 1.0}
[96m[ATROPOS][0m INFO:     127.0.0.1:61926 - "GET /status-env HTTP/1.1" 200 OK
[94m[GSM8K][0m INFO:atroposlib.envs.base:env_manager: Status dict: {'current_step': 0, 'queue_size': 0, 'unallocated_fraction': 1.0, 'self_queue_size': 0, 'max_group_size': 1, 'env_weight': 1.0}
[96m[ATROPOS][0m INFO:     127.0.0.1:61927 - "GET /status-env HTTP/1.1" 200 OK
[94m[GSM8K][0m INFO:atroposlib.envs.base:env_manager: Status dict: {'current_step': 0, 'queue_size': 0, 'unallocated_fraction': 1.0, 'self_queue_size': 0, 'max_group_size': 1, 'env_weight': 1.0}
[96m[ATROPOS][0m INFO:     127.0.0.1:61928 - "GET /status-env HTTP/1.1" 200 OK
[94m[GSM8K][0m INFO:atroposlib.envs.base:env_manager: Status dict: {'current_step': 0, 'queue_size': 0, 'unallocated_fraction': 1.0, 'self_queue_size': 0, 'max_group_size': 1, 'env_weight': 1.0}
[96m[ATROPOS][0m INFO:     127.0.0.1:61929 - "GET /status-env HTTP/1.1" 200 OK
[94m[GSM8K][0m INFO:atroposlib.envs.base:env_manager: Status dict: {'current_step': 0, 'queue_size': 0, 'unallocated_fraction': 1.0, 'self_queue_size': 0, 'max_group_size': 1, 'env_weight': 1.0}
[96m[ATROPOS][0m INFO:     127.0.0.1:61930 - "GET /status-env HTTP/1.1" 200 OK
[94m[GSM8K][0m INFO:atroposlib.envs.base:env_manager: Status dict: {'current_step': 0, 'queue_size': 0, 'unallocated_fraction': 1.0, 'self_queue_size': 0, 'max_group_size': 1, 'env_weight': 1.0}
[96m[ATROPOS][0m INFO:     127.0.0.1:61931 - "GET /batch HTTP/1.1" 200 OK
[96m[ATROPOS][0m INFO:     127.0.0.1:61932 - "GET /status-env HTTP/1.1" 200 OK
[94m[GSM8K][0m INFO:atroposlib.envs.base:env_manager: Status dict: {'current_step': 0, 'queue_size': 0, 'unallocated_fraction': 1.0, 'self_queue_size': 0, 'max_group_size': 1, 'env_weight': 1.0}
[96m[ATROPOS][0m INFO:     127.0.0.1:61933 - "GET /status-env HTTP/1.1" 200 OK
[94m[GSM8K][0m INFO:atroposlib.envs.base:env_manager: Status dict: {'current_step': 0, 'queue_size': 0, 'unallocated_fraction': 1.0, 'self_queue_size': 0, 'max_group_size': 1, 'env_weight': 1.0}
[96m[ATROPOS][0m INFO:     127.0.0.1:61934 - "GET /status-env HTTP/1.1" 200 OK
[94m[GSM8K][0m INFO:atroposlib.envs.base:env_manager: Status dict: {'current_step': 0, 'queue_size': 0, 'unallocated_fraction': 1.0, 'self_queue_size': 0, 'max_group_size': 1, 'env_weight': 1.0}
[96m[ATROPOS][0m INFO:     127.0.0.1:61935 - "GET /status-env HTTP/1.1" 200 OK
[94m[GSM8K][0m INFO:atroposlib.envs.base:env_manager: Status dict: {'current_step': 0, 'queue_size': 0, 'unallocated_fraction': 1.0, 'self_queue_size': 0, 'max_group_size': 1, 'env_weight': 1.0}
[96m[ATROPOS][0m INFO:     127.0.0.1:61936 - "GET /status-env HTTP/1.1" 200 OK
[94m[GSM8K][0m INFO:atroposlib.envs.base:env_manager: Status dict: {'current_step': 0, 'queue_size': 0, 'unallocated_fraction': 1.0, 'self_queue_size': 0, 'max_group_size': 1, 'env_weight': 1.0}
[96m[ATROPOS][0m INFO:     127.0.0.1:61937 - "GET /status-env HTTP/1.1" 200 OK
[94m[GSM8K][0m INFO:atroposlib.envs.base:env_manager: Status dict: {'current_step': 0, 'queue_size': 0, 'unallocated_fraction': 1.0, 'self_queue_size': 0, 'max_group_size': 1, 'env_weight': 1.0}
[96m[ATROPOS][0m INFO:     127.0.0.1:61938 - "GET /status-env HTTP/1.1" 200 OK
[94m[GSM8K][0m INFO:atroposlib.envs.base:env_manager: Status dict: {'current_step': 0, 'queue_size': 0, 'unallocated_fraction': 1.0, 'self_queue_size': 0, 'max_group_size': 1, 'env_weight': 1.0}
[96m[ATROPOS][0m INFO:     127.0.0.1:61939 - "GET /status-env HTTP/1.1" 200 OK
[94m[GSM8K][0m INFO:atroposlib.envs.base:env_manager: Status dict: {'current_step': 0, 'queue_size': 0, 'unallocated_fraction': 1.0, 'self_queue_size': 0, 'max_group_size': 1, 'env_weight': 1.0}
[96m[ATROPOS][0m INFO:     127.0.0.1:61940 - "GET /status-env HTTP/1.1" 200 OK
[94m[GSM8K][0m INFO:atroposlib.envs.base:env_manager: Status dict: {'current_step': 0, 'queue_size': 0, 'unallocated_fraction': 1.0, 'self_queue_size': 0, 'max_group_size': 1, 'env_weight': 1.0}
[96m[ATROPOS][0m INFO:     127.0.0.1:61941 - "GET /status-env HTTP/1.1" 200 OK
[96m[ATROPOS][0m INFO:     127.0.0.1:61942 - "GET /batch HTTP/1.1" 200 OK
[94m[GSM8K][0m INFO:atroposlib.envs.base:env_manager: Status dict: {'current_step': 0, 'queue_size': 0, 'unallocated_fraction': 1.0, 'self_queue_size': 0, 'max_group_size': 1, 'env_weight': 1.0}
[96m[ATROPOS][0m INFO:     127.0.0.1:61943 - "GET /status-env HTTP/1.1" 200 OK
[94m[GSM8K][0m INFO:atroposlib.envs.base:env_manager: Status dict: {'current_step': 0, 'queue_size': 0, 'unallocated_fraction': 1.0, 'self_queue_size': 0, 'max_group_size': 1, 'env_weight': 1.0}
[96m[ATROPOS][0m INFO:     127.0.0.1:61944 - "GET /status-env HTTP/1.1" 200 OK
[94m[GSM8K][0m INFO:atroposlib.envs.base:env_manager: Status dict: {'current_step': 0, 'queue_size': 0, 'unallocated_fraction': 1.0, 'self_queue_size': 0, 'max_group_size': 1, 'env_weight': 1.0}
[96m[ATROPOS][0m INFO:     127.0.0.1:61945 - "GET /status-env HTTP/1.1" 200 OK
[94m[GSM8K][0m INFO:atroposlib.envs.base:env_manager: Status dict: {'current_step': 0, 'queue_size': 0, 'unallocated_fraction': 1.0, 'self_queue_size': 0, 'max_group_size': 1, 'env_weight': 1.0}
[96m[ATROPOS][0m INFO:     127.0.0.1:61946 - "GET /status-env HTTP/1.1" 200 OK
[94m[GSM8K][0m INFO:atroposlib.envs.base:env_manager: Status dict: {'current_step': 0, 'queue_size': 0, 'unallocated_fraction': 1.0, 'self_queue_size': 0, 'max_group_size': 1, 'env_weight': 1.0}
[96m[ATROPOS][0m INFO:     127.0.0.1:61947 - "GET /status-env HTTP/1.1" 200 OK
[94m[GSM8K][0m INFO:atroposlib.envs.base:env_manager: Status dict: {'current_step': 0, 'queue_size': 0, 'unallocated_fraction': 1.0, 'self_queue_size': 0, 'max_group_size': 1, 'env_weight': 1.0}
[96m[ATROPOS][0m INFO:     127.0.0.1:61948 - "GET /status-env HTTP/1.1" 200 OK
[94m[GSM8K][0m INFO:atroposlib.envs.base:env_manager: Status dict: {'current_step': 0, 'queue_size': 0, 'unallocated_fraction': 1.0, 'self_queue_size': 0, 'max_group_size': 1, 'env_weight': 1.0}
[96m[ATROPOS][0m INFO:     127.0.0.1:61949 - "GET /status-env HTTP/1.1" 200 OK
[94m[GSM8K][0m INFO:atroposlib.envs.base:env_manager: Status dict: {'current_step': 0, 'queue_size': 0, 'unallocated_fraction': 1.0, 'self_queue_size': 0, 'max_group_size': 1, 'env_weight': 1.0}
[96m[ATROPOS][0m INFO:     127.0.0.1:61950 - "GET /status-env HTTP/1.1" 200 OK
[94m[GSM8K][0m INFO:atroposlib.envs.base:env_manager: Status dict: {'current_step': 0, 'queue_size': 0, 'unallocated_fraction': 1.0, 'self_queue_size': 0, 'max_group_size': 1, 'env_weight': 1.0}
[96m[ATROPOS][0m INFO:     127.0.0.1:61951 - "GET /status-env HTTP/1.1" 200 OK
[94m[GSM8K][0m INFO:atroposlib.envs.base:env_manager: Status dict: {'current_step': 0, 'queue_size': 0, 'unallocated_fraction': 1.0, 'self_queue_size': 0, 'max_group_size': 1, 'env_weight': 1.0}
[96m[ATROPOS][0m INFO:     127.0.0.1:61952 - "GET /batch HTTP/1.1" 200 OK
[96m[ATROPOS][0m INFO:     127.0.0.1:61953 - "GET /status-env HTTP/1.1" 200 OK
[94m[GSM8K][0m INFO:atroposlib.envs.base:env_manager: Status dict: {'current_step': 0, 'queue_size': 0, 'unallocated_fraction': 1.0, 'self_queue_size': 0, 'max_group_size': 1, 'env_weight': 1.0}
[96m[ATROPOS][0m INFO:     127.0.0.1:61954 - "GET /status-env HTTP/1.1" 200 OK
[94m[GSM8K][0m INFO:atroposlib.envs.base:env_manager: Status dict: {'current_step': 0, 'queue_size': 0, 'unallocated_fraction': 1.0, 'self_queue_size': 0, 'max_group_size': 1, 'env_weight': 1.0}
[96m[ATROPOS][0m INFO:     127.0.0.1:61955 - "GET /status-env HTTP/1.1" 200 OK
[94m[GSM8K][0m INFO:atroposlib.envs.base:env_manager: Status dict: {'current_step': 0, 'queue_size': 0, 'unallocated_fraction': 1.0, 'self_queue_size': 0, 'max_group_size': 1, 'env_weight': 1.0}
[96m[ATROPOS][0m INFO:     127.0.0.1:61956 - "GET /status-env HTTP/1.1" 200 OK
[94m[GSM8K][0m INFO:atroposlib.envs.base:env_manager: Status dict: {'current_step': 0, 'queue_size': 0, 'unallocated_fraction': 1.0, 'self_queue_size': 0, 'max_group_size': 1, 'env_weight': 1.0}
[96m[ATROPOS][0m INFO:     127.0.0.1:61957 - "GET /status-env HTTP/1.1" 200 OK
[94m[GSM8K][0m INFO:atroposlib.envs.base:env_manager: Status dict: {'current_step': 0, 'queue_size': 0, 'unallocated_fraction': 1.0, 'self_queue_size': 0, 'max_group_size': 1, 'env_weight': 1.0}
[96m[ATROPOS][0m INFO:     127.0.0.1:61958 - "GET /status-env HTTP/1.1" 200 OK
[94m[GSM8K][0m INFO:atroposlib.envs.base:env_manager: Status dict: {'current_step': 0, 'queue_size': 0, 'unallocated_fraction': 1.0, 'self_queue_size': 0, 'max_group_size': 1, 'env_weight': 1.0}
[96m[ATROPOS][0m INFO:     127.0.0.1:61959 - "GET /status-env HTTP/1.1" 200 OK
[94m[GSM8K][0m INFO:atroposlib.envs.base:env_manager: Status dict: {'current_step': 0, 'queue_size': 0, 'unallocated_fraction': 1.0, 'self_queue_size': 0, 'max_group_size': 1, 'env_weight': 1.0}
[96m[ATROPOS][0m INFO:     127.0.0.1:61960 - "GET /status-env HTTP/1.1" 200 OK
[94m[GSM8K][0m INFO:atroposlib.envs.base:env_manager: Status dict: {'current_step': 0, 'queue_size': 0, 'unallocated_fraction': 1.0, 'self_queue_size': 0, 'max_group_size': 1, 'env_weight': 1.0}
[96m[ATROPOS][0m INFO:     127.0.0.1:61961 - "GET /status-env HTTP/1.1" 200 OK
[94m[GSM8K][0m INFO:atroposlib.envs.base:env_manager: Status dict: {'current_step': 0, 'queue_size': 0, 'unallocated_fraction': 1.0, 'self_queue_size': 0, 'max_group_size': 1, 'env_weight': 1.0}
[96m[ATROPOS][0m INFO:     127.0.0.1:61962 - "GET /status-env HTTP/1.1" 200 OK
[94m[GSM8K][0m INFO:atroposlib.envs.base:env_manager: Status dict: {'current_step': 0, 'queue_size': 0, 'unallocated_fraction': 1.0, 'self_queue_size': 0, 'max_group_size': 1, 'env_weight': 1.0}
[96m[ATROPOS][0m INFO:     127.0.0.1:61963 - "GET /batch HTTP/1.1" 200 OK
[92m[TRAINER][0m INFO:root:Polling for batch... attempt 105
[96m[ATROPOS][0m INFO:     127.0.0.1:61964 - "GET /status-env HTTP/1.1" 200 OK
[94m[GSM8K][0m INFO:atroposlib.envs.base:env_manager: Status dict: {'current_step': 0, 'queue_size': 0, 'unallocated_fraction': 1.0, 'self_queue_size': 0, 'max_group_size': 1, 'env_weight': 1.0}
[96m[ATROPOS][0m INFO:     127.0.0.1:61965 - "GET /status-env HTTP/1.1" 200 OK
[94m[GSM8K][0m INFO:atroposlib.envs.base:env_manager: Status dict: {'current_step': 0, 'queue_size': 0, 'unallocated_fraction': 1.0, 'self_queue_size': 0, 'max_group_size': 1, 'env_weight': 1.0}
[96m[ATROPOS][0m INFO:     127.0.0.1:61966 - "GET /status-env HTTP/1.1" 200 OK
[94m[GSM8K][0m INFO:atroposlib.envs.base:env_manager: Status dict: {'current_step': 0, 'queue_size': 0, 'unallocated_fraction': 1.0, 'self_queue_size': 0, 'max_group_size': 1, 'env_weight': 1.0}
[96m[ATROPOS][0m INFO:     127.0.0.1:61967 - "GET /status-env HTTP/1.1" 200 OK
[94m[GSM8K][0m INFO:atroposlib.envs.base:env_manager: Status dict: {'current_step': 0, 'queue_size': 0, 'unallocated_fraction': 1.0, 'self_queue_size': 0, 'max_group_size': 1, 'env_weight': 1.0}
[96m[ATROPOS][0m INFO:     127.0.0.1:61968 - "GET /status-env HTTP/1.1" 200 OK
[94m[GSM8K][0m INFO:atroposlib.envs.base:env_manager: Status dict: {'current_step': 0, 'queue_size': 0, 'unallocated_fraction': 1.0, 'self_queue_size': 0, 'max_group_size': 1, 'env_weight': 1.0}
[96m[ATROPOS][0m INFO:     127.0.0.1:61969 - "GET /status-env HTTP/1.1" 200 OK
[94m[GSM8K][0m INFO:atroposlib.envs.base:env_manager: Status dict: {'current_step': 0, 'queue_size': 0, 'unallocated_fraction': 1.0, 'self_queue_size': 0, 'max_group_size': 1, 'env_weight': 1.0}
[96m[ATROPOS][0m INFO:     127.0.0.1:61970 - "GET /status-env HTTP/1.1" 200 OK
[94m[GSM8K][0m INFO:atroposlib.envs.base:env_manager: Status dict: {'current_step': 0, 'queue_size': 0, 'unallocated_fraction': 1.0, 'self_queue_size': 0, 'max_group_size': 1, 'env_weight': 1.0}
[96m[ATROPOS][0m INFO:     127.0.0.1:61971 - "GET /status-env HTTP/1.1" 200 OK
[94m[GSM8K][0m INFO:atroposlib.envs.base:env_manager: Status dict: {'current_step': 0, 'queue_size': 0, 'unallocated_fraction': 1.0, 'self_queue_size': 0, 'max_group_size': 1, 'env_weight': 1.0}
[96m[ATROPOS][0m INFO:     127.0.0.1:61972 - "GET /status-env HTTP/1.1" 200 OK
[94m[GSM8K][0m INFO:atroposlib.envs.base:env_manager: Status dict: {'current_step': 0, 'queue_size': 0, 'unallocated_fraction': 1.0, 'self_queue_size': 0, 'max_group_size': 1, 'env_weight': 1.0}
[96m[ATROPOS][0m INFO:     127.0.0.1:61973 - "GET /batch HTTP/1.1" 200 OK
[96m[ATROPOS][0m INFO:     127.0.0.1:61974 - "GET /status-env HTTP/1.1" 200 OK
[94m[GSM8K][0m INFO:atroposlib.envs.base:env_manager: Status dict: {'current_step': 0, 'queue_size': 0, 'unallocated_fraction': 1.0, 'self_queue_size': 0, 'max_group_size': 1, 'env_weight': 1.0}
[96m[ATROPOS][0m INFO:     127.0.0.1:61975 - "GET /status-env HTTP/1.1" 200 OK
[94m[GSM8K][0m INFO:atroposlib.envs.base:env_manager: Status dict: {'current_step': 0, 'queue_size': 0, 'unallocated_fraction': 1.0, 'self_queue_size': 0, 'max_group_size': 1, 'env_weight': 1.0}
[96m[ATROPOS][0m INFO:     127.0.0.1:61976 - "GET /status-env HTTP/1.1" 200 OK
[94m[GSM8K][0m INFO:atroposlib.envs.base:env_manager: Status dict: {'current_step': 0, 'queue_size': 0, 'unallocated_fraction': 1.0, 'self_queue_size': 0, 'max_group_size': 1, 'env_weight': 1.0}
[96m[ATROPOS][0m INFO:     127.0.0.1:61977 - "GET /status-env HTTP/1.1" 200 OK
[94m[GSM8K][0m INFO:atroposlib.envs.base:env_manager: Status dict: {'current_step': 0, 'queue_size': 0, 'unallocated_fraction': 1.0, 'self_queue_size': 0, 'max_group_size': 1, 'env_weight': 1.0}
[96m[ATROPOS][0m INFO:     127.0.0.1:61978 - "GET /status-env HTTP/1.1" 200 OK
[94m[GSM8K][0m INFO:atroposlib.envs.base:env_manager: Status dict: {'current_step': 0, 'queue_size': 0, 'unallocated_fraction': 1.0, 'self_queue_size': 0, 'max_group_size': 1, 'env_weight': 1.0}
[96m[ATROPOS][0m INFO:     127.0.0.1:61979 - "GET /status-env HTTP/1.1" 200 OK
[94m[GSM8K][0m INFO:atroposlib.envs.base:env_manager: Status dict: {'current_step': 0, 'queue_size': 0, 'unallocated_fraction': 1.0, 'self_queue_size': 0, 'max_group_size': 1, 'env_weight': 1.0}
[96m[ATROPOS][0m INFO:     127.0.0.1:61980 - "GET /status-env HTTP/1.1" 200 OK
[94m[GSM8K][0m INFO:atroposlib.envs.base:env_manager: Status dict: {'current_step': 0, 'queue_size': 0, 'unallocated_fraction': 1.0, 'self_queue_size': 0, 'max_group_size': 1, 'env_weight': 1.0}
[96m[ATROPOS][0m INFO:     127.0.0.1:61981 - "GET /status-env HTTP/1.1" 200 OK
[94m[GSM8K][0m INFO:atroposlib.envs.base:env_manager: Status dict: {'current_step': 0, 'queue_size': 0, 'unallocated_fraction': 1.0, 'self_queue_size': 0, 'max_group_size': 1, 'env_weight': 1.0}
[96m[ATROPOS][0m INFO:     127.0.0.1:61982 - "GET /status-env HTTP/1.1" 200 OK
[94m[GSM8K][0m INFO:atroposlib.envs.base:env_manager: Status dict: {'current_step': 0, 'queue_size': 0, 'unallocated_fraction': 1.0, 'self_queue_size': 0, 'max_group_size': 1, 'env_weight': 1.0}
[96m[ATROPOS][0m INFO:     127.0.0.1:61983 - "GET /status-env HTTP/1.1" 200 OK
[94m[GSM8K][0m INFO:atroposlib.envs.base:env_manager: Status dict: {'current_step': 0, 'queue_size': 0, 'unallocated_fraction': 1.0, 'self_queue_size': 0, 'max_group_size': 1, 'env_weight': 1.0}
[96m[ATROPOS][0m INFO:     127.0.0.1:61986 - "GET /batch HTTP/1.1" 200 OK
[96m[ATROPOS][0m INFO:     127.0.0.1:61989 - "GET /status-env HTTP/1.1" 200 OK
[94m[GSM8K][0m INFO:atroposlib.envs.base:env_manager: Status dict: {'current_step': 0, 'queue_size': 0, 'unallocated_fraction': 1.0, 'self_queue_size': 0, 'max_group_size': 1, 'env_weight': 1.0}
[96m[ATROPOS][0m INFO:     127.0.0.1:61990 - "GET /status-env HTTP/1.1" 200 OK
[94m[GSM8K][0m INFO:atroposlib.envs.base:env_manager: Status dict: {'current_step': 0, 'queue_size': 0, 'unallocated_fraction': 1.0, 'self_queue_size': 0, 'max_group_size': 1, 'env_weight': 1.0}
[96m[ATROPOS][0m INFO:     127.0.0.1:61991 - "GET /status-env HTTP/1.1" 200 OK
[94m[GSM8K][0m INFO:atroposlib.envs.base:env_manager: Status dict: {'current_step': 0, 'queue_size': 0, 'unallocated_fraction': 1.0, 'self_queue_size': 0, 'max_group_size': 1, 'env_weight': 1.0}
[96m[ATROPOS][0m INFO:     127.0.0.1:61992 - "GET /status-env HTTP/1.1" 200 OK
[94m[GSM8K][0m INFO:atroposlib.envs.base:env_manager: Status dict: {'current_step': 0, 'queue_size': 0, 'unallocated_fraction': 1.0, 'self_queue_size': 0, 'max_group_size': 1, 'env_weight': 1.0}
[96m[ATROPOS][0m INFO:     127.0.0.1:61993 - "GET /status-env HTTP/1.1" 200 OK
[94m[GSM8K][0m INFO:atroposlib.envs.base:env_manager: Status dict: {'current_step': 0, 'queue_size': 0, 'unallocated_fraction': 1.0, 'self_queue_size': 0, 'max_group_size': 1, 'env_weight': 1.0}
[96m[ATROPOS][0m INFO:     127.0.0.1:61994 - "GET /status-env HTTP/1.1" 200 OK
[94m[GSM8K][0m INFO:atroposlib.envs.base:env_manager: Status dict: {'current_step': 0, 'queue_size': 0, 'unallocated_fraction': 1.0, 'self_queue_size': 0, 'max_group_size': 1, 'env_weight': 1.0}
[96m[ATROPOS][0m INFO:     127.0.0.1:61995 - "GET /status-env HTTP/1.1" 200 OK
[94m[GSM8K][0m INFO:atroposlib.envs.base:env_manager: Status dict: {'current_step': 0, 'queue_size': 0, 'unallocated_fraction': 1.0, 'self_queue_size': 0, 'max_group_size': 1, 'env_weight': 1.0}
[96m[ATROPOS][0m INFO:     127.0.0.1:61997 - "GET /status-env HTTP/1.1" 200 OK
[94m[GSM8K][0m INFO:atroposlib.envs.base:env_manager: Status dict: {'current_step': 0, 'queue_size': 0, 'unallocated_fraction': 1.0, 'self_queue_size': 0, 'max_group_size': 1, 'env_weight': 1.0}
[96m[ATROPOS][0m INFO:     127.0.0.1:61999 - "GET /status-env HTTP/1.1" 200 OK
[94m[GSM8K][0m INFO:atroposlib.envs.base:env_manager: Status dict: {'current_step': 0, 'queue_size': 0, 'unallocated_fraction': 1.0, 'self_queue_size': 0, 'max_group_size': 1, 'env_weight': 1.0}
[96m[ATROPOS][0m INFO:     127.0.0.1:62000 - "GET /status-env HTTP/1.1" 200 OK
[94m[GSM8K][0m INFO:atroposlib.envs.base:env_manager: Status dict: {'current_step': 0, 'queue_size': 0, 'unallocated_fraction': 1.0, 'self_queue_size': 0, 'max_group_size': 1, 'env_weight': 1.0}
[96m[ATROPOS][0m INFO:     127.0.0.1:62001 - "GET /batch HTTP/1.1" 200 OK
[96m[ATROPOS][0m INFO:     127.0.0.1:62002 - "GET /status-env HTTP/1.1" 200 OK
[94m[GSM8K][0m INFO:atroposlib.envs.base:env_manager: Status dict: {'current_step': 0, 'queue_size': 0, 'unallocated_fraction': 1.0, 'self_queue_size': 0, 'max_group_size': 1, 'env_weight': 1.0}
[96m[ATROPOS][0m INFO:     127.0.0.1:62003 - "GET /status-env HTTP/1.1" 200 OK
[94m[GSM8K][0m INFO:atroposlib.envs.base:env_manager: Status dict: {'current_step': 0, 'queue_size': 0, 'unallocated_fraction': 1.0, 'self_queue_size': 0, 'max_group_size': 1, 'env_weight': 1.0}
[96m[ATROPOS][0m INFO:     127.0.0.1:62004 - "GET /status-env HTTP/1.1" 200 OK
[94m[GSM8K][0m INFO:atroposlib.envs.base:env_manager: Status dict: {'current_step': 0, 'queue_size': 0, 'unallocated_fraction': 1.0, 'self_queue_size': 0, 'max_group_size': 1, 'env_weight': 1.0}
[96m[ATROPOS][0m INFO:     127.0.0.1:62007 - "GET /status-env HTTP/1.1" 200 OK
[94m[GSM8K][0m INFO:atroposlib.envs.base:env_manager: Status dict: {'current_step': 0, 'queue_size': 0, 'unallocated_fraction': 1.0, 'self_queue_size': 0, 'max_group_size': 1, 'env_weight': 1.0}
[96m[ATROPOS][0m INFO:     127.0.0.1:62008 - "GET /status-env HTTP/1.1" 200 OK
[94m[GSM8K][0m INFO:atroposlib.envs.base:env_manager: Status dict: {'current_step': 0, 'queue_size': 0, 'unallocated_fraction': 1.0, 'self_queue_size': 0, 'max_group_size': 1, 'env_weight': 1.0}
[96m[ATROPOS][0m INFO:     127.0.0.1:62010 - "GET /status-env HTTP/1.1" 200 OK
[94m[GSM8K][0m INFO:atroposlib.envs.base:env_manager: Status dict: {'current_step': 0, 'queue_size': 0, 'unallocated_fraction': 1.0, 'self_queue_size': 0, 'max_group_size': 1, 'env_weight': 1.0}
[96m[ATROPOS][0m INFO:     127.0.0.1:62011 - "GET /status-env HTTP/1.1" 200 OK
[94m[GSM8K][0m INFO:atroposlib.envs.base:env_manager: Status dict: {'current_step': 0, 'queue_size': 0, 'unallocated_fraction': 1.0, 'self_queue_size': 0, 'max_group_size': 1, 'env_weight': 1.0}
[96m[ATROPOS][0m INFO:     127.0.0.1:62012 - "GET /status-env HTTP/1.1" 200 OK
[94m[GSM8K][0m INFO:atroposlib.envs.base:env_manager: Status dict: {'current_step': 0, 'queue_size': 0, 'unallocated_fraction': 1.0, 'self_queue_size': 0, 'max_group_size': 1, 'env_weight': 1.0}
[96m[ATROPOS][0m INFO:     127.0.0.1:62013 - "GET /status-env HTTP/1.1" 200 OK
[94m[GSM8K][0m INFO:atroposlib.envs.base:env_manager: Status dict: {'current_step': 0, 'queue_size': 0, 'unallocated_fraction': 1.0, 'self_queue_size': 0, 'max_group_size': 1, 'env_weight': 1.0}
[96m[ATROPOS][0m INFO:     127.0.0.1:62014 - "GET /batch HTTP/1.1" 200 OK
[96m[ATROPOS][0m INFO:     127.0.0.1:62015 - "GET /status-env HTTP/1.1" 200 OK
[94m[GSM8K][0m INFO:atroposlib.envs.base:env_manager: Status dict: {'current_step': 0, 'queue_size': 0, 'unallocated_fraction': 1.0, 'self_queue_size': 0, 'max_group_size': 1, 'env_weight': 1.0}
[96m[ATROPOS][0m INFO:     127.0.0.1:62016 - "GET /status-env HTTP/1.1" 200 OK
[94m[GSM8K][0m INFO:atroposlib.envs.base:env_manager: Status dict: {'current_step': 0, 'queue_size': 0, 'unallocated_fraction': 1.0, 'self_queue_size': 0, 'max_group_size': 1, 'env_weight': 1.0}
[96m[ATROPOS][0m INFO:     127.0.0.1:62017 - "GET /status-env HTTP/1.1" 200 OK
[94m[GSM8K][0m INFO:atroposlib.envs.base:env_manager: Status dict: {'current_step': 0, 'queue_size': 0, 'unallocated_fraction': 1.0, 'self_queue_size': 0, 'max_group_size': 1, 'env_weight': 1.0}
[96m[ATROPOS][0m INFO:     127.0.0.1:62018 - "GET /status-env HTTP/1.1" 200 OK
[94m[GSM8K][0m INFO:atroposlib.envs.base:env_manager: Status dict: {'current_step': 0, 'queue_size': 0, 'unallocated_fraction': 1.0, 'self_queue_size': 0, 'max_group_size': 1, 'env_weight': 1.0}
[96m[ATROPOS][0m INFO:     127.0.0.1:62020 - "GET /status-env HTTP/1.1" 200 OK
[94m[GSM8K][0m INFO:atroposlib.envs.base:env_manager: Status dict: {'current_step': 0, 'queue_size': 0, 'unallocated_fraction': 1.0, 'self_queue_size': 0, 'max_group_size': 1, 'env_weight': 1.0}
[96m[ATROPOS][0m INFO:     127.0.0.1:62021 - "GET /status-env HTTP/1.1" 200 OK
[94m[GSM8K][0m INFO:atroposlib.envs.base:env_manager: Status dict: {'current_step': 0, 'queue_size': 0, 'unallocated_fraction': 1.0, 'self_queue_size': 0, 'max_group_size': 1, 'env_weight': 1.0}
[96m[ATROPOS][0m INFO:     127.0.0.1:62023 - "GET /status-env HTTP/1.1" 200 OK
[94m[GSM8K][0m INFO:atroposlib.envs.base:env_manager: Status dict: {'current_step': 0, 'queue_size': 0, 'unallocated_fraction': 1.0, 'self_queue_size': 0, 'max_group_size': 1, 'env_weight': 1.0}
[96m[ATROPOS][0m INFO:     127.0.0.1:62024 - "GET /status-env HTTP/1.1" 200 OK
[94m[GSM8K][0m INFO:atroposlib.envs.base:env_manager: Status dict: {'current_step': 0, 'queue_size': 0, 'unallocated_fraction': 1.0, 'self_queue_size': 0, 'max_group_size': 1, 'env_weight': 1.0}
[96m[ATROPOS][0m INFO:     127.0.0.1:62026 - "GET /status-env HTTP/1.1" 200 OK
[94m[GSM8K][0m INFO:atroposlib.envs.base:env_manager: Status dict: {'current_step': 0, 'queue_size': 0, 'unallocated_fraction': 1.0, 'self_queue_size': 0, 'max_group_size': 1, 'env_weight': 1.0}
[96m[ATROPOS][0m INFO:     127.0.0.1:62028 - "GET /status-env HTTP/1.1" 200 OK
[94m[GSM8K][0m INFO:atroposlib.envs.base:env_manager: Status dict: {'current_step': 0, 'queue_size': 0, 'unallocated_fraction': 1.0, 'self_queue_size': 0, 'max_group_size': 1, 'env_weight': 1.0}
[96m[ATROPOS][0m INFO:     127.0.0.1:62029 - "GET /batch HTTP/1.1" 200 OK
[92m[TRAINER][0m INFO:root:Polling for batch... attempt 110
[96m[ATROPOS][0m INFO:     127.0.0.1:62030 - "GET /status-env HTTP/1.1" 200 OK
[94m[GSM8K][0m INFO:atroposlib.envs.base:env_manager: Status dict: {'current_step': 0, 'queue_size': 0, 'unallocated_fraction': 1.0, 'self_queue_size': 0, 'max_group_size': 1, 'env_weight': 1.0}
[96m[ATROPOS][0m INFO:     127.0.0.1:62031 - "GET /status-env HTTP/1.1" 200 OK
[94m[GSM8K][0m INFO:atroposlib.envs.base:env_manager: Status dict: {'current_step': 0, 'queue_size': 0, 'unallocated_fraction': 1.0, 'self_queue_size': 0, 'max_group_size': 1, 'env_weight': 1.0}
[96m[ATROPOS][0m INFO:     127.0.0.1:62032 - "GET /status-env HTTP/1.1" 200 OK
[94m[GSM8K][0m INFO:atroposlib.envs.base:env_manager: Status dict: {'current_step': 0, 'queue_size': 0, 'unallocated_fraction': 1.0, 'self_queue_size': 0, 'max_group_size': 1, 'env_weight': 1.0}
[96m[ATROPOS][0m INFO:     127.0.0.1:62033 - "GET /status-env HTTP/1.1" 200 OK
[94m[GSM8K][0m INFO:atroposlib.envs.base:env_manager: Status dict: {'current_step': 0, 'queue_size': 0, 'unallocated_fraction': 1.0, 'self_queue_size': 0, 'max_group_size': 1, 'env_weight': 1.0}
[96m[ATROPOS][0m INFO:     127.0.0.1:62034 - "GET /status-env HTTP/1.1" 200 OK
[94m[GSM8K][0m INFO:atroposlib.envs.base:env_manager: Status dict: {'current_step': 0, 'queue_size': 0, 'unallocated_fraction': 1.0, 'self_queue_size': 0, 'max_group_size': 1, 'env_weight': 1.0}
[96m[ATROPOS][0m INFO:     127.0.0.1:62035 - "GET /status-env HTTP/1.1" 200 OK
[94m[GSM8K][0m INFO:atroposlib.envs.base:env_manager: Status dict: {'current_step': 0, 'queue_size': 0, 'unallocated_fraction': 1.0, 'self_queue_size': 0, 'max_group_size': 1, 'env_weight': 1.0}
[96m[ATROPOS][0m INFO:     127.0.0.1:62037 - "GET /status-env HTTP/1.1" 200 OK
[94m[GSM8K][0m INFO:atroposlib.envs.base:env_manager: Status dict: {'current_step': 0, 'queue_size': 0, 'unallocated_fraction': 1.0, 'self_queue_size': 0, 'max_group_size': 1, 'env_weight': 1.0}
[96m[ATROPOS][0m INFO:     127.0.0.1:62038 - "GET /status-env HTTP/1.1" 200 OK
[94m[GSM8K][0m INFO:atroposlib.envs.base:env_manager: Status dict: {'current_step': 0, 'queue_size': 0, 'unallocated_fraction': 1.0, 'self_queue_size': 0, 'max_group_size': 1, 'env_weight': 1.0}
[96m[ATROPOS][0m INFO:     127.0.0.1:62039 - "GET /status-env HTTP/1.1" 200 OK
[94m[GSM8K][0m INFO:atroposlib.envs.base:env_manager: Status dict: {'current_step': 0, 'queue_size': 0, 'unallocated_fraction': 1.0, 'self_queue_size': 0, 'max_group_size': 1, 'env_weight': 1.0}
[96m[ATROPOS][0m INFO:     127.0.0.1:62040 - "GET /status-env HTTP/1.1" 200 OK
[94m[GSM8K][0m INFO:atroposlib.envs.base:env_manager: Status dict: {'current_step': 0, 'queue_size': 0, 'unallocated_fraction': 1.0, 'self_queue_size': 0, 'max_group_size': 1, 'env_weight': 1.0}
[96m[ATROPOS][0m INFO:     127.0.0.1:62041 - "GET /batch HTTP/1.1" 200 OK
[96m[ATROPOS][0m INFO:     127.0.0.1:62042 - "GET /status-env HTTP/1.1" 200 OK
[94m[GSM8K][0m INFO:atroposlib.envs.base:env_manager: Status dict: {'current_step': 0, 'queue_size': 0, 'unallocated_fraction': 1.0, 'self_queue_size': 0, 'max_group_size': 1, 'env_weight': 1.0}
[96m[ATROPOS][0m INFO:     127.0.0.1:62043 - "GET /status-env HTTP/1.1" 200 OK
[94m[GSM8K][0m INFO:atroposlib.envs.base:env_manager: Status dict: {'current_step': 0, 'queue_size': 0, 'unallocated_fraction': 1.0, 'self_queue_size': 0, 'max_group_size': 1, 'env_weight': 1.0}
[96m[ATROPOS][0m INFO:     127.0.0.1:62044 - "GET /status-env HTTP/1.1" 200 OK
[94m[GSM8K][0m INFO:atroposlib.envs.base:env_manager: Status dict: {'current_step': 0, 'queue_size': 0, 'unallocated_fraction': 1.0, 'self_queue_size': 0, 'max_group_size': 1, 'env_weight': 1.0}
[96m[ATROPOS][0m INFO:     127.0.0.1:62045 - "GET /status-env HTTP/1.1" 200 OK
[94m[GSM8K][0m INFO:atroposlib.envs.base:env_manager: Status dict: {'current_step': 0, 'queue_size': 0, 'unallocated_fraction': 1.0, 'self_queue_size': 0, 'max_group_size': 1, 'env_weight': 1.0}
[96m[ATROPOS][0m INFO:     127.0.0.1:62046 - "GET /status-env HTTP/1.1" 200 OK
[94m[GSM8K][0m INFO:atroposlib.envs.base:env_manager: Status dict: {'current_step': 0, 'queue_size': 0, 'unallocated_fraction': 1.0, 'self_queue_size': 0, 'max_group_size': 1, 'env_weight': 1.0}
[96m[ATROPOS][0m INFO:     127.0.0.1:62047 - "GET /status-env HTTP/1.1" 200 OK
[94m[GSM8K][0m INFO:atroposlib.envs.base:env_manager: Status dict: {'current_step': 0, 'queue_size': 0, 'unallocated_fraction': 1.0, 'self_queue_size': 0, 'max_group_size': 1, 'env_weight': 1.0}
[96m[ATROPOS][0m INFO:     127.0.0.1:62048 - "GET /status-env HTTP/1.1" 200 OK
[94m[GSM8K][0m INFO:atroposlib.envs.base:env_manager: Status dict: {'current_step': 0, 'queue_size': 0, 'unallocated_fraction': 1.0, 'self_queue_size': 0, 'max_group_size': 1, 'env_weight': 1.0}
[96m[ATROPOS][0m INFO:     127.0.0.1:62049 - "GET /status-env HTTP/1.1" 200 OK
[94m[GSM8K][0m INFO:atroposlib.envs.base:env_manager: Status dict: {'current_step': 0, 'queue_size': 0, 'unallocated_fraction': 1.0, 'self_queue_size': 0, 'max_group_size': 1, 'env_weight': 1.0}
[96m[ATROPOS][0m INFO:     127.0.0.1:62050 - "GET /status-env HTTP/1.1" 200 OK
[94m[GSM8K][0m INFO:atroposlib.envs.base:env_manager: Status dict: {'current_step': 0, 'queue_size': 0, 'unallocated_fraction': 1.0, 'self_queue_size': 0, 'max_group_size': 1, 'env_weight': 1.0}
[96m[ATROPOS][0m INFO:     127.0.0.1:62051 - "GET /batch HTTP/1.1" 200 OK
[96m[ATROPOS][0m INFO:     127.0.0.1:62052 - "GET /status-env HTTP/1.1" 200 OK
[94m[GSM8K][0m INFO:atroposlib.envs.base:env_manager: Status dict: {'current_step': 0, 'queue_size': 0, 'unallocated_fraction': 1.0, 'self_queue_size': 0, 'max_group_size': 1, 'env_weight': 1.0}
[96m[ATROPOS][0m INFO:     127.0.0.1:62053 - "GET /status-env HTTP/1.1" 200 OK
[94m[GSM8K][0m INFO:atroposlib.envs.base:env_manager: Status dict: {'current_step': 0, 'queue_size': 0, 'unallocated_fraction': 1.0, 'self_queue_size': 0, 'max_group_size': 1, 'env_weight': 1.0}
[96m[ATROPOS][0m INFO:     127.0.0.1:62054 - "GET /status-env HTTP/1.1" 200 OK
[94m[GSM8K][0m INFO:atroposlib.envs.base:env_manager: Status dict: {'current_step': 0, 'queue_size': 0, 'unallocated_fraction': 1.0, 'self_queue_size': 0, 'max_group_size': 1, 'env_weight': 1.0}
[96m[ATROPOS][0m INFO:     127.0.0.1:62055 - "GET /status-env HTTP/1.1" 200 OK
[94m[GSM8K][0m INFO:atroposlib.envs.base:env_manager: Status dict: {'current_step': 0, 'queue_size': 0, 'unallocated_fraction': 1.0, 'self_queue_size': 0, 'max_group_size': 1, 'env_weight': 1.0}
[96m[ATROPOS][0m INFO:     127.0.0.1:62056 - "GET /status-env HTTP/1.1" 200 OK
[94m[GSM8K][0m INFO:atroposlib.envs.base:env_manager: Status dict: {'current_step': 0, 'queue_size': 0, 'unallocated_fraction': 1.0, 'self_queue_size': 0, 'max_group_size': 1, 'env_weight': 1.0}
[96m[ATROPOS][0m INFO:     127.0.0.1:62057 - "GET /status-env HTTP/1.1" 200 OK
[94m[GSM8K][0m INFO:atroposlib.envs.base:env_manager: Status dict: {'current_step': 0, 'queue_size': 0, 'unallocated_fraction': 1.0, 'self_queue_size': 0, 'max_group_size': 1, 'env_weight': 1.0}
[96m[ATROPOS][0m INFO:     127.0.0.1:62058 - "GET /status-env HTTP/1.1" 200 OK
[94m[GSM8K][0m INFO:atroposlib.envs.base:env_manager: Status dict: {'current_step': 0, 'queue_size': 0, 'unallocated_fraction': 1.0, 'self_queue_size': 0, 'max_group_size': 1, 'env_weight': 1.0}
[96m[ATROPOS][0m INFO:     127.0.0.1:62059 - "GET /status-env HTTP/1.1" 200 OK
[94m[GSM8K][0m INFO:atroposlib.envs.base:env_manager: Status dict: {'current_step': 0, 'queue_size': 0, 'unallocated_fraction': 1.0, 'self_queue_size': 0, 'max_group_size': 1, 'env_weight': 1.0}
[96m[ATROPOS][0m INFO:     127.0.0.1:62060 - "GET /status-env HTTP/1.1" 200 OK
[94m[GSM8K][0m INFO:atroposlib.envs.base:env_manager: Status dict: {'current_step': 0, 'queue_size': 0, 'unallocated_fraction': 1.0, 'self_queue_size': 0, 'max_group_size': 1, 'env_weight': 1.0}
[96m[ATROPOS][0m INFO:     127.0.0.1:62061 - "GET /status-env HTTP/1.1" 200 OK
[94m[GSM8K][0m INFO:atroposlib.envs.base:env_manager: Status dict: {'current_step': 0, 'queue_size': 0, 'unallocated_fraction': 1.0, 'self_queue_size': 0, 'max_group_size': 1, 'env_weight': 1.0}
[96m[ATROPOS][0m INFO:     127.0.0.1:62062 - "GET /batch HTTP/1.1" 200 OK
[96m[ATROPOS][0m INFO:     127.0.0.1:62063 - "GET /status-env HTTP/1.1" 200 OK
[94m[GSM8K][0m INFO:atroposlib.envs.base:env_manager: Status dict: {'current_step': 0, 'queue_size': 0, 'unallocated_fraction': 1.0, 'self_queue_size': 0, 'max_group_size': 1, 'env_weight': 1.0}
[96m[ATROPOS][0m INFO:     127.0.0.1:62064 - "GET /status-env HTTP/1.1" 200 OK
[94m[GSM8K][0m INFO:atroposlib.envs.base:env_manager: Status dict: {'current_step': 0, 'queue_size': 0, 'unallocated_fraction': 1.0, 'self_queue_size': 0, 'max_group_size': 1, 'env_weight': 1.0}
[96m[ATROPOS][0m INFO:     127.0.0.1:62065 - "GET /status-env HTTP/1.1" 200 OK
[94m[GSM8K][0m INFO:atroposlib.envs.base:env_manager: Status dict: {'current_step': 0, 'queue_size': 0, 'unallocated_fraction': 1.0, 'self_queue_size': 0, 'max_group_size': 1, 'env_weight': 1.0}
[96m[ATROPOS][0m INFO:     127.0.0.1:62066 - "GET /status-env HTTP/1.1" 200 OK
[94m[GSM8K][0m INFO:atroposlib.envs.base:env_manager: Status dict: {'current_step': 0, 'queue_size': 0, 'unallocated_fraction': 1.0, 'self_queue_size': 0, 'max_group_size': 1, 'env_weight': 1.0}
[96m[ATROPOS][0m INFO:     127.0.0.1:62067 - "GET /status-env HTTP/1.1" 200 OK
[94m[GSM8K][0m INFO:atroposlib.envs.base:env_manager: Status dict: {'current_step': 0, 'queue_size': 0, 'unallocated_fraction': 1.0, 'self_queue_size': 0, 'max_group_size': 1, 'env_weight': 1.0}
[96m[ATROPOS][0m INFO:     127.0.0.1:62068 - "GET /status-env HTTP/1.1" 200 OK
[94m[GSM8K][0m INFO:atroposlib.envs.base:env_manager: Status dict: {'current_step': 0, 'queue_size': 0, 'unallocated_fraction': 1.0, 'self_queue_size': 0, 'max_group_size': 1, 'env_weight': 1.0}
[96m[ATROPOS][0m INFO:     127.0.0.1:62069 - "GET /status-env HTTP/1.1" 200 OK
[94m[GSM8K][0m INFO:atroposlib.envs.base:env_manager: Status dict: {'current_step': 0, 'queue_size': 0, 'unallocated_fraction': 1.0, 'self_queue_size': 0, 'max_group_size': 1, 'env_weight': 1.0}
[96m[ATROPOS][0m INFO:     127.0.0.1:62070 - "GET /status-env HTTP/1.1" 200 OK
[94m[GSM8K][0m INFO:atroposlib.envs.base:env_manager: Status dict: {'current_step': 0, 'queue_size': 0, 'unallocated_fraction': 1.0, 'self_queue_size': 0, 'max_group_size': 1, 'env_weight': 1.0}
[96m[ATROPOS][0m INFO:     127.0.0.1:62071 - "GET /status-env HTTP/1.1" 200 OK
[94m[GSM8K][0m INFO:atroposlib.envs.base:env_manager: Status dict: {'current_step': 0, 'queue_size': 0, 'unallocated_fraction': 1.0, 'self_queue_size': 0, 'max_group_size': 1, 'env_weight': 1.0}
[96m[ATROPOS][0m INFO:     127.0.0.1:62072 - "GET /batch HTTP/1.1" 200 OK
[96m[ATROPOS][0m INFO:     127.0.0.1:62073 - "GET /status-env HTTP/1.1" 200 OK
[94m[GSM8K][0m INFO:atroposlib.envs.base:env_manager: Status dict: {'current_step': 0, 'queue_size': 0, 'unallocated_fraction': 1.0, 'self_queue_size': 0, 'max_group_size': 1, 'env_weight': 1.0}
[96m[ATROPOS][0m INFO:     127.0.0.1:62074 - "GET /status-env HTTP/1.1" 200 OK
[94m[GSM8K][0m INFO:atroposlib.envs.base:env_manager: Status dict: {'current_step': 0, 'queue_size': 0, 'unallocated_fraction': 1.0, 'self_queue_size': 0, 'max_group_size': 1, 'env_weight': 1.0}
[96m[ATROPOS][0m INFO:     127.0.0.1:62075 - "GET /status-env HTTP/1.1" 200 OK
[94m[GSM8K][0m INFO:atroposlib.envs.base:env_manager: Status dict: {'current_step': 0, 'queue_size': 0, 'unallocated_fraction': 1.0, 'self_queue_size': 0, 'max_group_size': 1, 'env_weight': 1.0}
[96m[ATROPOS][0m INFO:     127.0.0.1:62076 - "GET /status-env HTTP/1.1" 200 OK
[94m[GSM8K][0m INFO:atroposlib.envs.base:env_manager: Status dict: {'current_step': 0, 'queue_size': 0, 'unallocated_fraction': 1.0, 'self_queue_size': 0, 'max_group_size': 1, 'env_weight': 1.0}
[96m[ATROPOS][0m INFO:     127.0.0.1:62077 - "GET /status-env HTTP/1.1" 200 OK
[94m[GSM8K][0m INFO:atroposlib.envs.base:env_manager: Status dict: {'current_step': 0, 'queue_size': 0, 'unallocated_fraction': 1.0, 'self_queue_size': 0, 'max_group_size': 1, 'env_weight': 1.0}
[96m[ATROPOS][0m INFO:     127.0.0.1:62078 - "GET /status-env HTTP/1.1" 200 OK
[94m[GSM8K][0m INFO:atroposlib.envs.base:env_manager: Status dict: {'current_step': 0, 'queue_size': 0, 'unallocated_fraction': 1.0, 'self_queue_size': 0, 'max_group_size': 1, 'env_weight': 1.0}
[96m[ATROPOS][0m INFO:     127.0.0.1:62079 - "GET /status-env HTTP/1.1" 200 OK
[94m[GSM8K][0m INFO:atroposlib.envs.base:env_manager: Status dict: {'current_step': 0, 'queue_size': 0, 'unallocated_fraction': 1.0, 'self_queue_size': 0, 'max_group_size': 1, 'env_weight': 1.0}
[96m[ATROPOS][0m INFO:     127.0.0.1:62080 - "GET /status-env HTTP/1.1" 200 OK
[94m[GSM8K][0m INFO:atroposlib.envs.base:env_manager: Status dict: {'current_step': 0, 'queue_size': 0, 'unallocated_fraction': 1.0, 'self_queue_size': 0, 'max_group_size': 1, 'env_weight': 1.0}
[96m[ATROPOS][0m INFO:     127.0.0.1:62082 - "GET /status-env HTTP/1.1" 200 OK
[94m[GSM8K][0m INFO:atroposlib.envs.base:env_manager: Status dict: {'current_step': 0, 'queue_size': 0, 'unallocated_fraction': 1.0, 'self_queue_size': 0, 'max_group_size': 1, 'env_weight': 1.0}
[96m[ATROPOS][0m INFO:     127.0.0.1:62083 - "GET /status-env HTTP/1.1" 200 OK
[94m[GSM8K][0m INFO:atroposlib.envs.base:env_manager: Status dict: {'current_step': 0, 'queue_size': 0, 'unallocated_fraction': 1.0, 'self_queue_size': 0, 'max_group_size': 1, 'env_weight': 1.0}
[96m[ATROPOS][0m INFO:     127.0.0.1:62084 - "GET /batch HTTP/1.1" 200 OK
[92m[TRAINER][0m INFO:root:Polling for batch... attempt 115
[96m[ATROPOS][0m INFO:     127.0.0.1:62085 - "GET /status-env HTTP/1.1" 200 OK
[94m[GSM8K][0m INFO:atroposlib.envs.base:env_manager: Status dict: {'current_step': 0, 'queue_size': 0, 'unallocated_fraction': 1.0, 'self_queue_size': 0, 'max_group_size': 1, 'env_weight': 1.0}
[96m[ATROPOS][0m INFO:     127.0.0.1:62087 - "GET /status-env HTTP/1.1" 200 OK
[94m[GSM8K][0m INFO:atroposlib.envs.base:env_manager: Status dict: {'current_step': 0, 'queue_size': 0, 'unallocated_fraction': 1.0, 'self_queue_size': 0, 'max_group_size': 1, 'env_weight': 1.0}
[96m[ATROPOS][0m INFO:     127.0.0.1:62088 - "GET /status-env HTTP/1.1" 200 OK
[94m[GSM8K][0m INFO:atroposlib.envs.base:env_manager: Status dict: {'current_step': 0, 'queue_size': 0, 'unallocated_fraction': 1.0, 'self_queue_size': 0, 'max_group_size': 1, 'env_weight': 1.0}
[96m[ATROPOS][0m INFO:     127.0.0.1:62090 - "GET /status-env HTTP/1.1" 200 OK
[94m[GSM8K][0m INFO:atroposlib.envs.base:env_manager: Status dict: {'current_step': 0, 'queue_size': 0, 'unallocated_fraction': 1.0, 'self_queue_size': 0, 'max_group_size': 1, 'env_weight': 1.0}
[96m[ATROPOS][0m INFO:     127.0.0.1:62091 - "GET /status-env HTTP/1.1" 200 OK
[94m[GSM8K][0m INFO:atroposlib.envs.base:env_manager: Status dict: {'current_step': 0, 'queue_size': 0, 'unallocated_fraction': 1.0, 'self_queue_size': 0, 'max_group_size': 1, 'env_weight': 1.0}
[96m[ATROPOS][0m INFO:     127.0.0.1:62093 - "GET /status-env HTTP/1.1" 200 OK
[94m[GSM8K][0m INFO:atroposlib.envs.base:env_manager: Status dict: {'current_step': 0, 'queue_size': 0, 'unallocated_fraction': 1.0, 'self_queue_size': 0, 'max_group_size': 1, 'env_weight': 1.0}
[96m[ATROPOS][0m INFO:     127.0.0.1:62094 - "GET /status-env HTTP/1.1" 200 OK
[94m[GSM8K][0m INFO:atroposlib.envs.base:env_manager: Status dict: {'current_step': 0, 'queue_size': 0, 'unallocated_fraction': 1.0, 'self_queue_size': 0, 'max_group_size': 1, 'env_weight': 1.0}
[96m[ATROPOS][0m INFO:     127.0.0.1:62096 - "GET /status-env HTTP/1.1" 200 OK
[94m[GSM8K][0m INFO:atroposlib.envs.base:env_manager: Status dict: {'current_step': 0, 'queue_size': 0, 'unallocated_fraction': 1.0, 'self_queue_size': 0, 'max_group_size': 1, 'env_weight': 1.0}
[96m[ATROPOS][0m INFO:     127.0.0.1:62097 - "GET /status-env HTTP/1.1" 200 OK
[94m[GSM8K][0m INFO:atroposlib.envs.base:env_manager: Status dict: {'current_step': 0, 'queue_size': 0, 'unallocated_fraction': 1.0, 'self_queue_size': 0, 'max_group_size': 1, 'env_weight': 1.0}
[96m[ATROPOS][0m INFO:     127.0.0.1:62098 - "GET /status-env HTTP/1.1" 200 OK
[94m[GSM8K][0m INFO:atroposlib.envs.base:env_manager: Status dict: {'current_step': 0, 'queue_size': 0, 'unallocated_fraction': 1.0, 'self_queue_size': 0, 'max_group_size': 1, 'env_weight': 1.0}
[96m[ATROPOS][0m INFO:     127.0.0.1:62099 - "GET /batch HTTP/1.1" 200 OK
[96m[ATROPOS][0m INFO:     127.0.0.1:62100 - "GET /status-env HTTP/1.1" 200 OK
[94m[GSM8K][0m INFO:atroposlib.envs.base:env_manager: Status dict: {'current_step': 0, 'queue_size': 0, 'unallocated_fraction': 1.0, 'self_queue_size': 0, 'max_group_size': 1, 'env_weight': 1.0}
[96m[ATROPOS][0m INFO:     127.0.0.1:62101 - "GET /status-env HTTP/1.1" 200 OK
[94m[GSM8K][0m INFO:atroposlib.envs.base:env_manager: Status dict: {'current_step': 0, 'queue_size': 0, 'unallocated_fraction': 1.0, 'self_queue_size': 0, 'max_group_size': 1, 'env_weight': 1.0}
[96m[ATROPOS][0m INFO:     127.0.0.1:62102 - "GET /status-env HTTP/1.1" 200 OK
[94m[GSM8K][0m INFO:atroposlib.envs.base:env_manager: Status dict: {'current_step': 0, 'queue_size': 0, 'unallocated_fraction': 1.0, 'self_queue_size': 0, 'max_group_size': 1, 'env_weight': 1.0}
[96m[ATROPOS][0m INFO:     127.0.0.1:62103 - "GET /status-env HTTP/1.1" 200 OK
[94m[GSM8K][0m INFO:atroposlib.envs.base:env_manager: Status dict: {'current_step': 0, 'queue_size': 0, 'unallocated_fraction': 1.0, 'self_queue_size': 0, 'max_group_size': 1, 'env_weight': 1.0}
[96m[ATROPOS][0m INFO:     127.0.0.1:62104 - "GET /status-env HTTP/1.1" 200 OK
[94m[GSM8K][0m INFO:atroposlib.envs.base:env_manager: Status dict: {'current_step': 0, 'queue_size': 0, 'unallocated_fraction': 1.0, 'self_queue_size': 0, 'max_group_size': 1, 'env_weight': 1.0}
[96m[ATROPOS][0m INFO:     127.0.0.1:62105 - "GET /status-env HTTP/1.1" 200 OK
[94m[GSM8K][0m INFO:atroposlib.envs.base:env_manager: Status dict: {'current_step': 0, 'queue_size': 0, 'unallocated_fraction': 1.0, 'self_queue_size': 0, 'max_group_size': 1, 'env_weight': 1.0}
[96m[ATROPOS][0m INFO:     127.0.0.1:62106 - "GET /status-env HTTP/1.1" 200 OK
[94m[GSM8K][0m INFO:atroposlib.envs.base:env_manager: Status dict: {'current_step': 0, 'queue_size': 0, 'unallocated_fraction': 1.0, 'self_queue_size': 0, 'max_group_size': 1, 'env_weight': 1.0}
[96m[ATROPOS][0m INFO:     127.0.0.1:62107 - "GET /status-env HTTP/1.1" 200 OK
[94m[GSM8K][0m INFO:atroposlib.envs.base:env_manager: Status dict: {'current_step': 0, 'queue_size': 0, 'unallocated_fraction': 1.0, 'self_queue_size': 0, 'max_group_size': 1, 'env_weight': 1.0}
[96m[ATROPOS][0m INFO:     127.0.0.1:62108 - "GET /status-env HTTP/1.1" 200 OK
[94m[GSM8K][0m INFO:atroposlib.envs.base:env_manager: Status dict: {'current_step': 0, 'queue_size': 0, 'unallocated_fraction': 1.0, 'self_queue_size': 0, 'max_group_size': 1, 'env_weight': 1.0}
[96m[ATROPOS][0m INFO:     127.0.0.1:62109 - "GET /batch HTTP/1.1" 200 OK
[96m[ATROPOS][0m INFO:     127.0.0.1:62110 - "GET /status-env HTTP/1.1" 200 OK
[94m[GSM8K][0m INFO:atroposlib.envs.base:env_manager: Status dict: {'current_step': 0, 'queue_size': 0, 'unallocated_fraction': 1.0, 'self_queue_size': 0, 'max_group_size': 1, 'env_weight': 1.0}
[96m[ATROPOS][0m INFO:     127.0.0.1:62111 - "GET /status-env HTTP/1.1" 200 OK
[94m[GSM8K][0m INFO:atroposlib.envs.base:env_manager: Status dict: {'current_step': 0, 'queue_size': 0, 'unallocated_fraction': 1.0, 'self_queue_size': 0, 'max_group_size': 1, 'env_weight': 1.0}
[96m[ATROPOS][0m INFO:     127.0.0.1:62112 - "GET /status-env HTTP/1.1" 200 OK
[94m[GSM8K][0m INFO:atroposlib.envs.base:env_manager: Status dict: {'current_step': 0, 'queue_size': 0, 'unallocated_fraction': 1.0, 'self_queue_size': 0, 'max_group_size': 1, 'env_weight': 1.0}
[96m[ATROPOS][0m INFO:     127.0.0.1:62113 - "GET /status-env HTTP/1.1" 200 OK
[94m[GSM8K][0m INFO:atroposlib.envs.base:env_manager: Status dict: {'current_step': 0, 'queue_size': 0, 'unallocated_fraction': 1.0, 'self_queue_size': 0, 'max_group_size': 1, 'env_weight': 1.0}
[96m[ATROPOS][0m INFO:     127.0.0.1:62114 - "GET /status-env HTTP/1.1" 200 OK
[94m[GSM8K][0m INFO:atroposlib.envs.base:env_manager: Status dict: {'current_step': 0, 'queue_size': 0, 'unallocated_fraction': 1.0, 'self_queue_size': 0, 'max_group_size': 1, 'env_weight': 1.0}
[96m[ATROPOS][0m INFO:     127.0.0.1:62115 - "GET /status-env HTTP/1.1" 200 OK
[94m[GSM8K][0m INFO:atroposlib.envs.base:env_manager: Status dict: {'current_step': 0, 'queue_size': 0, 'unallocated_fraction': 1.0, 'self_queue_size': 0, 'max_group_size': 1, 'env_weight': 1.0}
[96m[ATROPOS][0m INFO:     127.0.0.1:62116 - "GET /status-env HTTP/1.1" 200 OK
[94m[GSM8K][0m INFO:atroposlib.envs.base:env_manager: Status dict: {'current_step': 0, 'queue_size': 0, 'unallocated_fraction': 1.0, 'self_queue_size': 0, 'max_group_size': 1, 'env_weight': 1.0}
[96m[ATROPOS][0m INFO:     127.0.0.1:62118 - "GET /status-env HTTP/1.1" 200 OK
[94m[GSM8K][0m INFO:atroposlib.envs.base:env_manager: Status dict: {'current_step': 0, 'queue_size': 0, 'unallocated_fraction': 1.0, 'self_queue_size': 0, 'max_group_size': 1, 'env_weight': 1.0}
[96m[ATROPOS][0m INFO:     127.0.0.1:62119 - "GET /status-env HTTP/1.1" 200 OK
[94m[GSM8K][0m INFO:atroposlib.envs.base:env_manager: Status dict: {'current_step': 0, 'queue_size': 0, 'unallocated_fraction': 1.0, 'self_queue_size': 0, 'max_group_size': 1, 'env_weight': 1.0}
[96m[ATROPOS][0m INFO:     127.0.0.1:62120 - "GET /status-env HTTP/1.1" 200 OK
[94m[GSM8K][0m INFO:atroposlib.envs.base:env_manager: Status dict: {'current_step': 0, 'queue_size': 0, 'unallocated_fraction': 1.0, 'self_queue_size': 0, 'max_group_size': 1, 'env_weight': 1.0}
[96m[ATROPOS][0m INFO:     127.0.0.1:62121 - "GET /batch HTTP/1.1" 200 OK
[96m[ATROPOS][0m INFO:     127.0.0.1:62122 - "GET /status-env HTTP/1.1" 200 OK
[94m[GSM8K][0m INFO:atroposlib.envs.base:env_manager: Status dict: {'current_step': 0, 'queue_size': 0, 'unallocated_fraction': 1.0, 'self_queue_size': 0, 'max_group_size': 1, 'env_weight': 1.0}
[96m[ATROPOS][0m INFO:     127.0.0.1:62123 - "GET /status-env HTTP/1.1" 200 OK
[94m[GSM8K][0m INFO:atroposlib.envs.base:env_manager: Status dict: {'current_step': 0, 'queue_size': 0, 'unallocated_fraction': 1.0, 'self_queue_size': 0, 'max_group_size': 1, 'env_weight': 1.0}
[96m[ATROPOS][0m INFO:     127.0.0.1:62124 - "GET /status-env HTTP/1.1" 200 OK
[94m[GSM8K][0m INFO:atroposlib.envs.base:env_manager: Status dict: {'current_step': 0, 'queue_size': 0, 'unallocated_fraction': 1.0, 'self_queue_size': 0, 'max_group_size': 1, 'env_weight': 1.0}
[96m[ATROPOS][0m INFO:     127.0.0.1:62125 - "GET /status-env HTTP/1.1" 200 OK
[94m[GSM8K][0m INFO:atroposlib.envs.base:env_manager: Status dict: {'current_step': 0, 'queue_size': 0, 'unallocated_fraction': 1.0, 'self_queue_size': 0, 'max_group_size': 1, 'env_weight': 1.0}
[96m[ATROPOS][0m INFO:     127.0.0.1:62126 - "GET /status-env HTTP/1.1" 200 OK
[94m[GSM8K][0m INFO:atroposlib.envs.base:env_manager: Status dict: {'current_step': 0, 'queue_size': 0, 'unallocated_fraction': 1.0, 'self_queue_size': 0, 'max_group_size': 1, 'env_weight': 1.0}
[96m[ATROPOS][0m INFO:     127.0.0.1:62127 - "GET /status-env HTTP/1.1" 200 OK
[94m[GSM8K][0m INFO:atroposlib.envs.base:env_manager: Status dict: {'current_step': 0, 'queue_size': 0, 'unallocated_fraction': 1.0, 'self_queue_size': 0, 'max_group_size': 1, 'env_weight': 1.0}
[96m[ATROPOS][0m INFO:     127.0.0.1:62128 - "GET /status-env HTTP/1.1" 200 OK
[94m[GSM8K][0m INFO:atroposlib.envs.base:env_manager: Status dict: {'current_step': 0, 'queue_size': 0, 'unallocated_fraction': 1.0, 'self_queue_size': 0, 'max_group_size': 1, 'env_weight': 1.0}
[96m[ATROPOS][0m INFO:     127.0.0.1:62129 - "GET /status-env HTTP/1.1" 200 OK
[94m[GSM8K][0m INFO:atroposlib.envs.base:env_manager: Status dict: {'current_step': 0, 'queue_size': 0, 'unallocated_fraction': 1.0, 'self_queue_size': 0, 'max_group_size': 1, 'env_weight': 1.0}
[96m[ATROPOS][0m INFO:     127.0.0.1:62130 - "GET /status-env HTTP/1.1" 200 OK
[94m[GSM8K][0m INFO:atroposlib.envs.base:env_manager: Status dict: {'current_step': 0, 'queue_size': 0, 'unallocated_fraction': 1.0, 'self_queue_size': 0, 'max_group_size': 1, 'env_weight': 1.0}
[96m[ATROPOS][0m INFO:     127.0.0.1:62131 - "GET /status-env HTTP/1.1" 200 OK
[94m[GSM8K][0m INFO:atroposlib.envs.base:env_manager: Status dict: {'current_step': 0, 'queue_size': 0, 'unallocated_fraction': 1.0, 'self_queue_size': 0, 'max_group_size': 1, 'env_weight': 1.0}
[96m[ATROPOS][0m INFO:     127.0.0.1:62132 - "GET /batch HTTP/1.1" 200 OK
[96m[ATROPOS][0m INFO:     127.0.0.1:62133 - "GET /status-env HTTP/1.1" 200 OK
[94m[GSM8K][0m INFO:atroposlib.envs.base:env_manager: Status dict: {'current_step': 0, 'queue_size': 0, 'unallocated_fraction': 1.0, 'self_queue_size': 0, 'max_group_size': 1, 'env_weight': 1.0}
[96m[ATROPOS][0m INFO:     127.0.0.1:62134 - "GET /status-env HTTP/1.1" 200 OK
[94m[GSM8K][0m INFO:atroposlib.envs.base:env_manager: Status dict: {'current_step': 0, 'queue_size': 0, 'unallocated_fraction': 1.0, 'self_queue_size': 0, 'max_group_size': 1, 'env_weight': 1.0}
[96m[ATROPOS][0m INFO:     127.0.0.1:62135 - "GET /status-env HTTP/1.1" 200 OK
[94m[GSM8K][0m INFO:atroposlib.envs.base:env_manager: Status dict: {'current_step': 0, 'queue_size': 0, 'unallocated_fraction': 1.0, 'self_queue_size': 0, 'max_group_size': 1, 'env_weight': 1.0}
[96m[ATROPOS][0m INFO:     127.0.0.1:62136 - "GET /status-env HTTP/1.1" 200 OK
[94m[GSM8K][0m INFO:atroposlib.envs.base:env_manager: Status dict: {'current_step': 0, 'queue_size': 0, 'unallocated_fraction': 1.0, 'self_queue_size': 0, 'max_group_size': 1, 'env_weight': 1.0}
[96m[ATROPOS][0m INFO:     127.0.0.1:62137 - "GET /status-env HTTP/1.1" 200 OK
[94m[GSM8K][0m INFO:atroposlib.envs.base:env_manager: Status dict: {'current_step': 0, 'queue_size': 0, 'unallocated_fraction': 1.0, 'self_queue_size': 0, 'max_group_size': 1, 'env_weight': 1.0}
[96m[ATROPOS][0m INFO:     127.0.0.1:62138 - "GET /status-env HTTP/1.1" 200 OK
[94m[GSM8K][0m INFO:atroposlib.envs.base:env_manager: Status dict: {'current_step': 0, 'queue_size': 0, 'unallocated_fraction': 1.0, 'self_queue_size': 0, 'max_group_size': 1, 'env_weight': 1.0}
[96m[ATROPOS][0m INFO:     127.0.0.1:62139 - "GET /status-env HTTP/1.1" 200 OK
[94m[GSM8K][0m INFO:atroposlib.envs.base:env_manager: Status dict: {'current_step': 0, 'queue_size': 0, 'unallocated_fraction': 1.0, 'self_queue_size': 0, 'max_group_size': 1, 'env_weight': 1.0}
[96m[ATROPOS][0m INFO:     127.0.0.1:62140 - "GET /status-env HTTP/1.1" 200 OK
[94m[GSM8K][0m INFO:atroposlib.envs.base:env_manager: Status dict: {'current_step': 0, 'queue_size': 0, 'unallocated_fraction': 1.0, 'self_queue_size': 0, 'max_group_size': 1, 'env_weight': 1.0}
[96m[ATROPOS][0m INFO:     127.0.0.1:62141 - "GET /status-env HTTP/1.1" 200 OK
[94m[GSM8K][0m INFO:atroposlib.envs.base:env_manager: Status dict: {'current_step': 0, 'queue_size': 0, 'unallocated_fraction': 1.0, 'self_queue_size': 0, 'max_group_size': 1, 'env_weight': 1.0}
[96m[ATROPOS][0m INFO:     127.0.0.1:62142 - "GET /batch HTTP/1.1" 200 OK
[92m[TRAINER][0m INFO:root:Polling for batch... attempt 120
[96m[ATROPOS][0m INFO:     127.0.0.1:62143 - "GET /status-env HTTP/1.1" 200 OK
[94m[GSM8K][0m INFO:atroposlib.envs.base:env_manager: Status dict: {'current_step': 0, 'queue_size': 0, 'unallocated_fraction': 1.0, 'self_queue_size': 0, 'max_group_size': 1, 'env_weight': 1.0}
[96m[ATROPOS][0m INFO:     127.0.0.1:62144 - "GET /status-env HTTP/1.1" 200 OK
[94m[GSM8K][0m INFO:atroposlib.envs.base:env_manager: Status dict: {'current_step': 0, 'queue_size': 0, 'unallocated_fraction': 1.0, 'self_queue_size': 0, 'max_group_size': 1, 'env_weight': 1.0}
[96m[ATROPOS][0m INFO:     127.0.0.1:62145 - "GET /status-env HTTP/1.1" 200 OK
[94m[GSM8K][0m INFO:atroposlib.envs.base:env_manager: Status dict: {'current_step': 0, 'queue_size': 0, 'unallocated_fraction': 1.0, 'self_queue_size': 0, 'max_group_size': 1, 'env_weight': 1.0}
[96m[ATROPOS][0m INFO:     127.0.0.1:62146 - "GET /status-env HTTP/1.1" 200 OK
[94m[GSM8K][0m INFO:atroposlib.envs.base:env_manager: Status dict: {'current_step': 0, 'queue_size': 0, 'unallocated_fraction': 1.0, 'self_queue_size': 0, 'max_group_size': 1, 'env_weight': 1.0}
[96m[ATROPOS][0m INFO:     127.0.0.1:62147 - "GET /status-env HTTP/1.1" 200 OK
[94m[GSM8K][0m INFO:atroposlib.envs.base:env_manager: Status dict: {'current_step': 0, 'queue_size': 0, 'unallocated_fraction': 1.0, 'self_queue_size': 0, 'max_group_size': 1, 'env_weight': 1.0}
[96m[ATROPOS][0m INFO:     127.0.0.1:62148 - "GET /status-env HTTP/1.1" 200 OK
[94m[GSM8K][0m INFO:atroposlib.envs.base:env_manager: Status dict: {'current_step': 0, 'queue_size': 0, 'unallocated_fraction': 1.0, 'self_queue_size': 0, 'max_group_size': 1, 'env_weight': 1.0}
[96m[ATROPOS][0m INFO:     127.0.0.1:62149 - "GET /status-env HTTP/1.1" 200 OK
[94m[GSM8K][0m INFO:atroposlib.envs.base:env_manager: Status dict: {'current_step': 0, 'queue_size': 0, 'unallocated_fraction': 1.0, 'self_queue_size': 0, 'max_group_size': 1, 'env_weight': 1.0}
[96m[ATROPOS][0m INFO:     127.0.0.1:62157 - "GET /status-env HTTP/1.1" 200 OK
[94m[GSM8K][0m INFO:atroposlib.envs.base:env_manager: Status dict: {'current_step': 0, 'queue_size': 0, 'unallocated_fraction': 1.0, 'self_queue_size': 0, 'max_group_size': 1, 'env_weight': 1.0}
[96m[ATROPOS][0m INFO:     127.0.0.1:62158 - "GET /status-env HTTP/1.1" 200 OK
[94m[GSM8K][0m INFO:atroposlib.envs.base:env_manager: Status dict: {'current_step': 0, 'queue_size': 0, 'unallocated_fraction': 1.0, 'self_queue_size': 0, 'max_group_size': 1, 'env_weight': 1.0}
[96m[ATROPOS][0m INFO:     127.0.0.1:62160 - "GET /status-env HTTP/1.1" 200 OK
[94m[GSM8K][0m INFO:atroposlib.envs.base:env_manager: Status dict: {'current_step': 0, 'queue_size': 0, 'unallocated_fraction': 1.0, 'self_queue_size': 0, 'max_group_size': 1, 'env_weight': 1.0}
[96m[ATROPOS][0m INFO:     127.0.0.1:62161 - "GET /batch HTTP/1.1" 200 OK
[96m[ATROPOS][0m INFO:     127.0.0.1:62162 - "GET /status-env HTTP/1.1" 200 OK
[94m[GSM8K][0m INFO:atroposlib.envs.base:env_manager: Status dict: {'current_step': 0, 'queue_size': 0, 'unallocated_fraction': 1.0, 'self_queue_size': 0, 'max_group_size': 1, 'env_weight': 1.0}
[96m[ATROPOS][0m INFO:     127.0.0.1:62163 - "GET /status-env HTTP/1.1" 200 OK
[94m[GSM8K][0m INFO:atroposlib.envs.base:env_manager: Status dict: {'current_step': 0, 'queue_size': 0, 'unallocated_fraction': 1.0, 'self_queue_size': 0, 'max_group_size': 1, 'env_weight': 1.0}
[96m[ATROPOS][0m INFO:     127.0.0.1:62164 - "GET /status-env HTTP/1.1" 200 OK
[94m[GSM8K][0m INFO:atroposlib.envs.base:env_manager: Status dict: {'current_step': 0, 'queue_size': 0, 'unallocated_fraction': 1.0, 'self_queue_size': 0, 'max_group_size': 1, 'env_weight': 1.0}
[96m[ATROPOS][0m INFO:     127.0.0.1:62165 - "GET /status-env HTTP/1.1" 200 OK
[94m[GSM8K][0m INFO:atroposlib.envs.base:env_manager: Status dict: {'current_step': 0, 'queue_size': 0, 'unallocated_fraction': 1.0, 'self_queue_size': 0, 'max_group_size': 1, 'env_weight': 1.0}
[96m[ATROPOS][0m INFO:     127.0.0.1:62166 - "GET /status-env HTTP/1.1" 200 OK
[94m[GSM8K][0m INFO:atroposlib.envs.base:env_manager: Status dict: {'current_step': 0, 'queue_size': 0, 'unallocated_fraction': 1.0, 'self_queue_size': 0, 'max_group_size': 1, 'env_weight': 1.0}
[96m[ATROPOS][0m INFO:     127.0.0.1:62167 - "GET /status-env HTTP/1.1" 200 OK
[94m[GSM8K][0m INFO:atroposlib.envs.base:env_manager: Status dict: {'current_step': 0, 'queue_size': 0, 'unallocated_fraction': 1.0, 'self_queue_size': 0, 'max_group_size': 1, 'env_weight': 1.0}
[96m[ATROPOS][0m INFO:     127.0.0.1:62168 - "GET /status-env HTTP/1.1" 200 OK
[94m[GSM8K][0m INFO:atroposlib.envs.base:env_manager: Status dict: {'current_step': 0, 'queue_size': 0, 'unallocated_fraction': 1.0, 'self_queue_size': 0, 'max_group_size': 1, 'env_weight': 1.0}
[96m[ATROPOS][0m INFO:     127.0.0.1:62169 - "GET /status-env HTTP/1.1" 200 OK
[94m[GSM8K][0m INFO:atroposlib.envs.base:env_manager: Status dict: {'current_step': 0, 'queue_size': 0, 'unallocated_fraction': 1.0, 'self_queue_size': 0, 'max_group_size': 1, 'env_weight': 1.0}
[96m[ATROPOS][0m INFO:     127.0.0.1:62170 - "GET /status-env HTTP/1.1" 200 OK
[94m[GSM8K][0m INFO:atroposlib.envs.base:env_manager: Status dict: {'current_step': 0, 'queue_size': 0, 'unallocated_fraction': 1.0, 'self_queue_size': 0, 'max_group_size': 1, 'env_weight': 1.0}
[96m[ATROPOS][0m INFO:     127.0.0.1:62171 - "GET /status-env HTTP/1.1" 200 OK
[94m[GSM8K][0m INFO:atroposlib.envs.base:env_manager: Status dict: {'current_step': 0, 'queue_size': 0, 'unallocated_fraction': 1.0, 'self_queue_size': 0, 'max_group_size': 1, 'env_weight': 1.0}
[96m[ATROPOS][0m INFO:     127.0.0.1:62172 - "GET /batch HTTP/1.1" 200 OK
[96m[ATROPOS][0m INFO:     127.0.0.1:62173 - "GET /status-env HTTP/1.1" 200 OK
[94m[GSM8K][0m INFO:atroposlib.envs.base:env_manager: Status dict: {'current_step': 0, 'queue_size': 0, 'unallocated_fraction': 1.0, 'self_queue_size': 0, 'max_group_size': 1, 'env_weight': 1.0}
[96m[ATROPOS][0m INFO:     127.0.0.1:62174 - "GET /status-env HTTP/1.1" 200 OK
[94m[GSM8K][0m INFO:atroposlib.envs.base:env_manager: Status dict: {'current_step': 0, 'queue_size': 0, 'unallocated_fraction': 1.0, 'self_queue_size': 0, 'max_group_size': 1, 'env_weight': 1.0}
[96m[ATROPOS][0m INFO:     127.0.0.1:62175 - "GET /status-env HTTP/1.1" 200 OK
[94m[GSM8K][0m INFO:atroposlib.envs.base:env_manager: Status dict: {'current_step': 0, 'queue_size': 0, 'unallocated_fraction': 1.0, 'self_queue_size': 0, 'max_group_size': 1, 'env_weight': 1.0}
[96m[ATROPOS][0m INFO:     127.0.0.1:62176 - "GET /status-env HTTP/1.1" 200 OK
[94m[GSM8K][0m INFO:atroposlib.envs.base:env_manager: Status dict: {'current_step': 0, 'queue_size': 0, 'unallocated_fraction': 1.0, 'self_queue_size': 0, 'max_group_size': 1, 'env_weight': 1.0}
[96m[ATROPOS][0m INFO:     127.0.0.1:62177 - "GET /status-env HTTP/1.1" 200 OK
[94m[GSM8K][0m INFO:atroposlib.envs.base:env_manager: Status dict: {'current_step': 0, 'queue_size': 0, 'unallocated_fraction': 1.0, 'self_queue_size': 0, 'max_group_size': 1, 'env_weight': 1.0}
[96m[ATROPOS][0m INFO:     127.0.0.1:62178 - "GET /status-env HTTP/1.1" 200 OK
[94m[GSM8K][0m INFO:atroposlib.envs.base:env_manager: Status dict: {'current_step': 0, 'queue_size': 0, 'unallocated_fraction': 1.0, 'self_queue_size': 0, 'max_group_size': 1, 'env_weight': 1.0}
[96m[ATROPOS][0m INFO:     127.0.0.1:62179 - "GET /status-env HTTP/1.1" 200 OK
[94m[GSM8K][0m INFO:atroposlib.envs.base:env_manager: Status dict: {'current_step': 0, 'queue_size': 0, 'unallocated_fraction': 1.0, 'self_queue_size': 0, 'max_group_size': 1, 'env_weight': 1.0}
[96m[ATROPOS][0m INFO:     127.0.0.1:62180 - "GET /status-env HTTP/1.1" 200 OK
[94m[GSM8K][0m INFO:atroposlib.envs.base:env_manager: Status dict: {'current_step': 0, 'queue_size': 0, 'unallocated_fraction': 1.0, 'self_queue_size': 0, 'max_group_size': 1, 'env_weight': 1.0}
[96m[ATROPOS][0m INFO:     127.0.0.1:62181 - "GET /status-env HTTP/1.1" 200 OK
[94m[GSM8K][0m INFO:atroposlib.envs.base:env_manager: Status dict: {'current_step': 0, 'queue_size': 0, 'unallocated_fraction': 1.0, 'self_queue_size': 0, 'max_group_size': 1, 'env_weight': 1.0}
[96m[ATROPOS][0m INFO:     127.0.0.1:62182 - "GET /batch HTTP/1.1" 200 OK
[96m[ATROPOS][0m INFO:     127.0.0.1:62183 - "GET /status-env HTTP/1.1" 200 OK
[94m[GSM8K][0m INFO:atroposlib.envs.base:env_manager: Status dict: {'current_step': 0, 'queue_size': 0, 'unallocated_fraction': 1.0, 'self_queue_size': 0, 'max_group_size': 1, 'env_weight': 1.0}
[96m[ATROPOS][0m INFO:     127.0.0.1:62184 - "GET /status-env HTTP/1.1" 200 OK
[94m[GSM8K][0m INFO:atroposlib.envs.base:env_manager: Status dict: {'current_step': 0, 'queue_size': 0, 'unallocated_fraction': 1.0, 'self_queue_size': 0, 'max_group_size': 1, 'env_weight': 1.0}
[96m[ATROPOS][0m INFO:     127.0.0.1:62185 - "GET /status-env HTTP/1.1" 200 OK
[94m[GSM8K][0m INFO:atroposlib.envs.base:env_manager: Status dict: {'current_step': 0, 'queue_size': 0, 'unallocated_fraction': 1.0, 'self_queue_size': 0, 'max_group_size': 1, 'env_weight': 1.0}
[96m[ATROPOS][0m INFO:     127.0.0.1:62186 - "GET /status-env HTTP/1.1" 200 OK
[94m[GSM8K][0m INFO:atroposlib.envs.base:env_manager: Status dict: {'current_step': 0, 'queue_size': 0, 'unallocated_fraction': 1.0, 'self_queue_size': 0, 'max_group_size': 1, 'env_weight': 1.0}
[96m[ATROPOS][0m INFO:     127.0.0.1:62187 - "GET /status-env HTTP/1.1" 200 OK
[94m[GSM8K][0m INFO:atroposlib.envs.base:env_manager: Status dict: {'current_step': 0, 'queue_size': 0, 'unallocated_fraction': 1.0, 'self_queue_size': 0, 'max_group_size': 1, 'env_weight': 1.0}
[96m[ATROPOS][0m INFO:     127.0.0.1:62188 - "GET /status-env HTTP/1.1" 200 OK
[94m[GSM8K][0m INFO:atroposlib.envs.base:env_manager: Status dict: {'current_step': 0, 'queue_size': 0, 'unallocated_fraction': 1.0, 'self_queue_size': 0, 'max_group_size': 1, 'env_weight': 1.0}
[96m[ATROPOS][0m INFO:     127.0.0.1:62189 - "GET /status-env HTTP/1.1" 200 OK
[94m[GSM8K][0m INFO:atroposlib.envs.base:env_manager: Status dict: {'current_step': 0, 'queue_size': 0, 'unallocated_fraction': 1.0, 'self_queue_size': 0, 'max_group_size': 1, 'env_weight': 1.0}
[96m[ATROPOS][0m INFO:     127.0.0.1:62190 - "GET /status-env HTTP/1.1" 200 OK
[94m[GSM8K][0m INFO:atroposlib.envs.base:env_manager: Status dict: {'current_step': 0, 'queue_size': 0, 'unallocated_fraction': 1.0, 'self_queue_size': 0, 'max_group_size': 1, 'env_weight': 1.0}
[96m[ATROPOS][0m INFO:     127.0.0.1:62191 - "GET /status-env HTTP/1.1" 200 OK
[94m[GSM8K][0m INFO:atroposlib.envs.base:env_manager: Status dict: {'current_step': 0, 'queue_size': 0, 'unallocated_fraction': 1.0, 'self_queue_size': 0, 'max_group_size': 1, 'env_weight': 1.0}
[96m[ATROPOS][0m INFO:     127.0.0.1:62192 - "GET /status-env HTTP/1.1" 200 OK
[94m[GSM8K][0m INFO:atroposlib.envs.base:env_manager: Status dict: {'current_step': 0, 'queue_size': 0, 'unallocated_fraction': 1.0, 'self_queue_size': 0, 'max_group_size': 1, 'env_weight': 1.0}
[96m[ATROPOS][0m INFO:     127.0.0.1:62193 - "GET /batch HTTP/1.1" 200 OK
[96m[ATROPOS][0m INFO:     127.0.0.1:62194 - "GET /status-env HTTP/1.1" 200 OK
[94m[GSM8K][0m INFO:atroposlib.envs.base:env_manager: Status dict: {'current_step': 0, 'queue_size': 0, 'unallocated_fraction': 1.0, 'self_queue_size': 0, 'max_group_size': 1, 'env_weight': 1.0}
[96m[ATROPOS][0m INFO:     127.0.0.1:62195 - "GET /status-env HTTP/1.1" 200 OK
[94m[GSM8K][0m INFO:atroposlib.envs.base:env_manager: Status dict: {'current_step': 0, 'queue_size': 0, 'unallocated_fraction': 1.0, 'self_queue_size': 0, 'max_group_size': 1, 'env_weight': 1.0}
[96m[ATROPOS][0m INFO:     127.0.0.1:62196 - "GET /status-env HTTP/1.1" 200 OK
[94m[GSM8K][0m INFO:atroposlib.envs.base:env_manager: Status dict: {'current_step': 0, 'queue_size': 0, 'unallocated_fraction': 1.0, 'self_queue_size': 0, 'max_group_size': 1, 'env_weight': 1.0}
[96m[ATROPOS][0m INFO:     127.0.0.1:62197 - "GET /status-env HTTP/1.1" 200 OK
[94m[GSM8K][0m INFO:atroposlib.envs.base:env_manager: Status dict: {'current_step': 0, 'queue_size': 0, 'unallocated_fraction': 1.0, 'self_queue_size': 0, 'max_group_size': 1, 'env_weight': 1.0}
[96m[ATROPOS][0m INFO:     127.0.0.1:62198 - "GET /status-env HTTP/1.1" 200 OK
[94m[GSM8K][0m INFO:atroposlib.envs.base:env_manager: Status dict: {'current_step': 0, 'queue_size': 0, 'unallocated_fraction': 1.0, 'self_queue_size': 0, 'max_group_size': 1, 'env_weight': 1.0}
[96m[ATROPOS][0m INFO:     127.0.0.1:62199 - "GET /status-env HTTP/1.1" 200 OK
[94m[GSM8K][0m INFO:atroposlib.envs.base:env_manager: Status dict: {'current_step': 0, 'queue_size': 0, 'unallocated_fraction': 1.0, 'self_queue_size': 0, 'max_group_size': 1, 'env_weight': 1.0}
[96m[ATROPOS][0m INFO:     127.0.0.1:62200 - "GET /status-env HTTP/1.1" 200 OK
[94m[GSM8K][0m INFO:atroposlib.envs.base:env_manager: Status dict: {'current_step': 0, 'queue_size': 0, 'unallocated_fraction': 1.0, 'self_queue_size': 0, 'max_group_size': 1, 'env_weight': 1.0}
[96m[ATROPOS][0m INFO:     127.0.0.1:62201 - "GET /status-env HTTP/1.1" 200 OK
[94m[GSM8K][0m INFO:atroposlib.envs.base:env_manager: Status dict: {'current_step': 0, 'queue_size': 0, 'unallocated_fraction': 1.0, 'self_queue_size': 0, 'max_group_size': 1, 'env_weight': 1.0}
[96m[ATROPOS][0m INFO:     127.0.0.1:62202 - "GET /status-env HTTP/1.1" 200 OK
[94m[GSM8K][0m INFO:atroposlib.envs.base:env_manager: Status dict: {'current_step': 0, 'queue_size': 0, 'unallocated_fraction': 1.0, 'self_queue_size': 0, 'max_group_size': 1, 'env_weight': 1.0}
[96m[ATROPOS][0m INFO:     127.0.0.1:62205 - "GET /status-env HTTP/1.1" 200 OK
[94m[GSM8K][0m INFO:atroposlib.envs.base:env_manager: Status dict: {'current_step': 0, 'queue_size': 0, 'unallocated_fraction': 1.0, 'self_queue_size': 0, 'max_group_size': 1, 'env_weight': 1.0}
[96m[ATROPOS][0m INFO:     127.0.0.1:62206 - "GET /batch HTTP/1.1" 200 OK
[92m[TRAINER][0m INFO:root:Polling for batch... attempt 125
[96m[ATROPOS][0m INFO:     127.0.0.1:62207 - "GET /status-env HTTP/1.1" 200 OK
[94m[GSM8K][0m INFO:atroposlib.envs.base:env_manager: Status dict: {'current_step': 0, 'queue_size': 0, 'unallocated_fraction': 1.0, 'self_queue_size': 0, 'max_group_size': 1, 'env_weight': 1.0}
[96m[ATROPOS][0m INFO:     127.0.0.1:62208 - "GET /status-env HTTP/1.1" 200 OK
[94m[GSM8K][0m INFO:atroposlib.envs.base:env_manager: Status dict: {'current_step': 0, 'queue_size': 0, 'unallocated_fraction': 1.0, 'self_queue_size': 0, 'max_group_size': 1, 'env_weight': 1.0}
[96m[ATROPOS][0m INFO:     127.0.0.1:62209 - "GET /status-env HTTP/1.1" 200 OK
[94m[GSM8K][0m INFO:atroposlib.envs.base:env_manager: Status dict: {'current_step': 0, 'queue_size': 0, 'unallocated_fraction': 1.0, 'self_queue_size': 0, 'max_group_size': 1, 'env_weight': 1.0}
[96m[ATROPOS][0m INFO:     127.0.0.1:62210 - "GET /status-env HTTP/1.1" 200 OK
[94m[GSM8K][0m INFO:atroposlib.envs.base:env_manager: Status dict: {'current_step': 0, 'queue_size': 0, 'unallocated_fraction': 1.0, 'self_queue_size': 0, 'max_group_size': 1, 'env_weight': 1.0}
[96m[ATROPOS][0m INFO:     127.0.0.1:62211 - "GET /status-env HTTP/1.1" 200 OK
[94m[GSM8K][0m INFO:atroposlib.envs.base:env_manager: Status dict: {'current_step': 0, 'queue_size': 0, 'unallocated_fraction': 1.0, 'self_queue_size': 0, 'max_group_size': 1, 'env_weight': 1.0}
[96m[ATROPOS][0m INFO:     127.0.0.1:62212 - "GET /status-env HTTP/1.1" 200 OK
[94m[GSM8K][0m INFO:atroposlib.envs.base:env_manager: Status dict: {'current_step': 0, 'queue_size': 0, 'unallocated_fraction': 1.0, 'self_queue_size': 0, 'max_group_size': 1, 'env_weight': 1.0}
[96m[ATROPOS][0m INFO:     127.0.0.1:62213 - "GET /status-env HTTP/1.1" 200 OK
[94m[GSM8K][0m INFO:atroposlib.envs.base:env_manager: Status dict: {'current_step': 0, 'queue_size': 0, 'unallocated_fraction': 1.0, 'self_queue_size': 0, 'max_group_size': 1, 'env_weight': 1.0}
[96m[ATROPOS][0m INFO:     127.0.0.1:62214 - "GET /status-env HTTP/1.1" 200 OK
[94m[GSM8K][0m INFO:atroposlib.envs.base:env_manager: Status dict: {'current_step': 0, 'queue_size': 0, 'unallocated_fraction': 1.0, 'self_queue_size': 0, 'max_group_size': 1, 'env_weight': 1.0}
[96m[ATROPOS][0m INFO:     127.0.0.1:62215 - "GET /status-env HTTP/1.1" 200 OK
[94m[GSM8K][0m INFO:atroposlib.envs.base:env_manager: Status dict: {'current_step': 0, 'queue_size': 0, 'unallocated_fraction': 1.0, 'self_queue_size': 0, 'max_group_size': 1, 'env_weight': 1.0}
[96m[ATROPOS][0m INFO:     127.0.0.1:62216 - "GET /batch HTTP/1.1" 200 OK
[96m[ATROPOS][0m INFO:     127.0.0.1:62217 - "GET /status-env HTTP/1.1" 200 OK
[94m[GSM8K][0m INFO:atroposlib.envs.base:env_manager: Status dict: {'current_step': 0, 'queue_size': 0, 'unallocated_fraction': 1.0, 'self_queue_size': 0, 'max_group_size': 1, 'env_weight': 1.0}
[96m[ATROPOS][0m INFO:     127.0.0.1:62218 - "GET /status-env HTTP/1.1" 200 OK
[94m[GSM8K][0m INFO:atroposlib.envs.base:env_manager: Status dict: {'current_step': 0, 'queue_size': 0, 'unallocated_fraction': 1.0, 'self_queue_size': 0, 'max_group_size': 1, 'env_weight': 1.0}
[96m[ATROPOS][0m INFO:     127.0.0.1:62219 - "GET /status-env HTTP/1.1" 200 OK
[94m[GSM8K][0m INFO:atroposlib.envs.base:env_manager: Status dict: {'current_step': 0, 'queue_size': 0, 'unallocated_fraction': 1.0, 'self_queue_size': 0, 'max_group_size': 1, 'env_weight': 1.0}
[96m[ATROPOS][0m INFO:     127.0.0.1:62220 - "GET /status-env HTTP/1.1" 200 OK
[94m[GSM8K][0m INFO:atroposlib.envs.base:env_manager: Status dict: {'current_step': 0, 'queue_size': 0, 'unallocated_fraction': 1.0, 'self_queue_size': 0, 'max_group_size': 1, 'env_weight': 1.0}
[96m[ATROPOS][0m INFO:     127.0.0.1:62221 - "GET /status-env HTTP/1.1" 200 OK
[94m[GSM8K][0m INFO:atroposlib.envs.base:env_manager: Status dict: {'current_step': 0, 'queue_size': 0, 'unallocated_fraction': 1.0, 'self_queue_size': 0, 'max_group_size': 1, 'env_weight': 1.0}
[96m[ATROPOS][0m INFO:     127.0.0.1:62222 - "GET /status-env HTTP/1.1" 200 OK
[94m[GSM8K][0m INFO:atroposlib.envs.base:env_manager: Status dict: {'current_step': 0, 'queue_size': 0, 'unallocated_fraction': 1.0, 'self_queue_size': 0, 'max_group_size': 1, 'env_weight': 1.0}
[96m[ATROPOS][0m INFO:     127.0.0.1:62225 - "GET /status-env HTTP/1.1" 200 OK
[94m[GSM8K][0m INFO:atroposlib.envs.base:env_manager: Status dict: {'current_step': 0, 'queue_size': 0, 'unallocated_fraction': 1.0, 'self_queue_size': 0, 'max_group_size': 1, 'env_weight': 1.0}
[96m[ATROPOS][0m INFO:     127.0.0.1:62226 - "GET /status-env HTTP/1.1" 200 OK
[94m[GSM8K][0m INFO:atroposlib.envs.base:env_manager: Status dict: {'current_step': 0, 'queue_size': 0, 'unallocated_fraction': 1.0, 'self_queue_size': 0, 'max_group_size': 1, 'env_weight': 1.0}
[96m[ATROPOS][0m INFO:     127.0.0.1:62227 - "GET /status-env HTTP/1.1" 200 OK
[94m[GSM8K][0m INFO:atroposlib.envs.base:env_manager: Status dict: {'current_step': 0, 'queue_size': 0, 'unallocated_fraction': 1.0, 'self_queue_size': 0, 'max_group_size': 1, 'env_weight': 1.0}
[96m[ATROPOS][0m INFO:     127.0.0.1:62228 - "GET /status-env HTTP/1.1" 200 OK
[94m[GSM8K][0m INFO:atroposlib.envs.base:env_manager: Status dict: {'current_step': 0, 'queue_size': 0, 'unallocated_fraction': 1.0, 'self_queue_size': 0, 'max_group_size': 1, 'env_weight': 1.0}
[96m[ATROPOS][0m INFO:     127.0.0.1:62229 - "GET /batch HTTP/1.1" 200 OK
[96m[ATROPOS][0m INFO:     127.0.0.1:62230 - "GET /status-env HTTP/1.1" 200 OK
[94m[GSM8K][0m INFO:atroposlib.envs.base:env_manager: Status dict: {'current_step': 0, 'queue_size': 0, 'unallocated_fraction': 1.0, 'self_queue_size': 0, 'max_group_size': 1, 'env_weight': 1.0}
[96m[ATROPOS][0m INFO:     127.0.0.1:62231 - "GET /status-env HTTP/1.1" 200 OK
[94m[GSM8K][0m INFO:atroposlib.envs.base:env_manager: Status dict: {'current_step': 0, 'queue_size': 0, 'unallocated_fraction': 1.0, 'self_queue_size': 0, 'max_group_size': 1, 'env_weight': 1.0}
[96m[ATROPOS][0m INFO:     127.0.0.1:62233 - "GET /status-env HTTP/1.1" 200 OK
[94m[GSM8K][0m INFO:atroposlib.envs.base:env_manager: Status dict: {'current_step': 0, 'queue_size': 0, 'unallocated_fraction': 1.0, 'self_queue_size': 0, 'max_group_size': 1, 'env_weight': 1.0}
[96m[ATROPOS][0m INFO:     127.0.0.1:62235 - "GET /status-env HTTP/1.1" 200 OK
[94m[GSM8K][0m INFO:atroposlib.envs.base:env_manager: Status dict: {'current_step': 0, 'queue_size': 0, 'unallocated_fraction': 1.0, 'self_queue_size': 0, 'max_group_size': 1, 'env_weight': 1.0}
[96m[ATROPOS][0m INFO:     127.0.0.1:62236 - "GET /status-env HTTP/1.1" 200 OK
[94m[GSM8K][0m INFO:atroposlib.envs.base:env_manager: Status dict: {'current_step': 0, 'queue_size': 0, 'unallocated_fraction': 1.0, 'self_queue_size': 0, 'max_group_size': 1, 'env_weight': 1.0}
[96m[ATROPOS][0m INFO:     127.0.0.1:62237 - "GET /status-env HTTP/1.1" 200 OK
[94m[GSM8K][0m INFO:atroposlib.envs.base:env_manager: Status dict: {'current_step': 0, 'queue_size': 0, 'unallocated_fraction': 1.0, 'self_queue_size': 0, 'max_group_size': 1, 'env_weight': 1.0}
[96m[ATROPOS][0m INFO:     127.0.0.1:62238 - "GET /status-env HTTP/1.1" 200 OK
[94m[GSM8K][0m INFO:atroposlib.envs.base:env_manager: Status dict: {'current_step': 0, 'queue_size': 0, 'unallocated_fraction': 1.0, 'self_queue_size': 0, 'max_group_size': 1, 'env_weight': 1.0}
[96m[ATROPOS][0m INFO:     127.0.0.1:62239 - "GET /status-env HTTP/1.1" 200 OK
[94m[GSM8K][0m INFO:atroposlib.envs.base:env_manager: Status dict: {'current_step': 0, 'queue_size': 0, 'unallocated_fraction': 1.0, 'self_queue_size': 0, 'max_group_size': 1, 'env_weight': 1.0}
[96m[ATROPOS][0m INFO:     127.0.0.1:62240 - "GET /status-env HTTP/1.1" 200 OK
[94m[GSM8K][0m INFO:atroposlib.envs.base:env_manager: Status dict: {'current_step': 0, 'queue_size': 0, 'unallocated_fraction': 1.0, 'self_queue_size': 0, 'max_group_size': 1, 'env_weight': 1.0}
[96m[ATROPOS][0m INFO:     127.0.0.1:62241 - "GET /status-env HTTP/1.1" 200 OK
[94m[GSM8K][0m INFO:atroposlib.envs.base:env_manager: Status dict: {'current_step': 0, 'queue_size': 0, 'unallocated_fraction': 1.0, 'self_queue_size': 0, 'max_group_size': 1, 'env_weight': 1.0}
[96m[ATROPOS][0m INFO:     127.0.0.1:62242 - "GET /batch HTTP/1.1" 200 OK
[96m[ATROPOS][0m INFO:     127.0.0.1:62243 - "GET /status-env HTTP/1.1" 200 OK
[94m[GSM8K][0m INFO:atroposlib.envs.base:env_manager: Status dict: {'current_step': 0, 'queue_size': 0, 'unallocated_fraction': 1.0, 'self_queue_size': 0, 'max_group_size': 1, 'env_weight': 1.0}
[96m[ATROPOS][0m INFO:     127.0.0.1:62244 - "GET /status-env HTTP/1.1" 200 OK
[94m[GSM8K][0m INFO:atroposlib.envs.base:env_manager: Status dict: {'current_step': 0, 'queue_size': 0, 'unallocated_fraction': 1.0, 'self_queue_size': 0, 'max_group_size': 1, 'env_weight': 1.0}
[96m[ATROPOS][0m INFO:     127.0.0.1:62245 - "GET /status-env HTTP/1.1" 200 OK
[94m[GSM8K][0m INFO:atroposlib.envs.base:env_manager: Status dict: {'current_step': 0, 'queue_size': 0, 'unallocated_fraction': 1.0, 'self_queue_size': 0, 'max_group_size': 1, 'env_weight': 1.0}
[96m[ATROPOS][0m INFO:     127.0.0.1:62246 - "GET /status-env HTTP/1.1" 200 OK
[94m[GSM8K][0m INFO:atroposlib.envs.base:env_manager: Status dict: {'current_step': 0, 'queue_size': 0, 'unallocated_fraction': 1.0, 'self_queue_size': 0, 'max_group_size': 1, 'env_weight': 1.0}
[96m[ATROPOS][0m INFO:     127.0.0.1:62247 - "GET /status-env HTTP/1.1" 200 OK
[94m[GSM8K][0m INFO:atroposlib.envs.base:env_manager: Status dict: {'current_step': 0, 'queue_size': 0, 'unallocated_fraction': 1.0, 'self_queue_size': 0, 'max_group_size': 1, 'env_weight': 1.0}
[96m[ATROPOS][0m INFO:     127.0.0.1:62248 - "GET /status-env HTTP/1.1" 200 OK
[94m[GSM8K][0m INFO:atroposlib.envs.base:env_manager: Status dict: {'current_step': 0, 'queue_size': 0, 'unallocated_fraction': 1.0, 'self_queue_size': 0, 'max_group_size': 1, 'env_weight': 1.0}
[96m[ATROPOS][0m INFO:     127.0.0.1:62249 - "GET /status-env HTTP/1.1" 200 OK
[94m[GSM8K][0m INFO:atroposlib.envs.base:env_manager: Status dict: {'current_step': 0, 'queue_size': 0, 'unallocated_fraction': 1.0, 'self_queue_size': 0, 'max_group_size': 1, 'env_weight': 1.0}
[96m[ATROPOS][0m INFO:     127.0.0.1:62250 - "GET /status-env HTTP/1.1" 200 OK
[94m[GSM8K][0m INFO:atroposlib.envs.base:env_manager: Status dict: {'current_step': 0, 'queue_size': 0, 'unallocated_fraction': 1.0, 'self_queue_size': 0, 'max_group_size': 1, 'env_weight': 1.0}
[96m[ATROPOS][0m INFO:     127.0.0.1:62251 - "GET /status-env HTTP/1.1" 200 OK
[94m[GSM8K][0m INFO:atroposlib.envs.base:env_manager: Status dict: {'current_step': 0, 'queue_size': 0, 'unallocated_fraction': 1.0, 'self_queue_size': 0, 'max_group_size': 1, 'env_weight': 1.0}
[96m[ATROPOS][0m INFO:     127.0.0.1:62252 - "GET /batch HTTP/1.1" 200 OK
[96m[ATROPOS][0m INFO:     127.0.0.1:62253 - "GET /status-env HTTP/1.1" 200 OK
[94m[GSM8K][0m INFO:atroposlib.envs.base:env_manager: Status dict: {'current_step': 0, 'queue_size': 0, 'unallocated_fraction': 1.0, 'self_queue_size': 0, 'max_group_size': 1, 'env_weight': 1.0}
[96m[ATROPOS][0m INFO:     127.0.0.1:62254 - "GET /status-env HTTP/1.1" 200 OK
[94m[GSM8K][0m INFO:atroposlib.envs.base:env_manager: Status dict: {'current_step': 0, 'queue_size': 0, 'unallocated_fraction': 1.0, 'self_queue_size': 0, 'max_group_size': 1, 'env_weight': 1.0}
[96m[ATROPOS][0m INFO:     127.0.0.1:62255 - "GET /status-env HTTP/1.1" 200 OK
[94m[GSM8K][0m INFO:atroposlib.envs.base:env_manager: Status dict: {'current_step': 0, 'queue_size': 0, 'unallocated_fraction': 1.0, 'self_queue_size': 0, 'max_group_size': 1, 'env_weight': 1.0}
[96m[ATROPOS][0m INFO:     127.0.0.1:62256 - "GET /status-env HTTP/1.1" 200 OK
[94m[GSM8K][0m INFO:atroposlib.envs.base:env_manager: Status dict: {'current_step': 0, 'queue_size': 0, 'unallocated_fraction': 1.0, 'self_queue_size': 0, 'max_group_size': 1, 'env_weight': 1.0}
[96m[ATROPOS][0m INFO:     127.0.0.1:62257 - "GET /status-env HTTP/1.1" 200 OK
[94m[GSM8K][0m INFO:atroposlib.envs.base:env_manager: Status dict: {'current_step': 0, 'queue_size': 0, 'unallocated_fraction': 1.0, 'self_queue_size': 0, 'max_group_size': 1, 'env_weight': 1.0}
[96m[ATROPOS][0m INFO:     127.0.0.1:62258 - "GET /status-env HTTP/1.1" 200 OK
[94m[GSM8K][0m INFO:atroposlib.envs.base:env_manager: Status dict: {'current_step': 0, 'queue_size': 0, 'unallocated_fraction': 1.0, 'self_queue_size': 0, 'max_group_size': 1, 'env_weight': 1.0}
[96m[ATROPOS][0m INFO:     127.0.0.1:62259 - "GET /status-env HTTP/1.1" 200 OK
[94m[GSM8K][0m INFO:atroposlib.envs.base:env_manager: Status dict: {'current_step': 0, 'queue_size': 0, 'unallocated_fraction': 1.0, 'self_queue_size': 0, 'max_group_size': 1, 'env_weight': 1.0}
[96m[ATROPOS][0m INFO:     127.0.0.1:62260 - "GET /status-env HTTP/1.1" 200 OK
[94m[GSM8K][0m INFO:atroposlib.envs.base:env_manager: Status dict: {'current_step': 0, 'queue_size': 0, 'unallocated_fraction': 1.0, 'self_queue_size': 0, 'max_group_size': 1, 'env_weight': 1.0}
[96m[ATROPOS][0m INFO:     127.0.0.1:62261 - "GET /status-env HTTP/1.1" 200 OK
[94m[GSM8K][0m INFO:atroposlib.envs.base:env_manager: Status dict: {'current_step': 0, 'queue_size': 0, 'unallocated_fraction': 1.0, 'self_queue_size': 0, 'max_group_size': 1, 'env_weight': 1.0}
[96m[ATROPOS][0m INFO:     127.0.0.1:62262 - "GET /status-env HTTP/1.1" 200 OK
[94m[GSM8K][0m INFO:atroposlib.envs.base:env_manager: Status dict: {'current_step': 0, 'queue_size': 0, 'unallocated_fraction': 1.0, 'self_queue_size': 0, 'max_group_size': 1, 'env_weight': 1.0}
[96m[ATROPOS][0m INFO:     127.0.0.1:62263 - "GET /batch HTTP/1.1" 200 OK
[92m[TRAINER][0m INFO:root:Polling for batch... attempt 130
[96m[ATROPOS][0m INFO:     127.0.0.1:62264 - "GET /status-env HTTP/1.1" 200 OK
[94m[GSM8K][0m INFO:atroposlib.envs.base:env_manager: Status dict: {'current_step': 0, 'queue_size': 0, 'unallocated_fraction': 1.0, 'self_queue_size': 0, 'max_group_size': 1, 'env_weight': 1.0}
[96m[ATROPOS][0m INFO:     127.0.0.1:62265 - "GET /status-env HTTP/1.1" 200 OK
[94m[GSM8K][0m INFO:atroposlib.envs.base:env_manager: Status dict: {'current_step': 0, 'queue_size': 0, 'unallocated_fraction': 1.0, 'self_queue_size': 0, 'max_group_size': 1, 'env_weight': 1.0}
[96m[ATROPOS][0m INFO:     127.0.0.1:62266 - "GET /status-env HTTP/1.1" 200 OK
[94m[GSM8K][0m INFO:atroposlib.envs.base:env_manager: Status dict: {'current_step': 0, 'queue_size': 0, 'unallocated_fraction': 1.0, 'self_queue_size': 0, 'max_group_size': 1, 'env_weight': 1.0}
[96m[ATROPOS][0m INFO:     127.0.0.1:62267 - "GET /status-env HTTP/1.1" 200 OK
[94m[GSM8K][0m INFO:atroposlib.envs.base:env_manager: Status dict: {'current_step': 0, 'queue_size': 0, 'unallocated_fraction': 1.0, 'self_queue_size': 0, 'max_group_size': 1, 'env_weight': 1.0}
[96m[ATROPOS][0m INFO:     127.0.0.1:62268 - "GET /status-env HTTP/1.1" 200 OK
[94m[GSM8K][0m INFO:atroposlib.envs.base:env_manager: Status dict: {'current_step': 0, 'queue_size': 0, 'unallocated_fraction': 1.0, 'self_queue_size': 0, 'max_group_size': 1, 'env_weight': 1.0}
[96m[ATROPOS][0m INFO:     127.0.0.1:62269 - "GET /status-env HTTP/1.1" 200 OK
[94m[GSM8K][0m INFO:atroposlib.envs.base:env_manager: Status dict: {'current_step': 0, 'queue_size': 0, 'unallocated_fraction': 1.0, 'self_queue_size': 0, 'max_group_size': 1, 'env_weight': 1.0}
[96m[ATROPOS][0m INFO:     127.0.0.1:62270 - "GET /status-env HTTP/1.1" 200 OK
[94m[GSM8K][0m INFO:atroposlib.envs.base:env_manager: Status dict: {'current_step': 0, 'queue_size': 0, 'unallocated_fraction': 1.0, 'self_queue_size': 0, 'max_group_size': 1, 'env_weight': 1.0}
[96m[ATROPOS][0m INFO:     127.0.0.1:62271 - "GET /status-env HTTP/1.1" 200 OK
[94m[GSM8K][0m INFO:atroposlib.envs.base:env_manager: Status dict: {'current_step': 0, 'queue_size': 0, 'unallocated_fraction': 1.0, 'self_queue_size': 0, 'max_group_size': 1, 'env_weight': 1.0}
[96m[ATROPOS][0m INFO:     127.0.0.1:62272 - "GET /status-env HTTP/1.1" 200 OK
[94m[GSM8K][0m INFO:atroposlib.envs.base:env_manager: Status dict: {'current_step': 0, 'queue_size': 0, 'unallocated_fraction': 1.0, 'self_queue_size': 0, 'max_group_size': 1, 'env_weight': 1.0}
[96m[ATROPOS][0m INFO:     127.0.0.1:62273 - "GET /status-env HTTP/1.1" 200 OK
[94m[GSM8K][0m INFO:atroposlib.envs.base:env_manager: Status dict: {'current_step': 0, 'queue_size': 0, 'unallocated_fraction': 1.0, 'self_queue_size': 0, 'max_group_size': 1, 'env_weight': 1.0}
[96m[ATROPOS][0m INFO:     127.0.0.1:62274 - "GET /batch HTTP/1.1" 200 OK
[96m[ATROPOS][0m INFO:     127.0.0.1:62275 - "GET /status-env HTTP/1.1" 200 OK
[94m[GSM8K][0m INFO:atroposlib.envs.base:env_manager: Status dict: {'current_step': 0, 'queue_size': 0, 'unallocated_fraction': 1.0, 'self_queue_size': 0, 'max_group_size': 1, 'env_weight': 1.0}
[96m[ATROPOS][0m INFO:     127.0.0.1:62276 - "GET /status-env HTTP/1.1" 200 OK
[94m[GSM8K][0m INFO:atroposlib.envs.base:env_manager: Status dict: {'current_step': 0, 'queue_size': 0, 'unallocated_fraction': 1.0, 'self_queue_size': 0, 'max_group_size': 1, 'env_weight': 1.0}
[96m[ATROPOS][0m INFO:     127.0.0.1:62277 - "GET /status-env HTTP/1.1" 200 OK
[94m[GSM8K][0m INFO:atroposlib.envs.base:env_manager: Status dict: {'current_step': 0, 'queue_size': 0, 'unallocated_fraction': 1.0, 'self_queue_size': 0, 'max_group_size': 1, 'env_weight': 1.0}
[96m[ATROPOS][0m INFO:     127.0.0.1:62278 - "GET /status-env HTTP/1.1" 200 OK
[94m[GSM8K][0m INFO:atroposlib.envs.base:env_manager: Status dict: {'current_step': 0, 'queue_size': 0, 'unallocated_fraction': 1.0, 'self_queue_size': 0, 'max_group_size': 1, 'env_weight': 1.0}
[92m[TRAINER][0m [91mERROR:root:Chat request timed out for model NousResearch/Hermes-4-Qwen3-14B-1-e3 after 60.0 seconds.[0m
[92m[TRAINER][0m INFO:     127.0.0.1:60883 - "POST /v1/chat/completions HTTP/1.1" 504 Gateway Timeout
[92m[TRAINER][0m [91mERROR:root:Chat request timed out for model NousResearch/Hermes-4-Qwen3-14B-1-e3 after 60.0 seconds.[0m
[92m[TRAINER][0m INFO:     127.0.0.1:60884 - "POST /v1/chat/completions HTTP/1.1" 504 Gateway Timeout
[96m[ATROPOS][0m INFO:     127.0.0.1:62279 - "GET /status-env HTTP/1.1" 200 OK
[94m[GSM8K][0m INFO:atroposlib.envs.base:env_manager: Status dict: {'current_step': 0, 'queue_size': 0, 'unallocated_fraction': 1.0, 'self_queue_size': 0, 'max_group_size': 1, 'env_weight': 1.0}
[96m[ATROPOS][0m INFO:     127.0.0.1:62280 - "GET /status-env HTTP/1.1" 200 OK
[94m[GSM8K][0m INFO:atroposlib.envs.base:env_manager: Status dict: {'current_step': 0, 'queue_size': 0, 'unallocated_fraction': 1.0, 'self_queue_size': 0, 'max_group_size': 1, 'env_weight': 1.0}
[96m[ATROPOS][0m INFO:     127.0.0.1:62281 - "GET /status-env HTTP/1.1" 200 OK
[94m[GSM8K][0m INFO:atroposlib.envs.base:env_manager: Status dict: {'current_step': 0, 'queue_size': 0, 'unallocated_fraction': 1.0, 'self_queue_size': 0, 'max_group_size': 1, 'env_weight': 1.0}
[96m[ATROPOS][0m INFO:     127.0.0.1:62282 - "GET /status-env HTTP/1.1" 200 OK
[94m[GSM8K][0m INFO:atroposlib.envs.base:env_manager: Status dict: {'current_step': 0, 'queue_size': 0, 'unallocated_fraction': 1.0, 'self_queue_size': 0, 'max_group_size': 1, 'env_weight': 1.0}
[96m[ATROPOS][0m INFO:     127.0.0.1:62283 - "GET /status-env HTTP/1.1" 200 OK
[94m[GSM8K][0m INFO:atroposlib.envs.base:env_manager: Status dict: {'current_step': 0, 'queue_size': 0, 'unallocated_fraction': 1.0, 'self_queue_size': 0, 'max_group_size': 1, 'env_weight': 1.0}
[96m[ATROPOS][0m INFO:     127.0.0.1:62285 - "GET /batch HTTP/1.1" 200 OK
[96m[ATROPOS][0m INFO:     127.0.0.1:62284 - "GET /status-env HTTP/1.1" 200 OK
[94m[GSM8K][0m INFO:atroposlib.envs.base:env_manager: Status dict: {'current_step': 0, 'queue_size': 0, 'unallocated_fraction': 1.0, 'self_queue_size': 0, 'max_group_size': 1, 'env_weight': 1.0}
[96m[ATROPOS][0m INFO:     127.0.0.1:62286 - "GET /status-env HTTP/1.1" 200 OK
[94m[GSM8K][0m INFO:atroposlib.envs.base:env_manager: Status dict: {'current_step': 0, 'queue_size': 0, 'unallocated_fraction': 1.0, 'self_queue_size': 0, 'max_group_size': 1, 'env_weight': 1.0}
[92m[TRAINER][0m INFO:root:Non-streaming chat completion request for model NousResearch/Hermes-4-Qwen3-14B-1-e3. It will be queued for batch processing.
[96m[ATROPOS][0m INFO:     127.0.0.1:62287 - "GET /status-env HTTP/1.1" 200 OK
[94m[GSM8K][0m INFO:atroposlib.envs.base:env_manager: Status dict: {'current_step': 0, 'queue_size': 0, 'unallocated_fraction': 1.0, 'self_queue_size': 0, 'max_group_size': 1, 'env_weight': 1.0}
[96m[ATROPOS][0m INFO:     127.0.0.1:62288 - "GET /status-env HTTP/1.1" 200 OK
[94m[GSM8K][0m INFO:atroposlib.envs.base:env_manager: Status dict: {'current_step': 0, 'queue_size': 0, 'unallocated_fraction': 1.0, 'self_queue_size': 0, 'max_group_size': 1, 'env_weight': 1.0}
[92m[TRAINER][0m INFO:root:Non-streaming chat completion request for model NousResearch/Hermes-4-Qwen3-14B-1-e3. It will be queued for batch processing.
[96m[ATROPOS][0m INFO:     127.0.0.1:62289 - "GET /status-env HTTP/1.1" 200 OK
[94m[GSM8K][0m INFO:atroposlib.envs.base:env_manager: Status dict: {'current_step': 0, 'queue_size': 0, 'unallocated_fraction': 1.0, 'self_queue_size': 0, 'max_group_size': 1, 'env_weight': 1.0}
[96m[ATROPOS][0m INFO:     127.0.0.1:62290 - "GET /status-env HTTP/1.1" 200 OK
[94m[GSM8K][0m INFO:atroposlib.envs.base:env_manager: Status dict: {'current_step': 0, 'queue_size': 0, 'unallocated_fraction': 1.0, 'self_queue_size': 0, 'max_group_size': 1, 'env_weight': 1.0}
[96m[ATROPOS][0m INFO:     127.0.0.1:62291 - "GET /status-env HTTP/1.1" 200 OK
[94m[GSM8K][0m INFO:atroposlib.envs.base:env_manager: Status dict: {'current_step': 0, 'queue_size': 0, 'unallocated_fraction': 1.0, 'self_queue_size': 0, 'max_group_size': 1, 'env_weight': 1.0}
[96m[ATROPOS][0m INFO:     127.0.0.1:62292 - "GET /status-env HTTP/1.1" 200 OK
[94m[GSM8K][0m INFO:atroposlib.envs.base:env_manager: Status dict: {'current_step': 0, 'queue_size': 0, 'unallocated_fraction': 1.0, 'self_queue_size': 0, 'max_group_size': 1, 'env_weight': 1.0}
[96m[ATROPOS][0m INFO:     127.0.0.1:62293 - "GET /status-env HTTP/1.1" 200 OK
[94m[GSM8K][0m INFO:atroposlib.envs.base:env_manager: Status dict: {'current_step': 0, 'queue_size': 0, 'unallocated_fraction': 1.0, 'self_queue_size': 0, 'max_group_size': 1, 'env_weight': 1.0}
[96m[ATROPOS][0m INFO:     127.0.0.1:62294 - "GET /status-env HTTP/1.1" 200 OK
[94m[GSM8K][0m INFO:atroposlib.envs.base:env_manager: Status dict: {'current_step': 0, 'queue_size': 0, 'unallocated_fraction': 1.0, 'self_queue_size': 0, 'max_group_size': 1, 'env_weight': 1.0}
[96m[ATROPOS][0m INFO:     127.0.0.1:62295 - "GET /batch HTTP/1.1" 200 OK
[96m[ATROPOS][0m INFO:     127.0.0.1:62296 - "GET /status-env HTTP/1.1" 200 OK
[94m[GSM8K][0m INFO:atroposlib.envs.base:env_manager: Status dict: {'current_step': 0, 'queue_size': 0, 'unallocated_fraction': 1.0, 'self_queue_size': 0, 'max_group_size': 1, 'env_weight': 1.0}
[96m[ATROPOS][0m INFO:     127.0.0.1:62297 - "GET /status-env HTTP/1.1" 200 OK
[94m[GSM8K][0m INFO:atroposlib.envs.base:env_manager: Status dict: {'current_step': 0, 'queue_size': 0, 'unallocated_fraction': 1.0, 'self_queue_size': 0, 'max_group_size': 1, 'env_weight': 1.0}
[96m[ATROPOS][0m INFO:     127.0.0.1:62298 - "GET /status-env HTTP/1.1" 200 OK
[94m[GSM8K][0m INFO:atroposlib.envs.base:env_manager: Status dict: {'current_step': 0, 'queue_size': 0, 'unallocated_fraction': 1.0, 'self_queue_size': 0, 'max_group_size': 1, 'env_weight': 1.0}
[96m[ATROPOS][0m INFO:     127.0.0.1:62299 - "GET /status-env HTTP/1.1" 200 OK
[94m[GSM8K][0m INFO:atroposlib.envs.base:env_manager: Status dict: {'current_step': 0, 'queue_size': 0, 'unallocated_fraction': 1.0, 'self_queue_size': 0, 'max_group_size': 1, 'env_weight': 1.0}
[96m[ATROPOS][0m INFO:     127.0.0.1:62300 - "GET /status-env HTTP/1.1" 200 OK
[94m[GSM8K][0m INFO:atroposlib.envs.base:env_manager: Status dict: {'current_step': 0, 'queue_size': 0, 'unallocated_fraction': 1.0, 'self_queue_size': 0, 'max_group_size': 1, 'env_weight': 1.0}
[96m[ATROPOS][0m INFO:     127.0.0.1:62301 - "GET /status-env HTTP/1.1" 200 OK
[94m[GSM8K][0m INFO:atroposlib.envs.base:env_manager: Status dict: {'current_step': 0, 'queue_size': 0, 'unallocated_fraction': 1.0, 'self_queue_size': 0, 'max_group_size': 1, 'env_weight': 1.0}
[96m[ATROPOS][0m INFO:     127.0.0.1:62302 - "GET /status-env HTTP/1.1" 200 OK
[94m[GSM8K][0m INFO:atroposlib.envs.base:env_manager: Status dict: {'current_step': 0, 'queue_size': 0, 'unallocated_fraction': 1.0, 'self_queue_size': 0, 'max_group_size': 1, 'env_weight': 1.0}
[96m[ATROPOS][0m INFO:     127.0.0.1:62303 - "GET /status-env HTTP/1.1" 200 OK
[94m[GSM8K][0m INFO:atroposlib.envs.base:env_manager: Status dict: {'current_step': 0, 'queue_size': 0, 'unallocated_fraction': 1.0, 'self_queue_size': 0, 'max_group_size': 1, 'env_weight': 1.0}
[96m[ATROPOS][0m INFO:     127.0.0.1:62304 - "GET /status-env HTTP/1.1" 200 OK
[94m[GSM8K][0m INFO:atroposlib.envs.base:env_manager: Status dict: {'current_step': 0, 'queue_size': 0, 'unallocated_fraction': 1.0, 'self_queue_size': 0, 'max_group_size': 1, 'env_weight': 1.0}
[96m[ATROPOS][0m INFO:     127.0.0.1:62305 - "GET /status-env HTTP/1.1" 200 OK
[94m[GSM8K][0m INFO:atroposlib.envs.base:env_manager: Status dict: {'current_step': 0, 'queue_size': 0, 'unallocated_fraction': 1.0, 'self_queue_size': 0, 'max_group_size': 1, 'env_weight': 1.0}
[96m[ATROPOS][0m INFO:     127.0.0.1:62306 - "GET /batch HTTP/1.1" 200 OK
[96m[ATROPOS][0m INFO:     127.0.0.1:62307 - "GET /status-env HTTP/1.1" 200 OK
[94m[GSM8K][0m INFO:atroposlib.envs.base:env_manager: Status dict: {'current_step': 0, 'queue_size': 0, 'unallocated_fraction': 1.0, 'self_queue_size': 0, 'max_group_size': 1, 'env_weight': 1.0}
[96m[ATROPOS][0m INFO:     127.0.0.1:62308 - "GET /status-env HTTP/1.1" 200 OK
[94m[GSM8K][0m INFO:atroposlib.envs.base:env_manager: Status dict: {'current_step': 0, 'queue_size': 0, 'unallocated_fraction': 1.0, 'self_queue_size': 0, 'max_group_size': 1, 'env_weight': 1.0}
[96m[ATROPOS][0m INFO:     127.0.0.1:62309 - "GET /status-env HTTP/1.1" 200 OK
[94m[GSM8K][0m INFO:atroposlib.envs.base:env_manager: Status dict: {'current_step': 0, 'queue_size': 0, 'unallocated_fraction': 1.0, 'self_queue_size': 0, 'max_group_size': 1, 'env_weight': 1.0}
[96m[ATROPOS][0m INFO:     127.0.0.1:62310 - "GET /status-env HTTP/1.1" 200 OK
[94m[GSM8K][0m INFO:atroposlib.envs.base:env_manager: Status dict: {'current_step': 0, 'queue_size': 0, 'unallocated_fraction': 1.0, 'self_queue_size': 0, 'max_group_size': 1, 'env_weight': 1.0}
[96m[ATROPOS][0m INFO:     127.0.0.1:62311 - "GET /status-env HTTP/1.1" 200 OK
[94m[GSM8K][0m INFO:atroposlib.envs.base:env_manager: Status dict: {'current_step': 0, 'queue_size': 0, 'unallocated_fraction': 1.0, 'self_queue_size': 0, 'max_group_size': 1, 'env_weight': 1.0}
[96m[ATROPOS][0m INFO:     127.0.0.1:62312 - "GET /status-env HTTP/1.1" 200 OK
[94m[GSM8K][0m INFO:atroposlib.envs.base:env_manager: Status dict: {'current_step': 0, 'queue_size': 0, 'unallocated_fraction': 1.0, 'self_queue_size': 0, 'max_group_size': 1, 'env_weight': 1.0}
[96m[ATROPOS][0m INFO:     127.0.0.1:62313 - "GET /status-env HTTP/1.1" 200 OK
[94m[GSM8K][0m INFO:atroposlib.envs.base:env_manager: Status dict: {'current_step': 0, 'queue_size': 0, 'unallocated_fraction': 1.0, 'self_queue_size': 0, 'max_group_size': 1, 'env_weight': 1.0}
[96m[ATROPOS][0m INFO:     127.0.0.1:62314 - "GET /status-env HTTP/1.1" 200 OK
[94m[GSM8K][0m INFO:atroposlib.envs.base:env_manager: Status dict: {'current_step': 0, 'queue_size': 0, 'unallocated_fraction': 1.0, 'self_queue_size': 0, 'max_group_size': 1, 'env_weight': 1.0}
[96m[ATROPOS][0m INFO:     127.0.0.1:62315 - "GET /status-env HTTP/1.1" 200 OK
[94m[GSM8K][0m INFO:atroposlib.envs.base:env_manager: Status dict: {'current_step': 0, 'queue_size': 0, 'unallocated_fraction': 1.0, 'self_queue_size': 0, 'max_group_size': 1, 'env_weight': 1.0}
[96m[ATROPOS][0m INFO:     127.0.0.1:62316 - "GET /status-env HTTP/1.1" 200 OK
[94m[GSM8K][0m INFO:atroposlib.envs.base:env_manager: Status dict: {'current_step': 0, 'queue_size': 0, 'unallocated_fraction': 1.0, 'self_queue_size': 0, 'max_group_size': 1, 'env_weight': 1.0}
[96m[ATROPOS][0m INFO:     127.0.0.1:62317 - "GET /batch HTTP/1.1" 200 OK
[92m[TRAINER][0m INFO:root:Polling for batch... attempt 135
[96m[ATROPOS][0m INFO:     127.0.0.1:62318 - "GET /status-env HTTP/1.1" 200 OK
[94m[GSM8K][0m INFO:atroposlib.envs.base:env_manager: Status dict: {'current_step': 0, 'queue_size': 0, 'unallocated_fraction': 1.0, 'self_queue_size': 0, 'max_group_size': 1, 'env_weight': 1.0}
[96m[ATROPOS][0m INFO:     127.0.0.1:62319 - "GET /status-env HTTP/1.1" 200 OK
[94m[GSM8K][0m INFO:atroposlib.envs.base:env_manager: Status dict: {'current_step': 0, 'queue_size': 0, 'unallocated_fraction': 1.0, 'self_queue_size': 0, 'max_group_size': 1, 'env_weight': 1.0}
[96m[ATROPOS][0m INFO:     127.0.0.1:62320 - "GET /status-env HTTP/1.1" 200 OK
[94m[GSM8K][0m INFO:atroposlib.envs.base:env_manager: Status dict: {'current_step': 0, 'queue_size': 0, 'unallocated_fraction': 1.0, 'self_queue_size': 0, 'max_group_size': 1, 'env_weight': 1.0}
[96m[ATROPOS][0m INFO:     127.0.0.1:62321 - "GET /status-env HTTP/1.1" 200 OK
[94m[GSM8K][0m INFO:atroposlib.envs.base:env_manager: Status dict: {'current_step': 0, 'queue_size': 0, 'unallocated_fraction': 1.0, 'self_queue_size': 0, 'max_group_size': 1, 'env_weight': 1.0}
[96m[ATROPOS][0m INFO:     127.0.0.1:62322 - "GET /status-env HTTP/1.1" 200 OK
[94m[GSM8K][0m INFO:atroposlib.envs.base:env_manager: Status dict: {'current_step': 0, 'queue_size': 0, 'unallocated_fraction': 1.0, 'self_queue_size': 0, 'max_group_size': 1, 'env_weight': 1.0}
[96m[ATROPOS][0m INFO:     127.0.0.1:62323 - "GET /status-env HTTP/1.1" 200 OK
[94m[GSM8K][0m INFO:atroposlib.envs.base:env_manager: Status dict: {'current_step': 0, 'queue_size': 0, 'unallocated_fraction': 1.0, 'self_queue_size': 0, 'max_group_size': 1, 'env_weight': 1.0}
[96m[ATROPOS][0m INFO:     127.0.0.1:62324 - "GET /status-env HTTP/1.1" 200 OK
[94m[GSM8K][0m INFO:atroposlib.envs.base:env_manager: Status dict: {'current_step': 0, 'queue_size': 0, 'unallocated_fraction': 1.0, 'self_queue_size': 0, 'max_group_size': 1, 'env_weight': 1.0}
[96m[ATROPOS][0m INFO:     127.0.0.1:62325 - "GET /status-env HTTP/1.1" 200 OK
[94m[GSM8K][0m INFO:atroposlib.envs.base:env_manager: Status dict: {'current_step': 0, 'queue_size': 0, 'unallocated_fraction': 1.0, 'self_queue_size': 0, 'max_group_size': 1, 'env_weight': 1.0}
[96m[ATROPOS][0m INFO:     127.0.0.1:62326 - "GET /status-env HTTP/1.1" 200 OK
[94m[GSM8K][0m INFO:atroposlib.envs.base:env_manager: Status dict: {'current_step': 0, 'queue_size': 0, 'unallocated_fraction': 1.0, 'self_queue_size': 0, 'max_group_size': 1, 'env_weight': 1.0}
[96m[ATROPOS][0m INFO:     127.0.0.1:62327 - "GET /batch HTTP/1.1" 200 OK
[96m[ATROPOS][0m INFO:     127.0.0.1:62328 - "GET /status-env HTTP/1.1" 200 OK
[94m[GSM8K][0m INFO:atroposlib.envs.base:env_manager: Status dict: {'current_step': 0, 'queue_size': 0, 'unallocated_fraction': 1.0, 'self_queue_size': 0, 'max_group_size': 1, 'env_weight': 1.0}
[96m[ATROPOS][0m INFO:     127.0.0.1:62329 - "GET /status-env HTTP/1.1" 200 OK
[94m[GSM8K][0m INFO:atroposlib.envs.base:env_manager: Status dict: {'current_step': 0, 'queue_size': 0, 'unallocated_fraction': 1.0, 'self_queue_size': 0, 'max_group_size': 1, 'env_weight': 1.0}
[96m[ATROPOS][0m INFO:     127.0.0.1:62330 - "GET /status-env HTTP/1.1" 200 OK
[94m[GSM8K][0m INFO:atroposlib.envs.base:env_manager: Status dict: {'current_step': 0, 'queue_size': 0, 'unallocated_fraction': 1.0, 'self_queue_size': 0, 'max_group_size': 1, 'env_weight': 1.0}
[96m[ATROPOS][0m INFO:     127.0.0.1:62331 - "GET /status-env HTTP/1.1" 200 OK
[94m[GSM8K][0m INFO:atroposlib.envs.base:env_manager: Status dict: {'current_step': 0, 'queue_size': 0, 'unallocated_fraction': 1.0, 'self_queue_size': 0, 'max_group_size': 1, 'env_weight': 1.0}
[96m[ATROPOS][0m INFO:     127.0.0.1:62332 - "GET /status-env HTTP/1.1" 200 OK
[94m[GSM8K][0m INFO:atroposlib.envs.base:env_manager: Status dict: {'current_step': 0, 'queue_size': 0, 'unallocated_fraction': 1.0, 'self_queue_size': 0, 'max_group_size': 1, 'env_weight': 1.0}
[96m[ATROPOS][0m INFO:     127.0.0.1:62333 - "GET /status-env HTTP/1.1" 200 OK
[94m[GSM8K][0m INFO:atroposlib.envs.base:env_manager: Status dict: {'current_step': 0, 'queue_size': 0, 'unallocated_fraction': 1.0, 'self_queue_size': 0, 'max_group_size': 1, 'env_weight': 1.0}
[96m[ATROPOS][0m INFO:     127.0.0.1:62334 - "GET /status-env HTTP/1.1" 200 OK
[94m[GSM8K][0m INFO:atroposlib.envs.base:env_manager: Status dict: {'current_step': 0, 'queue_size': 0, 'unallocated_fraction': 1.0, 'self_queue_size': 0, 'max_group_size': 1, 'env_weight': 1.0}
[96m[ATROPOS][0m INFO:     127.0.0.1:62335 - "GET /status-env HTTP/1.1" 200 OK
[94m[GSM8K][0m INFO:atroposlib.envs.base:env_manager: Status dict: {'current_step': 0, 'queue_size': 0, 'unallocated_fraction': 1.0, 'self_queue_size': 0, 'max_group_size': 1, 'env_weight': 1.0}
[96m[ATROPOS][0m INFO:     127.0.0.1:62336 - "GET /status-env HTTP/1.1" 200 OK
[94m[GSM8K][0m INFO:atroposlib.envs.base:env_manager: Status dict: {'current_step': 0, 'queue_size': 0, 'unallocated_fraction': 1.0, 'self_queue_size': 0, 'max_group_size': 1, 'env_weight': 1.0}
[96m[ATROPOS][0m INFO:     127.0.0.1:62337 - "GET /status-env HTTP/1.1" 200 OK
[94m[GSM8K][0m INFO:atroposlib.envs.base:env_manager: Status dict: {'current_step': 0, 'queue_size': 0, 'unallocated_fraction': 1.0, 'self_queue_size': 0, 'max_group_size': 1, 'env_weight': 1.0}
[96m[ATROPOS][0m INFO:     127.0.0.1:62338 - "GET /batch HTTP/1.1" 200 OK
[96m[ATROPOS][0m INFO:     127.0.0.1:62339 - "GET /status-env HTTP/1.1" 200 OK
[94m[GSM8K][0m INFO:atroposlib.envs.base:env_manager: Status dict: {'current_step': 0, 'queue_size': 0, 'unallocated_fraction': 1.0, 'self_queue_size': 0, 'max_group_size': 1, 'env_weight': 1.0}
[96m[ATROPOS][0m INFO:     127.0.0.1:62340 - "GET /status-env HTTP/1.1" 200 OK
[94m[GSM8K][0m INFO:atroposlib.envs.base:env_manager: Status dict: {'current_step': 0, 'queue_size': 0, 'unallocated_fraction': 1.0, 'self_queue_size': 0, 'max_group_size': 1, 'env_weight': 1.0}
[96m[ATROPOS][0m INFO:     127.0.0.1:62341 - "GET /status-env HTTP/1.1" 200 OK
[94m[GSM8K][0m INFO:atroposlib.envs.base:env_manager: Status dict: {'current_step': 0, 'queue_size': 0, 'unallocated_fraction': 1.0, 'self_queue_size': 0, 'max_group_size': 1, 'env_weight': 1.0}
[96m[ATROPOS][0m INFO:     127.0.0.1:62342 - "GET /status-env HTTP/1.1" 200 OK
[94m[GSM8K][0m INFO:atroposlib.envs.base:env_manager: Status dict: {'current_step': 0, 'queue_size': 0, 'unallocated_fraction': 1.0, 'self_queue_size': 0, 'max_group_size': 1, 'env_weight': 1.0}
[96m[ATROPOS][0m INFO:     127.0.0.1:62343 - "GET /status-env HTTP/1.1" 200 OK
[94m[GSM8K][0m INFO:atroposlib.envs.base:env_manager: Status dict: {'current_step': 0, 'queue_size': 0, 'unallocated_fraction': 1.0, 'self_queue_size': 0, 'max_group_size': 1, 'env_weight': 1.0}
[96m[ATROPOS][0m INFO:     127.0.0.1:62344 - "GET /status-env HTTP/1.1" 200 OK
[94m[GSM8K][0m INFO:atroposlib.envs.base:env_manager: Status dict: {'current_step': 0, 'queue_size': 0, 'unallocated_fraction': 1.0, 'self_queue_size': 0, 'max_group_size': 1, 'env_weight': 1.0}
[96m[ATROPOS][0m INFO:     127.0.0.1:62346 - "GET /status-env HTTP/1.1" 200 OK
[94m[GSM8K][0m INFO:atroposlib.envs.base:env_manager: Status dict: {'current_step': 0, 'queue_size': 0, 'unallocated_fraction': 1.0, 'self_queue_size': 0, 'max_group_size': 1, 'env_weight': 1.0}
[96m[ATROPOS][0m INFO:     127.0.0.1:62348 - "GET /status-env HTTP/1.1" 200 OK
[94m[GSM8K][0m INFO:atroposlib.envs.base:env_manager: Status dict: {'current_step': 0, 'queue_size': 0, 'unallocated_fraction': 1.0, 'self_queue_size': 0, 'max_group_size': 1, 'env_weight': 1.0}
[96m[ATROPOS][0m INFO:     127.0.0.1:62349 - "GET /status-env HTTP/1.1" 200 OK
[94m[GSM8K][0m INFO:atroposlib.envs.base:env_manager: Status dict: {'current_step': 0, 'queue_size': 0, 'unallocated_fraction': 1.0, 'self_queue_size': 0, 'max_group_size': 1, 'env_weight': 1.0}
[96m[ATROPOS][0m INFO:     127.0.0.1:62350 - "GET /status-env HTTP/1.1" 200 OK
[94m[GSM8K][0m INFO:atroposlib.envs.base:env_manager: Status dict: {'current_step': 0, 'queue_size': 0, 'unallocated_fraction': 1.0, 'self_queue_size': 0, 'max_group_size': 1, 'env_weight': 1.0}
[96m[ATROPOS][0m INFO:     127.0.0.1:62351 - "GET /batch HTTP/1.1" 200 OK
[96m[ATROPOS][0m INFO:     127.0.0.1:62352 - "GET /status-env HTTP/1.1" 200 OK
[94m[GSM8K][0m INFO:atroposlib.envs.base:env_manager: Status dict: {'current_step': 0, 'queue_size': 0, 'unallocated_fraction': 1.0, 'self_queue_size': 0, 'max_group_size': 1, 'env_weight': 1.0}
[96m[ATROPOS][0m INFO:     127.0.0.1:62353 - "GET /status-env HTTP/1.1" 200 OK
[94m[GSM8K][0m INFO:atroposlib.envs.base:env_manager: Status dict: {'current_step': 0, 'queue_size': 0, 'unallocated_fraction': 1.0, 'self_queue_size': 0, 'max_group_size': 1, 'env_weight': 1.0}
[96m[ATROPOS][0m INFO:     127.0.0.1:62354 - "GET /status-env HTTP/1.1" 200 OK
[94m[GSM8K][0m INFO:atroposlib.envs.base:env_manager: Status dict: {'current_step': 0, 'queue_size': 0, 'unallocated_fraction': 1.0, 'self_queue_size': 0, 'max_group_size': 1, 'env_weight': 1.0}
[96m[ATROPOS][0m INFO:     127.0.0.1:62355 - "GET /status-env HTTP/1.1" 200 OK
[94m[GSM8K][0m INFO:atroposlib.envs.base:env_manager: Status dict: {'current_step': 0, 'queue_size': 0, 'unallocated_fraction': 1.0, 'self_queue_size': 0, 'max_group_size': 1, 'env_weight': 1.0}
[96m[ATROPOS][0m INFO:     127.0.0.1:62356 - "GET /status-env HTTP/1.1" 200 OK
[94m[GSM8K][0m INFO:atroposlib.envs.base:env_manager: Status dict: {'current_step': 0, 'queue_size': 0, 'unallocated_fraction': 1.0, 'self_queue_size': 0, 'max_group_size': 1, 'env_weight': 1.0}
[96m[ATROPOS][0m INFO:     127.0.0.1:62357 - "GET /status-env HTTP/1.1" 200 OK
[94m[GSM8K][0m INFO:atroposlib.envs.base:env_manager: Status dict: {'current_step': 0, 'queue_size': 0, 'unallocated_fraction': 1.0, 'self_queue_size': 0, 'max_group_size': 1, 'env_weight': 1.0}
[96m[ATROPOS][0m INFO:     127.0.0.1:62358 - "GET /status-env HTTP/1.1" 200 OK
[94m[GSM8K][0m INFO:atroposlib.envs.base:env_manager: Status dict: {'current_step': 0, 'queue_size': 0, 'unallocated_fraction': 1.0, 'self_queue_size': 0, 'max_group_size': 1, 'env_weight': 1.0}
[96m[ATROPOS][0m INFO:     127.0.0.1:62359 - "GET /status-env HTTP/1.1" 200 OK
[94m[GSM8K][0m INFO:atroposlib.envs.base:env_manager: Status dict: {'current_step': 0, 'queue_size': 0, 'unallocated_fraction': 1.0, 'self_queue_size': 0, 'max_group_size': 1, 'env_weight': 1.0}
[96m[ATROPOS][0m INFO:     127.0.0.1:62360 - "GET /status-env HTTP/1.1" 200 OK
[94m[GSM8K][0m INFO:atroposlib.envs.base:env_manager: Status dict: {'current_step': 0, 'queue_size': 0, 'unallocated_fraction': 1.0, 'self_queue_size': 0, 'max_group_size': 1, 'env_weight': 1.0}
[96m[ATROPOS][0m INFO:     127.0.0.1:62361 - "GET /status-env HTTP/1.1" 200 OK
[94m[GSM8K][0m INFO:atroposlib.envs.base:env_manager: Status dict: {'current_step': 0, 'queue_size': 0, 'unallocated_fraction': 1.0, 'self_queue_size': 0, 'max_group_size': 1, 'env_weight': 1.0}
[96m[ATROPOS][0m INFO:     127.0.0.1:62362 - "GET /batch HTTP/1.1" 200 OK
[96m[ATROPOS][0m INFO:     127.0.0.1:62363 - "GET /status-env HTTP/1.1" 200 OK
[94m[GSM8K][0m INFO:atroposlib.envs.base:env_manager: Status dict: {'current_step': 0, 'queue_size': 0, 'unallocated_fraction': 1.0, 'self_queue_size': 0, 'max_group_size': 1, 'env_weight': 1.0}
[96m[ATROPOS][0m INFO:     127.0.0.1:62364 - "GET /status-env HTTP/1.1" 200 OK
[94m[GSM8K][0m INFO:atroposlib.envs.base:env_manager: Status dict: {'current_step': 0, 'queue_size': 0, 'unallocated_fraction': 1.0, 'self_queue_size': 0, 'max_group_size': 1, 'env_weight': 1.0}
[96m[ATROPOS][0m INFO:     127.0.0.1:62365 - "GET /status-env HTTP/1.1" 200 OK
[94m[GSM8K][0m INFO:atroposlib.envs.base:env_manager: Status dict: {'current_step': 0, 'queue_size': 0, 'unallocated_fraction': 1.0, 'self_queue_size': 0, 'max_group_size': 1, 'env_weight': 1.0}
[96m[ATROPOS][0m INFO:     127.0.0.1:62366 - "GET /status-env HTTP/1.1" 200 OK
[94m[GSM8K][0m INFO:atroposlib.envs.base:env_manager: Status dict: {'current_step': 0, 'queue_size': 0, 'unallocated_fraction': 1.0, 'self_queue_size': 0, 'max_group_size': 1, 'env_weight': 1.0}
[96m[ATROPOS][0m INFO:     127.0.0.1:62367 - "GET /status-env HTTP/1.1" 200 OK
[94m[GSM8K][0m INFO:atroposlib.envs.base:env_manager: Status dict: {'current_step': 0, 'queue_size': 0, 'unallocated_fraction': 1.0, 'self_queue_size': 0, 'max_group_size': 1, 'env_weight': 1.0}
[96m[ATROPOS][0m INFO:     127.0.0.1:62368 - "GET /status-env HTTP/1.1" 200 OK
[94m[GSM8K][0m INFO:atroposlib.envs.base:env_manager: Status dict: {'current_step': 0, 'queue_size': 0, 'unallocated_fraction': 1.0, 'self_queue_size': 0, 'max_group_size': 1, 'env_weight': 1.0}
[96m[ATROPOS][0m INFO:     127.0.0.1:62369 - "GET /status-env HTTP/1.1" 200 OK
[94m[GSM8K][0m INFO:atroposlib.envs.base:env_manager: Status dict: {'current_step': 0, 'queue_size': 0, 'unallocated_fraction': 1.0, 'self_queue_size': 0, 'max_group_size': 1, 'env_weight': 1.0}
[96m[ATROPOS][0m INFO:     127.0.0.1:62370 - "GET /status-env HTTP/1.1" 200 OK
[94m[GSM8K][0m INFO:atroposlib.envs.base:env_manager: Status dict: {'current_step': 0, 'queue_size': 0, 'unallocated_fraction': 1.0, 'self_queue_size': 0, 'max_group_size': 1, 'env_weight': 1.0}
[96m[ATROPOS][0m INFO:     127.0.0.1:62371 - "GET /status-env HTTP/1.1" 200 OK
[94m[GSM8K][0m INFO:atroposlib.envs.base:env_manager: Status dict: {'current_step': 0, 'queue_size': 0, 'unallocated_fraction': 1.0, 'self_queue_size': 0, 'max_group_size': 1, 'env_weight': 1.0}
[96m[ATROPOS][0m INFO:     127.0.0.1:62372 - "GET /batch HTTP/1.1" 200 OK
[92m[TRAINER][0m INFO:root:Polling for batch... attempt 140
[96m[ATROPOS][0m INFO:     127.0.0.1:62373 - "GET /status-env HTTP/1.1" 200 OK
[94m[GSM8K][0m INFO:atroposlib.envs.base:env_manager: Status dict: {'current_step': 0, 'queue_size': 0, 'unallocated_fraction': 1.0, 'self_queue_size': 0, 'max_group_size': 1, 'env_weight': 1.0}
[96m[ATROPOS][0m INFO:     127.0.0.1:62374 - "GET /status-env HTTP/1.1" 200 OK
[94m[GSM8K][0m INFO:atroposlib.envs.base:env_manager: Status dict: {'current_step': 0, 'queue_size': 0, 'unallocated_fraction': 1.0, 'self_queue_size': 0, 'max_group_size': 1, 'env_weight': 1.0}
[96m[ATROPOS][0m INFO:     127.0.0.1:62375 - "GET /status-env HTTP/1.1" 200 OK
[94m[GSM8K][0m INFO:atroposlib.envs.base:env_manager: Status dict: {'current_step': 0, 'queue_size': 0, 'unallocated_fraction': 1.0, 'self_queue_size': 0, 'max_group_size': 1, 'env_weight': 1.0}
[96m[ATROPOS][0m INFO:     127.0.0.1:62376 - "GET /status-env HTTP/1.1" 200 OK
[94m[GSM8K][0m INFO:atroposlib.envs.base:env_manager: Status dict: {'current_step': 0, 'queue_size': 0, 'unallocated_fraction': 1.0, 'self_queue_size': 0, 'max_group_size': 1, 'env_weight': 1.0}
[96m[ATROPOS][0m INFO:     127.0.0.1:62377 - "GET /status-env HTTP/1.1" 200 OK
[94m[GSM8K][0m INFO:atroposlib.envs.base:env_manager: Status dict: {'current_step': 0, 'queue_size': 0, 'unallocated_fraction': 1.0, 'self_queue_size': 0, 'max_group_size': 1, 'env_weight': 1.0}
[96m[ATROPOS][0m INFO:     127.0.0.1:62378 - "GET /status-env HTTP/1.1" 200 OK
[94m[GSM8K][0m INFO:atroposlib.envs.base:env_manager: Status dict: {'current_step': 0, 'queue_size': 0, 'unallocated_fraction': 1.0, 'self_queue_size': 0, 'max_group_size': 1, 'env_weight': 1.0}
[96m[ATROPOS][0m INFO:     127.0.0.1:62379 - "GET /status-env HTTP/1.1" 200 OK
[94m[GSM8K][0m INFO:atroposlib.envs.base:env_manager: Status dict: {'current_step': 0, 'queue_size': 0, 'unallocated_fraction': 1.0, 'self_queue_size': 0, 'max_group_size': 1, 'env_weight': 1.0}
[96m[ATROPOS][0m INFO:     127.0.0.1:62380 - "GET /status-env HTTP/1.1" 200 OK
[94m[GSM8K][0m INFO:atroposlib.envs.base:env_manager: Status dict: {'current_step': 0, 'queue_size': 0, 'unallocated_fraction': 1.0, 'self_queue_size': 0, 'max_group_size': 1, 'env_weight': 1.0}
[96m[ATROPOS][0m INFO:     127.0.0.1:62381 - "GET /status-env HTTP/1.1" 200 OK
[94m[GSM8K][0m INFO:atroposlib.envs.base:env_manager: Status dict: {'current_step': 0, 'queue_size': 0, 'unallocated_fraction': 1.0, 'self_queue_size': 0, 'max_group_size': 1, 'env_weight': 1.0}
[96m[ATROPOS][0m INFO:     127.0.0.1:62382 - "GET /status-env HTTP/1.1" 200 OK
[94m[GSM8K][0m INFO:atroposlib.envs.base:env_manager: Status dict: {'current_step': 0, 'queue_size': 0, 'unallocated_fraction': 1.0, 'self_queue_size': 0, 'max_group_size': 1, 'env_weight': 1.0}
[96m[ATROPOS][0m INFO:     127.0.0.1:62383 - "GET /batch HTTP/1.1" 200 OK
[96m[ATROPOS][0m INFO:     127.0.0.1:62384 - "GET /status-env HTTP/1.1" 200 OK
[94m[GSM8K][0m INFO:atroposlib.envs.base:env_manager: Status dict: {'current_step': 0, 'queue_size': 0, 'unallocated_fraction': 1.0, 'self_queue_size': 0, 'max_group_size': 1, 'env_weight': 1.0}
[96m[ATROPOS][0m INFO:     127.0.0.1:62385 - "GET /status-env HTTP/1.1" 200 OK
[94m[GSM8K][0m INFO:atroposlib.envs.base:env_manager: Status dict: {'current_step': 0, 'queue_size': 0, 'unallocated_fraction': 1.0, 'self_queue_size': 0, 'max_group_size': 1, 'env_weight': 1.0}
[96m[ATROPOS][0m INFO:     127.0.0.1:62386 - "GET /status-env HTTP/1.1" 200 OK
[94m[GSM8K][0m INFO:atroposlib.envs.base:env_manager: Status dict: {'current_step': 0, 'queue_size': 0, 'unallocated_fraction': 1.0, 'self_queue_size': 0, 'max_group_size': 1, 'env_weight': 1.0}
[96m[ATROPOS][0m INFO:     127.0.0.1:62387 - "GET /status-env HTTP/1.1" 200 OK
[94m[GSM8K][0m INFO:atroposlib.envs.base:env_manager: Status dict: {'current_step': 0, 'queue_size': 0, 'unallocated_fraction': 1.0, 'self_queue_size': 0, 'max_group_size': 1, 'env_weight': 1.0}
[96m[ATROPOS][0m INFO:     127.0.0.1:62388 - "GET /status-env HTTP/1.1" 200 OK
[94m[GSM8K][0m INFO:atroposlib.envs.base:env_manager: Status dict: {'current_step': 0, 'queue_size': 0, 'unallocated_fraction': 1.0, 'self_queue_size': 0, 'max_group_size': 1, 'env_weight': 1.0}
[96m[ATROPOS][0m INFO:     127.0.0.1:62389 - "GET /status-env HTTP/1.1" 200 OK
[94m[GSM8K][0m INFO:atroposlib.envs.base:env_manager: Status dict: {'current_step': 0, 'queue_size': 0, 'unallocated_fraction': 1.0, 'self_queue_size': 0, 'max_group_size': 1, 'env_weight': 1.0}
[96m[ATROPOS][0m INFO:     127.0.0.1:62390 - "GET /status-env HTTP/1.1" 200 OK
[94m[GSM8K][0m INFO:atroposlib.envs.base:env_manager: Status dict: {'current_step': 0, 'queue_size': 0, 'unallocated_fraction': 1.0, 'self_queue_size': 0, 'max_group_size': 1, 'env_weight': 1.0}
[96m[ATROPOS][0m INFO:     127.0.0.1:62391 - "GET /status-env HTTP/1.1" 200 OK
[94m[GSM8K][0m INFO:atroposlib.envs.base:env_manager: Status dict: {'current_step': 0, 'queue_size': 0, 'unallocated_fraction': 1.0, 'self_queue_size': 0, 'max_group_size': 1, 'env_weight': 1.0}
[96m[ATROPOS][0m INFO:     127.0.0.1:62392 - "GET /status-env HTTP/1.1" 200 OK
[94m[GSM8K][0m INFO:atroposlib.envs.base:env_manager: Status dict: {'current_step': 0, 'queue_size': 0, 'unallocated_fraction': 1.0, 'self_queue_size': 0, 'max_group_size': 1, 'env_weight': 1.0}
[96m[ATROPOS][0m INFO:     127.0.0.1:62393 - "GET /status-env HTTP/1.1" 200 OK
[94m[GSM8K][0m INFO:atroposlib.envs.base:env_manager: Status dict: {'current_step': 0, 'queue_size': 0, 'unallocated_fraction': 1.0, 'self_queue_size': 0, 'max_group_size': 1, 'env_weight': 1.0}
[96m[ATROPOS][0m INFO:     127.0.0.1:62394 - "GET /batch HTTP/1.1" 200 OK
[96m[ATROPOS][0m INFO:     127.0.0.1:62395 - "GET /status-env HTTP/1.1" 200 OK
[94m[GSM8K][0m INFO:atroposlib.envs.base:env_manager: Status dict: {'current_step': 0, 'queue_size': 0, 'unallocated_fraction': 1.0, 'self_queue_size': 0, 'max_group_size': 1, 'env_weight': 1.0}
[96m[ATROPOS][0m INFO:     127.0.0.1:62396 - "GET /status-env HTTP/1.1" 200 OK
[94m[GSM8K][0m INFO:atroposlib.envs.base:env_manager: Status dict: {'current_step': 0, 'queue_size': 0, 'unallocated_fraction': 1.0, 'self_queue_size': 0, 'max_group_size': 1, 'env_weight': 1.0}
[96m[ATROPOS][0m INFO:     127.0.0.1:62397 - "GET /status-env HTTP/1.1" 200 OK
[94m[GSM8K][0m INFO:atroposlib.envs.base:env_manager: Status dict: {'current_step': 0, 'queue_size': 0, 'unallocated_fraction': 1.0, 'self_queue_size': 0, 'max_group_size': 1, 'env_weight': 1.0}
[96m[ATROPOS][0m INFO:     127.0.0.1:62398 - "GET /status-env HTTP/1.1" 200 OK
[94m[GSM8K][0m INFO:atroposlib.envs.base:env_manager: Status dict: {'current_step': 0, 'queue_size': 0, 'unallocated_fraction': 1.0, 'self_queue_size': 0, 'max_group_size': 1, 'env_weight': 1.0}
[96m[ATROPOS][0m INFO:     127.0.0.1:62399 - "GET /status-env HTTP/1.1" 200 OK
[94m[GSM8K][0m INFO:atroposlib.envs.base:env_manager: Status dict: {'current_step': 0, 'queue_size': 0, 'unallocated_fraction': 1.0, 'self_queue_size': 0, 'max_group_size': 1, 'env_weight': 1.0}
[96m[ATROPOS][0m INFO:     127.0.0.1:62400 - "GET /status-env HTTP/1.1" 200 OK
[94m[GSM8K][0m INFO:atroposlib.envs.base:env_manager: Status dict: {'current_step': 0, 'queue_size': 0, 'unallocated_fraction': 1.0, 'self_queue_size': 0, 'max_group_size': 1, 'env_weight': 1.0}
[96m[ATROPOS][0m INFO:     127.0.0.1:62401 - "GET /status-env HTTP/1.1" 200 OK
[94m[GSM8K][0m INFO:atroposlib.envs.base:env_manager: Status dict: {'current_step': 0, 'queue_size': 0, 'unallocated_fraction': 1.0, 'self_queue_size': 0, 'max_group_size': 1, 'env_weight': 1.0}
[96m[ATROPOS][0m INFO:     127.0.0.1:62402 - "GET /status-env HTTP/1.1" 200 OK
[94m[GSM8K][0m INFO:atroposlib.envs.base:env_manager: Status dict: {'current_step': 0, 'queue_size': 0, 'unallocated_fraction': 1.0, 'self_queue_size': 0, 'max_group_size': 1, 'env_weight': 1.0}
[96m[ATROPOS][0m INFO:     127.0.0.1:62403 - "GET /status-env HTTP/1.1" 200 OK
[94m[GSM8K][0m INFO:atroposlib.envs.base:env_manager: Status dict: {'current_step': 0, 'queue_size': 0, 'unallocated_fraction': 1.0, 'self_queue_size': 0, 'max_group_size': 1, 'env_weight': 1.0}
[96m[ATROPOS][0m INFO:     127.0.0.1:62404 - "GET /batch HTTP/1.1" 200 OK
[96m[ATROPOS][0m INFO:     127.0.0.1:62405 - "GET /status-env HTTP/1.1" 200 OK
[94m[GSM8K][0m INFO:atroposlib.envs.base:env_manager: Status dict: {'current_step': 0, 'queue_size': 0, 'unallocated_fraction': 1.0, 'self_queue_size': 0, 'max_group_size': 1, 'env_weight': 1.0}
[96m[ATROPOS][0m INFO:     127.0.0.1:62406 - "GET /status-env HTTP/1.1" 200 OK
[94m[GSM8K][0m INFO:atroposlib.envs.base:env_manager: Status dict: {'current_step': 0, 'queue_size': 0, 'unallocated_fraction': 1.0, 'self_queue_size': 0, 'max_group_size': 1, 'env_weight': 1.0}
[96m[ATROPOS][0m INFO:     127.0.0.1:62407 - "GET /status-env HTTP/1.1" 200 OK
[94m[GSM8K][0m INFO:atroposlib.envs.base:env_manager: Status dict: {'current_step': 0, 'queue_size': 0, 'unallocated_fraction': 1.0, 'self_queue_size': 0, 'max_group_size': 1, 'env_weight': 1.0}
[96m[ATROPOS][0m INFO:     127.0.0.1:62408 - "GET /status-env HTTP/1.1" 200 OK
[94m[GSM8K][0m INFO:atroposlib.envs.base:env_manager: Status dict: {'current_step': 0, 'queue_size': 0, 'unallocated_fraction': 1.0, 'self_queue_size': 0, 'max_group_size': 1, 'env_weight': 1.0}
[96m[ATROPOS][0m INFO:     127.0.0.1:62409 - "GET /status-env HTTP/1.1" 200 OK
[94m[GSM8K][0m INFO:atroposlib.envs.base:env_manager: Status dict: {'current_step': 0, 'queue_size': 0, 'unallocated_fraction': 1.0, 'self_queue_size': 0, 'max_group_size': 1, 'env_weight': 1.0}
[96m[ATROPOS][0m INFO:     127.0.0.1:62410 - "GET /status-env HTTP/1.1" 200 OK
[94m[GSM8K][0m INFO:atroposlib.envs.base:env_manager: Status dict: {'current_step': 0, 'queue_size': 0, 'unallocated_fraction': 1.0, 'self_queue_size': 0, 'max_group_size': 1, 'env_weight': 1.0}
[96m[ATROPOS][0m INFO:     127.0.0.1:62411 - "GET /status-env HTTP/1.1" 200 OK
[94m[GSM8K][0m INFO:atroposlib.envs.base:env_manager: Status dict: {'current_step': 0, 'queue_size': 0, 'unallocated_fraction': 1.0, 'self_queue_size': 0, 'max_group_size': 1, 'env_weight': 1.0}
[96m[ATROPOS][0m INFO:     127.0.0.1:62412 - "GET /status-env HTTP/1.1" 200 OK
[94m[GSM8K][0m INFO:atroposlib.envs.base:env_manager: Status dict: {'current_step': 0, 'queue_size': 0, 'unallocated_fraction': 1.0, 'self_queue_size': 0, 'max_group_size': 1, 'env_weight': 1.0}
[96m[ATROPOS][0m INFO:     127.0.0.1:62413 - "GET /status-env HTTP/1.1" 200 OK
[94m[GSM8K][0m INFO:atroposlib.envs.base:env_manager: Status dict: {'current_step': 0, 'queue_size': 0, 'unallocated_fraction': 1.0, 'self_queue_size': 0, 'max_group_size': 1, 'env_weight': 1.0}
[96m[ATROPOS][0m INFO:     127.0.0.1:62414 - "GET /status-env HTTP/1.1" 200 OK
[94m[GSM8K][0m INFO:atroposlib.envs.base:env_manager: Status dict: {'current_step': 0, 'queue_size': 0, 'unallocated_fraction': 1.0, 'self_queue_size': 0, 'max_group_size': 1, 'env_weight': 1.0}
[96m[ATROPOS][0m INFO:     127.0.0.1:62415 - "GET /batch HTTP/1.1" 200 OK
[96m[ATROPOS][0m INFO:     127.0.0.1:62416 - "GET /status-env HTTP/1.1" 200 OK
[94m[GSM8K][0m INFO:atroposlib.envs.base:env_manager: Status dict: {'current_step': 0, 'queue_size': 0, 'unallocated_fraction': 1.0, 'self_queue_size': 0, 'max_group_size': 1, 'env_weight': 1.0}
[96m[ATROPOS][0m INFO:     127.0.0.1:62417 - "GET /status-env HTTP/1.1" 200 OK
[94m[GSM8K][0m INFO:atroposlib.envs.base:env_manager: Status dict: {'current_step': 0, 'queue_size': 0, 'unallocated_fraction': 1.0, 'self_queue_size': 0, 'max_group_size': 1, 'env_weight': 1.0}
[96m[ATROPOS][0m INFO:     127.0.0.1:62418 - "GET /status-env HTTP/1.1" 200 OK
[94m[GSM8K][0m INFO:atroposlib.envs.base:env_manager: Status dict: {'current_step': 0, 'queue_size': 0, 'unallocated_fraction': 1.0, 'self_queue_size': 0, 'max_group_size': 1, 'env_weight': 1.0}
[96m[ATROPOS][0m INFO:     127.0.0.1:62419 - "GET /status-env HTTP/1.1" 200 OK
[94m[GSM8K][0m INFO:atroposlib.envs.base:env_manager: Status dict: {'current_step': 0, 'queue_size': 0, 'unallocated_fraction': 1.0, 'self_queue_size': 0, 'max_group_size': 1, 'env_weight': 1.0}
[96m[ATROPOS][0m INFO:     127.0.0.1:62420 - "GET /status-env HTTP/1.1" 200 OK
[94m[GSM8K][0m INFO:atroposlib.envs.base:env_manager: Status dict: {'current_step': 0, 'queue_size': 0, 'unallocated_fraction': 1.0, 'self_queue_size': 0, 'max_group_size': 1, 'env_weight': 1.0}
[96m[ATROPOS][0m INFO:     127.0.0.1:62421 - "GET /status-env HTTP/1.1" 200 OK
[94m[GSM8K][0m INFO:atroposlib.envs.base:env_manager: Status dict: {'current_step': 0, 'queue_size': 0, 'unallocated_fraction': 1.0, 'self_queue_size': 0, 'max_group_size': 1, 'env_weight': 1.0}
[96m[ATROPOS][0m INFO:     127.0.0.1:62422 - "GET /status-env HTTP/1.1" 200 OK
[94m[GSM8K][0m INFO:atroposlib.envs.base:env_manager: Status dict: {'current_step': 0, 'queue_size': 0, 'unallocated_fraction': 1.0, 'self_queue_size': 0, 'max_group_size': 1, 'env_weight': 1.0}
[96m[ATROPOS][0m INFO:     127.0.0.1:62423 - "GET /status-env HTTP/1.1" 200 OK
[94m[GSM8K][0m INFO:atroposlib.envs.base:env_manager: Status dict: {'current_step': 0, 'queue_size': 0, 'unallocated_fraction': 1.0, 'self_queue_size': 0, 'max_group_size': 1, 'env_weight': 1.0}
[96m[ATROPOS][0m INFO:     127.0.0.1:62424 - "GET /status-env HTTP/1.1" 200 OK
[94m[GSM8K][0m INFO:atroposlib.envs.base:env_manager: Status dict: {'current_step': 0, 'queue_size': 0, 'unallocated_fraction': 1.0, 'self_queue_size': 0, 'max_group_size': 1, 'env_weight': 1.0}
[96m[ATROPOS][0m INFO:     127.0.0.1:62425 - "GET /status-env HTTP/1.1" 200 OK
[94m[GSM8K][0m INFO:atroposlib.envs.base:env_manager: Status dict: {'current_step': 0, 'queue_size': 0, 'unallocated_fraction': 1.0, 'self_queue_size': 0, 'max_group_size': 1, 'env_weight': 1.0}
[96m[ATROPOS][0m INFO:     127.0.0.1:62426 - "GET /batch HTTP/1.1" 200 OK
[92m[TRAINER][0m INFO:root:Polling for batch... attempt 145
[96m[ATROPOS][0m INFO:     127.0.0.1:62427 - "GET /status-env HTTP/1.1" 200 OK
[94m[GSM8K][0m INFO:atroposlib.envs.base:env_manager: Status dict: {'current_step': 0, 'queue_size': 0, 'unallocated_fraction': 1.0, 'self_queue_size': 0, 'max_group_size': 1, 'env_weight': 1.0}
[96m[ATROPOS][0m INFO:     127.0.0.1:62428 - "GET /status-env HTTP/1.1" 200 OK
[94m[GSM8K][0m INFO:atroposlib.envs.base:env_manager: Status dict: {'current_step': 0, 'queue_size': 0, 'unallocated_fraction': 1.0, 'self_queue_size': 0, 'max_group_size': 1, 'env_weight': 1.0}
[96m[ATROPOS][0m INFO:     127.0.0.1:62429 - "GET /status-env HTTP/1.1" 200 OK
[94m[GSM8K][0m INFO:atroposlib.envs.base:env_manager: Status dict: {'current_step': 0, 'queue_size': 0, 'unallocated_fraction': 1.0, 'self_queue_size': 0, 'max_group_size': 1, 'env_weight': 1.0}
[96m[ATROPOS][0m INFO:     127.0.0.1:62430 - "GET /status-env HTTP/1.1" 200 OK
[94m[GSM8K][0m INFO:atroposlib.envs.base:env_manager: Status dict: {'current_step': 0, 'queue_size': 0, 'unallocated_fraction': 1.0, 'self_queue_size': 0, 'max_group_size': 1, 'env_weight': 1.0}
[96m[ATROPOS][0m INFO:     127.0.0.1:62431 - "GET /status-env HTTP/1.1" 200 OK
[94m[GSM8K][0m INFO:atroposlib.envs.base:env_manager: Status dict: {'current_step': 0, 'queue_size': 0, 'unallocated_fraction': 1.0, 'self_queue_size': 0, 'max_group_size': 1, 'env_weight': 1.0}
[96m[ATROPOS][0m INFO:     127.0.0.1:62432 - "GET /status-env HTTP/1.1" 200 OK
[94m[GSM8K][0m INFO:atroposlib.envs.base:env_manager: Status dict: {'current_step': 0, 'queue_size': 0, 'unallocated_fraction': 1.0, 'self_queue_size': 0, 'max_group_size': 1, 'env_weight': 1.0}
[96m[ATROPOS][0m INFO:     127.0.0.1:62433 - "GET /status-env HTTP/1.1" 200 OK
[94m[GSM8K][0m INFO:atroposlib.envs.base:env_manager: Status dict: {'current_step': 0, 'queue_size': 0, 'unallocated_fraction': 1.0, 'self_queue_size': 0, 'max_group_size': 1, 'env_weight': 1.0}
[96m[ATROPOS][0m INFO:     127.0.0.1:62434 - "GET /status-env HTTP/1.1" 200 OK
[94m[GSM8K][0m INFO:atroposlib.envs.base:env_manager: Status dict: {'current_step': 0, 'queue_size': 0, 'unallocated_fraction': 1.0, 'self_queue_size': 0, 'max_group_size': 1, 'env_weight': 1.0}
[96m[ATROPOS][0m INFO:     127.0.0.1:62435 - "GET /status-env HTTP/1.1" 200 OK
[94m[GSM8K][0m INFO:atroposlib.envs.base:env_manager: Status dict: {'current_step': 0, 'queue_size': 0, 'unallocated_fraction': 1.0, 'self_queue_size': 0, 'max_group_size': 1, 'env_weight': 1.0}
[96m[ATROPOS][0m INFO:     127.0.0.1:62436 - "GET /status-env HTTP/1.1" 200 OK
[94m[GSM8K][0m INFO:atroposlib.envs.base:env_manager: Status dict: {'current_step': 0, 'queue_size': 0, 'unallocated_fraction': 1.0, 'self_queue_size': 0, 'max_group_size': 1, 'env_weight': 1.0}
[96m[ATROPOS][0m INFO:     127.0.0.1:62437 - "GET /batch HTTP/1.1" 200 OK
[96m[ATROPOS][0m INFO:     127.0.0.1:62438 - "GET /status-env HTTP/1.1" 200 OK
[94m[GSM8K][0m INFO:atroposlib.envs.base:env_manager: Status dict: {'current_step': 0, 'queue_size': 0, 'unallocated_fraction': 1.0, 'self_queue_size': 0, 'max_group_size': 1, 'env_weight': 1.0}
[96m[ATROPOS][0m INFO:     127.0.0.1:62439 - "GET /status-env HTTP/1.1" 200 OK
[94m[GSM8K][0m INFO:atroposlib.envs.base:env_manager: Status dict: {'current_step': 0, 'queue_size': 0, 'unallocated_fraction': 1.0, 'self_queue_size': 0, 'max_group_size': 1, 'env_weight': 1.0}
[96m[ATROPOS][0m INFO:     127.0.0.1:62440 - "GET /status-env HTTP/1.1" 200 OK
[94m[GSM8K][0m INFO:atroposlib.envs.base:env_manager: Status dict: {'current_step': 0, 'queue_size': 0, 'unallocated_fraction': 1.0, 'self_queue_size': 0, 'max_group_size': 1, 'env_weight': 1.0}
[96m[ATROPOS][0m INFO:     127.0.0.1:62441 - "GET /status-env HTTP/1.1" 200 OK
[94m[GSM8K][0m INFO:atroposlib.envs.base:env_manager: Status dict: {'current_step': 0, 'queue_size': 0, 'unallocated_fraction': 1.0, 'self_queue_size': 0, 'max_group_size': 1, 'env_weight': 1.0}
[96m[ATROPOS][0m INFO:     127.0.0.1:62442 - "GET /status-env HTTP/1.1" 200 OK
[94m[GSM8K][0m INFO:atroposlib.envs.base:env_manager: Status dict: {'current_step': 0, 'queue_size': 0, 'unallocated_fraction': 1.0, 'self_queue_size': 0, 'max_group_size': 1, 'env_weight': 1.0}
[96m[ATROPOS][0m INFO:     127.0.0.1:62443 - "GET /status-env HTTP/1.1" 200 OK
[94m[GSM8K][0m INFO:atroposlib.envs.base:env_manager: Status dict: {'current_step': 0, 'queue_size': 0, 'unallocated_fraction': 1.0, 'self_queue_size': 0, 'max_group_size': 1, 'env_weight': 1.0}
[96m[ATROPOS][0m INFO:     127.0.0.1:62444 - "GET /status-env HTTP/1.1" 200 OK
[94m[GSM8K][0m INFO:atroposlib.envs.base:env_manager: Status dict: {'current_step': 0, 'queue_size': 0, 'unallocated_fraction': 1.0, 'self_queue_size': 0, 'max_group_size': 1, 'env_weight': 1.0}
[96m[ATROPOS][0m INFO:     127.0.0.1:62445 - "GET /status-env HTTP/1.1" 200 OK
[94m[GSM8K][0m INFO:atroposlib.envs.base:env_manager: Status dict: {'current_step': 0, 'queue_size': 0, 'unallocated_fraction': 1.0, 'self_queue_size': 0, 'max_group_size': 1, 'env_weight': 1.0}
[96m[ATROPOS][0m INFO:     127.0.0.1:62446 - "GET /status-env HTTP/1.1" 200 OK
[94m[GSM8K][0m INFO:atroposlib.envs.base:env_manager: Status dict: {'current_step': 0, 'queue_size': 0, 'unallocated_fraction': 1.0, 'self_queue_size': 0, 'max_group_size': 1, 'env_weight': 1.0}
[96m[ATROPOS][0m INFO:     127.0.0.1:62447 - "GET /batch HTTP/1.1" 200 OK
[96m[ATROPOS][0m INFO:     127.0.0.1:62448 - "GET /status-env HTTP/1.1" 200 OK
[94m[GSM8K][0m INFO:atroposlib.envs.base:env_manager: Status dict: {'current_step': 0, 'queue_size': 0, 'unallocated_fraction': 1.0, 'self_queue_size': 0, 'max_group_size': 1, 'env_weight': 1.0}
[96m[ATROPOS][0m INFO:     127.0.0.1:62449 - "GET /status-env HTTP/1.1" 200 OK
[94m[GSM8K][0m INFO:atroposlib.envs.base:env_manager: Status dict: {'current_step': 0, 'queue_size': 0, 'unallocated_fraction': 1.0, 'self_queue_size': 0, 'max_group_size': 1, 'env_weight': 1.0}
[96m[ATROPOS][0m INFO:     127.0.0.1:62450 - "GET /status-env HTTP/1.1" 200 OK
[94m[GSM8K][0m INFO:atroposlib.envs.base:env_manager: Status dict: {'current_step': 0, 'queue_size': 0, 'unallocated_fraction': 1.0, 'self_queue_size': 0, 'max_group_size': 1, 'env_weight': 1.0}
[96m[ATROPOS][0m INFO:     127.0.0.1:62451 - "GET /status-env HTTP/1.1" 200 OK
[94m[GSM8K][0m INFO:atroposlib.envs.base:env_manager: Status dict: {'current_step': 0, 'queue_size': 0, 'unallocated_fraction': 1.0, 'self_queue_size': 0, 'max_group_size': 1, 'env_weight': 1.0}
[96m[ATROPOS][0m INFO:     127.0.0.1:62452 - "GET /status-env HTTP/1.1" 200 OK
[94m[GSM8K][0m INFO:atroposlib.envs.base:env_manager: Status dict: {'current_step': 0, 'queue_size': 0, 'unallocated_fraction': 1.0, 'self_queue_size': 0, 'max_group_size': 1, 'env_weight': 1.0}
[96m[ATROPOS][0m INFO:     127.0.0.1:62453 - "GET /status-env HTTP/1.1" 200 OK
[94m[GSM8K][0m INFO:atroposlib.envs.base:env_manager: Status dict: {'current_step': 0, 'queue_size': 0, 'unallocated_fraction': 1.0, 'self_queue_size': 0, 'max_group_size': 1, 'env_weight': 1.0}
[96m[ATROPOS][0m INFO:     127.0.0.1:62454 - "GET /status-env HTTP/1.1" 200 OK
[94m[GSM8K][0m INFO:atroposlib.envs.base:env_manager: Status dict: {'current_step': 0, 'queue_size': 0, 'unallocated_fraction': 1.0, 'self_queue_size': 0, 'max_group_size': 1, 'env_weight': 1.0}
[96m[ATROPOS][0m INFO:     127.0.0.1:62455 - "GET /status-env HTTP/1.1" 200 OK
[94m[GSM8K][0m INFO:atroposlib.envs.base:env_manager: Status dict: {'current_step': 0, 'queue_size': 0, 'unallocated_fraction': 1.0, 'self_queue_size': 0, 'max_group_size': 1, 'env_weight': 1.0}
[96m[ATROPOS][0m INFO:     127.0.0.1:62456 - "GET /status-env HTTP/1.1" 200 OK
[94m[GSM8K][0m INFO:atroposlib.envs.base:env_manager: Status dict: {'current_step': 0, 'queue_size': 0, 'unallocated_fraction': 1.0, 'self_queue_size': 0, 'max_group_size': 1, 'env_weight': 1.0}
[96m[ATROPOS][0m INFO:     127.0.0.1:62457 - "GET /status-env HTTP/1.1" 200 OK
[94m[GSM8K][0m INFO:atroposlib.envs.base:env_manager: Status dict: {'current_step': 0, 'queue_size': 0, 'unallocated_fraction': 1.0, 'self_queue_size': 0, 'max_group_size': 1, 'env_weight': 1.0}
[96m[ATROPOS][0m INFO:     127.0.0.1:62458 - "GET /batch HTTP/1.1" 200 OK
[96m[ATROPOS][0m INFO:     127.0.0.1:62459 - "GET /status-env HTTP/1.1" 200 OK
[94m[GSM8K][0m INFO:atroposlib.envs.base:env_manager: Status dict: {'current_step': 0, 'queue_size': 0, 'unallocated_fraction': 1.0, 'self_queue_size': 0, 'max_group_size': 1, 'env_weight': 1.0}
[96m[ATROPOS][0m INFO:     127.0.0.1:62460 - "GET /status-env HTTP/1.1" 200 OK
[94m[GSM8K][0m INFO:atroposlib.envs.base:env_manager: Status dict: {'current_step': 0, 'queue_size': 0, 'unallocated_fraction': 1.0, 'self_queue_size': 0, 'max_group_size': 1, 'env_weight': 1.0}
[96m[ATROPOS][0m INFO:     127.0.0.1:62461 - "GET /status-env HTTP/1.1" 200 OK
[94m[GSM8K][0m INFO:atroposlib.envs.base:env_manager: Status dict: {'current_step': 0, 'queue_size': 0, 'unallocated_fraction': 1.0, 'self_queue_size': 0, 'max_group_size': 1, 'env_weight': 1.0}
[96m[ATROPOS][0m INFO:     127.0.0.1:62462 - "GET /status-env HTTP/1.1" 200 OK
[94m[GSM8K][0m INFO:atroposlib.envs.base:env_manager: Status dict: {'current_step': 0, 'queue_size': 0, 'unallocated_fraction': 1.0, 'self_queue_size': 0, 'max_group_size': 1, 'env_weight': 1.0}
[96m[ATROPOS][0m INFO:     127.0.0.1:62463 - "GET /status-env HTTP/1.1" 200 OK
[94m[GSM8K][0m INFO:atroposlib.envs.base:env_manager: Status dict: {'current_step': 0, 'queue_size': 0, 'unallocated_fraction': 1.0, 'self_queue_size': 0, 'max_group_size': 1, 'env_weight': 1.0}
[96m[ATROPOS][0m INFO:     127.0.0.1:62464 - "GET /status-env HTTP/1.1" 200 OK
[94m[GSM8K][0m INFO:atroposlib.envs.base:env_manager: Status dict: {'current_step': 0, 'queue_size': 0, 'unallocated_fraction': 1.0, 'self_queue_size': 0, 'max_group_size': 1, 'env_weight': 1.0}
[96m[ATROPOS][0m INFO:     127.0.0.1:62465 - "GET /status-env HTTP/1.1" 200 OK
[94m[GSM8K][0m INFO:atroposlib.envs.base:env_manager: Status dict: {'current_step': 0, 'queue_size': 0, 'unallocated_fraction': 1.0, 'self_queue_size': 0, 'max_group_size': 1, 'env_weight': 1.0}
[96m[ATROPOS][0m INFO:     127.0.0.1:62466 - "GET /status-env HTTP/1.1" 200 OK
[94m[GSM8K][0m INFO:atroposlib.envs.base:env_manager: Status dict: {'current_step': 0, 'queue_size': 0, 'unallocated_fraction': 1.0, 'self_queue_size': 0, 'max_group_size': 1, 'env_weight': 1.0}
[96m[ATROPOS][0m INFO:     127.0.0.1:62467 - "GET /status-env HTTP/1.1" 200 OK
[94m[GSM8K][0m INFO:atroposlib.envs.base:env_manager: Status dict: {'current_step': 0, 'queue_size': 0, 'unallocated_fraction': 1.0, 'self_queue_size': 0, 'max_group_size': 1, 'env_weight': 1.0}
[96m[ATROPOS][0m INFO:     127.0.0.1:62468 - "GET /status-env HTTP/1.1" 200 OK
[94m[GSM8K][0m INFO:atroposlib.envs.base:env_manager: Status dict: {'current_step': 0, 'queue_size': 0, 'unallocated_fraction': 1.0, 'self_queue_size': 0, 'max_group_size': 1, 'env_weight': 1.0}
[96m[ATROPOS][0m INFO:     127.0.0.1:62469 - "GET /batch HTTP/1.1" 200 OK
[96m[ATROPOS][0m INFO:     127.0.0.1:62470 - "GET /status-env HTTP/1.1" 200 OK
[94m[GSM8K][0m INFO:atroposlib.envs.base:env_manager: Status dict: {'current_step': 0, 'queue_size': 0, 'unallocated_fraction': 1.0, 'self_queue_size': 0, 'max_group_size': 1, 'env_weight': 1.0}
[96m[ATROPOS][0m INFO:     127.0.0.1:62471 - "GET /status-env HTTP/1.1" 200 OK
[94m[GSM8K][0m INFO:atroposlib.envs.base:env_manager: Status dict: {'current_step': 0, 'queue_size': 0, 'unallocated_fraction': 1.0, 'self_queue_size': 0, 'max_group_size': 1, 'env_weight': 1.0}
[96m[ATROPOS][0m INFO:     127.0.0.1:62472 - "GET /status-env HTTP/1.1" 200 OK
[94m[GSM8K][0m INFO:atroposlib.envs.base:env_manager: Status dict: {'current_step': 0, 'queue_size': 0, 'unallocated_fraction': 1.0, 'self_queue_size': 0, 'max_group_size': 1, 'env_weight': 1.0}
[96m[ATROPOS][0m INFO:     127.0.0.1:62473 - "GET /status-env HTTP/1.1" 200 OK
[94m[GSM8K][0m INFO:atroposlib.envs.base:env_manager: Status dict: {'current_step': 0, 'queue_size': 0, 'unallocated_fraction': 1.0, 'self_queue_size': 0, 'max_group_size': 1, 'env_weight': 1.0}
[96m[ATROPOS][0m INFO:     127.0.0.1:62474 - "GET /status-env HTTP/1.1" 200 OK
[94m[GSM8K][0m INFO:atroposlib.envs.base:env_manager: Status dict: {'current_step': 0, 'queue_size': 0, 'unallocated_fraction': 1.0, 'self_queue_size': 0, 'max_group_size': 1, 'env_weight': 1.0}
[96m[ATROPOS][0m INFO:     127.0.0.1:62475 - "GET /status-env HTTP/1.1" 200 OK
[94m[GSM8K][0m INFO:atroposlib.envs.base:env_manager: Status dict: {'current_step': 0, 'queue_size': 0, 'unallocated_fraction': 1.0, 'self_queue_size': 0, 'max_group_size': 1, 'env_weight': 1.0}
[96m[ATROPOS][0m INFO:     127.0.0.1:62476 - "GET /status-env HTTP/1.1" 200 OK
[94m[GSM8K][0m INFO:atroposlib.envs.base:env_manager: Status dict: {'current_step': 0, 'queue_size': 0, 'unallocated_fraction': 1.0, 'self_queue_size': 0, 'max_group_size': 1, 'env_weight': 1.0}
[96m[ATROPOS][0m INFO:     127.0.0.1:62477 - "GET /status-env HTTP/1.1" 200 OK
[94m[GSM8K][0m INFO:atroposlib.envs.base:env_manager: Status dict: {'current_step': 0, 'queue_size': 0, 'unallocated_fraction': 1.0, 'self_queue_size': 0, 'max_group_size': 1, 'env_weight': 1.0}
[96m[ATROPOS][0m INFO:     127.0.0.1:62478 - "GET /status-env HTTP/1.1" 200 OK
[94m[GSM8K][0m INFO:atroposlib.envs.base:env_manager: Status dict: {'current_step': 0, 'queue_size': 0, 'unallocated_fraction': 1.0, 'self_queue_size': 0, 'max_group_size': 1, 'env_weight': 1.0}
[96m[ATROPOS][0m INFO:     127.0.0.1:62479 - "GET /batch HTTP/1.1" 200 OK
[92m[TRAINER][0m INFO:root:Polling for batch... attempt 150
[96m[ATROPOS][0m INFO:     127.0.0.1:62480 - "GET /status-env HTTP/1.1" 200 OK
[94m[GSM8K][0m INFO:atroposlib.envs.base:env_manager: Status dict: {'current_step': 0, 'queue_size': 0, 'unallocated_fraction': 1.0, 'self_queue_size': 0, 'max_group_size': 1, 'env_weight': 1.0}
[96m[ATROPOS][0m INFO:     127.0.0.1:62481 - "GET /status-env HTTP/1.1" 200 OK
[94m[GSM8K][0m INFO:atroposlib.envs.base:env_manager: Status dict: {'current_step': 0, 'queue_size': 0, 'unallocated_fraction': 1.0, 'self_queue_size': 0, 'max_group_size': 1, 'env_weight': 1.0}
[96m[ATROPOS][0m INFO:     127.0.0.1:62483 - "GET /status-env HTTP/1.1" 200 OK
[94m[GSM8K][0m INFO:atroposlib.envs.base:env_manager: Status dict: {'current_step': 0, 'queue_size': 0, 'unallocated_fraction': 1.0, 'self_queue_size': 0, 'max_group_size': 1, 'env_weight': 1.0}
[96m[ATROPOS][0m INFO:     127.0.0.1:62484 - "GET /status-env HTTP/1.1" 200 OK
[94m[GSM8K][0m INFO:atroposlib.envs.base:env_manager: Status dict: {'current_step': 0, 'queue_size': 0, 'unallocated_fraction': 1.0, 'self_queue_size': 0, 'max_group_size': 1, 'env_weight': 1.0}
[96m[ATROPOS][0m INFO:     127.0.0.1:62485 - "GET /status-env HTTP/1.1" 200 OK
[94m[GSM8K][0m INFO:atroposlib.envs.base:env_manager: Status dict: {'current_step': 0, 'queue_size': 0, 'unallocated_fraction': 1.0, 'self_queue_size': 0, 'max_group_size': 1, 'env_weight': 1.0}
[96m[ATROPOS][0m INFO:     127.0.0.1:62486 - "GET /status-env HTTP/1.1" 200 OK
[94m[GSM8K][0m INFO:atroposlib.envs.base:env_manager: Status dict: {'current_step': 0, 'queue_size': 0, 'unallocated_fraction': 1.0, 'self_queue_size': 0, 'max_group_size': 1, 'env_weight': 1.0}
[96m[ATROPOS][0m INFO:     127.0.0.1:62487 - "GET /status-env HTTP/1.1" 200 OK
[94m[GSM8K][0m INFO:atroposlib.envs.base:env_manager: Status dict: {'current_step': 0, 'queue_size': 0, 'unallocated_fraction': 1.0, 'self_queue_size': 0, 'max_group_size': 1, 'env_weight': 1.0}
[96m[ATROPOS][0m INFO:     127.0.0.1:62488 - "GET /status-env HTTP/1.1" 200 OK
[94m[GSM8K][0m INFO:atroposlib.envs.base:env_manager: Status dict: {'current_step': 0, 'queue_size': 0, 'unallocated_fraction': 1.0, 'self_queue_size': 0, 'max_group_size': 1, 'env_weight': 1.0}
[96m[ATROPOS][0m INFO:     127.0.0.1:62489 - "GET /status-env HTTP/1.1" 200 OK
[94m[GSM8K][0m INFO:atroposlib.envs.base:env_manager: Status dict: {'current_step': 0, 'queue_size': 0, 'unallocated_fraction': 1.0, 'self_queue_size': 0, 'max_group_size': 1, 'env_weight': 1.0}
[96m[ATROPOS][0m INFO:     127.0.0.1:62490 - "GET /status-env HTTP/1.1" 200 OK
[94m[GSM8K][0m INFO:atroposlib.envs.base:env_manager: Status dict: {'current_step': 0, 'queue_size': 0, 'unallocated_fraction': 1.0, 'self_queue_size': 0, 'max_group_size': 1, 'env_weight': 1.0}
[96m[ATROPOS][0m INFO:     127.0.0.1:62491 - "GET /batch HTTP/1.1" 200 OK
[96m[ATROPOS][0m INFO:     127.0.0.1:62492 - "GET /status-env HTTP/1.1" 200 OK
[94m[GSM8K][0m INFO:atroposlib.envs.base:env_manager: Status dict: {'current_step': 0, 'queue_size': 0, 'unallocated_fraction': 1.0, 'self_queue_size': 0, 'max_group_size': 1, 'env_weight': 1.0}
[96m[ATROPOS][0m INFO:     127.0.0.1:62493 - "GET /status-env HTTP/1.1" 200 OK
[94m[GSM8K][0m INFO:atroposlib.envs.base:env_manager: Status dict: {'current_step': 0, 'queue_size': 0, 'unallocated_fraction': 1.0, 'self_queue_size': 0, 'max_group_size': 1, 'env_weight': 1.0}
[96m[ATROPOS][0m INFO:     127.0.0.1:62494 - "GET /status-env HTTP/1.1" 200 OK
[94m[GSM8K][0m INFO:atroposlib.envs.base:env_manager: Status dict: {'current_step': 0, 'queue_size': 0, 'unallocated_fraction': 1.0, 'self_queue_size': 0, 'max_group_size': 1, 'env_weight': 1.0}
[96m[ATROPOS][0m INFO:     127.0.0.1:62495 - "GET /status-env HTTP/1.1" 200 OK
[94m[GSM8K][0m INFO:atroposlib.envs.base:env_manager: Status dict: {'current_step': 0, 'queue_size': 0, 'unallocated_fraction': 1.0, 'self_queue_size': 0, 'max_group_size': 1, 'env_weight': 1.0}
[96m[ATROPOS][0m INFO:     127.0.0.1:62496 - "GET /status-env HTTP/1.1" 200 OK
[94m[GSM8K][0m INFO:atroposlib.envs.base:env_manager: Status dict: {'current_step': 0, 'queue_size': 0, 'unallocated_fraction': 1.0, 'self_queue_size': 0, 'max_group_size': 1, 'env_weight': 1.0}
[96m[ATROPOS][0m INFO:     127.0.0.1:62497 - "GET /status-env HTTP/1.1" 200 OK
[94m[GSM8K][0m INFO:atroposlib.envs.base:env_manager: Status dict: {'current_step': 0, 'queue_size': 0, 'unallocated_fraction': 1.0, 'self_queue_size': 0, 'max_group_size': 1, 'env_weight': 1.0}
[96m[ATROPOS][0m INFO:     127.0.0.1:62498 - "GET /status-env HTTP/1.1" 200 OK
[94m[GSM8K][0m INFO:atroposlib.envs.base:env_manager: Status dict: {'current_step': 0, 'queue_size': 0, 'unallocated_fraction': 1.0, 'self_queue_size': 0, 'max_group_size': 1, 'env_weight': 1.0}
[96m[ATROPOS][0m INFO:     127.0.0.1:62499 - "GET /status-env HTTP/1.1" 200 OK
[94m[GSM8K][0m INFO:atroposlib.envs.base:env_manager: Status dict: {'current_step': 0, 'queue_size': 0, 'unallocated_fraction': 1.0, 'self_queue_size': 0, 'max_group_size': 1, 'env_weight': 1.0}
[96m[ATROPOS][0m INFO:     127.0.0.1:62500 - "GET /status-env HTTP/1.1" 200 OK
[94m[GSM8K][0m INFO:atroposlib.envs.base:env_manager: Status dict: {'current_step': 0, 'queue_size': 0, 'unallocated_fraction': 1.0, 'self_queue_size': 0, 'max_group_size': 1, 'env_weight': 1.0}
[96m[ATROPOS][0m INFO:     127.0.0.1:62501 - "GET /status-env HTTP/1.1" 200 OK
[94m[GSM8K][0m INFO:atroposlib.envs.base:env_manager: Status dict: {'current_step': 0, 'queue_size': 0, 'unallocated_fraction': 1.0, 'self_queue_size': 0, 'max_group_size': 1, 'env_weight': 1.0}
[96m[ATROPOS][0m INFO:     127.0.0.1:62502 - "GET /batch HTTP/1.1" 200 OK
[96m[ATROPOS][0m INFO:     127.0.0.1:62503 - "GET /status-env HTTP/1.1" 200 OK
[94m[GSM8K][0m INFO:atroposlib.envs.base:env_manager: Status dict: {'current_step': 0, 'queue_size': 0, 'unallocated_fraction': 1.0, 'self_queue_size': 0, 'max_group_size': 1, 'env_weight': 1.0}
[96m[ATROPOS][0m INFO:     127.0.0.1:62504 - "GET /status-env HTTP/1.1" 200 OK
[94m[GSM8K][0m INFO:atroposlib.envs.base:env_manager: Status dict: {'current_step': 0, 'queue_size': 0, 'unallocated_fraction': 1.0, 'self_queue_size': 0, 'max_group_size': 1, 'env_weight': 1.0}
[96m[ATROPOS][0m INFO:     127.0.0.1:62505 - "GET /status-env HTTP/1.1" 200 OK
[94m[GSM8K][0m INFO:atroposlib.envs.base:env_manager: Status dict: {'current_step': 0, 'queue_size': 0, 'unallocated_fraction': 1.0, 'self_queue_size': 0, 'max_group_size': 1, 'env_weight': 1.0}
[96m[ATROPOS][0m INFO:     127.0.0.1:62506 - "GET /status-env HTTP/1.1" 200 OK
[94m[GSM8K][0m INFO:atroposlib.envs.base:env_manager: Status dict: {'current_step': 0, 'queue_size': 0, 'unallocated_fraction': 1.0, 'self_queue_size': 0, 'max_group_size': 1, 'env_weight': 1.0}
[96m[ATROPOS][0m INFO:     127.0.0.1:62507 - "GET /status-env HTTP/1.1" 200 OK
[94m[GSM8K][0m INFO:atroposlib.envs.base:env_manager: Status dict: {'current_step': 0, 'queue_size': 0, 'unallocated_fraction': 1.0, 'self_queue_size': 0, 'max_group_size': 1, 'env_weight': 1.0}
[96m[ATROPOS][0m INFO:     127.0.0.1:62508 - "GET /status-env HTTP/1.1" 200 OK
[94m[GSM8K][0m INFO:atroposlib.envs.base:env_manager: Status dict: {'current_step': 0, 'queue_size': 0, 'unallocated_fraction': 1.0, 'self_queue_size': 0, 'max_group_size': 1, 'env_weight': 1.0}
[96m[ATROPOS][0m INFO:     127.0.0.1:62509 - "GET /status-env HTTP/1.1" 200 OK
[94m[GSM8K][0m INFO:atroposlib.envs.base:env_manager: Status dict: {'current_step': 0, 'queue_size': 0, 'unallocated_fraction': 1.0, 'self_queue_size': 0, 'max_group_size': 1, 'env_weight': 1.0}
[96m[ATROPOS][0m INFO:     127.0.0.1:62510 - "GET /status-env HTTP/1.1" 200 OK
[94m[GSM8K][0m INFO:atroposlib.envs.base:env_manager: Status dict: {'current_step': 0, 'queue_size': 0, 'unallocated_fraction': 1.0, 'self_queue_size': 0, 'max_group_size': 1, 'env_weight': 1.0}
[96m[ATROPOS][0m INFO:     127.0.0.1:62520 - "GET /status-env HTTP/1.1" 200 OK
[94m[GSM8K][0m INFO:atroposlib.envs.base:env_manager: Status dict: {'current_step': 0, 'queue_size': 0, 'unallocated_fraction': 1.0, 'self_queue_size': 0, 'max_group_size': 1, 'env_weight': 1.0}
[96m[ATROPOS][0m INFO:     127.0.0.1:62521 - "GET /status-env HTTP/1.1" 200 OK
[94m[GSM8K][0m INFO:atroposlib.envs.base:env_manager: Status dict: {'current_step': 0, 'queue_size': 0, 'unallocated_fraction': 1.0, 'self_queue_size': 0, 'max_group_size': 1, 'env_weight': 1.0}
[96m[ATROPOS][0m INFO:     127.0.0.1:62522 - "GET /batch HTTP/1.1" 200 OK
[96m[ATROPOS][0m INFO:     127.0.0.1:62524 - "GET /status-env HTTP/1.1" 200 OK
[94m[GSM8K][0m INFO:atroposlib.envs.base:env_manager: Status dict: {'current_step': 0, 'queue_size': 0, 'unallocated_fraction': 1.0, 'self_queue_size': 0, 'max_group_size': 1, 'env_weight': 1.0}
[96m[ATROPOS][0m INFO:     127.0.0.1:62527 - "GET /status-env HTTP/1.1" 200 OK
[94m[GSM8K][0m INFO:atroposlib.envs.base:env_manager: Status dict: {'current_step': 0, 'queue_size': 0, 'unallocated_fraction': 1.0, 'self_queue_size': 0, 'max_group_size': 1, 'env_weight': 1.0}
[96m[ATROPOS][0m INFO:     127.0.0.1:62528 - "GET /status-env HTTP/1.1" 200 OK
[94m[GSM8K][0m INFO:atroposlib.envs.base:env_manager: Status dict: {'current_step': 0, 'queue_size': 0, 'unallocated_fraction': 1.0, 'self_queue_size': 0, 'max_group_size': 1, 'env_weight': 1.0}
[96m[ATROPOS][0m INFO:     127.0.0.1:62529 - "GET /status-env HTTP/1.1" 200 OK
[94m[GSM8K][0m INFO:atroposlib.envs.base:env_manager: Status dict: {'current_step': 0, 'queue_size': 0, 'unallocated_fraction': 1.0, 'self_queue_size': 0, 'max_group_size': 1, 'env_weight': 1.0}
[96m[ATROPOS][0m INFO:     127.0.0.1:62530 - "GET /status-env HTTP/1.1" 200 OK
[94m[GSM8K][0m INFO:atroposlib.envs.base:env_manager: Status dict: {'current_step': 0, 'queue_size': 0, 'unallocated_fraction': 1.0, 'self_queue_size': 0, 'max_group_size': 1, 'env_weight': 1.0}
[96m[ATROPOS][0m INFO:     127.0.0.1:62531 - "GET /status-env HTTP/1.1" 200 OK
[94m[GSM8K][0m INFO:atroposlib.envs.base:env_manager: Status dict: {'current_step': 0, 'queue_size': 0, 'unallocated_fraction': 1.0, 'self_queue_size': 0, 'max_group_size': 1, 'env_weight': 1.0}
[96m[ATROPOS][0m INFO:     127.0.0.1:62532 - "GET /status-env HTTP/1.1" 200 OK
[94m[GSM8K][0m INFO:atroposlib.envs.base:env_manager: Status dict: {'current_step': 0, 'queue_size': 0, 'unallocated_fraction': 1.0, 'self_queue_size': 0, 'max_group_size': 1, 'env_weight': 1.0}
[96m[ATROPOS][0m INFO:     127.0.0.1:62533 - "GET /status-env HTTP/1.1" 200 OK
[94m[GSM8K][0m INFO:atroposlib.envs.base:env_manager: Status dict: {'current_step': 0, 'queue_size': 0, 'unallocated_fraction': 1.0, 'self_queue_size': 0, 'max_group_size': 1, 'env_weight': 1.0}
[96m[ATROPOS][0m INFO:     127.0.0.1:62534 - "GET /status-env HTTP/1.1" 200 OK
[94m[GSM8K][0m INFO:atroposlib.envs.base:env_manager: Status dict: {'current_step': 0, 'queue_size': 0, 'unallocated_fraction': 1.0, 'self_queue_size': 0, 'max_group_size': 1, 'env_weight': 1.0}
[96m[ATROPOS][0m INFO:     127.0.0.1:62535 - "GET /batch HTTP/1.1" 200 OK
[96m[ATROPOS][0m INFO:     127.0.0.1:62536 - "GET /status-env HTTP/1.1" 200 OK
[94m[GSM8K][0m INFO:atroposlib.envs.base:env_manager: Status dict: {'current_step': 0, 'queue_size': 0, 'unallocated_fraction': 1.0, 'self_queue_size': 0, 'max_group_size': 1, 'env_weight': 1.0}
[96m[ATROPOS][0m INFO:     127.0.0.1:62537 - "GET /status-env HTTP/1.1" 200 OK
[94m[GSM8K][0m INFO:atroposlib.envs.base:env_manager: Status dict: {'current_step': 0, 'queue_size': 0, 'unallocated_fraction': 1.0, 'self_queue_size': 0, 'max_group_size': 1, 'env_weight': 1.0}
[96m[ATROPOS][0m INFO:     127.0.0.1:62538 - "GET /status-env HTTP/1.1" 200 OK
[94m[GSM8K][0m INFO:atroposlib.envs.base:env_manager: Status dict: {'current_step': 0, 'queue_size': 0, 'unallocated_fraction': 1.0, 'self_queue_size': 0, 'max_group_size': 1, 'env_weight': 1.0}
[96m[ATROPOS][0m INFO:     127.0.0.1:62539 - "GET /status-env HTTP/1.1" 200 OK
[94m[GSM8K][0m INFO:atroposlib.envs.base:env_manager: Status dict: {'current_step': 0, 'queue_size': 0, 'unallocated_fraction': 1.0, 'self_queue_size': 0, 'max_group_size': 1, 'env_weight': 1.0}
[96m[ATROPOS][0m INFO:     127.0.0.1:62540 - "GET /status-env HTTP/1.1" 200 OK
[94m[GSM8K][0m INFO:atroposlib.envs.base:env_manager: Status dict: {'current_step': 0, 'queue_size': 0, 'unallocated_fraction': 1.0, 'self_queue_size': 0, 'max_group_size': 1, 'env_weight': 1.0}
[96m[ATROPOS][0m INFO:     127.0.0.1:62541 - "GET /status-env HTTP/1.1" 200 OK
[94m[GSM8K][0m INFO:atroposlib.envs.base:env_manager: Status dict: {'current_step': 0, 'queue_size': 0, 'unallocated_fraction': 1.0, 'self_queue_size': 0, 'max_group_size': 1, 'env_weight': 1.0}
[96m[ATROPOS][0m INFO:     127.0.0.1:62542 - "GET /status-env HTTP/1.1" 200 OK
[94m[GSM8K][0m INFO:atroposlib.envs.base:env_manager: Status dict: {'current_step': 0, 'queue_size': 0, 'unallocated_fraction': 1.0, 'self_queue_size': 0, 'max_group_size': 1, 'env_weight': 1.0}
[96m[ATROPOS][0m INFO:     127.0.0.1:62543 - "GET /status-env HTTP/1.1" 200 OK
[94m[GSM8K][0m INFO:atroposlib.envs.base:env_manager: Status dict: {'current_step': 0, 'queue_size': 0, 'unallocated_fraction': 1.0, 'self_queue_size': 0, 'max_group_size': 1, 'env_weight': 1.0}
[96m[ATROPOS][0m INFO:     127.0.0.1:62544 - "GET /status-env HTTP/1.1" 200 OK
[94m[GSM8K][0m INFO:atroposlib.envs.base:env_manager: Status dict: {'current_step': 0, 'queue_size': 0, 'unallocated_fraction': 1.0, 'self_queue_size': 0, 'max_group_size': 1, 'env_weight': 1.0}
[96m[ATROPOS][0m INFO:     127.0.0.1:62545 - "GET /status-env HTTP/1.1" 200 OK
[94m[GSM8K][0m INFO:atroposlib.envs.base:env_manager: Status dict: {'current_step': 0, 'queue_size': 0, 'unallocated_fraction': 1.0, 'self_queue_size': 0, 'max_group_size': 1, 'env_weight': 1.0}
[96m[ATROPOS][0m INFO:     127.0.0.1:62546 - "GET /batch HTTP/1.1" 200 OK
[92m[TRAINER][0m INFO:root:Polling for batch... attempt 155
[96m[ATROPOS][0m INFO:     127.0.0.1:62547 - "GET /status-env HTTP/1.1" 200 OK
[94m[GSM8K][0m INFO:atroposlib.envs.base:env_manager: Status dict: {'current_step': 0, 'queue_size': 0, 'unallocated_fraction': 1.0, 'self_queue_size': 0, 'max_group_size': 1, 'env_weight': 1.0}
[96m[ATROPOS][0m INFO:     127.0.0.1:62548 - "GET /status-env HTTP/1.1" 200 OK
[94m[GSM8K][0m INFO:atroposlib.envs.base:env_manager: Status dict: {'current_step': 0, 'queue_size': 0, 'unallocated_fraction': 1.0, 'self_queue_size': 0, 'max_group_size': 1, 'env_weight': 1.0}
[96m[ATROPOS][0m INFO:     127.0.0.1:62549 - "GET /status-env HTTP/1.1" 200 OK
[94m[GSM8K][0m INFO:atroposlib.envs.base:env_manager: Status dict: {'current_step': 0, 'queue_size': 0, 'unallocated_fraction': 1.0, 'self_queue_size': 0, 'max_group_size': 1, 'env_weight': 1.0}
[96m[ATROPOS][0m INFO:     127.0.0.1:62550 - "GET /status-env HTTP/1.1" 200 OK
[94m[GSM8K][0m INFO:atroposlib.envs.base:env_manager: Status dict: {'current_step': 0, 'queue_size': 0, 'unallocated_fraction': 1.0, 'self_queue_size': 0, 'max_group_size': 1, 'env_weight': 1.0}
[96m[ATROPOS][0m INFO:     127.0.0.1:62551 - "GET /status-env HTTP/1.1" 200 OK
[94m[GSM8K][0m INFO:atroposlib.envs.base:env_manager: Status dict: {'current_step': 0, 'queue_size': 0, 'unallocated_fraction': 1.0, 'self_queue_size': 0, 'max_group_size': 1, 'env_weight': 1.0}
[96m[ATROPOS][0m INFO:     127.0.0.1:62552 - "GET /status-env HTTP/1.1" 200 OK
[94m[GSM8K][0m INFO:atroposlib.envs.base:env_manager: Status dict: {'current_step': 0, 'queue_size': 0, 'unallocated_fraction': 1.0, 'self_queue_size': 0, 'max_group_size': 1, 'env_weight': 1.0}
[96m[ATROPOS][0m INFO:     127.0.0.1:62553 - "GET /status-env HTTP/1.1" 200 OK
[94m[GSM8K][0m INFO:atroposlib.envs.base:env_manager: Status dict: {'current_step': 0, 'queue_size': 0, 'unallocated_fraction': 1.0, 'self_queue_size': 0, 'max_group_size': 1, 'env_weight': 1.0}
[96m[ATROPOS][0m INFO:     127.0.0.1:62554 - "GET /status-env HTTP/1.1" 200 OK
[94m[GSM8K][0m INFO:atroposlib.envs.base:env_manager: Status dict: {'current_step': 0, 'queue_size': 0, 'unallocated_fraction': 1.0, 'self_queue_size': 0, 'max_group_size': 1, 'env_weight': 1.0}
[96m[ATROPOS][0m INFO:     127.0.0.1:62555 - "GET /status-env HTTP/1.1" 200 OK
[94m[GSM8K][0m INFO:atroposlib.envs.base:env_manager: Status dict: {'current_step': 0, 'queue_size': 0, 'unallocated_fraction': 1.0, 'self_queue_size': 0, 'max_group_size': 1, 'env_weight': 1.0}
[96m[ATROPOS][0m INFO:     127.0.0.1:62556 - "GET /status-env HTTP/1.1" 200 OK
[94m[GSM8K][0m INFO:atroposlib.envs.base:env_manager: Status dict: {'current_step': 0, 'queue_size': 0, 'unallocated_fraction': 1.0, 'self_queue_size': 0, 'max_group_size': 1, 'env_weight': 1.0}
[96m[ATROPOS][0m INFO:     127.0.0.1:62557 - "GET /batch HTTP/1.1" 200 OK
[96m[ATROPOS][0m INFO:     127.0.0.1:62558 - "GET /status-env HTTP/1.1" 200 OK
[94m[GSM8K][0m INFO:atroposlib.envs.base:env_manager: Status dict: {'current_step': 0, 'queue_size': 0, 'unallocated_fraction': 1.0, 'self_queue_size': 0, 'max_group_size': 1, 'env_weight': 1.0}
[96m[ATROPOS][0m INFO:     127.0.0.1:62559 - "GET /status-env HTTP/1.1" 200 OK
[94m[GSM8K][0m INFO:atroposlib.envs.base:env_manager: Status dict: {'current_step': 0, 'queue_size': 0, 'unallocated_fraction': 1.0, 'self_queue_size': 0, 'max_group_size': 1, 'env_weight': 1.0}
[96m[ATROPOS][0m INFO:     127.0.0.1:62560 - "GET /status-env HTTP/1.1" 200 OK
[94m[GSM8K][0m INFO:atroposlib.envs.base:env_manager: Status dict: {'current_step': 0, 'queue_size': 0, 'unallocated_fraction': 1.0, 'self_queue_size': 0, 'max_group_size': 1, 'env_weight': 1.0}
[96m[ATROPOS][0m INFO:     127.0.0.1:62561 - "GET /status-env HTTP/1.1" 200 OK
[94m[GSM8K][0m INFO:atroposlib.envs.base:env_manager: Status dict: {'current_step': 0, 'queue_size': 0, 'unallocated_fraction': 1.0, 'self_queue_size': 0, 'max_group_size': 1, 'env_weight': 1.0}
[96m[ATROPOS][0m INFO:     127.0.0.1:62562 - "GET /status-env HTTP/1.1" 200 OK
[94m[GSM8K][0m INFO:atroposlib.envs.base:env_manager: Status dict: {'current_step': 0, 'queue_size': 0, 'unallocated_fraction': 1.0, 'self_queue_size': 0, 'max_group_size': 1, 'env_weight': 1.0}
[96m[ATROPOS][0m INFO:     127.0.0.1:62563 - "GET /status-env HTTP/1.1" 200 OK
[94m[GSM8K][0m INFO:atroposlib.envs.base:env_manager: Status dict: {'current_step': 0, 'queue_size': 0, 'unallocated_fraction': 1.0, 'self_queue_size': 0, 'max_group_size': 1, 'env_weight': 1.0}
[96m[ATROPOS][0m INFO:     127.0.0.1:62564 - "GET /status-env HTTP/1.1" 200 OK
[94m[GSM8K][0m INFO:atroposlib.envs.base:env_manager: Status dict: {'current_step': 0, 'queue_size': 0, 'unallocated_fraction': 1.0, 'self_queue_size': 0, 'max_group_size': 1, 'env_weight': 1.0}
[96m[ATROPOS][0m INFO:     127.0.0.1:62565 - "GET /status-env HTTP/1.1" 200 OK
[94m[GSM8K][0m INFO:atroposlib.envs.base:env_manager: Status dict: {'current_step': 0, 'queue_size': 0, 'unallocated_fraction': 1.0, 'self_queue_size': 0, 'max_group_size': 1, 'env_weight': 1.0}
[96m[ATROPOS][0m INFO:     127.0.0.1:62566 - "GET /status-env HTTP/1.1" 200 OK
[94m[GSM8K][0m INFO:atroposlib.envs.base:env_manager: Status dict: {'current_step': 0, 'queue_size': 0, 'unallocated_fraction': 1.0, 'self_queue_size': 0, 'max_group_size': 1, 'env_weight': 1.0}
[96m[ATROPOS][0m INFO:     127.0.0.1:62567 - "GET /status-env HTTP/1.1" 200 OK
[94m[GSM8K][0m INFO:atroposlib.envs.base:env_manager: Status dict: {'current_step': 0, 'queue_size': 0, 'unallocated_fraction': 1.0, 'self_queue_size': 0, 'max_group_size': 1, 'env_weight': 1.0}
[96m[ATROPOS][0m INFO:     127.0.0.1:62568 - "GET /batch HTTP/1.1" 200 OK
[96m[ATROPOS][0m INFO:     127.0.0.1:62569 - "GET /status-env HTTP/1.1" 200 OK
[94m[GSM8K][0m INFO:atroposlib.envs.base:env_manager: Status dict: {'current_step': 0, 'queue_size': 0, 'unallocated_fraction': 1.0, 'self_queue_size': 0, 'max_group_size': 1, 'env_weight': 1.0}
[96m[ATROPOS][0m INFO:     127.0.0.1:62570 - "GET /status-env HTTP/1.1" 200 OK
[94m[GSM8K][0m INFO:atroposlib.envs.base:env_manager: Status dict: {'current_step': 0, 'queue_size': 0, 'unallocated_fraction': 1.0, 'self_queue_size': 0, 'max_group_size': 1, 'env_weight': 1.0}
[96m[ATROPOS][0m INFO:     127.0.0.1:62571 - "GET /status-env HTTP/1.1" 200 OK
[94m[GSM8K][0m INFO:atroposlib.envs.base:env_manager: Status dict: {'current_step': 0, 'queue_size': 0, 'unallocated_fraction': 1.0, 'self_queue_size': 0, 'max_group_size': 1, 'env_weight': 1.0}
[96m[ATROPOS][0m INFO:     127.0.0.1:62572 - "GET /status-env HTTP/1.1" 200 OK
[94m[GSM8K][0m INFO:atroposlib.envs.base:env_manager: Status dict: {'current_step': 0, 'queue_size': 0, 'unallocated_fraction': 1.0, 'self_queue_size': 0, 'max_group_size': 1, 'env_weight': 1.0}
[96m[ATROPOS][0m INFO:     127.0.0.1:62573 - "GET /status-env HTTP/1.1" 200 OK
[94m[GSM8K][0m INFO:atroposlib.envs.base:env_manager: Status dict: {'current_step': 0, 'queue_size': 0, 'unallocated_fraction': 1.0, 'self_queue_size': 0, 'max_group_size': 1, 'env_weight': 1.0}
[96m[ATROPOS][0m INFO:     127.0.0.1:62575 - "GET /status-env HTTP/1.1" 200 OK
[94m[GSM8K][0m INFO:atroposlib.envs.base:env_manager: Status dict: {'current_step': 0, 'queue_size': 0, 'unallocated_fraction': 1.0, 'self_queue_size': 0, 'max_group_size': 1, 'env_weight': 1.0}
[96m[ATROPOS][0m INFO:     127.0.0.1:62576 - "GET /status-env HTTP/1.1" 200 OK
[94m[GSM8K][0m INFO:atroposlib.envs.base:env_manager: Status dict: {'current_step': 0, 'queue_size': 0, 'unallocated_fraction': 1.0, 'self_queue_size': 0, 'max_group_size': 1, 'env_weight': 1.0}
[96m[ATROPOS][0m INFO:     127.0.0.1:62577 - "GET /status-env HTTP/1.1" 200 OK
[94m[GSM8K][0m INFO:atroposlib.envs.base:env_manager: Status dict: {'current_step': 0, 'queue_size': 0, 'unallocated_fraction': 1.0, 'self_queue_size': 0, 'max_group_size': 1, 'env_weight': 1.0}
[96m[ATROPOS][0m INFO:     127.0.0.1:62578 - "GET /status-env HTTP/1.1" 200 OK
[94m[GSM8K][0m INFO:atroposlib.envs.base:env_manager: Status dict: {'current_step': 0, 'queue_size': 0, 'unallocated_fraction': 1.0, 'self_queue_size': 0, 'max_group_size': 1, 'env_weight': 1.0}
[96m[ATROPOS][0m INFO:     127.0.0.1:62579 - "GET /batch HTTP/1.1" 200 OK
[96m[ATROPOS][0m INFO:     127.0.0.1:62580 - "GET /status-env HTTP/1.1" 200 OK
[94m[GSM8K][0m INFO:atroposlib.envs.base:env_manager: Status dict: {'current_step': 0, 'queue_size': 0, 'unallocated_fraction': 1.0, 'self_queue_size': 0, 'max_group_size': 1, 'env_weight': 1.0}
[96m[ATROPOS][0m INFO:     127.0.0.1:62581 - "GET /status-env HTTP/1.1" 200 OK
[94m[GSM8K][0m INFO:atroposlib.envs.base:env_manager: Status dict: {'current_step': 0, 'queue_size': 0, 'unallocated_fraction': 1.0, 'self_queue_size': 0, 'max_group_size': 1, 'env_weight': 1.0}
[96m[ATROPOS][0m INFO:     127.0.0.1:62582 - "GET /status-env HTTP/1.1" 200 OK
[94m[GSM8K][0m INFO:atroposlib.envs.base:env_manager: Status dict: {'current_step': 0, 'queue_size': 0, 'unallocated_fraction': 1.0, 'self_queue_size': 0, 'max_group_size': 1, 'env_weight': 1.0}
[96m[ATROPOS][0m INFO:     127.0.0.1:62583 - "GET /status-env HTTP/1.1" 200 OK
[94m[GSM8K][0m INFO:atroposlib.envs.base:env_manager: Status dict: {'current_step': 0, 'queue_size': 0, 'unallocated_fraction': 1.0, 'self_queue_size': 0, 'max_group_size': 1, 'env_weight': 1.0}
[96m[ATROPOS][0m INFO:     127.0.0.1:62584 - "GET /status-env HTTP/1.1" 200 OK
[94m[GSM8K][0m INFO:atroposlib.envs.base:env_manager: Status dict: {'current_step': 0, 'queue_size': 0, 'unallocated_fraction': 1.0, 'self_queue_size': 0, 'max_group_size': 1, 'env_weight': 1.0}
[96m[ATROPOS][0m INFO:     127.0.0.1:62585 - "GET /status-env HTTP/1.1" 200 OK
[94m[GSM8K][0m INFO:atroposlib.envs.base:env_manager: Status dict: {'current_step': 0, 'queue_size': 0, 'unallocated_fraction': 1.0, 'self_queue_size': 0, 'max_group_size': 1, 'env_weight': 1.0}
[96m[ATROPOS][0m INFO:     127.0.0.1:62586 - "GET /status-env HTTP/1.1" 200 OK
[94m[GSM8K][0m INFO:atroposlib.envs.base:env_manager: Status dict: {'current_step': 0, 'queue_size': 0, 'unallocated_fraction': 1.0, 'self_queue_size': 0, 'max_group_size': 1, 'env_weight': 1.0}
[96m[ATROPOS][0m INFO:     127.0.0.1:62587 - "GET /status-env HTTP/1.1" 200 OK
[94m[GSM8K][0m INFO:atroposlib.envs.base:env_manager: Status dict: {'current_step': 0, 'queue_size': 0, 'unallocated_fraction': 1.0, 'self_queue_size': 0, 'max_group_size': 1, 'env_weight': 1.0}
[96m[ATROPOS][0m INFO:     127.0.0.1:62588 - "GET /status-env HTTP/1.1" 200 OK
[94m[GSM8K][0m INFO:atroposlib.envs.base:env_manager: Status dict: {'current_step': 0, 'queue_size': 0, 'unallocated_fraction': 1.0, 'self_queue_size': 0, 'max_group_size': 1, 'env_weight': 1.0}
[96m[ATROPOS][0m INFO:     127.0.0.1:62589 - "GET /status-env HTTP/1.1" 200 OK
[94m[GSM8K][0m INFO:atroposlib.envs.base:env_manager: Status dict: {'current_step': 0, 'queue_size': 0, 'unallocated_fraction': 1.0, 'self_queue_size': 0, 'max_group_size': 1, 'env_weight': 1.0}
[96m[ATROPOS][0m INFO:     127.0.0.1:62590 - "GET /batch HTTP/1.1" 200 OK
[96m[ATROPOS][0m INFO:     127.0.0.1:62591 - "GET /status-env HTTP/1.1" 200 OK
[94m[GSM8K][0m INFO:atroposlib.envs.base:env_manager: Status dict: {'current_step': 0, 'queue_size': 0, 'unallocated_fraction': 1.0, 'self_queue_size': 0, 'max_group_size': 1, 'env_weight': 1.0}
[96m[ATROPOS][0m INFO:     127.0.0.1:62592 - "GET /status-env HTTP/1.1" 200 OK
[94m[GSM8K][0m INFO:atroposlib.envs.base:env_manager: Status dict: {'current_step': 0, 'queue_size': 0, 'unallocated_fraction': 1.0, 'self_queue_size': 0, 'max_group_size': 1, 'env_weight': 1.0}
[96m[ATROPOS][0m INFO:     127.0.0.1:62593 - "GET /status-env HTTP/1.1" 200 OK
[94m[GSM8K][0m INFO:atroposlib.envs.base:env_manager: Status dict: {'current_step': 0, 'queue_size': 0, 'unallocated_fraction': 1.0, 'self_queue_size': 0, 'max_group_size': 1, 'env_weight': 1.0}
[96m[ATROPOS][0m INFO:     127.0.0.1:62594 - "GET /status-env HTTP/1.1" 200 OK
[94m[GSM8K][0m INFO:atroposlib.envs.base:env_manager: Status dict: {'current_step': 0, 'queue_size': 0, 'unallocated_fraction': 1.0, 'self_queue_size': 0, 'max_group_size': 1, 'env_weight': 1.0}
[96m[ATROPOS][0m INFO:     127.0.0.1:62595 - "GET /status-env HTTP/1.1" 200 OK
[94m[GSM8K][0m INFO:atroposlib.envs.base:env_manager: Status dict: {'current_step': 0, 'queue_size': 0, 'unallocated_fraction': 1.0, 'self_queue_size': 0, 'max_group_size': 1, 'env_weight': 1.0}
[96m[ATROPOS][0m INFO:     127.0.0.1:62596 - "GET /status-env HTTP/1.1" 200 OK
[94m[GSM8K][0m INFO:atroposlib.envs.base:env_manager: Status dict: {'current_step': 0, 'queue_size': 0, 'unallocated_fraction': 1.0, 'self_queue_size': 0, 'max_group_size': 1, 'env_weight': 1.0}
[96m[ATROPOS][0m INFO:     127.0.0.1:62597 - "GET /status-env HTTP/1.1" 200 OK
[94m[GSM8K][0m INFO:atroposlib.envs.base:env_manager: Status dict: {'current_step': 0, 'queue_size': 0, 'unallocated_fraction': 1.0, 'self_queue_size': 0, 'max_group_size': 1, 'env_weight': 1.0}
[96m[ATROPOS][0m INFO:     127.0.0.1:62598 - "GET /status-env HTTP/1.1" 200 OK
[94m[GSM8K][0m INFO:atroposlib.envs.base:env_manager: Status dict: {'current_step': 0, 'queue_size': 0, 'unallocated_fraction': 1.0, 'self_queue_size': 0, 'max_group_size': 1, 'env_weight': 1.0}
[96m[ATROPOS][0m INFO:     127.0.0.1:62599 - "GET /status-env HTTP/1.1" 200 OK
[94m[GSM8K][0m INFO:atroposlib.envs.base:env_manager: Status dict: {'current_step': 0, 'queue_size': 0, 'unallocated_fraction': 1.0, 'self_queue_size': 0, 'max_group_size': 1, 'env_weight': 1.0}
[96m[ATROPOS][0m INFO:     127.0.0.1:62600 - "GET /status-env HTTP/1.1" 200 OK
[94m[GSM8K][0m INFO:atroposlib.envs.base:env_manager: Status dict: {'current_step': 0, 'queue_size': 0, 'unallocated_fraction': 1.0, 'self_queue_size': 0, 'max_group_size': 1, 'env_weight': 1.0}
[96m[ATROPOS][0m INFO:     127.0.0.1:62601 - "GET /batch HTTP/1.1" 200 OK
[92m[TRAINER][0m INFO:root:Polling for batch... attempt 160
[96m[ATROPOS][0m INFO:     127.0.0.1:62602 - "GET /status-env HTTP/1.1" 200 OK
[94m[GSM8K][0m INFO:atroposlib.envs.base:env_manager: Status dict: {'current_step': 0, 'queue_size': 0, 'unallocated_fraction': 1.0, 'self_queue_size': 0, 'max_group_size': 1, 'env_weight': 1.0}
[96m[ATROPOS][0m INFO:     127.0.0.1:62603 - "GET /status-env HTTP/1.1" 200 OK
[94m[GSM8K][0m INFO:atroposlib.envs.base:env_manager: Status dict: {'current_step': 0, 'queue_size': 0, 'unallocated_fraction': 1.0, 'self_queue_size': 0, 'max_group_size': 1, 'env_weight': 1.0}
[96m[ATROPOS][0m INFO:     127.0.0.1:62604 - "GET /status-env HTTP/1.1" 200 OK
[94m[GSM8K][0m INFO:atroposlib.envs.base:env_manager: Status dict: {'current_step': 0, 'queue_size': 0, 'unallocated_fraction': 1.0, 'self_queue_size': 0, 'max_group_size': 1, 'env_weight': 1.0}
[96m[ATROPOS][0m INFO:     127.0.0.1:62605 - "GET /status-env HTTP/1.1" 200 OK
[94m[GSM8K][0m INFO:atroposlib.envs.base:env_manager: Status dict: {'current_step': 0, 'queue_size': 0, 'unallocated_fraction': 1.0, 'self_queue_size': 0, 'max_group_size': 1, 'env_weight': 1.0}
[96m[ATROPOS][0m INFO:     127.0.0.1:62606 - "GET /status-env HTTP/1.1" 200 OK
[94m[GSM8K][0m INFO:atroposlib.envs.base:env_manager: Status dict: {'current_step': 0, 'queue_size': 0, 'unallocated_fraction': 1.0, 'self_queue_size': 0, 'max_group_size': 1, 'env_weight': 1.0}
[96m[ATROPOS][0m INFO:     127.0.0.1:62607 - "GET /status-env HTTP/1.1" 200 OK
[94m[GSM8K][0m INFO:atroposlib.envs.base:env_manager: Status dict: {'current_step': 0, 'queue_size': 0, 'unallocated_fraction': 1.0, 'self_queue_size': 0, 'max_group_size': 1, 'env_weight': 1.0}
[96m[ATROPOS][0m INFO:     127.0.0.1:62608 - "GET /status-env HTTP/1.1" 200 OK
[94m[GSM8K][0m INFO:atroposlib.envs.base:env_manager: Status dict: {'current_step': 0, 'queue_size': 0, 'unallocated_fraction': 1.0, 'self_queue_size': 0, 'max_group_size': 1, 'env_weight': 1.0}
[96m[ATROPOS][0m INFO:     127.0.0.1:62609 - "GET /status-env HTTP/1.1" 200 OK
[94m[GSM8K][0m INFO:atroposlib.envs.base:env_manager: Status dict: {'current_step': 0, 'queue_size': 0, 'unallocated_fraction': 1.0, 'self_queue_size': 0, 'max_group_size': 1, 'env_weight': 1.0}
[96m[ATROPOS][0m INFO:     127.0.0.1:62610 - "GET /status-env HTTP/1.1" 200 OK
[94m[GSM8K][0m INFO:atroposlib.envs.base:env_manager: Status dict: {'current_step': 0, 'queue_size': 0, 'unallocated_fraction': 1.0, 'self_queue_size': 0, 'max_group_size': 1, 'env_weight': 1.0}
[96m[ATROPOS][0m INFO:     127.0.0.1:62611 - "GET /status-env HTTP/1.1" 200 OK
[94m[GSM8K][0m INFO:atroposlib.envs.base:env_manager: Status dict: {'current_step': 0, 'queue_size': 0, 'unallocated_fraction': 1.0, 'self_queue_size': 0, 'max_group_size': 1, 'env_weight': 1.0}
[96m[ATROPOS][0m INFO:     127.0.0.1:62612 - "GET /batch HTTP/1.1" 200 OK
[96m[ATROPOS][0m INFO:     127.0.0.1:62613 - "GET /status-env HTTP/1.1" 200 OK
[94m[GSM8K][0m INFO:atroposlib.envs.base:env_manager: Status dict: {'current_step': 0, 'queue_size': 0, 'unallocated_fraction': 1.0, 'self_queue_size': 0, 'max_group_size': 1, 'env_weight': 1.0}
[96m[ATROPOS][0m INFO:     127.0.0.1:62614 - "GET /status-env HTTP/1.1" 200 OK
[94m[GSM8K][0m INFO:atroposlib.envs.base:env_manager: Status dict: {'current_step': 0, 'queue_size': 0, 'unallocated_fraction': 1.0, 'self_queue_size': 0, 'max_group_size': 1, 'env_weight': 1.0}
[96m[ATROPOS][0m INFO:     127.0.0.1:62615 - "GET /status-env HTTP/1.1" 200 OK
[94m[GSM8K][0m INFO:atroposlib.envs.base:env_manager: Status dict: {'current_step': 0, 'queue_size': 0, 'unallocated_fraction': 1.0, 'self_queue_size': 0, 'max_group_size': 1, 'env_weight': 1.0}
[96m[ATROPOS][0m INFO:     127.0.0.1:62616 - "GET /status-env HTTP/1.1" 200 OK
[94m[GSM8K][0m INFO:atroposlib.envs.base:env_manager: Status dict: {'current_step': 0, 'queue_size': 0, 'unallocated_fraction': 1.0, 'self_queue_size': 0, 'max_group_size': 1, 'env_weight': 1.0}
[96m[ATROPOS][0m INFO:     127.0.0.1:62617 - "GET /status-env HTTP/1.1" 200 OK
[94m[GSM8K][0m INFO:atroposlib.envs.base:env_manager: Status dict: {'current_step': 0, 'queue_size': 0, 'unallocated_fraction': 1.0, 'self_queue_size': 0, 'max_group_size': 1, 'env_weight': 1.0}
[96m[ATROPOS][0m INFO:     127.0.0.1:62618 - "GET /status-env HTTP/1.1" 200 OK
[94m[GSM8K][0m INFO:atroposlib.envs.base:env_manager: Status dict: {'current_step': 0, 'queue_size': 0, 'unallocated_fraction': 1.0, 'self_queue_size': 0, 'max_group_size': 1, 'env_weight': 1.0}
[96m[ATROPOS][0m INFO:     127.0.0.1:62619 - "GET /status-env HTTP/1.1" 200 OK
[94m[GSM8K][0m INFO:atroposlib.envs.base:env_manager: Status dict: {'current_step': 0, 'queue_size': 0, 'unallocated_fraction': 1.0, 'self_queue_size': 0, 'max_group_size': 1, 'env_weight': 1.0}
[96m[ATROPOS][0m INFO:     127.0.0.1:62620 - "GET /status-env HTTP/1.1" 200 OK
[94m[GSM8K][0m INFO:atroposlib.envs.base:env_manager: Status dict: {'current_step': 0, 'queue_size': 0, 'unallocated_fraction': 1.0, 'self_queue_size': 0, 'max_group_size': 1, 'env_weight': 1.0}
[96m[ATROPOS][0m INFO:     127.0.0.1:62621 - "GET /status-env HTTP/1.1" 200 OK
[94m[GSM8K][0m INFO:atroposlib.envs.base:env_manager: Status dict: {'current_step': 0, 'queue_size': 0, 'unallocated_fraction': 1.0, 'self_queue_size': 0, 'max_group_size': 1, 'env_weight': 1.0}
[96m[ATROPOS][0m INFO:     127.0.0.1:62622 - "GET /batch HTTP/1.1" 200 OK
[96m[ATROPOS][0m INFO:     127.0.0.1:62623 - "GET /status-env HTTP/1.1" 200 OK
[94m[GSM8K][0m INFO:atroposlib.envs.base:env_manager: Status dict: {'current_step': 0, 'queue_size': 0, 'unallocated_fraction': 1.0, 'self_queue_size': 0, 'max_group_size': 1, 'env_weight': 1.0}
[96m[ATROPOS][0m INFO:     127.0.0.1:62624 - "GET /status-env HTTP/1.1" 200 OK
[94m[GSM8K][0m INFO:atroposlib.envs.base:env_manager: Status dict: {'current_step': 0, 'queue_size': 0, 'unallocated_fraction': 1.0, 'self_queue_size': 0, 'max_group_size': 1, 'env_weight': 1.0}
[96m[ATROPOS][0m INFO:     127.0.0.1:62625 - "GET /status-env HTTP/1.1" 200 OK
[94m[GSM8K][0m INFO:atroposlib.envs.base:env_manager: Status dict: {'current_step': 0, 'queue_size': 0, 'unallocated_fraction': 1.0, 'self_queue_size': 0, 'max_group_size': 1, 'env_weight': 1.0}
[96m[ATROPOS][0m INFO:     127.0.0.1:62626 - "GET /status-env HTTP/1.1" 200 OK
[94m[GSM8K][0m INFO:atroposlib.envs.base:env_manager: Status dict: {'current_step': 0, 'queue_size': 0, 'unallocated_fraction': 1.0, 'self_queue_size': 0, 'max_group_size': 1, 'env_weight': 1.0}
[96m[ATROPOS][0m INFO:     127.0.0.1:62627 - "GET /status-env HTTP/1.1" 200 OK
[94m[GSM8K][0m INFO:atroposlib.envs.base:env_manager: Status dict: {'current_step': 0, 'queue_size': 0, 'unallocated_fraction': 1.0, 'self_queue_size': 0, 'max_group_size': 1, 'env_weight': 1.0}
[96m[ATROPOS][0m INFO:     127.0.0.1:62628 - "GET /status-env HTTP/1.1" 200 OK
[94m[GSM8K][0m INFO:atroposlib.envs.base:env_manager: Status dict: {'current_step': 0, 'queue_size': 0, 'unallocated_fraction': 1.0, 'self_queue_size': 0, 'max_group_size': 1, 'env_weight': 1.0}
[96m[ATROPOS][0m INFO:     127.0.0.1:62629 - "GET /status-env HTTP/1.1" 200 OK
[94m[GSM8K][0m INFO:atroposlib.envs.base:env_manager: Status dict: {'current_step': 0, 'queue_size': 0, 'unallocated_fraction': 1.0, 'self_queue_size': 0, 'max_group_size': 1, 'env_weight': 1.0}
[96m[ATROPOS][0m INFO:     127.0.0.1:62630 - "GET /status-env HTTP/1.1" 200 OK
[94m[GSM8K][0m INFO:atroposlib.envs.base:env_manager: Status dict: {'current_step': 0, 'queue_size': 0, 'unallocated_fraction': 1.0, 'self_queue_size': 0, 'max_group_size': 1, 'env_weight': 1.0}
[96m[ATROPOS][0m INFO:     127.0.0.1:62631 - "GET /status-env HTTP/1.1" 200 OK
[94m[GSM8K][0m INFO:atroposlib.envs.base:env_manager: Status dict: {'current_step': 0, 'queue_size': 0, 'unallocated_fraction': 1.0, 'self_queue_size': 0, 'max_group_size': 1, 'env_weight': 1.0}
[96m[ATROPOS][0m INFO:     127.0.0.1:62632 - "GET /status-env HTTP/1.1" 200 OK
[94m[GSM8K][0m INFO:atroposlib.envs.base:env_manager: Status dict: {'current_step': 0, 'queue_size': 0, 'unallocated_fraction': 1.0, 'self_queue_size': 0, 'max_group_size': 1, 'env_weight': 1.0}
[96m[ATROPOS][0m INFO:     127.0.0.1:62633 - "GET /batch HTTP/1.1" 200 OK
[96m[ATROPOS][0m INFO:     127.0.0.1:62634 - "GET /status-env HTTP/1.1" 200 OK
[94m[GSM8K][0m INFO:atroposlib.envs.base:env_manager: Status dict: {'current_step': 0, 'queue_size': 0, 'unallocated_fraction': 1.0, 'self_queue_size': 0, 'max_group_size': 1, 'env_weight': 1.0}
[96m[ATROPOS][0m INFO:     127.0.0.1:62635 - "GET /status-env HTTP/1.1" 200 OK
[94m[GSM8K][0m INFO:atroposlib.envs.base:env_manager: Status dict: {'current_step': 0, 'queue_size': 0, 'unallocated_fraction': 1.0, 'self_queue_size': 0, 'max_group_size': 1, 'env_weight': 1.0}
[96m[ATROPOS][0m INFO:     127.0.0.1:62636 - "GET /status-env HTTP/1.1" 200 OK
[94m[GSM8K][0m INFO:atroposlib.envs.base:env_manager: Status dict: {'current_step': 0, 'queue_size': 0, 'unallocated_fraction': 1.0, 'self_queue_size': 0, 'max_group_size': 1, 'env_weight': 1.0}
[96m[ATROPOS][0m INFO:     127.0.0.1:62637 - "GET /status-env HTTP/1.1" 200 OK
[94m[GSM8K][0m INFO:atroposlib.envs.base:env_manager: Status dict: {'current_step': 0, 'queue_size': 0, 'unallocated_fraction': 1.0, 'self_queue_size': 0, 'max_group_size': 1, 'env_weight': 1.0}
[96m[ATROPOS][0m INFO:     127.0.0.1:62638 - "GET /status-env HTTP/1.1" 200 OK
[94m[GSM8K][0m INFO:atroposlib.envs.base:env_manager: Status dict: {'current_step': 0, 'queue_size': 0, 'unallocated_fraction': 1.0, 'self_queue_size': 0, 'max_group_size': 1, 'env_weight': 1.0}
[96m[ATROPOS][0m INFO:     127.0.0.1:62639 - "GET /status-env HTTP/1.1" 200 OK
[94m[GSM8K][0m INFO:atroposlib.envs.base:env_manager: Status dict: {'current_step': 0, 'queue_size': 0, 'unallocated_fraction': 1.0, 'self_queue_size': 0, 'max_group_size': 1, 'env_weight': 1.0}
[96m[ATROPOS][0m INFO:     127.0.0.1:62640 - "GET /status-env HTTP/1.1" 200 OK
[94m[GSM8K][0m INFO:atroposlib.envs.base:env_manager: Status dict: {'current_step': 0, 'queue_size': 0, 'unallocated_fraction': 1.0, 'self_queue_size': 0, 'max_group_size': 1, 'env_weight': 1.0}
[96m[ATROPOS][0m INFO:     127.0.0.1:62641 - "GET /status-env HTTP/1.1" 200 OK
[94m[GSM8K][0m INFO:atroposlib.envs.base:env_manager: Status dict: {'current_step': 0, 'queue_size': 0, 'unallocated_fraction': 1.0, 'self_queue_size': 0, 'max_group_size': 1, 'env_weight': 1.0}
[96m[ATROPOS][0m INFO:     127.0.0.1:62642 - "GET /status-env HTTP/1.1" 200 OK
[94m[GSM8K][0m INFO:atroposlib.envs.base:env_manager: Status dict: {'current_step': 0, 'queue_size': 0, 'unallocated_fraction': 1.0, 'self_queue_size': 0, 'max_group_size': 1, 'env_weight': 1.0}
[96m[ATROPOS][0m INFO:     127.0.0.1:62643 - "GET /status-env HTTP/1.1" 200 OK
[94m[GSM8K][0m INFO:atroposlib.envs.base:env_manager: Status dict: {'current_step': 0, 'queue_size': 0, 'unallocated_fraction': 1.0, 'self_queue_size': 0, 'max_group_size': 1, 'env_weight': 1.0}
[96m[ATROPOS][0m INFO:     127.0.0.1:62644 - "GET /batch HTTP/1.1" 200 OK
[96m[ATROPOS][0m INFO:     127.0.0.1:62645 - "GET /status-env HTTP/1.1" 200 OK
[94m[GSM8K][0m INFO:atroposlib.envs.base:env_manager: Status dict: {'current_step': 0, 'queue_size': 0, 'unallocated_fraction': 1.0, 'self_queue_size': 0, 'max_group_size': 1, 'env_weight': 1.0}
[96m[ATROPOS][0m INFO:     127.0.0.1:62646 - "GET /status-env HTTP/1.1" 200 OK
[94m[GSM8K][0m INFO:atroposlib.envs.base:env_manager: Status dict: {'current_step': 0, 'queue_size': 0, 'unallocated_fraction': 1.0, 'self_queue_size': 0, 'max_group_size': 1, 'env_weight': 1.0}
[96m[ATROPOS][0m INFO:     127.0.0.1:62647 - "GET /status-env HTTP/1.1" 200 OK
[94m[GSM8K][0m INFO:atroposlib.envs.base:env_manager: Status dict: {'current_step': 0, 'queue_size': 0, 'unallocated_fraction': 1.0, 'self_queue_size': 0, 'max_group_size': 1, 'env_weight': 1.0}
[96m[ATROPOS][0m INFO:     127.0.0.1:62648 - "GET /status-env HTTP/1.1" 200 OK
[94m[GSM8K][0m INFO:atroposlib.envs.base:env_manager: Status dict: {'current_step': 0, 'queue_size': 0, 'unallocated_fraction': 1.0, 'self_queue_size': 0, 'max_group_size': 1, 'env_weight': 1.0}
[96m[ATROPOS][0m INFO:     127.0.0.1:62649 - "GET /status-env HTTP/1.1" 200 OK
[94m[GSM8K][0m INFO:atroposlib.envs.base:env_manager: Status dict: {'current_step': 0, 'queue_size': 0, 'unallocated_fraction': 1.0, 'self_queue_size': 0, 'max_group_size': 1, 'env_weight': 1.0}
[96m[ATROPOS][0m INFO:     127.0.0.1:62650 - "GET /status-env HTTP/1.1" 200 OK
[94m[GSM8K][0m INFO:atroposlib.envs.base:env_manager: Status dict: {'current_step': 0, 'queue_size': 0, 'unallocated_fraction': 1.0, 'self_queue_size': 0, 'max_group_size': 1, 'env_weight': 1.0}
[96m[ATROPOS][0m INFO:     127.0.0.1:62651 - "GET /status-env HTTP/1.1" 200 OK
[94m[GSM8K][0m INFO:atroposlib.envs.base:env_manager: Status dict: {'current_step': 0, 'queue_size': 0, 'unallocated_fraction': 1.0, 'self_queue_size': 0, 'max_group_size': 1, 'env_weight': 1.0}
[96m[ATROPOS][0m INFO:     127.0.0.1:62652 - "GET /status-env HTTP/1.1" 200 OK
[94m[GSM8K][0m INFO:atroposlib.envs.base:env_manager: Status dict: {'current_step': 0, 'queue_size': 0, 'unallocated_fraction': 1.0, 'self_queue_size': 0, 'max_group_size': 1, 'env_weight': 1.0}
[96m[ATROPOS][0m INFO:     127.0.0.1:62653 - "GET /status-env HTTP/1.1" 200 OK
[94m[GSM8K][0m INFO:atroposlib.envs.base:env_manager: Status dict: {'current_step': 0, 'queue_size': 0, 'unallocated_fraction': 1.0, 'self_queue_size': 0, 'max_group_size': 1, 'env_weight': 1.0}
[96m[ATROPOS][0m INFO:     127.0.0.1:62654 - "GET /batch HTTP/1.1" 200 OK
[92m[TRAINER][0m INFO:root:Polling for batch... attempt 165
[96m[ATROPOS][0m INFO:     127.0.0.1:62655 - "GET /status-env HTTP/1.1" 200 OK
[94m[GSM8K][0m INFO:atroposlib.envs.base:env_manager: Status dict: {'current_step': 0, 'queue_size': 0, 'unallocated_fraction': 1.0, 'self_queue_size': 0, 'max_group_size': 1, 'env_weight': 1.0}
[96m[ATROPOS][0m INFO:     127.0.0.1:62656 - "GET /status-env HTTP/1.1" 200 OK
[94m[GSM8K][0m INFO:atroposlib.envs.base:env_manager: Status dict: {'current_step': 0, 'queue_size': 0, 'unallocated_fraction': 1.0, 'self_queue_size': 0, 'max_group_size': 1, 'env_weight': 1.0}
[96m[ATROPOS][0m INFO:     127.0.0.1:62659 - "GET /status-env HTTP/1.1" 200 OK
[94m[GSM8K][0m INFO:atroposlib.envs.base:env_manager: Status dict: {'current_step': 0, 'queue_size': 0, 'unallocated_fraction': 1.0, 'self_queue_size': 0, 'max_group_size': 1, 'env_weight': 1.0}
[96m[ATROPOS][0m INFO:     127.0.0.1:62660 - "GET /status-env HTTP/1.1" 200 OK
[94m[GSM8K][0m INFO:atroposlib.envs.base:env_manager: Status dict: {'current_step': 0, 'queue_size': 0, 'unallocated_fraction': 1.0, 'self_queue_size': 0, 'max_group_size': 1, 'env_weight': 1.0}
[96m[ATROPOS][0m INFO:     127.0.0.1:62661 - "GET /status-env HTTP/1.1" 200 OK
[94m[GSM8K][0m INFO:atroposlib.envs.base:env_manager: Status dict: {'current_step': 0, 'queue_size': 0, 'unallocated_fraction': 1.0, 'self_queue_size': 0, 'max_group_size': 1, 'env_weight': 1.0}
[96m[ATROPOS][0m INFO:     127.0.0.1:62662 - "GET /status-env HTTP/1.1" 200 OK
[94m[GSM8K][0m INFO:atroposlib.envs.base:env_manager: Status dict: {'current_step': 0, 'queue_size': 0, 'unallocated_fraction': 1.0, 'self_queue_size': 0, 'max_group_size': 1, 'env_weight': 1.0}
[96m[ATROPOS][0m INFO:     127.0.0.1:62663 - "GET /status-env HTTP/1.1" 200 OK
[94m[GSM8K][0m INFO:atroposlib.envs.base:env_manager: Status dict: {'current_step': 0, 'queue_size': 0, 'unallocated_fraction': 1.0, 'self_queue_size': 0, 'max_group_size': 1, 'env_weight': 1.0}
[96m[ATROPOS][0m INFO:     127.0.0.1:62664 - "GET /status-env HTTP/1.1" 200 OK
[94m[GSM8K][0m INFO:atroposlib.envs.base:env_manager: Status dict: {'current_step': 0, 'queue_size': 0, 'unallocated_fraction': 1.0, 'self_queue_size': 0, 'max_group_size': 1, 'env_weight': 1.0}
[96m[ATROPOS][0m INFO:     127.0.0.1:62665 - "GET /status-env HTTP/1.1" 200 OK
[94m[GSM8K][0m INFO:atroposlib.envs.base:env_manager: Status dict: {'current_step': 0, 'queue_size': 0, 'unallocated_fraction': 1.0, 'self_queue_size': 0, 'max_group_size': 1, 'env_weight': 1.0}
[96m[ATROPOS][0m INFO:     127.0.0.1:62666 - "GET /status-env HTTP/1.1" 200 OK
[94m[GSM8K][0m INFO:atroposlib.envs.base:env_manager: Status dict: {'current_step': 0, 'queue_size': 0, 'unallocated_fraction': 1.0, 'self_queue_size': 0, 'max_group_size': 1, 'env_weight': 1.0}
[96m[ATROPOS][0m INFO:     127.0.0.1:62667 - "GET /batch HTTP/1.1" 200 OK
[96m[ATROPOS][0m INFO:     127.0.0.1:62668 - "GET /status-env HTTP/1.1" 200 OK
[94m[GSM8K][0m INFO:atroposlib.envs.base:env_manager: Status dict: {'current_step': 0, 'queue_size': 0, 'unallocated_fraction': 1.0, 'self_queue_size': 0, 'max_group_size': 1, 'env_weight': 1.0}
[96m[ATROPOS][0m INFO:     127.0.0.1:62669 - "GET /status-env HTTP/1.1" 200 OK
[94m[GSM8K][0m INFO:atroposlib.envs.base:env_manager: Status dict: {'current_step': 0, 'queue_size': 0, 'unallocated_fraction': 1.0, 'self_queue_size': 0, 'max_group_size': 1, 'env_weight': 1.0}
[96m[ATROPOS][0m INFO:     127.0.0.1:62670 - "GET /status-env HTTP/1.1" 200 OK
[94m[GSM8K][0m INFO:atroposlib.envs.base:env_manager: Status dict: {'current_step': 0, 'queue_size': 0, 'unallocated_fraction': 1.0, 'self_queue_size': 0, 'max_group_size': 1, 'env_weight': 1.0}
[96m[ATROPOS][0m INFO:     127.0.0.1:62671 - "GET /status-env HTTP/1.1" 200 OK
[94m[GSM8K][0m INFO:atroposlib.envs.base:env_manager: Status dict: {'current_step': 0, 'queue_size': 0, 'unallocated_fraction': 1.0, 'self_queue_size': 0, 'max_group_size': 1, 'env_weight': 1.0}
[96m[ATROPOS][0m INFO:     127.0.0.1:62672 - "GET /status-env HTTP/1.1" 200 OK
[94m[GSM8K][0m INFO:atroposlib.envs.base:env_manager: Status dict: {'current_step': 0, 'queue_size': 0, 'unallocated_fraction': 1.0, 'self_queue_size': 0, 'max_group_size': 1, 'env_weight': 1.0}
[96m[ATROPOS][0m INFO:     127.0.0.1:62673 - "GET /status-env HTTP/1.1" 200 OK
[94m[GSM8K][0m INFO:atroposlib.envs.base:env_manager: Status dict: {'current_step': 0, 'queue_size': 0, 'unallocated_fraction': 1.0, 'self_queue_size': 0, 'max_group_size': 1, 'env_weight': 1.0}
[96m[ATROPOS][0m INFO:     127.0.0.1:62674 - "GET /status-env HTTP/1.1" 200 OK
[94m[GSM8K][0m INFO:atroposlib.envs.base:env_manager: Status dict: {'current_step': 0, 'queue_size': 0, 'unallocated_fraction': 1.0, 'self_queue_size': 0, 'max_group_size': 1, 'env_weight': 1.0}
[96m[ATROPOS][0m INFO:     127.0.0.1:62675 - "GET /status-env HTTP/1.1" 200 OK
[94m[GSM8K][0m INFO:atroposlib.envs.base:env_manager: Status dict: {'current_step': 0, 'queue_size': 0, 'unallocated_fraction': 1.0, 'self_queue_size': 0, 'max_group_size': 1, 'env_weight': 1.0}
[96m[ATROPOS][0m INFO:     127.0.0.1:62676 - "GET /status-env HTTP/1.1" 200 OK
[94m[GSM8K][0m INFO:atroposlib.envs.base:env_manager: Status dict: {'current_step': 0, 'queue_size': 0, 'unallocated_fraction': 1.0, 'self_queue_size': 0, 'max_group_size': 1, 'env_weight': 1.0}
[96m[ATROPOS][0m INFO:     127.0.0.1:62677 - "GET /status-env HTTP/1.1" 200 OK
[94m[GSM8K][0m INFO:atroposlib.envs.base:env_manager: Status dict: {'current_step': 0, 'queue_size': 0, 'unallocated_fraction': 1.0, 'self_queue_size': 0, 'max_group_size': 1, 'env_weight': 1.0}
[96m[ATROPOS][0m INFO:     127.0.0.1:62678 - "GET /batch HTTP/1.1" 200 OK
[96m[ATROPOS][0m INFO:     127.0.0.1:62679 - "GET /status-env HTTP/1.1" 200 OK
[94m[GSM8K][0m INFO:atroposlib.envs.base:env_manager: Status dict: {'current_step': 0, 'queue_size': 0, 'unallocated_fraction': 1.0, 'self_queue_size': 0, 'max_group_size': 1, 'env_weight': 1.0}
[96m[ATROPOS][0m INFO:     127.0.0.1:62680 - "GET /status-env HTTP/1.1" 200 OK
[94m[GSM8K][0m INFO:atroposlib.envs.base:env_manager: Status dict: {'current_step': 0, 'queue_size': 0, 'unallocated_fraction': 1.0, 'self_queue_size': 0, 'max_group_size': 1, 'env_weight': 1.0}
[96m[ATROPOS][0m INFO:     127.0.0.1:62681 - "GET /status-env HTTP/1.1" 200 OK
[94m[GSM8K][0m INFO:atroposlib.envs.base:env_manager: Status dict: {'current_step': 0, 'queue_size': 0, 'unallocated_fraction': 1.0, 'self_queue_size': 0, 'max_group_size': 1, 'env_weight': 1.0}
[96m[ATROPOS][0m INFO:     127.0.0.1:62682 - "GET /status-env HTTP/1.1" 200 OK
[94m[GSM8K][0m INFO:atroposlib.envs.base:env_manager: Status dict: {'current_step': 0, 'queue_size': 0, 'unallocated_fraction': 1.0, 'self_queue_size': 0, 'max_group_size': 1, 'env_weight': 1.0}
[96m[ATROPOS][0m INFO:     127.0.0.1:62683 - "GET /status-env HTTP/1.1" 200 OK
[94m[GSM8K][0m INFO:atroposlib.envs.base:env_manager: Status dict: {'current_step': 0, 'queue_size': 0, 'unallocated_fraction': 1.0, 'self_queue_size': 0, 'max_group_size': 1, 'env_weight': 1.0}
[96m[ATROPOS][0m INFO:     127.0.0.1:62684 - "GET /status-env HTTP/1.1" 200 OK
[94m[GSM8K][0m INFO:atroposlib.envs.base:env_manager: Status dict: {'current_step': 0, 'queue_size': 0, 'unallocated_fraction': 1.0, 'self_queue_size': 0, 'max_group_size': 1, 'env_weight': 1.0}
[96m[ATROPOS][0m INFO:     127.0.0.1:62687 - "GET /status-env HTTP/1.1" 200 OK
[94m[GSM8K][0m INFO:atroposlib.envs.base:env_manager: Status dict: {'current_step': 0, 'queue_size': 0, 'unallocated_fraction': 1.0, 'self_queue_size': 0, 'max_group_size': 1, 'env_weight': 1.0}
[96m[ATROPOS][0m INFO:     127.0.0.1:62688 - "GET /status-env HTTP/1.1" 200 OK
[94m[GSM8K][0m INFO:atroposlib.envs.base:env_manager: Status dict: {'current_step': 0, 'queue_size': 0, 'unallocated_fraction': 1.0, 'self_queue_size': 0, 'max_group_size': 1, 'env_weight': 1.0}
[96m[ATROPOS][0m INFO:     127.0.0.1:62689 - "GET /status-env HTTP/1.1" 200 OK
[94m[GSM8K][0m INFO:atroposlib.envs.base:env_manager: Status dict: {'current_step': 0, 'queue_size': 0, 'unallocated_fraction': 1.0, 'self_queue_size': 0, 'max_group_size': 1, 'env_weight': 1.0}
[96m[ATROPOS][0m INFO:     127.0.0.1:62690 - "GET /status-env HTTP/1.1" 200 OK
[94m[GSM8K][0m INFO:atroposlib.envs.base:env_manager: Status dict: {'current_step': 0, 'queue_size': 0, 'unallocated_fraction': 1.0, 'self_queue_size': 0, 'max_group_size': 1, 'env_weight': 1.0}
[96m[ATROPOS][0m INFO:     127.0.0.1:62691 - "GET /batch HTTP/1.1" 200 OK
[96m[ATROPOS][0m INFO:     127.0.0.1:62692 - "GET /status-env HTTP/1.1" 200 OK
[94m[GSM8K][0m INFO:atroposlib.envs.base:env_manager: Status dict: {'current_step': 0, 'queue_size': 0, 'unallocated_fraction': 1.0, 'self_queue_size': 0, 'max_group_size': 1, 'env_weight': 1.0}
[96m[ATROPOS][0m INFO:     127.0.0.1:62693 - "GET /status-env HTTP/1.1" 200 OK
[94m[GSM8K][0m INFO:atroposlib.envs.base:env_manager: Status dict: {'current_step': 0, 'queue_size': 0, 'unallocated_fraction': 1.0, 'self_queue_size': 0, 'max_group_size': 1, 'env_weight': 1.0}
[96m[ATROPOS][0m INFO:     127.0.0.1:62694 - "GET /status-env HTTP/1.1" 200 OK
[94m[GSM8K][0m INFO:atroposlib.envs.base:env_manager: Status dict: {'current_step': 0, 'queue_size': 0, 'unallocated_fraction': 1.0, 'self_queue_size': 0, 'max_group_size': 1, 'env_weight': 1.0}
[96m[ATROPOS][0m INFO:     127.0.0.1:62695 - "GET /status-env HTTP/1.1" 200 OK
[94m[GSM8K][0m INFO:atroposlib.envs.base:env_manager: Status dict: {'current_step': 0, 'queue_size': 0, 'unallocated_fraction': 1.0, 'self_queue_size': 0, 'max_group_size': 1, 'env_weight': 1.0}
[96m[ATROPOS][0m INFO:     127.0.0.1:62696 - "GET /status-env HTTP/1.1" 200 OK
[94m[GSM8K][0m INFO:atroposlib.envs.base:env_manager: Status dict: {'current_step': 0, 'queue_size': 0, 'unallocated_fraction': 1.0, 'self_queue_size': 0, 'max_group_size': 1, 'env_weight': 1.0}
[96m[ATROPOS][0m INFO:     127.0.0.1:62697 - "GET /status-env HTTP/1.1" 200 OK
[94m[GSM8K][0m INFO:atroposlib.envs.base:env_manager: Status dict: {'current_step': 0, 'queue_size': 0, 'unallocated_fraction': 1.0, 'self_queue_size': 0, 'max_group_size': 1, 'env_weight': 1.0}
[96m[ATROPOS][0m INFO:     127.0.0.1:62698 - "GET /status-env HTTP/1.1" 200 OK
[94m[GSM8K][0m INFO:atroposlib.envs.base:env_manager: Status dict: {'current_step': 0, 'queue_size': 0, 'unallocated_fraction': 1.0, 'self_queue_size': 0, 'max_group_size': 1, 'env_weight': 1.0}
[96m[ATROPOS][0m INFO:     127.0.0.1:62699 - "GET /status-env HTTP/1.1" 200 OK
[94m[GSM8K][0m INFO:atroposlib.envs.base:env_manager: Status dict: {'current_step': 0, 'queue_size': 0, 'unallocated_fraction': 1.0, 'self_queue_size': 0, 'max_group_size': 1, 'env_weight': 1.0}
[96m[ATROPOS][0m INFO:     127.0.0.1:62700 - "GET /status-env HTTP/1.1" 200 OK
[94m[GSM8K][0m INFO:atroposlib.envs.base:env_manager: Status dict: {'current_step': 0, 'queue_size': 0, 'unallocated_fraction': 1.0, 'self_queue_size': 0, 'max_group_size': 1, 'env_weight': 1.0}
[96m[ATROPOS][0m INFO:     127.0.0.1:62701 - "GET /batch HTTP/1.1" 200 OK
[96m[ATROPOS][0m INFO:     127.0.0.1:62702 - "GET /status-env HTTP/1.1" 200 OK
[94m[GSM8K][0m INFO:atroposlib.envs.base:env_manager: Status dict: {'current_step': 0, 'queue_size': 0, 'unallocated_fraction': 1.0, 'self_queue_size': 0, 'max_group_size': 1, 'env_weight': 1.0}
[96m[ATROPOS][0m INFO:     127.0.0.1:62703 - "GET /status-env HTTP/1.1" 200 OK
[94m[GSM8K][0m INFO:atroposlib.envs.base:env_manager: Status dict: {'current_step': 0, 'queue_size': 0, 'unallocated_fraction': 1.0, 'self_queue_size': 0, 'max_group_size': 1, 'env_weight': 1.0}
[96m[ATROPOS][0m INFO:     127.0.0.1:62704 - "GET /status-env HTTP/1.1" 200 OK
[94m[GSM8K][0m INFO:atroposlib.envs.base:env_manager: Status dict: {'current_step': 0, 'queue_size': 0, 'unallocated_fraction': 1.0, 'self_queue_size': 0, 'max_group_size': 1, 'env_weight': 1.0}
[96m[ATROPOS][0m INFO:     127.0.0.1:62705 - "GET /status-env HTTP/1.1" 200 OK
[94m[GSM8K][0m INFO:atroposlib.envs.base:env_manager: Status dict: {'current_step': 0, 'queue_size': 0, 'unallocated_fraction': 1.0, 'self_queue_size': 0, 'max_group_size': 1, 'env_weight': 1.0}
[96m[ATROPOS][0m INFO:     127.0.0.1:62706 - "GET /status-env HTTP/1.1" 200 OK
[94m[GSM8K][0m INFO:atroposlib.envs.base:env_manager: Status dict: {'current_step': 0, 'queue_size': 0, 'unallocated_fraction': 1.0, 'self_queue_size': 0, 'max_group_size': 1, 'env_weight': 1.0}
[96m[ATROPOS][0m INFO:     127.0.0.1:62707 - "GET /status-env HTTP/1.1" 200 OK
[94m[GSM8K][0m INFO:atroposlib.envs.base:env_manager: Status dict: {'current_step': 0, 'queue_size': 0, 'unallocated_fraction': 1.0, 'self_queue_size': 0, 'max_group_size': 1, 'env_weight': 1.0}
[96m[ATROPOS][0m INFO:     127.0.0.1:62708 - "GET /status-env HTTP/1.1" 200 OK
[94m[GSM8K][0m INFO:atroposlib.envs.base:env_manager: Status dict: {'current_step': 0, 'queue_size': 0, 'unallocated_fraction': 1.0, 'self_queue_size': 0, 'max_group_size': 1, 'env_weight': 1.0}
[96m[ATROPOS][0m INFO:     127.0.0.1:62710 - "GET /status-env HTTP/1.1" 200 OK
[94m[GSM8K][0m INFO:atroposlib.envs.base:env_manager: Status dict: {'current_step': 0, 'queue_size': 0, 'unallocated_fraction': 1.0, 'self_queue_size': 0, 'max_group_size': 1, 'env_weight': 1.0}
[96m[ATROPOS][0m INFO:     127.0.0.1:62711 - "GET /status-env HTTP/1.1" 200 OK
[94m[GSM8K][0m INFO:atroposlib.envs.base:env_manager: Status dict: {'current_step': 0, 'queue_size': 0, 'unallocated_fraction': 1.0, 'self_queue_size': 0, 'max_group_size': 1, 'env_weight': 1.0}
[96m[ATROPOS][0m INFO:     127.0.0.1:62712 - "GET /status-env HTTP/1.1" 200 OK
[94m[GSM8K][0m INFO:atroposlib.envs.base:env_manager: Status dict: {'current_step': 0, 'queue_size': 0, 'unallocated_fraction': 1.0, 'self_queue_size': 0, 'max_group_size': 1, 'env_weight': 1.0}
[96m[ATROPOS][0m INFO:     127.0.0.1:62713 - "GET /batch HTTP/1.1" 200 OK
[92m[TRAINER][0m INFO:root:Polling for batch... attempt 170
[96m[ATROPOS][0m INFO:     127.0.0.1:62714 - "GET /status-env HTTP/1.1" 200 OK
[94m[GSM8K][0m INFO:atroposlib.envs.base:env_manager: Status dict: {'current_step': 0, 'queue_size': 0, 'unallocated_fraction': 1.0, 'self_queue_size': 0, 'max_group_size': 1, 'env_weight': 1.0}
[96m[ATROPOS][0m INFO:     127.0.0.1:62715 - "GET /status-env HTTP/1.1" 200 OK
[94m[GSM8K][0m INFO:atroposlib.envs.base:env_manager: Status dict: {'current_step': 0, 'queue_size': 0, 'unallocated_fraction': 1.0, 'self_queue_size': 0, 'max_group_size': 1, 'env_weight': 1.0}
[96m[ATROPOS][0m INFO:     127.0.0.1:62716 - "GET /status-env HTTP/1.1" 200 OK
[94m[GSM8K][0m INFO:atroposlib.envs.base:env_manager: Status dict: {'current_step': 0, 'queue_size': 0, 'unallocated_fraction': 1.0, 'self_queue_size': 0, 'max_group_size': 1, 'env_weight': 1.0}
[96m[ATROPOS][0m INFO:     127.0.0.1:62717 - "GET /status-env HTTP/1.1" 200 OK
[94m[GSM8K][0m INFO:atroposlib.envs.base:env_manager: Status dict: {'current_step': 0, 'queue_size': 0, 'unallocated_fraction': 1.0, 'self_queue_size': 0, 'max_group_size': 1, 'env_weight': 1.0}
[96m[ATROPOS][0m INFO:     127.0.0.1:62718 - "GET /status-env HTTP/1.1" 200 OK
[94m[GSM8K][0m INFO:atroposlib.envs.base:env_manager: Status dict: {'current_step': 0, 'queue_size': 0, 'unallocated_fraction': 1.0, 'self_queue_size': 0, 'max_group_size': 1, 'env_weight': 1.0}
[96m[ATROPOS][0m INFO:     127.0.0.1:62719 - "GET /status-env HTTP/1.1" 200 OK
[94m[GSM8K][0m INFO:atroposlib.envs.base:env_manager: Status dict: {'current_step': 0, 'queue_size': 0, 'unallocated_fraction': 1.0, 'self_queue_size': 0, 'max_group_size': 1, 'env_weight': 1.0}
[96m[ATROPOS][0m INFO:     127.0.0.1:62720 - "GET /status-env HTTP/1.1" 200 OK
[94m[GSM8K][0m INFO:atroposlib.envs.base:env_manager: Status dict: {'current_step': 0, 'queue_size': 0, 'unallocated_fraction': 1.0, 'self_queue_size': 0, 'max_group_size': 1, 'env_weight': 1.0}
[96m[ATROPOS][0m INFO:     127.0.0.1:62721 - "GET /status-env HTTP/1.1" 200 OK
[94m[GSM8K][0m INFO:atroposlib.envs.base:env_manager: Status dict: {'current_step': 0, 'queue_size': 0, 'unallocated_fraction': 1.0, 'self_queue_size': 0, 'max_group_size': 1, 'env_weight': 1.0}
[96m[ATROPOS][0m INFO:     127.0.0.1:62722 - "GET /status-env HTTP/1.1" 200 OK
[94m[GSM8K][0m INFO:atroposlib.envs.base:env_manager: Status dict: {'current_step': 0, 'queue_size': 0, 'unallocated_fraction': 1.0, 'self_queue_size': 0, 'max_group_size': 1, 'env_weight': 1.0}
[96m[ATROPOS][0m INFO:     127.0.0.1:62723 - "GET /status-env HTTP/1.1" 200 OK
[94m[GSM8K][0m INFO:atroposlib.envs.base:env_manager: Status dict: {'current_step': 0, 'queue_size': 0, 'unallocated_fraction': 1.0, 'self_queue_size': 0, 'max_group_size': 1, 'env_weight': 1.0}
[96m[ATROPOS][0m INFO:     127.0.0.1:62724 - "GET /batch HTTP/1.1" 200 OK
[96m[ATROPOS][0m INFO:     127.0.0.1:62725 - "GET /status-env HTTP/1.1" 200 OK
[94m[GSM8K][0m INFO:atroposlib.envs.base:env_manager: Status dict: {'current_step': 0, 'queue_size': 0, 'unallocated_fraction': 1.0, 'self_queue_size': 0, 'max_group_size': 1, 'env_weight': 1.0}
[96m[ATROPOS][0m INFO:     127.0.0.1:62726 - "GET /status-env HTTP/1.1" 200 OK
[94m[GSM8K][0m INFO:atroposlib.envs.base:env_manager: Status dict: {'current_step': 0, 'queue_size': 0, 'unallocated_fraction': 1.0, 'self_queue_size': 0, 'max_group_size': 1, 'env_weight': 1.0}
[96m[ATROPOS][0m INFO:     127.0.0.1:62727 - "GET /status-env HTTP/1.1" 200 OK
[94m[GSM8K][0m INFO:atroposlib.envs.base:env_manager: Status dict: {'current_step': 0, 'queue_size': 0, 'unallocated_fraction': 1.0, 'self_queue_size': 0, 'max_group_size': 1, 'env_weight': 1.0}
[96m[ATROPOS][0m INFO:     127.0.0.1:62728 - "GET /status-env HTTP/1.1" 200 OK
[94m[GSM8K][0m INFO:atroposlib.envs.base:env_manager: Status dict: {'current_step': 0, 'queue_size': 0, 'unallocated_fraction': 1.0, 'self_queue_size': 0, 'max_group_size': 1, 'env_weight': 1.0}
[96m[ATROPOS][0m INFO:     127.0.0.1:62729 - "GET /status-env HTTP/1.1" 200 OK
[94m[GSM8K][0m INFO:atroposlib.envs.base:env_manager: Status dict: {'current_step': 0, 'queue_size': 0, 'unallocated_fraction': 1.0, 'self_queue_size': 0, 'max_group_size': 1, 'env_weight': 1.0}
[96m[ATROPOS][0m INFO:     127.0.0.1:62730 - "GET /status-env HTTP/1.1" 200 OK
[94m[GSM8K][0m INFO:atroposlib.envs.base:env_manager: Status dict: {'current_step': 0, 'queue_size': 0, 'unallocated_fraction': 1.0, 'self_queue_size': 0, 'max_group_size': 1, 'env_weight': 1.0}
[96m[ATROPOS][0m INFO:     127.0.0.1:62731 - "GET /status-env HTTP/1.1" 200 OK
[94m[GSM8K][0m INFO:atroposlib.envs.base:env_manager: Status dict: {'current_step': 0, 'queue_size': 0, 'unallocated_fraction': 1.0, 'self_queue_size': 0, 'max_group_size': 1, 'env_weight': 1.0}
[96m[ATROPOS][0m INFO:     127.0.0.1:62732 - "GET /status-env HTTP/1.1" 200 OK
[94m[GSM8K][0m INFO:atroposlib.envs.base:env_manager: Status dict: {'current_step': 0, 'queue_size': 0, 'unallocated_fraction': 1.0, 'self_queue_size': 0, 'max_group_size': 1, 'env_weight': 1.0}
[96m[ATROPOS][0m INFO:     127.0.0.1:62733 - "GET /status-env HTTP/1.1" 200 OK
[94m[GSM8K][0m INFO:atroposlib.envs.base:env_manager: Status dict: {'current_step': 0, 'queue_size': 0, 'unallocated_fraction': 1.0, 'self_queue_size': 0, 'max_group_size': 1, 'env_weight': 1.0}
[96m[ATROPOS][0m INFO:     127.0.0.1:62734 - "GET /status-env HTTP/1.1" 200 OK
[94m[GSM8K][0m INFO:atroposlib.envs.base:env_manager: Status dict: {'current_step': 0, 'queue_size': 0, 'unallocated_fraction': 1.0, 'self_queue_size': 0, 'max_group_size': 1, 'env_weight': 1.0}
[96m[ATROPOS][0m INFO:     127.0.0.1:62735 - "GET /batch HTTP/1.1" 200 OK
[96m[ATROPOS][0m INFO:     127.0.0.1:62736 - "GET /status-env HTTP/1.1" 200 OK
[94m[GSM8K][0m INFO:atroposlib.envs.base:env_manager: Status dict: {'current_step': 0, 'queue_size': 0, 'unallocated_fraction': 1.0, 'self_queue_size': 0, 'max_group_size': 1, 'env_weight': 1.0}
[96m[ATROPOS][0m INFO:     127.0.0.1:62737 - "GET /status-env HTTP/1.1" 200 OK
[94m[GSM8K][0m INFO:atroposlib.envs.base:env_manager: Status dict: {'current_step': 0, 'queue_size': 0, 'unallocated_fraction': 1.0, 'self_queue_size': 0, 'max_group_size': 1, 'env_weight': 1.0}
[96m[ATROPOS][0m INFO:     127.0.0.1:62742 - "GET /status-env HTTP/1.1" 200 OK
[94m[GSM8K][0m INFO:atroposlib.envs.base:env_manager: Status dict: {'current_step': 0, 'queue_size': 0, 'unallocated_fraction': 1.0, 'self_queue_size': 0, 'max_group_size': 1, 'env_weight': 1.0}
[96m[ATROPOS][0m INFO:     127.0.0.1:62743 - "GET /status-env HTTP/1.1" 200 OK
[94m[GSM8K][0m INFO:atroposlib.envs.base:env_manager: Status dict: {'current_step': 0, 'queue_size': 0, 'unallocated_fraction': 1.0, 'self_queue_size': 0, 'max_group_size': 1, 'env_weight': 1.0}
[96m[ATROPOS][0m INFO:     127.0.0.1:62744 - "GET /status-env HTTP/1.1" 200 OK
[94m[GSM8K][0m INFO:atroposlib.envs.base:env_manager: Status dict: {'current_step': 0, 'queue_size': 0, 'unallocated_fraction': 1.0, 'self_queue_size': 0, 'max_group_size': 1, 'env_weight': 1.0}
[96m[ATROPOS][0m INFO:     127.0.0.1:62746 - "GET /status-env HTTP/1.1" 200 OK
[94m[GSM8K][0m INFO:atroposlib.envs.base:env_manager: Status dict: {'current_step': 0, 'queue_size': 0, 'unallocated_fraction': 1.0, 'self_queue_size': 0, 'max_group_size': 1, 'env_weight': 1.0}
[96m[ATROPOS][0m INFO:     127.0.0.1:62747 - "GET /status-env HTTP/1.1" 200 OK
[94m[GSM8K][0m INFO:atroposlib.envs.base:env_manager: Status dict: {'current_step': 0, 'queue_size': 0, 'unallocated_fraction': 1.0, 'self_queue_size': 0, 'max_group_size': 1, 'env_weight': 1.0}
[96m[ATROPOS][0m INFO:     127.0.0.1:62748 - "GET /status-env HTTP/1.1" 200 OK
[94m[GSM8K][0m INFO:atroposlib.envs.base:env_manager: Status dict: {'current_step': 0, 'queue_size': 0, 'unallocated_fraction': 1.0, 'self_queue_size': 0, 'max_group_size': 1, 'env_weight': 1.0}
[96m[ATROPOS][0m INFO:     127.0.0.1:62749 - "GET /status-env HTTP/1.1" 200 OK
[94m[GSM8K][0m INFO:atroposlib.envs.base:env_manager: Status dict: {'current_step': 0, 'queue_size': 0, 'unallocated_fraction': 1.0, 'self_queue_size': 0, 'max_group_size': 1, 'env_weight': 1.0}
[96m[ATROPOS][0m INFO:     127.0.0.1:62750 - "GET /batch HTTP/1.1" 200 OK
[96m[ATROPOS][0m INFO:     127.0.0.1:62751 - "GET /status-env HTTP/1.1" 200 OK
[94m[GSM8K][0m INFO:atroposlib.envs.base:env_manager: Status dict: {'current_step': 0, 'queue_size': 0, 'unallocated_fraction': 1.0, 'self_queue_size': 0, 'max_group_size': 1, 'env_weight': 1.0}
[96m[ATROPOS][0m INFO:     127.0.0.1:62752 - "GET /status-env HTTP/1.1" 200 OK
[94m[GSM8K][0m INFO:atroposlib.envs.base:env_manager: Status dict: {'current_step': 0, 'queue_size': 0, 'unallocated_fraction': 1.0, 'self_queue_size': 0, 'max_group_size': 1, 'env_weight': 1.0}
[96m[ATROPOS][0m INFO:     127.0.0.1:62753 - "GET /status-env HTTP/1.1" 200 OK
[94m[GSM8K][0m INFO:atroposlib.envs.base:env_manager: Status dict: {'current_step': 0, 'queue_size': 0, 'unallocated_fraction': 1.0, 'self_queue_size': 0, 'max_group_size': 1, 'env_weight': 1.0}
[96m[ATROPOS][0m INFO:     127.0.0.1:62754 - "GET /status-env HTTP/1.1" 200 OK
[94m[GSM8K][0m INFO:atroposlib.envs.base:env_manager: Status dict: {'current_step': 0, 'queue_size': 0, 'unallocated_fraction': 1.0, 'self_queue_size': 0, 'max_group_size': 1, 'env_weight': 1.0}
[96m[ATROPOS][0m INFO:     127.0.0.1:62755 - "GET /status-env HTTP/1.1" 200 OK
[94m[GSM8K][0m INFO:atroposlib.envs.base:env_manager: Status dict: {'current_step': 0, 'queue_size': 0, 'unallocated_fraction': 1.0, 'self_queue_size': 0, 'max_group_size': 1, 'env_weight': 1.0}
[96m[ATROPOS][0m INFO:     127.0.0.1:62756 - "GET /status-env HTTP/1.1" 200 OK
[94m[GSM8K][0m INFO:atroposlib.envs.base:env_manager: Status dict: {'current_step': 0, 'queue_size': 0, 'unallocated_fraction': 1.0, 'self_queue_size': 0, 'max_group_size': 1, 'env_weight': 1.0}
[96m[ATROPOS][0m INFO:     127.0.0.1:62757 - "GET /status-env HTTP/1.1" 200 OK
[94m[GSM8K][0m INFO:atroposlib.envs.base:env_manager: Status dict: {'current_step': 0, 'queue_size': 0, 'unallocated_fraction': 1.0, 'self_queue_size': 0, 'max_group_size': 1, 'env_weight': 1.0}
[96m[ATROPOS][0m INFO:     127.0.0.1:62758 - "GET /status-env HTTP/1.1" 200 OK
[94m[GSM8K][0m INFO:atroposlib.envs.base:env_manager: Status dict: {'current_step': 0, 'queue_size': 0, 'unallocated_fraction': 1.0, 'self_queue_size': 0, 'max_group_size': 1, 'env_weight': 1.0}
[96m[ATROPOS][0m INFO:     127.0.0.1:62759 - "GET /status-env HTTP/1.1" 200 OK
[94m[GSM8K][0m INFO:atroposlib.envs.base:env_manager: Status dict: {'current_step': 0, 'queue_size': 0, 'unallocated_fraction': 1.0, 'self_queue_size': 0, 'max_group_size': 1, 'env_weight': 1.0}
[96m[ATROPOS][0m INFO:     127.0.0.1:62760 - "GET /status-env HTTP/1.1" 200 OK
[94m[GSM8K][0m INFO:atroposlib.envs.base:env_manager: Status dict: {'current_step': 0, 'queue_size': 0, 'unallocated_fraction': 1.0, 'self_queue_size': 0, 'max_group_size': 1, 'env_weight': 1.0}
[96m[ATROPOS][0m INFO:     127.0.0.1:62761 - "GET /batch HTTP/1.1" 200 OK
[96m[ATROPOS][0m INFO:     127.0.0.1:62762 - "GET /status-env HTTP/1.1" 200 OK
[94m[GSM8K][0m INFO:atroposlib.envs.base:env_manager: Status dict: {'current_step': 0, 'queue_size': 0, 'unallocated_fraction': 1.0, 'self_queue_size': 0, 'max_group_size': 1, 'env_weight': 1.0}
[96m[ATROPOS][0m INFO:     127.0.0.1:62763 - "GET /status-env HTTP/1.1" 200 OK
[94m[GSM8K][0m INFO:atroposlib.envs.base:env_manager: Status dict: {'current_step': 0, 'queue_size': 0, 'unallocated_fraction': 1.0, 'self_queue_size': 0, 'max_group_size': 1, 'env_weight': 1.0}
[96m[ATROPOS][0m INFO:     127.0.0.1:62764 - "GET /status-env HTTP/1.1" 200 OK
[94m[GSM8K][0m INFO:atroposlib.envs.base:env_manager: Status dict: {'current_step': 0, 'queue_size': 0, 'unallocated_fraction': 1.0, 'self_queue_size': 0, 'max_group_size': 1, 'env_weight': 1.0}
[96m[ATROPOS][0m INFO:     127.0.0.1:62765 - "GET /status-env HTTP/1.1" 200 OK
[94m[GSM8K][0m INFO:atroposlib.envs.base:env_manager: Status dict: {'current_step': 0, 'queue_size': 0, 'unallocated_fraction': 1.0, 'self_queue_size': 0, 'max_group_size': 1, 'env_weight': 1.0}
[96m[ATROPOS][0m INFO:     127.0.0.1:62766 - "GET /status-env HTTP/1.1" 200 OK
[94m[GSM8K][0m INFO:atroposlib.envs.base:env_manager: Status dict: {'current_step': 0, 'queue_size': 0, 'unallocated_fraction': 1.0, 'self_queue_size': 0, 'max_group_size': 1, 'env_weight': 1.0}
[96m[ATROPOS][0m INFO:     127.0.0.1:62767 - "GET /status-env HTTP/1.1" 200 OK
[94m[GSM8K][0m INFO:atroposlib.envs.base:env_manager: Status dict: {'current_step': 0, 'queue_size': 0, 'unallocated_fraction': 1.0, 'self_queue_size': 0, 'max_group_size': 1, 'env_weight': 1.0}
[96m[ATROPOS][0m INFO:     127.0.0.1:62768 - "GET /status-env HTTP/1.1" 200 OK
[94m[GSM8K][0m INFO:atroposlib.envs.base:env_manager: Status dict: {'current_step': 0, 'queue_size': 0, 'unallocated_fraction': 1.0, 'self_queue_size': 0, 'max_group_size': 1, 'env_weight': 1.0}
[96m[ATROPOS][0m INFO:     127.0.0.1:62769 - "GET /status-env HTTP/1.1" 200 OK
[94m[GSM8K][0m INFO:atroposlib.envs.base:env_manager: Status dict: {'current_step': 0, 'queue_size': 0, 'unallocated_fraction': 1.0, 'self_queue_size': 0, 'max_group_size': 1, 'env_weight': 1.0}
[96m[ATROPOS][0m INFO:     127.0.0.1:62770 - "GET /status-env HTTP/1.1" 200 OK
[94m[GSM8K][0m INFO:atroposlib.envs.base:env_manager: Status dict: {'current_step': 0, 'queue_size': 0, 'unallocated_fraction': 1.0, 'self_queue_size': 0, 'max_group_size': 1, 'env_weight': 1.0}
[96m[ATROPOS][0m INFO:     127.0.0.1:62771 - "GET /status-env HTTP/1.1" 200 OK
[94m[GSM8K][0m INFO:atroposlib.envs.base:env_manager: Status dict: {'current_step': 0, 'queue_size': 0, 'unallocated_fraction': 1.0, 'self_queue_size': 0, 'max_group_size': 1, 'env_weight': 1.0}
[96m[ATROPOS][0m INFO:     127.0.0.1:62772 - "GET /batch HTTP/1.1" 200 OK
[92m[TRAINER][0m INFO:root:Polling for batch... attempt 175
[96m[ATROPOS][0m INFO:     127.0.0.1:62773 - "GET /status-env HTTP/1.1" 200 OK
[94m[GSM8K][0m INFO:atroposlib.envs.base:env_manager: Status dict: {'current_step': 0, 'queue_size': 0, 'unallocated_fraction': 1.0, 'self_queue_size': 0, 'max_group_size': 1, 'env_weight': 1.0}
[96m[ATROPOS][0m INFO:     127.0.0.1:62774 - "GET /status-env HTTP/1.1" 200 OK
[94m[GSM8K][0m INFO:atroposlib.envs.base:env_manager: Status dict: {'current_step': 0, 'queue_size': 0, 'unallocated_fraction': 1.0, 'self_queue_size': 0, 'max_group_size': 1, 'env_weight': 1.0}
[96m[ATROPOS][0m INFO:     127.0.0.1:62775 - "GET /status-env HTTP/1.1" 200 OK
[94m[GSM8K][0m INFO:atroposlib.envs.base:env_manager: Status dict: {'current_step': 0, 'queue_size': 0, 'unallocated_fraction': 1.0, 'self_queue_size': 0, 'max_group_size': 1, 'env_weight': 1.0}
[96m[ATROPOS][0m INFO:     127.0.0.1:62776 - "GET /status-env HTTP/1.1" 200 OK
[94m[GSM8K][0m INFO:atroposlib.envs.base:env_manager: Status dict: {'current_step': 0, 'queue_size': 0, 'unallocated_fraction': 1.0, 'self_queue_size': 0, 'max_group_size': 1, 'env_weight': 1.0}
[96m[ATROPOS][0m INFO:     127.0.0.1:62777 - "GET /status-env HTTP/1.1" 200 OK
[94m[GSM8K][0m INFO:atroposlib.envs.base:env_manager: Status dict: {'current_step': 0, 'queue_size': 0, 'unallocated_fraction': 1.0, 'self_queue_size': 0, 'max_group_size': 1, 'env_weight': 1.0}
[96m[ATROPOS][0m INFO:     127.0.0.1:62778 - "GET /status-env HTTP/1.1" 200 OK
[94m[GSM8K][0m INFO:atroposlib.envs.base:env_manager: Status dict: {'current_step': 0, 'queue_size': 0, 'unallocated_fraction': 1.0, 'self_queue_size': 0, 'max_group_size': 1, 'env_weight': 1.0}
[96m[ATROPOS][0m INFO:     127.0.0.1:62779 - "GET /status-env HTTP/1.1" 200 OK
[94m[GSM8K][0m INFO:atroposlib.envs.base:env_manager: Status dict: {'current_step': 0, 'queue_size': 0, 'unallocated_fraction': 1.0, 'self_queue_size': 0, 'max_group_size': 1, 'env_weight': 1.0}
[96m[ATROPOS][0m INFO:     127.0.0.1:62780 - "GET /status-env HTTP/1.1" 200 OK
[94m[GSM8K][0m INFO:atroposlib.envs.base:env_manager: Status dict: {'current_step': 0, 'queue_size': 0, 'unallocated_fraction': 1.0, 'self_queue_size': 0, 'max_group_size': 1, 'env_weight': 1.0}
[96m[ATROPOS][0m INFO:     127.0.0.1:62781 - "GET /status-env HTTP/1.1" 200 OK
[94m[GSM8K][0m INFO:atroposlib.envs.base:env_manager: Status dict: {'current_step': 0, 'queue_size': 0, 'unallocated_fraction': 1.0, 'self_queue_size': 0, 'max_group_size': 1, 'env_weight': 1.0}
[96m[ATROPOS][0m INFO:     127.0.0.1:62782 - "GET /batch HTTP/1.1" 200 OK
[96m[ATROPOS][0m INFO:     127.0.0.1:62783 - "GET /status-env HTTP/1.1" 200 OK
[94m[GSM8K][0m INFO:atroposlib.envs.base:env_manager: Status dict: {'current_step': 0, 'queue_size': 0, 'unallocated_fraction': 1.0, 'self_queue_size': 0, 'max_group_size': 1, 'env_weight': 1.0}
[96m[ATROPOS][0m INFO:     127.0.0.1:62784 - "GET /status-env HTTP/1.1" 200 OK
[94m[GSM8K][0m INFO:atroposlib.envs.base:env_manager: Status dict: {'current_step': 0, 'queue_size': 0, 'unallocated_fraction': 1.0, 'self_queue_size': 0, 'max_group_size': 1, 'env_weight': 1.0}
[96m[ATROPOS][0m INFO:     127.0.0.1:62785 - "GET /status-env HTTP/1.1" 200 OK
[94m[GSM8K][0m INFO:atroposlib.envs.base:env_manager: Status dict: {'current_step': 0, 'queue_size': 0, 'unallocated_fraction': 1.0, 'self_queue_size': 0, 'max_group_size': 1, 'env_weight': 1.0}
[96m[ATROPOS][0m INFO:     127.0.0.1:62786 - "GET /status-env HTTP/1.1" 200 OK
[94m[GSM8K][0m INFO:atroposlib.envs.base:env_manager: Status dict: {'current_step': 0, 'queue_size': 0, 'unallocated_fraction': 1.0, 'self_queue_size': 0, 'max_group_size': 1, 'env_weight': 1.0}
[96m[ATROPOS][0m INFO:     127.0.0.1:62787 - "GET /status-env HTTP/1.1" 200 OK
[94m[GSM8K][0m INFO:atroposlib.envs.base:env_manager: Status dict: {'current_step': 0, 'queue_size': 0, 'unallocated_fraction': 1.0, 'self_queue_size': 0, 'max_group_size': 1, 'env_weight': 1.0}
[96m[ATROPOS][0m INFO:     127.0.0.1:62788 - "GET /status-env HTTP/1.1" 200 OK
[94m[GSM8K][0m INFO:atroposlib.envs.base:env_manager: Status dict: {'current_step': 0, 'queue_size': 0, 'unallocated_fraction': 1.0, 'self_queue_size': 0, 'max_group_size': 1, 'env_weight': 1.0}
[96m[ATROPOS][0m INFO:     127.0.0.1:62789 - "GET /status-env HTTP/1.1" 200 OK
[94m[GSM8K][0m INFO:atroposlib.envs.base:env_manager: Status dict: {'current_step': 0, 'queue_size': 0, 'unallocated_fraction': 1.0, 'self_queue_size': 0, 'max_group_size': 1, 'env_weight': 1.0}
[96m[ATROPOS][0m INFO:     127.0.0.1:62790 - "GET /status-env HTTP/1.1" 200 OK
[94m[GSM8K][0m INFO:atroposlib.envs.base:env_manager: Status dict: {'current_step': 0, 'queue_size': 0, 'unallocated_fraction': 1.0, 'self_queue_size': 0, 'max_group_size': 1, 'env_weight': 1.0}
[96m[ATROPOS][0m INFO:     127.0.0.1:62791 - "GET /status-env HTTP/1.1" 200 OK
[94m[GSM8K][0m INFO:atroposlib.envs.base:env_manager: Status dict: {'current_step': 0, 'queue_size': 0, 'unallocated_fraction': 1.0, 'self_queue_size': 0, 'max_group_size': 1, 'env_weight': 1.0}
[96m[ATROPOS][0m INFO:     127.0.0.1:62792 - "GET /status-env HTTP/1.1" 200 OK
[94m[GSM8K][0m INFO:atroposlib.envs.base:env_manager: Status dict: {'current_step': 0, 'queue_size': 0, 'unallocated_fraction': 1.0, 'self_queue_size': 0, 'max_group_size': 1, 'env_weight': 1.0}
[96m[ATROPOS][0m INFO:     127.0.0.1:62793 - "GET /batch HTTP/1.1" 200 OK
[96m[ATROPOS][0m INFO:     127.0.0.1:62794 - "GET /status-env HTTP/1.1" 200 OK
[94m[GSM8K][0m INFO:atroposlib.envs.base:env_manager: Status dict: {'current_step': 0, 'queue_size': 0, 'unallocated_fraction': 1.0, 'self_queue_size': 0, 'max_group_size': 1, 'env_weight': 1.0}
[96m[ATROPOS][0m INFO:     127.0.0.1:62795 - "GET /status-env HTTP/1.1" 200 OK
[94m[GSM8K][0m INFO:atroposlib.envs.base:env_manager: Status dict: {'current_step': 0, 'queue_size': 0, 'unallocated_fraction': 1.0, 'self_queue_size': 0, 'max_group_size': 1, 'env_weight': 1.0}
[96m[ATROPOS][0m INFO:     127.0.0.1:62796 - "GET /status-env HTTP/1.1" 200 OK
[94m[GSM8K][0m INFO:atroposlib.envs.base:env_manager: Status dict: {'current_step': 0, 'queue_size': 0, 'unallocated_fraction': 1.0, 'self_queue_size': 0, 'max_group_size': 1, 'env_weight': 1.0}
[96m[ATROPOS][0m INFO:     127.0.0.1:62797 - "GET /status-env HTTP/1.1" 200 OK
[94m[GSM8K][0m INFO:atroposlib.envs.base:env_manager: Status dict: {'current_step': 0, 'queue_size': 0, 'unallocated_fraction': 1.0, 'self_queue_size': 0, 'max_group_size': 1, 'env_weight': 1.0}
[96m[ATROPOS][0m INFO:     127.0.0.1:62798 - "GET /status-env HTTP/1.1" 200 OK
[94m[GSM8K][0m INFO:atroposlib.envs.base:env_manager: Status dict: {'current_step': 0, 'queue_size': 0, 'unallocated_fraction': 1.0, 'self_queue_size': 0, 'max_group_size': 1, 'env_weight': 1.0}
[96m[ATROPOS][0m INFO:     127.0.0.1:62800 - "GET /status-env HTTP/1.1" 200 OK
[94m[GSM8K][0m INFO:atroposlib.envs.base:env_manager: Status dict: {'current_step': 0, 'queue_size': 0, 'unallocated_fraction': 1.0, 'self_queue_size': 0, 'max_group_size': 1, 'env_weight': 1.0}
[96m[ATROPOS][0m INFO:     127.0.0.1:62801 - "GET /status-env HTTP/1.1" 200 OK
[94m[GSM8K][0m INFO:atroposlib.envs.base:env_manager: Status dict: {'current_step': 0, 'queue_size': 0, 'unallocated_fraction': 1.0, 'self_queue_size': 0, 'max_group_size': 1, 'env_weight': 1.0}
[96m[ATROPOS][0m INFO:     127.0.0.1:62802 - "GET /status-env HTTP/1.1" 200 OK
[94m[GSM8K][0m INFO:atroposlib.envs.base:env_manager: Status dict: {'current_step': 0, 'queue_size': 0, 'unallocated_fraction': 1.0, 'self_queue_size': 0, 'max_group_size': 1, 'env_weight': 1.0}
[96m[ATROPOS][0m INFO:     127.0.0.1:62803 - "GET /status-env HTTP/1.1" 200 OK
[94m[GSM8K][0m INFO:atroposlib.envs.base:env_manager: Status dict: {'current_step': 0, 'queue_size': 0, 'unallocated_fraction': 1.0, 'self_queue_size': 0, 'max_group_size': 1, 'env_weight': 1.0}
[96m[ATROPOS][0m INFO:     127.0.0.1:62804 - "GET /status-env HTTP/1.1" 200 OK
[94m[GSM8K][0m INFO:atroposlib.envs.base:env_manager: Status dict: {'current_step': 0, 'queue_size': 0, 'unallocated_fraction': 1.0, 'self_queue_size': 0, 'max_group_size': 1, 'env_weight': 1.0}
[96m[ATROPOS][0m INFO:     127.0.0.1:62805 - "GET /batch HTTP/1.1" 200 OK
[96m[ATROPOS][0m INFO:     127.0.0.1:62806 - "GET /status-env HTTP/1.1" 200 OK
[94m[GSM8K][0m INFO:atroposlib.envs.base:env_manager: Status dict: {'current_step': 0, 'queue_size': 0, 'unallocated_fraction': 1.0, 'self_queue_size': 0, 'max_group_size': 1, 'env_weight': 1.0}
[96m[ATROPOS][0m INFO:     127.0.0.1:62807 - "GET /status-env HTTP/1.1" 200 OK
[94m[GSM8K][0m INFO:atroposlib.envs.base:env_manager: Status dict: {'current_step': 0, 'queue_size': 0, 'unallocated_fraction': 1.0, 'self_queue_size': 0, 'max_group_size': 1, 'env_weight': 1.0}
[96m[ATROPOS][0m INFO:     127.0.0.1:62808 - "GET /status-env HTTP/1.1" 200 OK
[94m[GSM8K][0m INFO:atroposlib.envs.base:env_manager: Status dict: {'current_step': 0, 'queue_size': 0, 'unallocated_fraction': 1.0, 'self_queue_size': 0, 'max_group_size': 1, 'env_weight': 1.0}
[96m[ATROPOS][0m INFO:     127.0.0.1:62809 - "GET /status-env HTTP/1.1" 200 OK
[94m[GSM8K][0m INFO:atroposlib.envs.base:env_manager: Status dict: {'current_step': 0, 'queue_size': 0, 'unallocated_fraction': 1.0, 'self_queue_size': 0, 'max_group_size': 1, 'env_weight': 1.0}
[96m[ATROPOS][0m INFO:     127.0.0.1:62810 - "GET /status-env HTTP/1.1" 200 OK
[94m[GSM8K][0m INFO:atroposlib.envs.base:env_manager: Status dict: {'current_step': 0, 'queue_size': 0, 'unallocated_fraction': 1.0, 'self_queue_size': 0, 'max_group_size': 1, 'env_weight': 1.0}
[96m[ATROPOS][0m INFO:     127.0.0.1:62811 - "GET /status-env HTTP/1.1" 200 OK
[94m[GSM8K][0m INFO:atroposlib.envs.base:env_manager: Status dict: {'current_step': 0, 'queue_size': 0, 'unallocated_fraction': 1.0, 'self_queue_size': 0, 'max_group_size': 1, 'env_weight': 1.0}
[96m[ATROPOS][0m INFO:     127.0.0.1:62812 - "GET /status-env HTTP/1.1" 200 OK
[94m[GSM8K][0m INFO:atroposlib.envs.base:env_manager: Status dict: {'current_step': 0, 'queue_size': 0, 'unallocated_fraction': 1.0, 'self_queue_size': 0, 'max_group_size': 1, 'env_weight': 1.0}
[96m[ATROPOS][0m INFO:     127.0.0.1:62813 - "GET /status-env HTTP/1.1" 200 OK
[94m[GSM8K][0m INFO:atroposlib.envs.base:env_manager: Status dict: {'current_step': 0, 'queue_size': 0, 'unallocated_fraction': 1.0, 'self_queue_size': 0, 'max_group_size': 1, 'env_weight': 1.0}
[96m[ATROPOS][0m INFO:     127.0.0.1:62814 - "GET /status-env HTTP/1.1" 200 OK
[94m[GSM8K][0m INFO:atroposlib.envs.base:env_manager: Status dict: {'current_step': 0, 'queue_size': 0, 'unallocated_fraction': 1.0, 'self_queue_size': 0, 'max_group_size': 1, 'env_weight': 1.0}
[96m[ATROPOS][0m INFO:     127.0.0.1:62815 - "GET /batch HTTP/1.1" 200 OK
[96m[ATROPOS][0m INFO:     127.0.0.1:62816 - "GET /status-env HTTP/1.1" 200 OK
[94m[GSM8K][0m INFO:atroposlib.envs.base:env_manager: Status dict: {'current_step': 0, 'queue_size': 0, 'unallocated_fraction': 1.0, 'self_queue_size': 0, 'max_group_size': 1, 'env_weight': 1.0}
[96m[ATROPOS][0m INFO:     127.0.0.1:62817 - "GET /status-env HTTP/1.1" 200 OK
[94m[GSM8K][0m INFO:atroposlib.envs.base:env_manager: Status dict: {'current_step': 0, 'queue_size': 0, 'unallocated_fraction': 1.0, 'self_queue_size': 0, 'max_group_size': 1, 'env_weight': 1.0}
[96m[ATROPOS][0m INFO:     127.0.0.1:62818 - "GET /status-env HTTP/1.1" 200 OK
[94m[GSM8K][0m INFO:atroposlib.envs.base:env_manager: Status dict: {'current_step': 0, 'queue_size': 0, 'unallocated_fraction': 1.0, 'self_queue_size': 0, 'max_group_size': 1, 'env_weight': 1.0}
[96m[ATROPOS][0m INFO:     127.0.0.1:62819 - "GET /status-env HTTP/1.1" 200 OK
[94m[GSM8K][0m INFO:atroposlib.envs.base:env_manager: Status dict: {'current_step': 0, 'queue_size': 0, 'unallocated_fraction': 1.0, 'self_queue_size': 0, 'max_group_size': 1, 'env_weight': 1.0}
[96m[ATROPOS][0m INFO:     127.0.0.1:62820 - "GET /status-env HTTP/1.1" 200 OK
[94m[GSM8K][0m INFO:atroposlib.envs.base:env_manager: Status dict: {'current_step': 0, 'queue_size': 0, 'unallocated_fraction': 1.0, 'self_queue_size': 0, 'max_group_size': 1, 'env_weight': 1.0}
[96m[ATROPOS][0m INFO:     127.0.0.1:62821 - "GET /status-env HTTP/1.1" 200 OK
[94m[GSM8K][0m INFO:atroposlib.envs.base:env_manager: Status dict: {'current_step': 0, 'queue_size': 0, 'unallocated_fraction': 1.0, 'self_queue_size': 0, 'max_group_size': 1, 'env_weight': 1.0}
[96m[ATROPOS][0m INFO:     127.0.0.1:62822 - "GET /status-env HTTP/1.1" 200 OK
[94m[GSM8K][0m INFO:atroposlib.envs.base:env_manager: Status dict: {'current_step': 0, 'queue_size': 0, 'unallocated_fraction': 1.0, 'self_queue_size': 0, 'max_group_size': 1, 'env_weight': 1.0}
[96m[ATROPOS][0m INFO:     127.0.0.1:62823 - "GET /status-env HTTP/1.1" 200 OK
[94m[GSM8K][0m INFO:atroposlib.envs.base:env_manager: Status dict: {'current_step': 0, 'queue_size': 0, 'unallocated_fraction': 1.0, 'self_queue_size': 0, 'max_group_size': 1, 'env_weight': 1.0}
[96m[ATROPOS][0m INFO:     127.0.0.1:62824 - "GET /status-env HTTP/1.1" 200 OK
[94m[GSM8K][0m INFO:atroposlib.envs.base:env_manager: Status dict: {'current_step': 0, 'queue_size': 0, 'unallocated_fraction': 1.0, 'self_queue_size': 0, 'max_group_size': 1, 'env_weight': 1.0}
[96m[ATROPOS][0m INFO:     127.0.0.1:62825 - "GET /status-env HTTP/1.1" 200 OK
[94m[GSM8K][0m INFO:atroposlib.envs.base:env_manager: Status dict: {'current_step': 0, 'queue_size': 0, 'unallocated_fraction': 1.0, 'self_queue_size': 0, 'max_group_size': 1, 'env_weight': 1.0}
[96m[ATROPOS][0m INFO:     127.0.0.1:62826 - "GET /batch HTTP/1.1" 200 OK
[92m[TRAINER][0m INFO:root:Polling for batch... attempt 180
[96m[ATROPOS][0m INFO:     127.0.0.1:62827 - "GET /status-env HTTP/1.1" 200 OK
[94m[GSM8K][0m INFO:atroposlib.envs.base:env_manager: Status dict: {'current_step': 0, 'queue_size': 0, 'unallocated_fraction': 1.0, 'self_queue_size': 0, 'max_group_size': 1, 'env_weight': 1.0}
[96m[ATROPOS][0m INFO:     127.0.0.1:62828 - "GET /status-env HTTP/1.1" 200 OK
[94m[GSM8K][0m INFO:atroposlib.envs.base:env_manager: Status dict: {'current_step': 0, 'queue_size': 0, 'unallocated_fraction': 1.0, 'self_queue_size': 0, 'max_group_size': 1, 'env_weight': 1.0}
[96m[ATROPOS][0m INFO:     127.0.0.1:62829 - "GET /status-env HTTP/1.1" 200 OK
[94m[GSM8K][0m INFO:atroposlib.envs.base:env_manager: Status dict: {'current_step': 0, 'queue_size': 0, 'unallocated_fraction': 1.0, 'self_queue_size': 0, 'max_group_size': 1, 'env_weight': 1.0}
[96m[ATROPOS][0m INFO:     127.0.0.1:62830 - "GET /status-env HTTP/1.1" 200 OK
[94m[GSM8K][0m INFO:atroposlib.envs.base:env_manager: Status dict: {'current_step': 0, 'queue_size': 0, 'unallocated_fraction': 1.0, 'self_queue_size': 0, 'max_group_size': 1, 'env_weight': 1.0}
[96m[ATROPOS][0m INFO:     127.0.0.1:62831 - "GET /status-env HTTP/1.1" 200 OK
[94m[GSM8K][0m INFO:atroposlib.envs.base:env_manager: Status dict: {'current_step': 0, 'queue_size': 0, 'unallocated_fraction': 1.0, 'self_queue_size': 0, 'max_group_size': 1, 'env_weight': 1.0}
[96m[ATROPOS][0m INFO:     127.0.0.1:62832 - "GET /status-env HTTP/1.1" 200 OK
[94m[GSM8K][0m INFO:atroposlib.envs.base:env_manager: Status dict: {'current_step': 0, 'queue_size': 0, 'unallocated_fraction': 1.0, 'self_queue_size': 0, 'max_group_size': 1, 'env_weight': 1.0}
[96m[ATROPOS][0m INFO:     127.0.0.1:62833 - "GET /status-env HTTP/1.1" 200 OK
[94m[GSM8K][0m INFO:atroposlib.envs.base:env_manager: Status dict: {'current_step': 0, 'queue_size': 0, 'unallocated_fraction': 1.0, 'self_queue_size': 0, 'max_group_size': 1, 'env_weight': 1.0}
[96m[ATROPOS][0m INFO:     127.0.0.1:62834 - "GET /status-env HTTP/1.1" 200 OK
[94m[GSM8K][0m INFO:atroposlib.envs.base:env_manager: Status dict: {'current_step': 0, 'queue_size': 0, 'unallocated_fraction': 1.0, 'self_queue_size': 0, 'max_group_size': 1, 'env_weight': 1.0}
[96m[ATROPOS][0m INFO:     127.0.0.1:62835 - "GET /status-env HTTP/1.1" 200 OK
[94m[GSM8K][0m INFO:atroposlib.envs.base:env_manager: Status dict: {'current_step': 0, 'queue_size': 0, 'unallocated_fraction': 1.0, 'self_queue_size': 0, 'max_group_size': 1, 'env_weight': 1.0}
[96m[ATROPOS][0m INFO:     127.0.0.1:62836 - "GET /status-env HTTP/1.1" 200 OK
[94m[GSM8K][0m INFO:atroposlib.envs.base:env_manager: Status dict: {'current_step': 0, 'queue_size': 0, 'unallocated_fraction': 1.0, 'self_queue_size': 0, 'max_group_size': 1, 'env_weight': 1.0}
[96m[ATROPOS][0m INFO:     127.0.0.1:62837 - "GET /batch HTTP/1.1" 200 OK
[96m[ATROPOS][0m INFO:     127.0.0.1:62838 - "GET /status-env HTTP/1.1" 200 OK
[94m[GSM8K][0m INFO:atroposlib.envs.base:env_manager: Status dict: {'current_step': 0, 'queue_size': 0, 'unallocated_fraction': 1.0, 'self_queue_size': 0, 'max_group_size': 1, 'env_weight': 1.0}
[96m[ATROPOS][0m INFO:     127.0.0.1:62839 - "GET /status-env HTTP/1.1" 200 OK
[94m[GSM8K][0m INFO:atroposlib.envs.base:env_manager: Status dict: {'current_step': 0, 'queue_size': 0, 'unallocated_fraction': 1.0, 'self_queue_size': 0, 'max_group_size': 1, 'env_weight': 1.0}
[96m[ATROPOS][0m INFO:     127.0.0.1:62840 - "GET /status-env HTTP/1.1" 200 OK
[94m[GSM8K][0m INFO:atroposlib.envs.base:env_manager: Status dict: {'current_step': 0, 'queue_size': 0, 'unallocated_fraction': 1.0, 'self_queue_size': 0, 'max_group_size': 1, 'env_weight': 1.0}
[96m[ATROPOS][0m INFO:     127.0.0.1:62841 - "GET /status-env HTTP/1.1" 200 OK
[94m[GSM8K][0m INFO:atroposlib.envs.base:env_manager: Status dict: {'current_step': 0, 'queue_size': 0, 'unallocated_fraction': 1.0, 'self_queue_size': 0, 'max_group_size': 1, 'env_weight': 1.0}
[96m[ATROPOS][0m INFO:     127.0.0.1:62842 - "GET /status-env HTTP/1.1" 200 OK
[94m[GSM8K][0m INFO:atroposlib.envs.base:env_manager: Status dict: {'current_step': 0, 'queue_size': 0, 'unallocated_fraction': 1.0, 'self_queue_size': 0, 'max_group_size': 1, 'env_weight': 1.0}
[96m[ATROPOS][0m INFO:     127.0.0.1:62843 - "GET /status-env HTTP/1.1" 200 OK
[94m[GSM8K][0m INFO:atroposlib.envs.base:env_manager: Status dict: {'current_step': 0, 'queue_size': 0, 'unallocated_fraction': 1.0, 'self_queue_size': 0, 'max_group_size': 1, 'env_weight': 1.0}
[96m[ATROPOS][0m INFO:     127.0.0.1:62844 - "GET /status-env HTTP/1.1" 200 OK
[94m[GSM8K][0m INFO:atroposlib.envs.base:env_manager: Status dict: {'current_step': 0, 'queue_size': 0, 'unallocated_fraction': 1.0, 'self_queue_size': 0, 'max_group_size': 1, 'env_weight': 1.0}
[96m[ATROPOS][0m INFO:     127.0.0.1:62845 - "GET /status-env HTTP/1.1" 200 OK
[94m[GSM8K][0m INFO:atroposlib.envs.base:env_manager: Status dict: {'current_step': 0, 'queue_size': 0, 'unallocated_fraction': 1.0, 'self_queue_size': 0, 'max_group_size': 1, 'env_weight': 1.0}
[96m[ATROPOS][0m INFO:     127.0.0.1:62846 - "GET /status-env HTTP/1.1" 200 OK
[94m[GSM8K][0m INFO:atroposlib.envs.base:env_manager: Status dict: {'current_step': 0, 'queue_size': 0, 'unallocated_fraction': 1.0, 'self_queue_size': 0, 'max_group_size': 1, 'env_weight': 1.0}
[96m[ATROPOS][0m INFO:     127.0.0.1:62847 - "GET /status-env HTTP/1.1" 200 OK
[94m[GSM8K][0m INFO:atroposlib.envs.base:env_manager: Status dict: {'current_step': 0, 'queue_size': 0, 'unallocated_fraction': 1.0, 'self_queue_size': 0, 'max_group_size': 1, 'env_weight': 1.0}
[96m[ATROPOS][0m INFO:     127.0.0.1:62848 - "GET /batch HTTP/1.1" 200 OK
[96m[ATROPOS][0m INFO:     127.0.0.1:62849 - "GET /status-env HTTP/1.1" 200 OK
[94m[GSM8K][0m INFO:atroposlib.envs.base:env_manager: Status dict: {'current_step': 0, 'queue_size': 0, 'unallocated_fraction': 1.0, 'self_queue_size': 0, 'max_group_size': 1, 'env_weight': 1.0}
[96m[ATROPOS][0m INFO:     127.0.0.1:62850 - "GET /status-env HTTP/1.1" 200 OK
[94m[GSM8K][0m INFO:atroposlib.envs.base:env_manager: Status dict: {'current_step': 0, 'queue_size': 0, 'unallocated_fraction': 1.0, 'self_queue_size': 0, 'max_group_size': 1, 'env_weight': 1.0}
[96m[ATROPOS][0m INFO:     127.0.0.1:62851 - "GET /status-env HTTP/1.1" 200 OK
[94m[GSM8K][0m INFO:atroposlib.envs.base:env_manager: Status dict: {'current_step': 0, 'queue_size': 0, 'unallocated_fraction': 1.0, 'self_queue_size': 0, 'max_group_size': 1, 'env_weight': 1.0}
[96m[ATROPOS][0m INFO:     127.0.0.1:62852 - "GET /status-env HTTP/1.1" 200 OK
[94m[GSM8K][0m INFO:atroposlib.envs.base:env_manager: Status dict: {'current_step': 0, 'queue_size': 0, 'unallocated_fraction': 1.0, 'self_queue_size': 0, 'max_group_size': 1, 'env_weight': 1.0}
[96m[ATROPOS][0m INFO:     127.0.0.1:62853 - "GET /status-env HTTP/1.1" 200 OK
[94m[GSM8K][0m INFO:atroposlib.envs.base:env_manager: Status dict: {'current_step': 0, 'queue_size': 0, 'unallocated_fraction': 1.0, 'self_queue_size': 0, 'max_group_size': 1, 'env_weight': 1.0}
[96m[ATROPOS][0m INFO:     127.0.0.1:62854 - "GET /status-env HTTP/1.1" 200 OK
[94m[GSM8K][0m INFO:atroposlib.envs.base:env_manager: Status dict: {'current_step': 0, 'queue_size': 0, 'unallocated_fraction': 1.0, 'self_queue_size': 0, 'max_group_size': 1, 'env_weight': 1.0}
[96m[ATROPOS][0m INFO:     127.0.0.1:62855 - "GET /status-env HTTP/1.1" 200 OK
[94m[GSM8K][0m INFO:atroposlib.envs.base:env_manager: Status dict: {'current_step': 0, 'queue_size': 0, 'unallocated_fraction': 1.0, 'self_queue_size': 0, 'max_group_size': 1, 'env_weight': 1.0}
[96m[ATROPOS][0m INFO:     127.0.0.1:62856 - "GET /status-env HTTP/1.1" 200 OK
[94m[GSM8K][0m INFO:atroposlib.envs.base:env_manager: Status dict: {'current_step': 0, 'queue_size': 0, 'unallocated_fraction': 1.0, 'self_queue_size': 0, 'max_group_size': 1, 'env_weight': 1.0}
[96m[ATROPOS][0m INFO:     127.0.0.1:62865 - "GET /status-env HTTP/1.1" 200 OK
[94m[GSM8K][0m INFO:atroposlib.envs.base:env_manager: Status dict: {'current_step': 0, 'queue_size': 0, 'unallocated_fraction': 1.0, 'self_queue_size': 0, 'max_group_size': 1, 'env_weight': 1.0}
[96m[ATROPOS][0m INFO:     127.0.0.1:62866 - "GET /batch HTTP/1.1" 200 OK
[96m[ATROPOS][0m INFO:     127.0.0.1:62867 - "GET /status-env HTTP/1.1" 200 OK
[94m[GSM8K][0m INFO:atroposlib.envs.base:env_manager: Status dict: {'current_step': 0, 'queue_size': 0, 'unallocated_fraction': 1.0, 'self_queue_size': 0, 'max_group_size': 1, 'env_weight': 1.0}
[96m[ATROPOS][0m INFO:     127.0.0.1:62870 - "GET /status-env HTTP/1.1" 200 OK
[94m[GSM8K][0m INFO:atroposlib.envs.base:env_manager: Status dict: {'current_step': 0, 'queue_size': 0, 'unallocated_fraction': 1.0, 'self_queue_size': 0, 'max_group_size': 1, 'env_weight': 1.0}
[96m[ATROPOS][0m INFO:     127.0.0.1:62871 - "GET /status-env HTTP/1.1" 200 OK
[94m[GSM8K][0m INFO:atroposlib.envs.base:env_manager: Status dict: {'current_step': 0, 'queue_size': 0, 'unallocated_fraction': 1.0, 'self_queue_size': 0, 'max_group_size': 1, 'env_weight': 1.0}
[96m[ATROPOS][0m INFO:     127.0.0.1:62872 - "GET /status-env HTTP/1.1" 200 OK
[94m[GSM8K][0m INFO:atroposlib.envs.base:env_manager: Status dict: {'current_step': 0, 'queue_size': 0, 'unallocated_fraction': 1.0, 'self_queue_size': 0, 'max_group_size': 1, 'env_weight': 1.0}
[96m[ATROPOS][0m INFO:     127.0.0.1:62874 - "GET /status-env HTTP/1.1" 200 OK
[94m[GSM8K][0m INFO:atroposlib.envs.base:env_manager: Status dict: {'current_step': 0, 'queue_size': 0, 'unallocated_fraction': 1.0, 'self_queue_size': 0, 'max_group_size': 1, 'env_weight': 1.0}
[96m[ATROPOS][0m INFO:     127.0.0.1:62875 - "GET /status-env HTTP/1.1" 200 OK
[94m[GSM8K][0m INFO:atroposlib.envs.base:env_manager: Status dict: {'current_step': 0, 'queue_size': 0, 'unallocated_fraction': 1.0, 'self_queue_size': 0, 'max_group_size': 1, 'env_weight': 1.0}
[96m[ATROPOS][0m INFO:     127.0.0.1:62876 - "GET /status-env HTTP/1.1" 200 OK
[94m[GSM8K][0m INFO:atroposlib.envs.base:env_manager: Status dict: {'current_step': 0, 'queue_size': 0, 'unallocated_fraction': 1.0, 'self_queue_size': 0, 'max_group_size': 1, 'env_weight': 1.0}
[96m[ATROPOS][0m INFO:     127.0.0.1:62877 - "GET /status-env HTTP/1.1" 200 OK
[94m[GSM8K][0m INFO:atroposlib.envs.base:env_manager: Status dict: {'current_step': 0, 'queue_size': 0, 'unallocated_fraction': 1.0, 'self_queue_size': 0, 'max_group_size': 1, 'env_weight': 1.0}
[96m[ATROPOS][0m INFO:     127.0.0.1:62878 - "GET /status-env HTTP/1.1" 200 OK
[94m[GSM8K][0m INFO:atroposlib.envs.base:env_manager: Status dict: {'current_step': 0, 'queue_size': 0, 'unallocated_fraction': 1.0, 'self_queue_size': 0, 'max_group_size': 1, 'env_weight': 1.0}
[96m[ATROPOS][0m INFO:     127.0.0.1:62879 - "GET /status-env HTTP/1.1" 200 OK
[94m[GSM8K][0m INFO:atroposlib.envs.base:env_manager: Status dict: {'current_step': 0, 'queue_size': 0, 'unallocated_fraction': 1.0, 'self_queue_size': 0, 'max_group_size': 1, 'env_weight': 1.0}
[96m[ATROPOS][0m INFO:     127.0.0.1:62880 - "GET /batch HTTP/1.1" 200 OK
[96m[ATROPOS][0m INFO:     127.0.0.1:62881 - "GET /status-env HTTP/1.1" 200 OK
[94m[GSM8K][0m INFO:atroposlib.envs.base:env_manager: Status dict: {'current_step': 0, 'queue_size': 0, 'unallocated_fraction': 1.0, 'self_queue_size': 0, 'max_group_size': 1, 'env_weight': 1.0}
[96m[ATROPOS][0m INFO:     127.0.0.1:62882 - "GET /status-env HTTP/1.1" 200 OK
[94m[GSM8K][0m INFO:atroposlib.envs.base:env_manager: Status dict: {'current_step': 0, 'queue_size': 0, 'unallocated_fraction': 1.0, 'self_queue_size': 0, 'max_group_size': 1, 'env_weight': 1.0}
[96m[ATROPOS][0m INFO:     127.0.0.1:62883 - "GET /status-env HTTP/1.1" 200 OK
[94m[GSM8K][0m INFO:atroposlib.envs.base:env_manager: Status dict: {'current_step': 0, 'queue_size': 0, 'unallocated_fraction': 1.0, 'self_queue_size': 0, 'max_group_size': 1, 'env_weight': 1.0}
[96m[ATROPOS][0m INFO:     127.0.0.1:62884 - "GET /status-env HTTP/1.1" 200 OK
[94m[GSM8K][0m INFO:atroposlib.envs.base:env_manager: Status dict: {'current_step': 0, 'queue_size': 0, 'unallocated_fraction': 1.0, 'self_queue_size': 0, 'max_group_size': 1, 'env_weight': 1.0}
[96m[ATROPOS][0m INFO:     127.0.0.1:62885 - "GET /status-env HTTP/1.1" 200 OK
[94m[GSM8K][0m INFO:atroposlib.envs.base:env_manager: Status dict: {'current_step': 0, 'queue_size': 0, 'unallocated_fraction': 1.0, 'self_queue_size': 0, 'max_group_size': 1, 'env_weight': 1.0}
[96m[ATROPOS][0m INFO:     127.0.0.1:62886 - "GET /status-env HTTP/1.1" 200 OK
[94m[GSM8K][0m INFO:atroposlib.envs.base:env_manager: Status dict: {'current_step': 0, 'queue_size': 0, 'unallocated_fraction': 1.0, 'self_queue_size': 0, 'max_group_size': 1, 'env_weight': 1.0}
[96m[ATROPOS][0m INFO:     127.0.0.1:62893 - "GET /status-env HTTP/1.1" 200 OK
[94m[GSM8K][0m INFO:atroposlib.envs.base:env_manager: Status dict: {'current_step': 0, 'queue_size': 0, 'unallocated_fraction': 1.0, 'self_queue_size': 0, 'max_group_size': 1, 'env_weight': 1.0}
[96m[ATROPOS][0m INFO:     127.0.0.1:62894 - "GET /status-env HTTP/1.1" 200 OK
[94m[GSM8K][0m INFO:atroposlib.envs.base:env_manager: Status dict: {'current_step': 0, 'queue_size': 0, 'unallocated_fraction': 1.0, 'self_queue_size': 0, 'max_group_size': 1, 'env_weight': 1.0}
[96m[ATROPOS][0m INFO:     127.0.0.1:62900 - "GET /status-env HTTP/1.1" 200 OK
[94m[GSM8K][0m INFO:atroposlib.envs.base:env_manager: Status dict: {'current_step': 0, 'queue_size': 0, 'unallocated_fraction': 1.0, 'self_queue_size': 0, 'max_group_size': 1, 'env_weight': 1.0}
[96m[ATROPOS][0m INFO:     127.0.0.1:62902 - "GET /status-env HTTP/1.1" 200 OK
[94m[GSM8K][0m INFO:atroposlib.envs.base:env_manager: Status dict: {'current_step': 0, 'queue_size': 0, 'unallocated_fraction': 1.0, 'self_queue_size': 0, 'max_group_size': 1, 'env_weight': 1.0}
[96m[ATROPOS][0m INFO:     127.0.0.1:62903 - "GET /batch HTTP/1.1" 200 OK
[92m[TRAINER][0m INFO:root:Polling for batch... attempt 185
[96m[ATROPOS][0m INFO:     127.0.0.1:62904 - "GET /status-env HTTP/1.1" 200 OK
[94m[GSM8K][0m INFO:atroposlib.envs.base:env_manager: Status dict: {'current_step': 0, 'queue_size': 0, 'unallocated_fraction': 1.0, 'self_queue_size': 0, 'max_group_size': 1, 'env_weight': 1.0}
[96m[ATROPOS][0m INFO:     127.0.0.1:62905 - "GET /status-env HTTP/1.1" 200 OK
[94m[GSM8K][0m INFO:atroposlib.envs.base:env_manager: Status dict: {'current_step': 0, 'queue_size': 0, 'unallocated_fraction': 1.0, 'self_queue_size': 0, 'max_group_size': 1, 'env_weight': 1.0}
[96m[ATROPOS][0m INFO:     127.0.0.1:62906 - "GET /status-env HTTP/1.1" 200 OK
[94m[GSM8K][0m INFO:atroposlib.envs.base:env_manager: Status dict: {'current_step': 0, 'queue_size': 0, 'unallocated_fraction': 1.0, 'self_queue_size': 0, 'max_group_size': 1, 'env_weight': 1.0}
[96m[ATROPOS][0m INFO:     127.0.0.1:62907 - "GET /status-env HTTP/1.1" 200 OK
[94m[GSM8K][0m INFO:atroposlib.envs.base:env_manager: Status dict: {'current_step': 0, 'queue_size': 0, 'unallocated_fraction': 1.0, 'self_queue_size': 0, 'max_group_size': 1, 'env_weight': 1.0}
[96m[ATROPOS][0m INFO:     127.0.0.1:62908 - "GET /status-env HTTP/1.1" 200 OK
[94m[GSM8K][0m INFO:atroposlib.envs.base:env_manager: Status dict: {'current_step': 0, 'queue_size': 0, 'unallocated_fraction': 1.0, 'self_queue_size': 0, 'max_group_size': 1, 'env_weight': 1.0}
[96m[ATROPOS][0m INFO:     127.0.0.1:62909 - "GET /status-env HTTP/1.1" 200 OK
[94m[GSM8K][0m INFO:atroposlib.envs.base:env_manager: Status dict: {'current_step': 0, 'queue_size': 0, 'unallocated_fraction': 1.0, 'self_queue_size': 0, 'max_group_size': 1, 'env_weight': 1.0}
[96m[ATROPOS][0m INFO:     127.0.0.1:62910 - "GET /status-env HTTP/1.1" 200 OK
[94m[GSM8K][0m INFO:atroposlib.envs.base:env_manager: Status dict: {'current_step': 0, 'queue_size': 0, 'unallocated_fraction': 1.0, 'self_queue_size': 0, 'max_group_size': 1, 'env_weight': 1.0}
[96m[ATROPOS][0m INFO:     127.0.0.1:62911 - "GET /status-env HTTP/1.1" 200 OK
[94m[GSM8K][0m INFO:atroposlib.envs.base:env_manager: Status dict: {'current_step': 0, 'queue_size': 0, 'unallocated_fraction': 1.0, 'self_queue_size': 0, 'max_group_size': 1, 'env_weight': 1.0}
[96m[ATROPOS][0m INFO:     127.0.0.1:62912 - "GET /status-env HTTP/1.1" 200 OK
[94m[GSM8K][0m INFO:atroposlib.envs.base:env_manager: Status dict: {'current_step': 0, 'queue_size': 0, 'unallocated_fraction': 1.0, 'self_queue_size': 0, 'max_group_size': 1, 'env_weight': 1.0}
[96m[ATROPOS][0m INFO:     127.0.0.1:62913 - "GET /batch HTTP/1.1" 200 OK
[96m[ATROPOS][0m INFO:     127.0.0.1:62914 - "GET /status-env HTTP/1.1" 200 OK
[94m[GSM8K][0m INFO:atroposlib.envs.base:env_manager: Status dict: {'current_step': 0, 'queue_size': 0, 'unallocated_fraction': 1.0, 'self_queue_size': 0, 'max_group_size': 1, 'env_weight': 1.0}
[96m[ATROPOS][0m INFO:     127.0.0.1:62915 - "GET /status-env HTTP/1.1" 200 OK
[94m[GSM8K][0m INFO:atroposlib.envs.base:env_manager: Status dict: {'current_step': 0, 'queue_size': 0, 'unallocated_fraction': 1.0, 'self_queue_size': 0, 'max_group_size': 1, 'env_weight': 1.0}
[96m[ATROPOS][0m INFO:     127.0.0.1:62916 - "GET /status-env HTTP/1.1" 200 OK
[94m[GSM8K][0m INFO:atroposlib.envs.base:env_manager: Status dict: {'current_step': 0, 'queue_size': 0, 'unallocated_fraction': 1.0, 'self_queue_size': 0, 'max_group_size': 1, 'env_weight': 1.0}
[96m[ATROPOS][0m INFO:     127.0.0.1:62917 - "GET /status-env HTTP/1.1" 200 OK
[94m[GSM8K][0m INFO:atroposlib.envs.base:env_manager: Status dict: {'current_step': 0, 'queue_size': 0, 'unallocated_fraction': 1.0, 'self_queue_size': 0, 'max_group_size': 1, 'env_weight': 1.0}
[96m[ATROPOS][0m INFO:     127.0.0.1:62918 - "GET /status-env HTTP/1.1" 200 OK
[94m[GSM8K][0m INFO:atroposlib.envs.base:env_manager: Status dict: {'current_step': 0, 'queue_size': 0, 'unallocated_fraction': 1.0, 'self_queue_size': 0, 'max_group_size': 1, 'env_weight': 1.0}
[96m[ATROPOS][0m INFO:     127.0.0.1:62919 - "GET /status-env HTTP/1.1" 200 OK
[94m[GSM8K][0m INFO:atroposlib.envs.base:env_manager: Status dict: {'current_step': 0, 'queue_size': 0, 'unallocated_fraction': 1.0, 'self_queue_size': 0, 'max_group_size': 1, 'env_weight': 1.0}
[96m[ATROPOS][0m INFO:     127.0.0.1:62920 - "GET /status-env HTTP/1.1" 200 OK
[94m[GSM8K][0m INFO:atroposlib.envs.base:env_manager: Status dict: {'current_step': 0, 'queue_size': 0, 'unallocated_fraction': 1.0, 'self_queue_size': 0, 'max_group_size': 1, 'env_weight': 1.0}
[96m[ATROPOS][0m INFO:     127.0.0.1:62921 - "GET /status-env HTTP/1.1" 200 OK
[94m[GSM8K][0m INFO:atroposlib.envs.base:env_manager: Status dict: {'current_step': 0, 'queue_size': 0, 'unallocated_fraction': 1.0, 'self_queue_size': 0, 'max_group_size': 1, 'env_weight': 1.0}
[96m[ATROPOS][0m INFO:     127.0.0.1:62922 - "GET /status-env HTTP/1.1" 200 OK
[94m[GSM8K][0m INFO:atroposlib.envs.base:env_manager: Status dict: {'current_step': 0, 'queue_size': 0, 'unallocated_fraction': 1.0, 'self_queue_size': 0, 'max_group_size': 1, 'env_weight': 1.0}
[96m[ATROPOS][0m INFO:     127.0.0.1:62923 - "GET /status-env HTTP/1.1" 200 OK
[94m[GSM8K][0m INFO:atroposlib.envs.base:env_manager: Status dict: {'current_step': 0, 'queue_size': 0, 'unallocated_fraction': 1.0, 'self_queue_size': 0, 'max_group_size': 1, 'env_weight': 1.0}
[96m[ATROPOS][0m INFO:     127.0.0.1:62924 - "GET /batch HTTP/1.1" 200 OK
[96m[ATROPOS][0m INFO:     127.0.0.1:62926 - "GET /status-env HTTP/1.1" 200 OK
[94m[GSM8K][0m INFO:atroposlib.envs.base:env_manager: Status dict: {'current_step': 0, 'queue_size': 0, 'unallocated_fraction': 1.0, 'self_queue_size': 0, 'max_group_size': 1, 'env_weight': 1.0}
[96m[ATROPOS][0m INFO:     127.0.0.1:62928 - "GET /status-env HTTP/1.1" 200 OK
[94m[GSM8K][0m INFO:atroposlib.envs.base:env_manager: Status dict: {'current_step': 0, 'queue_size': 0, 'unallocated_fraction': 1.0, 'self_queue_size': 0, 'max_group_size': 1, 'env_weight': 1.0}
[96m[ATROPOS][0m INFO:     127.0.0.1:62929 - "GET /status-env HTTP/1.1" 200 OK
[94m[GSM8K][0m INFO:atroposlib.envs.base:env_manager: Status dict: {'current_step': 0, 'queue_size': 0, 'unallocated_fraction': 1.0, 'self_queue_size': 0, 'max_group_size': 1, 'env_weight': 1.0}
[96m[ATROPOS][0m INFO:     127.0.0.1:62930 - "GET /status-env HTTP/1.1" 200 OK
[94m[GSM8K][0m INFO:atroposlib.envs.base:env_manager: Status dict: {'current_step': 0, 'queue_size': 0, 'unallocated_fraction': 1.0, 'self_queue_size': 0, 'max_group_size': 1, 'env_weight': 1.0}
[96m[ATROPOS][0m INFO:     127.0.0.1:62931 - "GET /status-env HTTP/1.1" 200 OK
[94m[GSM8K][0m INFO:atroposlib.envs.base:env_manager: Status dict: {'current_step': 0, 'queue_size': 0, 'unallocated_fraction': 1.0, 'self_queue_size': 0, 'max_group_size': 1, 'env_weight': 1.0}
[96m[ATROPOS][0m INFO:     127.0.0.1:62932 - "GET /status-env HTTP/1.1" 200 OK
[94m[GSM8K][0m INFO:atroposlib.envs.base:env_manager: Status dict: {'current_step': 0, 'queue_size': 0, 'unallocated_fraction': 1.0, 'self_queue_size': 0, 'max_group_size': 1, 'env_weight': 1.0}
[96m[ATROPOS][0m INFO:     127.0.0.1:62933 - "GET /status-env HTTP/1.1" 200 OK
[94m[GSM8K][0m INFO:atroposlib.envs.base:env_manager: Status dict: {'current_step': 0, 'queue_size': 0, 'unallocated_fraction': 1.0, 'self_queue_size': 0, 'max_group_size': 1, 'env_weight': 1.0}
[96m[ATROPOS][0m INFO:     127.0.0.1:62934 - "GET /status-env HTTP/1.1" 200 OK
[94m[GSM8K][0m INFO:atroposlib.envs.base:env_manager: Status dict: {'current_step': 0, 'queue_size': 0, 'unallocated_fraction': 1.0, 'self_queue_size': 0, 'max_group_size': 1, 'env_weight': 1.0}
[96m[ATROPOS][0m INFO:     127.0.0.1:62935 - "GET /status-env HTTP/1.1" 200 OK
[94m[GSM8K][0m INFO:atroposlib.envs.base:env_manager: Status dict: {'current_step': 0, 'queue_size': 0, 'unallocated_fraction': 1.0, 'self_queue_size': 0, 'max_group_size': 1, 'env_weight': 1.0}
[96m[ATROPOS][0m INFO:     127.0.0.1:62936 - "GET /batch HTTP/1.1" 200 OK
[96m[ATROPOS][0m INFO:     127.0.0.1:62937 - "GET /status-env HTTP/1.1" 200 OK
[94m[GSM8K][0m INFO:atroposlib.envs.base:env_manager: Status dict: {'current_step': 0, 'queue_size': 0, 'unallocated_fraction': 1.0, 'self_queue_size': 0, 'max_group_size': 1, 'env_weight': 1.0}
[96m[ATROPOS][0m INFO:     127.0.0.1:62938 - "GET /status-env HTTP/1.1" 200 OK
[94m[GSM8K][0m INFO:atroposlib.envs.base:env_manager: Status dict: {'current_step': 0, 'queue_size': 0, 'unallocated_fraction': 1.0, 'self_queue_size': 0, 'max_group_size': 1, 'env_weight': 1.0}
[96m[ATROPOS][0m INFO:     127.0.0.1:62939 - "GET /status-env HTTP/1.1" 200 OK
[94m[GSM8K][0m INFO:atroposlib.envs.base:env_manager: Status dict: {'current_step': 0, 'queue_size': 0, 'unallocated_fraction': 1.0, 'self_queue_size': 0, 'max_group_size': 1, 'env_weight': 1.0}
[96m[ATROPOS][0m INFO:     127.0.0.1:62940 - "GET /status-env HTTP/1.1" 200 OK
[94m[GSM8K][0m INFO:atroposlib.envs.base:env_manager: Status dict: {'current_step': 0, 'queue_size': 0, 'unallocated_fraction': 1.0, 'self_queue_size': 0, 'max_group_size': 1, 'env_weight': 1.0}
[96m[ATROPOS][0m INFO:     127.0.0.1:62941 - "GET /status-env HTTP/1.1" 200 OK
[94m[GSM8K][0m INFO:atroposlib.envs.base:env_manager: Status dict: {'current_step': 0, 'queue_size': 0, 'unallocated_fraction': 1.0, 'self_queue_size': 0, 'max_group_size': 1, 'env_weight': 1.0}
[96m[ATROPOS][0m INFO:     127.0.0.1:62942 - "GET /status-env HTTP/1.1" 200 OK
[94m[GSM8K][0m INFO:atroposlib.envs.base:env_manager: Status dict: {'current_step': 0, 'queue_size': 0, 'unallocated_fraction': 1.0, 'self_queue_size': 0, 'max_group_size': 1, 'env_weight': 1.0}
[96m[ATROPOS][0m INFO:     127.0.0.1:62943 - "GET /status-env HTTP/1.1" 200 OK
[94m[GSM8K][0m INFO:atroposlib.envs.base:env_manager: Status dict: {'current_step': 0, 'queue_size': 0, 'unallocated_fraction': 1.0, 'self_queue_size': 0, 'max_group_size': 1, 'env_weight': 1.0}
[96m[ATROPOS][0m INFO:     127.0.0.1:62944 - "GET /status-env HTTP/1.1" 200 OK
[94m[GSM8K][0m INFO:atroposlib.envs.base:env_manager: Status dict: {'current_step': 0, 'queue_size': 0, 'unallocated_fraction': 1.0, 'self_queue_size': 0, 'max_group_size': 1, 'env_weight': 1.0}
[96m[ATROPOS][0m INFO:     127.0.0.1:62945 - "GET /status-env HTTP/1.1" 200 OK
[94m[GSM8K][0m INFO:atroposlib.envs.base:env_manager: Status dict: {'current_step': 0, 'queue_size': 0, 'unallocated_fraction': 1.0, 'self_queue_size': 0, 'max_group_size': 1, 'env_weight': 1.0}
[96m[ATROPOS][0m INFO:     127.0.0.1:62946 - "GET /status-env HTTP/1.1" 200 OK
[94m[GSM8K][0m INFO:atroposlib.envs.base:env_manager: Status dict: {'current_step': 0, 'queue_size': 0, 'unallocated_fraction': 1.0, 'self_queue_size': 0, 'max_group_size': 1, 'env_weight': 1.0}
[96m[ATROPOS][0m INFO:     127.0.0.1:62947 - "GET /batch HTTP/1.1" 200 OK
[96m[ATROPOS][0m INFO:     127.0.0.1:62948 - "GET /status-env HTTP/1.1" 200 OK
[94m[GSM8K][0m INFO:atroposlib.envs.base:env_manager: Status dict: {'current_step': 0, 'queue_size': 0, 'unallocated_fraction': 1.0, 'self_queue_size': 0, 'max_group_size': 1, 'env_weight': 1.0}
[94m[GSM8K][0m INFO:atroposlib.envs.base:env_manager: Status dict: {'current_step': 0, 'queue_size': 0, 'unallocated_fraction': 1.0, 'self_queue_size': 0, 'max_group_size': 1, 'env_weight': 1.0}
[96m[ATROPOS][0m INFO:     127.0.0.1:62949 - "GET /status-env HTTP/1.1" 200 OK
[96m[ATROPOS][0m INFO:     127.0.0.1:62950 - "GET /status-env HTTP/1.1" 200 OK
[94m[GSM8K][0m INFO:atroposlib.envs.base:env_manager: Status dict: {'current_step': 0, 'queue_size': 0, 'unallocated_fraction': 1.0, 'self_queue_size': 0, 'max_group_size': 1, 'env_weight': 1.0}
[96m[ATROPOS][0m INFO:     127.0.0.1:62951 - "GET /status-env HTTP/1.1" 200 OK
[94m[GSM8K][0m INFO:atroposlib.envs.base:env_manager: Status dict: {'current_step': 0, 'queue_size': 0, 'unallocated_fraction': 1.0, 'self_queue_size': 0, 'max_group_size': 1, 'env_weight': 1.0}
[96m[ATROPOS][0m INFO:     127.0.0.1:62952 - "GET /status-env HTTP/1.1" 200 OK
[94m[GSM8K][0m INFO:atroposlib.envs.base:env_manager: Status dict: {'current_step': 0, 'queue_size': 0, 'unallocated_fraction': 1.0, 'self_queue_size': 0, 'max_group_size': 1, 'env_weight': 1.0}
[96m[ATROPOS][0m INFO:     127.0.0.1:62953 - "GET /status-env HTTP/1.1" 200 OK
[94m[GSM8K][0m INFO:atroposlib.envs.base:env_manager: Status dict: {'current_step': 0, 'queue_size': 0, 'unallocated_fraction': 1.0, 'self_queue_size': 0, 'max_group_size': 1, 'env_weight': 1.0}
[96m[ATROPOS][0m INFO:     127.0.0.1:62954 - "GET /status-env HTTP/1.1" 200 OK
[94m[GSM8K][0m INFO:atroposlib.envs.base:env_manager: Status dict: {'current_step': 0, 'queue_size': 0, 'unallocated_fraction': 1.0, 'self_queue_size': 0, 'max_group_size': 1, 'env_weight': 1.0}
[96m[ATROPOS][0m INFO:     127.0.0.1:62955 - "GET /status-env HTTP/1.1" 200 OK
[94m[GSM8K][0m INFO:atroposlib.envs.base:env_manager: Status dict: {'current_step': 0, 'queue_size': 0, 'unallocated_fraction': 1.0, 'self_queue_size': 0, 'max_group_size': 1, 'env_weight': 1.0}
[96m[ATROPOS][0m INFO:     127.0.0.1:62956 - "GET /status-env HTTP/1.1" 200 OK
[94m[GSM8K][0m INFO:atroposlib.envs.base:env_manager: Status dict: {'current_step': 0, 'queue_size': 0, 'unallocated_fraction': 1.0, 'self_queue_size': 0, 'max_group_size': 1, 'env_weight': 1.0}
[96m[ATROPOS][0m INFO:     127.0.0.1:62957 - "GET /status-env HTTP/1.1" 200 OK
[94m[GSM8K][0m INFO:atroposlib.envs.base:env_manager: Status dict: {'current_step': 0, 'queue_size': 0, 'unallocated_fraction': 1.0, 'self_queue_size': 0, 'max_group_size': 1, 'env_weight': 1.0}
[96m[ATROPOS][0m INFO:     127.0.0.1:62958 - "GET /batch HTTP/1.1" 200 OK
[92m[TRAINER][0m INFO:root:Polling for batch... attempt 190
[96m[ATROPOS][0m INFO:     127.0.0.1:62959 - "GET /status-env HTTP/1.1" 200 OK
[94m[GSM8K][0m INFO:atroposlib.envs.base:env_manager: Status dict: {'current_step': 0, 'queue_size': 0, 'unallocated_fraction': 1.0, 'self_queue_size': 0, 'max_group_size': 1, 'env_weight': 1.0}
[96m[ATROPOS][0m INFO:     127.0.0.1:62960 - "GET /status-env HTTP/1.1" 200 OK
[94m[GSM8K][0m INFO:atroposlib.envs.base:env_manager: Status dict: {'current_step': 0, 'queue_size': 0, 'unallocated_fraction': 1.0, 'self_queue_size': 0, 'max_group_size': 1, 'env_weight': 1.0}
[96m[ATROPOS][0m INFO:     127.0.0.1:62961 - "GET /status-env HTTP/1.1" 200 OK
[94m[GSM8K][0m INFO:atroposlib.envs.base:env_manager: Status dict: {'current_step': 0, 'queue_size': 0, 'unallocated_fraction': 1.0, 'self_queue_size': 0, 'max_group_size': 1, 'env_weight': 1.0}
[96m[ATROPOS][0m INFO:     127.0.0.1:62962 - "GET /status-env HTTP/1.1" 200 OK
[94m[GSM8K][0m INFO:atroposlib.envs.base:env_manager: Status dict: {'current_step': 0, 'queue_size': 0, 'unallocated_fraction': 1.0, 'self_queue_size': 0, 'max_group_size': 1, 'env_weight': 1.0}
[96m[ATROPOS][0m INFO:     127.0.0.1:62963 - "GET /status-env HTTP/1.1" 200 OK
[94m[GSM8K][0m INFO:atroposlib.envs.base:env_manager: Status dict: {'current_step': 0, 'queue_size': 0, 'unallocated_fraction': 1.0, 'self_queue_size': 0, 'max_group_size': 1, 'env_weight': 1.0}
[96m[ATROPOS][0m INFO:     127.0.0.1:62964 - "GET /status-env HTTP/1.1" 200 OK
[94m[GSM8K][0m INFO:atroposlib.envs.base:env_manager: Status dict: {'current_step': 0, 'queue_size': 0, 'unallocated_fraction': 1.0, 'self_queue_size': 0, 'max_group_size': 1, 'env_weight': 1.0}
[96m[ATROPOS][0m INFO:     127.0.0.1:62965 - "GET /status-env HTTP/1.1" 200 OK
[94m[GSM8K][0m INFO:atroposlib.envs.base:env_manager: Status dict: {'current_step': 0, 'queue_size': 0, 'unallocated_fraction': 1.0, 'self_queue_size': 0, 'max_group_size': 1, 'env_weight': 1.0}
[96m[ATROPOS][0m INFO:     127.0.0.1:62966 - "GET /status-env HTTP/1.1" 200 OK
[94m[GSM8K][0m INFO:atroposlib.envs.base:env_manager: Status dict: {'current_step': 0, 'queue_size': 0, 'unallocated_fraction': 1.0, 'self_queue_size': 0, 'max_group_size': 1, 'env_weight': 1.0}
[96m[ATROPOS][0m INFO:     127.0.0.1:62967 - "GET /status-env HTTP/1.1" 200 OK
[94m[GSM8K][0m INFO:atroposlib.envs.base:env_manager: Status dict: {'current_step': 0, 'queue_size': 0, 'unallocated_fraction': 1.0, 'self_queue_size': 0, 'max_group_size': 1, 'env_weight': 1.0}
[96m[ATROPOS][0m INFO:     127.0.0.1:62968 - "GET /batch HTTP/1.1" 200 OK
[96m[ATROPOS][0m INFO:     127.0.0.1:62969 - "GET /status-env HTTP/1.1" 200 OK
[94m[GSM8K][0m INFO:atroposlib.envs.base:env_manager: Status dict: {'current_step': 0, 'queue_size': 0, 'unallocated_fraction': 1.0, 'self_queue_size': 0, 'max_group_size': 1, 'env_weight': 1.0}
[96m[ATROPOS][0m INFO:     127.0.0.1:62970 - "GET /status-env HTTP/1.1" 200 OK
[94m[GSM8K][0m INFO:atroposlib.envs.base:env_manager: Status dict: {'current_step': 0, 'queue_size': 0, 'unallocated_fraction': 1.0, 'self_queue_size': 0, 'max_group_size': 1, 'env_weight': 1.0}
[96m[ATROPOS][0m INFO:     127.0.0.1:62971 - "GET /status-env HTTP/1.1" 200 OK
[94m[GSM8K][0m INFO:atroposlib.envs.base:env_manager: Status dict: {'current_step': 0, 'queue_size': 0, 'unallocated_fraction': 1.0, 'self_queue_size': 0, 'max_group_size': 1, 'env_weight': 1.0}
[96m[ATROPOS][0m INFO:     127.0.0.1:62972 - "GET /status-env HTTP/1.1" 200 OK
[94m[GSM8K][0m INFO:atroposlib.envs.base:env_manager: Status dict: {'current_step': 0, 'queue_size': 0, 'unallocated_fraction': 1.0, 'self_queue_size': 0, 'max_group_size': 1, 'env_weight': 1.0}
[96m[ATROPOS][0m INFO:     127.0.0.1:62973 - "GET /status-env HTTP/1.1" 200 OK
[94m[GSM8K][0m INFO:atroposlib.envs.base:env_manager: Status dict: {'current_step': 0, 'queue_size': 0, 'unallocated_fraction': 1.0, 'self_queue_size': 0, 'max_group_size': 1, 'env_weight': 1.0}
[96m[ATROPOS][0m INFO:     127.0.0.1:62974 - "GET /status-env HTTP/1.1" 200 OK
[94m[GSM8K][0m INFO:atroposlib.envs.base:env_manager: Status dict: {'current_step': 0, 'queue_size': 0, 'unallocated_fraction': 1.0, 'self_queue_size': 0, 'max_group_size': 1, 'env_weight': 1.0}
[96m[ATROPOS][0m INFO:     127.0.0.1:62975 - "GET /status-env HTTP/1.1" 200 OK
[94m[GSM8K][0m INFO:atroposlib.envs.base:env_manager: Status dict: {'current_step': 0, 'queue_size': 0, 'unallocated_fraction': 1.0, 'self_queue_size': 0, 'max_group_size': 1, 'env_weight': 1.0}
[96m[ATROPOS][0m INFO:     127.0.0.1:62976 - "GET /status-env HTTP/1.1" 200 OK
[94m[GSM8K][0m INFO:atroposlib.envs.base:env_manager: Status dict: {'current_step': 0, 'queue_size': 0, 'unallocated_fraction': 1.0, 'self_queue_size': 0, 'max_group_size': 1, 'env_weight': 1.0}
[96m[ATROPOS][0m INFO:     127.0.0.1:62977 - "GET /status-env HTTP/1.1" 200 OK
[94m[GSM8K][0m INFO:atroposlib.envs.base:env_manager: Status dict: {'current_step': 0, 'queue_size': 0, 'unallocated_fraction': 1.0, 'self_queue_size': 0, 'max_group_size': 1, 'env_weight': 1.0}
[96m[ATROPOS][0m INFO:     127.0.0.1:62978 - "GET /status-env HTTP/1.1" 200 OK
[94m[GSM8K][0m INFO:atroposlib.envs.base:env_manager: Status dict: {'current_step': 0, 'queue_size': 0, 'unallocated_fraction': 1.0, 'self_queue_size': 0, 'max_group_size': 1, 'env_weight': 1.0}
[96m[ATROPOS][0m INFO:     127.0.0.1:62979 - "GET /batch HTTP/1.1" 200 OK
[92m[TRAINER][0m [91mERROR:root:Chat request timed out for model NousResearch/Hermes-4-Qwen3-14B-1-e3 after 60.0 seconds.[0m
[92m[TRAINER][0m INFO:     127.0.0.1:60883 - "POST /v1/chat/completions HTTP/1.1" 504 Gateway Timeout
[96m[ATROPOS][0m INFO:     127.0.0.1:62980 - "GET /status-env HTTP/1.1" 200 OK
[94m[GSM8K][0m INFO:atroposlib.envs.base:env_manager: Status dict: {'current_step': 0, 'queue_size': 0, 'unallocated_fraction': 1.0, 'self_queue_size': 0, 'max_group_size': 1, 'env_weight': 1.0}
[96m[ATROPOS][0m INFO:     127.0.0.1:62981 - "GET /status-env HTTP/1.1" 200 OK
[94m[GSM8K][0m INFO:atroposlib.envs.base:env_manager: Status dict: {'current_step': 0, 'queue_size': 0, 'unallocated_fraction': 1.0, 'self_queue_size': 0, 'max_group_size': 1, 'env_weight': 1.0}
[92m[TRAINER][0m [91mERROR:root:Chat request timed out for model NousResearch/Hermes-4-Qwen3-14B-1-e3 after 60.0 seconds.[0m
[92m[TRAINER][0m INFO:     127.0.0.1:60884 - "POST /v1/chat/completions HTTP/1.1" 504 Gateway Timeout
[96m[ATROPOS][0m INFO:     127.0.0.1:62982 - "GET /status-env HTTP/1.1" 200 OK
[94m[GSM8K][0m INFO:atroposlib.envs.base:env_manager: Status dict: {'current_step': 0, 'queue_size': 0, 'unallocated_fraction': 1.0, 'self_queue_size': 0, 'max_group_size': 1, 'env_weight': 1.0}
[96m[ATROPOS][0m INFO:     127.0.0.1:62983 - "GET /status-env HTTP/1.1" 200 OK
[94m[GSM8K][0m INFO:atroposlib.envs.base:env_manager: Status dict: {'current_step': 0, 'queue_size': 0, 'unallocated_fraction': 1.0, 'self_queue_size': 0, 'max_group_size': 1, 'env_weight': 1.0}
[96m[ATROPOS][0m INFO:     127.0.0.1:62984 - "GET /status-env HTTP/1.1" 200 OK
[94m[GSM8K][0m INFO:atroposlib.envs.base:env_manager: Status dict: {'current_step': 0, 'queue_size': 0, 'unallocated_fraction': 1.0, 'self_queue_size': 0, 'max_group_size': 1, 'env_weight': 1.0}
[96m[ATROPOS][0m INFO:     127.0.0.1:62985 - "GET /status-env HTTP/1.1" 200 OK
[94m[GSM8K][0m INFO:atroposlib.envs.base:env_manager: Status dict: {'current_step': 0, 'queue_size': 0, 'unallocated_fraction': 1.0, 'self_queue_size': 0, 'max_group_size': 1, 'env_weight': 1.0}
[96m[ATROPOS][0m INFO:     127.0.0.1:62986 - "GET /status-env HTTP/1.1" 200 OK
[94m[GSM8K][0m INFO:atroposlib.envs.base:env_manager: Status dict: {'current_step': 0, 'queue_size': 0, 'unallocated_fraction': 1.0, 'self_queue_size': 0, 'max_group_size': 1, 'env_weight': 1.0}
[96m[ATROPOS][0m INFO:     127.0.0.1:62987 - "GET /status-env HTTP/1.1" 200 OK
[94m[GSM8K][0m INFO:atroposlib.envs.base:env_manager: Status dict: {'current_step': 0, 'queue_size': 0, 'unallocated_fraction': 1.0, 'self_queue_size': 0, 'max_group_size': 1, 'env_weight': 1.0}
[96m[ATROPOS][0m INFO:     127.0.0.1:62988 - "GET /status-env HTTP/1.1" 200 OK
[94m[GSM8K][0m INFO:atroposlib.envs.base:env_manager: Status dict: {'current_step': 0, 'queue_size': 0, 'unallocated_fraction': 1.0, 'self_queue_size': 0, 'max_group_size': 1, 'env_weight': 1.0}
[96m[ATROPOS][0m INFO:     127.0.0.1:62989 - "GET /status-env HTTP/1.1" 200 OK
[94m[GSM8K][0m INFO:atroposlib.envs.base:env_manager: Status dict: {'current_step': 0, 'queue_size': 0, 'unallocated_fraction': 1.0, 'self_queue_size': 0, 'max_group_size': 1, 'env_weight': 1.0}
[96m[ATROPOS][0m INFO:     127.0.0.1:62990 - "GET /batch HTTP/1.1" 200 OK
[92m[TRAINER][0m INFO:root:Non-streaming chat completion request for model NousResearch/Hermes-4-Qwen3-14B-1-e3. It will be queued for batch processing.
[96m[ATROPOS][0m INFO:     127.0.0.1:62991 - "GET /status-env HTTP/1.1" 200 OK
[94m[GSM8K][0m INFO:atroposlib.envs.base:env_manager: Status dict: {'current_step': 0, 'queue_size': 0, 'unallocated_fraction': 1.0, 'self_queue_size': 0, 'max_group_size': 1, 'env_weight': 1.0}
[96m[ATROPOS][0m INFO:     127.0.0.1:62992 - "GET /status-env HTTP/1.1" 200 OK
[94m[GSM8K][0m INFO:atroposlib.envs.base:env_manager: Status dict: {'current_step': 0, 'queue_size': 0, 'unallocated_fraction': 1.0, 'self_queue_size': 0, 'max_group_size': 1, 'env_weight': 1.0}
[96m[ATROPOS][0m INFO:     127.0.0.1:62993 - "GET /status-env HTTP/1.1" 200 OK
[94m[GSM8K][0m INFO:atroposlib.envs.base:env_manager: Status dict: {'current_step': 0, 'queue_size': 0, 'unallocated_fraction': 1.0, 'self_queue_size': 0, 'max_group_size': 1, 'env_weight': 1.0}
[96m[ATROPOS][0m INFO:     127.0.0.1:62994 - "GET /status-env HTTP/1.1" 200 OK
[94m[GSM8K][0m INFO:atroposlib.envs.base:env_manager: Status dict: {'current_step': 0, 'queue_size': 0, 'unallocated_fraction': 1.0, 'self_queue_size': 0, 'max_group_size': 1, 'env_weight': 1.0}
[96m[ATROPOS][0m INFO:     127.0.0.1:62995 - "GET /status-env HTTP/1.1" 200 OK
[94m[GSM8K][0m INFO:atroposlib.envs.base:env_manager: Status dict: {'current_step': 0, 'queue_size': 0, 'unallocated_fraction': 1.0, 'self_queue_size': 0, 'max_group_size': 1, 'env_weight': 1.0}
[96m[ATROPOS][0m INFO:     127.0.0.1:62996 - "GET /status-env HTTP/1.1" 200 OK
[94m[GSM8K][0m INFO:atroposlib.envs.base:env_manager: Status dict: {'current_step': 0, 'queue_size': 0, 'unallocated_fraction': 1.0, 'self_queue_size': 0, 'max_group_size': 1, 'env_weight': 1.0}
[96m[ATROPOS][0m INFO:     127.0.0.1:62997 - "GET /status-env HTTP/1.1" 200 OK
[94m[GSM8K][0m INFO:atroposlib.envs.base:env_manager: Status dict: {'current_step': 0, 'queue_size': 0, 'unallocated_fraction': 1.0, 'self_queue_size': 0, 'max_group_size': 1, 'env_weight': 1.0}
[96m[ATROPOS][0m INFO:     127.0.0.1:62998 - "GET /status-env HTTP/1.1" 200 OK
[94m[GSM8K][0m INFO:atroposlib.envs.base:env_manager: Status dict: {'current_step': 0, 'queue_size': 0, 'unallocated_fraction': 1.0, 'self_queue_size': 0, 'max_group_size': 1, 'env_weight': 1.0}
[96m[ATROPOS][0m INFO:     127.0.0.1:62999 - "GET /status-env HTTP/1.1" 200 OK
[94m[GSM8K][0m INFO:atroposlib.envs.base:env_manager: Status dict: {'current_step': 0, 'queue_size': 0, 'unallocated_fraction': 1.0, 'self_queue_size': 0, 'max_group_size': 1, 'env_weight': 1.0}
[96m[ATROPOS][0m INFO:     127.0.0.1:63000 - "GET /batch HTTP/1.1" 200 OK
[96m[ATROPOS][0m INFO:     127.0.0.1:63001 - "GET /status-env HTTP/1.1" 200 OK
[94m[GSM8K][0m INFO:atroposlib.envs.base:env_manager: Status dict: {'current_step': 0, 'queue_size': 0, 'unallocated_fraction': 1.0, 'self_queue_size': 0, 'max_group_size': 1, 'env_weight': 1.0}
[96m[ATROPOS][0m INFO:     127.0.0.1:63002 - "GET /status-env HTTP/1.1" 200 OK
[94m[GSM8K][0m INFO:atroposlib.envs.base:env_manager: Status dict: {'current_step': 0, 'queue_size': 0, 'unallocated_fraction': 1.0, 'self_queue_size': 0, 'max_group_size': 1, 'env_weight': 1.0}
[96m[ATROPOS][0m INFO:     127.0.0.1:63003 - "GET /status-env HTTP/1.1" 200 OK
[94m[GSM8K][0m INFO:atroposlib.envs.base:env_manager: Status dict: {'current_step': 0, 'queue_size': 0, 'unallocated_fraction': 1.0, 'self_queue_size': 0, 'max_group_size': 1, 'env_weight': 1.0}
[96m[ATROPOS][0m INFO:     127.0.0.1:63004 - "GET /status-env HTTP/1.1" 200 OK
[94m[GSM8K][0m INFO:atroposlib.envs.base:env_manager: Status dict: {'current_step': 0, 'queue_size': 0, 'unallocated_fraction': 1.0, 'self_queue_size': 0, 'max_group_size': 1, 'env_weight': 1.0}
[96m[ATROPOS][0m INFO:     127.0.0.1:63005 - "GET /status-env HTTP/1.1" 200 OK
[94m[GSM8K][0m INFO:atroposlib.envs.base:env_manager: Status dict: {'current_step': 0, 'queue_size': 0, 'unallocated_fraction': 1.0, 'self_queue_size': 0, 'max_group_size': 1, 'env_weight': 1.0}
[96m[ATROPOS][0m INFO:     127.0.0.1:63006 - "GET /status-env HTTP/1.1" 200 OK
[94m[GSM8K][0m INFO:atroposlib.envs.base:env_manager: Status dict: {'current_step': 0, 'queue_size': 0, 'unallocated_fraction': 1.0, 'self_queue_size': 0, 'max_group_size': 1, 'env_weight': 1.0}
[96m[ATROPOS][0m INFO:     127.0.0.1:63007 - "GET /status-env HTTP/1.1" 200 OK
[94m[GSM8K][0m INFO:atroposlib.envs.base:env_manager: Status dict: {'current_step': 0, 'queue_size': 0, 'unallocated_fraction': 1.0, 'self_queue_size': 0, 'max_group_size': 1, 'env_weight': 1.0}
[96m[ATROPOS][0m INFO:     127.0.0.1:63008 - "GET /status-env HTTP/1.1" 200 OK
[94m[GSM8K][0m INFO:atroposlib.envs.base:env_manager: Status dict: {'current_step': 0, 'queue_size': 0, 'unallocated_fraction': 1.0, 'self_queue_size': 0, 'max_group_size': 1, 'env_weight': 1.0}
[96m[ATROPOS][0m INFO:     127.0.0.1:63009 - "GET /status-env HTTP/1.1" 200 OK
[94m[GSM8K][0m INFO:atroposlib.envs.base:env_manager: Status dict: {'current_step': 0, 'queue_size': 0, 'unallocated_fraction': 1.0, 'self_queue_size': 0, 'max_group_size': 1, 'env_weight': 1.0}
[96m[ATROPOS][0m INFO:     127.0.0.1:63010 - "GET /status-env HTTP/1.1" 200 OK
[94m[GSM8K][0m INFO:atroposlib.envs.base:env_manager: Status dict: {'current_step': 0, 'queue_size': 0, 'unallocated_fraction': 1.0, 'self_queue_size': 0, 'max_group_size': 1, 'env_weight': 1.0}
[96m[ATROPOS][0m INFO:     127.0.0.1:63011 - "GET /batch HTTP/1.1" 200 OK
[92m[TRAINER][0m INFO:root:Polling for batch... attempt 195
[96m[ATROPOS][0m INFO:     127.0.0.1:63012 - "GET /status-env HTTP/1.1" 200 OK
[94m[GSM8K][0m INFO:atroposlib.envs.base:env_manager: Status dict: {'current_step': 0, 'queue_size': 0, 'unallocated_fraction': 1.0, 'self_queue_size': 0, 'max_group_size': 1, 'env_weight': 1.0}
[96m[ATROPOS][0m INFO:     127.0.0.1:63013 - "GET /status-env HTTP/1.1" 200 OK
[94m[GSM8K][0m INFO:atroposlib.envs.base:env_manager: Status dict: {'current_step': 0, 'queue_size': 0, 'unallocated_fraction': 1.0, 'self_queue_size': 0, 'max_group_size': 1, 'env_weight': 1.0}
[96m[ATROPOS][0m INFO:     127.0.0.1:63014 - "GET /status-env HTTP/1.1" 200 OK
[94m[GSM8K][0m INFO:atroposlib.envs.base:env_manager: Status dict: {'current_step': 0, 'queue_size': 0, 'unallocated_fraction': 1.0, 'self_queue_size': 0, 'max_group_size': 1, 'env_weight': 1.0}
[96m[ATROPOS][0m INFO:     127.0.0.1:63015 - "GET /status-env HTTP/1.1" 200 OK
[94m[GSM8K][0m INFO:atroposlib.envs.base:env_manager: Status dict: {'current_step': 0, 'queue_size': 0, 'unallocated_fraction': 1.0, 'self_queue_size': 0, 'max_group_size': 1, 'env_weight': 1.0}
[96m[ATROPOS][0m INFO:     127.0.0.1:63016 - "GET /status-env HTTP/1.1" 200 OK
[94m[GSM8K][0m INFO:atroposlib.envs.base:env_manager: Status dict: {'current_step': 0, 'queue_size': 0, 'unallocated_fraction': 1.0, 'self_queue_size': 0, 'max_group_size': 1, 'env_weight': 1.0}
[96m[ATROPOS][0m INFO:     127.0.0.1:63017 - "GET /status-env HTTP/1.1" 200 OK
[94m[GSM8K][0m INFO:atroposlib.envs.base:env_manager: Status dict: {'current_step': 0, 'queue_size': 0, 'unallocated_fraction': 1.0, 'self_queue_size': 0, 'max_group_size': 1, 'env_weight': 1.0}
[96m[ATROPOS][0m INFO:     127.0.0.1:63018 - "GET /status-env HTTP/1.1" 200 OK
[94m[GSM8K][0m INFO:atroposlib.envs.base:env_manager: Status dict: {'current_step': 0, 'queue_size': 0, 'unallocated_fraction': 1.0, 'self_queue_size': 0, 'max_group_size': 1, 'env_weight': 1.0}
[96m[ATROPOS][0m INFO:     127.0.0.1:63019 - "GET /status-env HTTP/1.1" 200 OK
[94m[GSM8K][0m INFO:atroposlib.envs.base:env_manager: Status dict: {'current_step': 0, 'queue_size': 0, 'unallocated_fraction': 1.0, 'self_queue_size': 0, 'max_group_size': 1, 'env_weight': 1.0}
[96m[ATROPOS][0m INFO:     127.0.0.1:63020 - "GET /status-env HTTP/1.1" 200 OK
[94m[GSM8K][0m INFO:atroposlib.envs.base:env_manager: Status dict: {'current_step': 0, 'queue_size': 0, 'unallocated_fraction': 1.0, 'self_queue_size': 0, 'max_group_size': 1, 'env_weight': 1.0}
[96m[ATROPOS][0m INFO:     127.0.0.1:63022 - "GET /batch HTTP/1.1" 200 OK
[96m[ATROPOS][0m INFO:     127.0.0.1:63021 - "GET /status-env HTTP/1.1" 200 OK
[94m[GSM8K][0m INFO:atroposlib.envs.base:env_manager: Status dict: {'current_step': 0, 'queue_size': 0, 'unallocated_fraction': 1.0, 'self_queue_size': 0, 'max_group_size': 1, 'env_weight': 1.0}
[96m[ATROPOS][0m INFO:     127.0.0.1:63023 - "GET /status-env HTTP/1.1" 200 OK
[94m[GSM8K][0m INFO:atroposlib.envs.base:env_manager: Status dict: {'current_step': 0, 'queue_size': 0, 'unallocated_fraction': 1.0, 'self_queue_size': 0, 'max_group_size': 1, 'env_weight': 1.0}
[96m[ATROPOS][0m INFO:     127.0.0.1:63024 - "GET /status-env HTTP/1.1" 200 OK
[94m[GSM8K][0m INFO:atroposlib.envs.base:env_manager: Status dict: {'current_step': 0, 'queue_size': 0, 'unallocated_fraction': 1.0, 'self_queue_size': 0, 'max_group_size': 1, 'env_weight': 1.0}
[96m[ATROPOS][0m INFO:     127.0.0.1:63025 - "GET /status-env HTTP/1.1" 200 OK
[94m[GSM8K][0m INFO:atroposlib.envs.base:env_manager: Status dict: {'current_step': 0, 'queue_size': 0, 'unallocated_fraction': 1.0, 'self_queue_size': 0, 'max_group_size': 1, 'env_weight': 1.0}
[96m[ATROPOS][0m INFO:     127.0.0.1:63026 - "GET /status-env HTTP/1.1" 200 OK
[94m[GSM8K][0m INFO:atroposlib.envs.base:env_manager: Status dict: {'current_step': 0, 'queue_size': 0, 'unallocated_fraction': 1.0, 'self_queue_size': 0, 'max_group_size': 1, 'env_weight': 1.0}
[96m[ATROPOS][0m INFO:     127.0.0.1:63027 - "GET /status-env HTTP/1.1" 200 OK
[94m[GSM8K][0m INFO:atroposlib.envs.base:env_manager: Status dict: {'current_step': 0, 'queue_size': 0, 'unallocated_fraction': 1.0, 'self_queue_size': 0, 'max_group_size': 1, 'env_weight': 1.0}
[96m[ATROPOS][0m INFO:     127.0.0.1:63028 - "GET /status-env HTTP/1.1" 200 OK
[94m[GSM8K][0m INFO:atroposlib.envs.base:env_manager: Status dict: {'current_step': 0, 'queue_size': 0, 'unallocated_fraction': 1.0, 'self_queue_size': 0, 'max_group_size': 1, 'env_weight': 1.0}
[96m[ATROPOS][0m INFO:     127.0.0.1:63029 - "GET /status-env HTTP/1.1" 200 OK
[94m[GSM8K][0m INFO:atroposlib.envs.base:env_manager: Status dict: {'current_step': 0, 'queue_size': 0, 'unallocated_fraction': 1.0, 'self_queue_size': 0, 'max_group_size': 1, 'env_weight': 1.0}
[96m[ATROPOS][0m INFO:     127.0.0.1:63030 - "GET /status-env HTTP/1.1" 200 OK
[94m[GSM8K][0m INFO:atroposlib.envs.base:env_manager: Status dict: {'current_step': 0, 'queue_size': 0, 'unallocated_fraction': 1.0, 'self_queue_size': 0, 'max_group_size': 1, 'env_weight': 1.0}
[96m[ATROPOS][0m INFO:     127.0.0.1:63031 - "GET /status-env HTTP/1.1" 200 OK
[94m[GSM8K][0m INFO:atroposlib.envs.base:env_manager: Status dict: {'current_step': 0, 'queue_size': 0, 'unallocated_fraction': 1.0, 'self_queue_size': 0, 'max_group_size': 1, 'env_weight': 1.0}
[96m[ATROPOS][0m INFO:     127.0.0.1:63032 - "GET /batch HTTP/1.1" 200 OK
[96m[ATROPOS][0m INFO:     127.0.0.1:63033 - "GET /status-env HTTP/1.1" 200 OK
[94m[GSM8K][0m INFO:atroposlib.envs.base:env_manager: Status dict: {'current_step': 0, 'queue_size': 0, 'unallocated_fraction': 1.0, 'self_queue_size': 0, 'max_group_size': 1, 'env_weight': 1.0}
[96m[ATROPOS][0m INFO:     127.0.0.1:63034 - "GET /status-env HTTP/1.1" 200 OK
[94m[GSM8K][0m INFO:atroposlib.envs.base:env_manager: Status dict: {'current_step': 0, 'queue_size': 0, 'unallocated_fraction': 1.0, 'self_queue_size': 0, 'max_group_size': 1, 'env_weight': 1.0}
[96m[ATROPOS][0m INFO:     127.0.0.1:63035 - "GET /status-env HTTP/1.1" 200 OK
[94m[GSM8K][0m INFO:atroposlib.envs.base:env_manager: Status dict: {'current_step': 0, 'queue_size': 0, 'unallocated_fraction': 1.0, 'self_queue_size': 0, 'max_group_size': 1, 'env_weight': 1.0}
[96m[ATROPOS][0m INFO:     127.0.0.1:63036 - "GET /status-env HTTP/1.1" 200 OK
[94m[GSM8K][0m INFO:atroposlib.envs.base:env_manager: Status dict: {'current_step': 0, 'queue_size': 0, 'unallocated_fraction': 1.0, 'self_queue_size': 0, 'max_group_size': 1, 'env_weight': 1.0}
[96m[ATROPOS][0m INFO:     127.0.0.1:63037 - "GET /status-env HTTP/1.1" 200 OK
[94m[GSM8K][0m INFO:atroposlib.envs.base:env_manager: Status dict: {'current_step': 0, 'queue_size': 0, 'unallocated_fraction': 1.0, 'self_queue_size': 0, 'max_group_size': 1, 'env_weight': 1.0}
[96m[ATROPOS][0m INFO:     127.0.0.1:63040 - "GET /status-env HTTP/1.1" 200 OK
[94m[GSM8K][0m INFO:atroposlib.envs.base:env_manager: Status dict: {'current_step': 0, 'queue_size': 0, 'unallocated_fraction': 1.0, 'self_queue_size': 0, 'max_group_size': 1, 'env_weight': 1.0}
[96m[ATROPOS][0m INFO:     127.0.0.1:63041 - "GET /status-env HTTP/1.1" 200 OK
[94m[GSM8K][0m INFO:atroposlib.envs.base:env_manager: Status dict: {'current_step': 0, 'queue_size': 0, 'unallocated_fraction': 1.0, 'self_queue_size': 0, 'max_group_size': 1, 'env_weight': 1.0}
[96m[ATROPOS][0m INFO:     127.0.0.1:63042 - "GET /status-env HTTP/1.1" 200 OK
[94m[GSM8K][0m INFO:atroposlib.envs.base:env_manager: Status dict: {'current_step': 0, 'queue_size': 0, 'unallocated_fraction': 1.0, 'self_queue_size': 0, 'max_group_size': 1, 'env_weight': 1.0}
[96m[ATROPOS][0m INFO:     127.0.0.1:63043 - "GET /status-env HTTP/1.1" 200 OK
[94m[GSM8K][0m INFO:atroposlib.envs.base:env_manager: Status dict: {'current_step': 0, 'queue_size': 0, 'unallocated_fraction': 1.0, 'self_queue_size': 0, 'max_group_size': 1, 'env_weight': 1.0}
[96m[ATROPOS][0m INFO:     127.0.0.1:63044 - "GET /status-env HTTP/1.1" 200 OK
[94m[GSM8K][0m INFO:atroposlib.envs.base:env_manager: Status dict: {'current_step': 0, 'queue_size': 0, 'unallocated_fraction': 1.0, 'self_queue_size': 0, 'max_group_size': 1, 'env_weight': 1.0}
[96m[ATROPOS][0m INFO:     127.0.0.1:63045 - "GET /batch HTTP/1.1" 200 OK
[96m[ATROPOS][0m INFO:     127.0.0.1:63046 - "GET /status-env HTTP/1.1" 200 OK
[94m[GSM8K][0m INFO:atroposlib.envs.base:env_manager: Status dict: {'current_step': 0, 'queue_size': 0, 'unallocated_fraction': 1.0, 'self_queue_size': 0, 'max_group_size': 1, 'env_weight': 1.0}
[96m[ATROPOS][0m INFO:     127.0.0.1:63047 - "GET /status-env HTTP/1.1" 200 OK
[94m[GSM8K][0m INFO:atroposlib.envs.base:env_manager: Status dict: {'current_step': 0, 'queue_size': 0, 'unallocated_fraction': 1.0, 'self_queue_size': 0, 'max_group_size': 1, 'env_weight': 1.0}
[96m[ATROPOS][0m INFO:     127.0.0.1:63048 - "GET /status-env HTTP/1.1" 200 OK
[94m[GSM8K][0m INFO:atroposlib.envs.base:env_manager: Status dict: {'current_step': 0, 'queue_size': 0, 'unallocated_fraction': 1.0, 'self_queue_size': 0, 'max_group_size': 1, 'env_weight': 1.0}
[96m[ATROPOS][0m INFO:     127.0.0.1:63049 - "GET /status-env HTTP/1.1" 200 OK
[94m[GSM8K][0m INFO:atroposlib.envs.base:env_manager: Status dict: {'current_step': 0, 'queue_size': 0, 'unallocated_fraction': 1.0, 'self_queue_size': 0, 'max_group_size': 1, 'env_weight': 1.0}
[96m[ATROPOS][0m INFO:     127.0.0.1:63050 - "GET /status-env HTTP/1.1" 200 OK
[94m[GSM8K][0m INFO:atroposlib.envs.base:env_manager: Status dict: {'current_step': 0, 'queue_size': 0, 'unallocated_fraction': 1.0, 'self_queue_size': 0, 'max_group_size': 1, 'env_weight': 1.0}
[96m[ATROPOS][0m INFO:     127.0.0.1:63051 - "GET /status-env HTTP/1.1" 200 OK
[94m[GSM8K][0m INFO:atroposlib.envs.base:env_manager: Status dict: {'current_step': 0, 'queue_size': 0, 'unallocated_fraction': 1.0, 'self_queue_size': 0, 'max_group_size': 1, 'env_weight': 1.0}
[96m[ATROPOS][0m INFO:     127.0.0.1:63052 - "GET /status-env HTTP/1.1" 200 OK
[94m[GSM8K][0m INFO:atroposlib.envs.base:env_manager: Status dict: {'current_step': 0, 'queue_size': 0, 'unallocated_fraction': 1.0, 'self_queue_size': 0, 'max_group_size': 1, 'env_weight': 1.0}
[96m[ATROPOS][0m INFO:     127.0.0.1:63053 - "GET /status-env HTTP/1.1" 200 OK
[94m[GSM8K][0m INFO:atroposlib.envs.base:env_manager: Status dict: {'current_step': 0, 'queue_size': 0, 'unallocated_fraction': 1.0, 'self_queue_size': 0, 'max_group_size': 1, 'env_weight': 1.0}
[96m[ATROPOS][0m INFO:     127.0.0.1:63054 - "GET /status-env HTTP/1.1" 200 OK
[94m[GSM8K][0m INFO:atroposlib.envs.base:env_manager: Status dict: {'current_step': 0, 'queue_size': 0, 'unallocated_fraction': 1.0, 'self_queue_size': 0, 'max_group_size': 1, 'env_weight': 1.0}
[96m[ATROPOS][0m INFO:     127.0.0.1:63055 - "GET /status-env HTTP/1.1" 200 OK
[94m[GSM8K][0m INFO:atroposlib.envs.base:env_manager: Status dict: {'current_step': 0, 'queue_size': 0, 'unallocated_fraction': 1.0, 'self_queue_size': 0, 'max_group_size': 1, 'env_weight': 1.0}
[96m[ATROPOS][0m INFO:     127.0.0.1:63056 - "GET /batch HTTP/1.1" 200 OK
[96m[ATROPOS][0m INFO:     127.0.0.1:63057 - "GET /status-env HTTP/1.1" 200 OK
[94m[GSM8K][0m INFO:atroposlib.envs.base:env_manager: Status dict: {'current_step': 0, 'queue_size': 0, 'unallocated_fraction': 1.0, 'self_queue_size': 0, 'max_group_size': 1, 'env_weight': 1.0}
[96m[ATROPOS][0m INFO:     127.0.0.1:63058 - "GET /status-env HTTP/1.1" 200 OK
[94m[GSM8K][0m INFO:atroposlib.envs.base:env_manager: Status dict: {'current_step': 0, 'queue_size': 0, 'unallocated_fraction': 1.0, 'self_queue_size': 0, 'max_group_size': 1, 'env_weight': 1.0}
[96m[ATROPOS][0m INFO:     127.0.0.1:63059 - "GET /status-env HTTP/1.1" 200 OK
[94m[GSM8K][0m INFO:atroposlib.envs.base:env_manager: Status dict: {'current_step': 0, 'queue_size': 0, 'unallocated_fraction': 1.0, 'self_queue_size': 0, 'max_group_size': 1, 'env_weight': 1.0}
[96m[ATROPOS][0m INFO:     127.0.0.1:63060 - "GET /status-env HTTP/1.1" 200 OK
[94m[GSM8K][0m INFO:atroposlib.envs.base:env_manager: Status dict: {'current_step': 0, 'queue_size': 0, 'unallocated_fraction': 1.0, 'self_queue_size': 0, 'max_group_size': 1, 'env_weight': 1.0}
[96m[ATROPOS][0m INFO:     127.0.0.1:63061 - "GET /status-env HTTP/1.1" 200 OK
[94m[GSM8K][0m INFO:atroposlib.envs.base:env_manager: Status dict: {'current_step': 0, 'queue_size': 0, 'unallocated_fraction': 1.0, 'self_queue_size': 0, 'max_group_size': 1, 'env_weight': 1.0}
[96m[ATROPOS][0m INFO:     127.0.0.1:63062 - "GET /status-env HTTP/1.1" 200 OK
[94m[GSM8K][0m INFO:atroposlib.envs.base:env_manager: Status dict: {'current_step': 0, 'queue_size': 0, 'unallocated_fraction': 1.0, 'self_queue_size': 0, 'max_group_size': 1, 'env_weight': 1.0}
[96m[ATROPOS][0m INFO:     127.0.0.1:63063 - "GET /status-env HTTP/1.1" 200 OK
[94m[GSM8K][0m INFO:atroposlib.envs.base:env_manager: Status dict: {'current_step': 0, 'queue_size': 0, 'unallocated_fraction': 1.0, 'self_queue_size': 0, 'max_group_size': 1, 'env_weight': 1.0}
[96m[ATROPOS][0m INFO:     127.0.0.1:63064 - "GET /status-env HTTP/1.1" 200 OK
[94m[GSM8K][0m INFO:atroposlib.envs.base:env_manager: Status dict: {'current_step': 0, 'queue_size': 0, 'unallocated_fraction': 1.0, 'self_queue_size': 0, 'max_group_size': 1, 'env_weight': 1.0}
[96m[ATROPOS][0m INFO:     127.0.0.1:63065 - "GET /status-env HTTP/1.1" 200 OK
[94m[GSM8K][0m INFO:atroposlib.envs.base:env_manager: Status dict: {'current_step': 0, 'queue_size': 0, 'unallocated_fraction': 1.0, 'self_queue_size': 0, 'max_group_size': 1, 'env_weight': 1.0}
[96m[ATROPOS][0m INFO:     127.0.0.1:63066 - "GET /batch HTTP/1.1" 200 OK
[92m[TRAINER][0m INFO:root:Polling for batch... attempt 200
[96m[ATROPOS][0m INFO:     127.0.0.1:63067 - "GET /status-env HTTP/1.1" 200 OK
[94m[GSM8K][0m INFO:atroposlib.envs.base:env_manager: Status dict: {'current_step': 0, 'queue_size': 0, 'unallocated_fraction': 1.0, 'self_queue_size': 0, 'max_group_size': 1, 'env_weight': 1.0}
[96m[ATROPOS][0m INFO:     127.0.0.1:63068 - "GET /status-env HTTP/1.1" 200 OK
[94m[GSM8K][0m INFO:atroposlib.envs.base:env_manager: Status dict: {'current_step': 0, 'queue_size': 0, 'unallocated_fraction': 1.0, 'self_queue_size': 0, 'max_group_size': 1, 'env_weight': 1.0}
[96m[ATROPOS][0m INFO:     127.0.0.1:63069 - "GET /status-env HTTP/1.1" 200 OK
[94m[GSM8K][0m INFO:atroposlib.envs.base:env_manager: Status dict: {'current_step': 0, 'queue_size': 0, 'unallocated_fraction': 1.0, 'self_queue_size': 0, 'max_group_size': 1, 'env_weight': 1.0}
[96m[ATROPOS][0m INFO:     127.0.0.1:63070 - "GET /status-env HTTP/1.1" 200 OK
[94m[GSM8K][0m INFO:atroposlib.envs.base:env_manager: Status dict: {'current_step': 0, 'queue_size': 0, 'unallocated_fraction': 1.0, 'self_queue_size': 0, 'max_group_size': 1, 'env_weight': 1.0}
[96m[ATROPOS][0m INFO:     127.0.0.1:63071 - "GET /status-env HTTP/1.1" 200 OK
[94m[GSM8K][0m INFO:atroposlib.envs.base:env_manager: Status dict: {'current_step': 0, 'queue_size': 0, 'unallocated_fraction': 1.0, 'self_queue_size': 0, 'max_group_size': 1, 'env_weight': 1.0}
[96m[ATROPOS][0m INFO:     127.0.0.1:63072 - "GET /status-env HTTP/1.1" 200 OK
[94m[GSM8K][0m INFO:atroposlib.envs.base:env_manager: Status dict: {'current_step': 0, 'queue_size': 0, 'unallocated_fraction': 1.0, 'self_queue_size': 0, 'max_group_size': 1, 'env_weight': 1.0}
[96m[ATROPOS][0m INFO:     127.0.0.1:63073 - "GET /status-env HTTP/1.1" 200 OK
[94m[GSM8K][0m INFO:atroposlib.envs.base:env_manager: Status dict: {'current_step': 0, 'queue_size': 0, 'unallocated_fraction': 1.0, 'self_queue_size': 0, 'max_group_size': 1, 'env_weight': 1.0}
[96m[ATROPOS][0m INFO:     127.0.0.1:63074 - "GET /status-env HTTP/1.1" 200 OK
[94m[GSM8K][0m INFO:atroposlib.envs.base:env_manager: Status dict: {'current_step': 0, 'queue_size': 0, 'unallocated_fraction': 1.0, 'self_queue_size': 0, 'max_group_size': 1, 'env_weight': 1.0}
[96m[ATROPOS][0m INFO:     127.0.0.1:63075 - "GET /status-env HTTP/1.1" 200 OK
[94m[GSM8K][0m INFO:atroposlib.envs.base:env_manager: Status dict: {'current_step': 0, 'queue_size': 0, 'unallocated_fraction': 1.0, 'self_queue_size': 0, 'max_group_size': 1, 'env_weight': 1.0}
[96m[ATROPOS][0m INFO:     127.0.0.1:63076 - "GET /status-env HTTP/1.1" 200 OK
[94m[GSM8K][0m INFO:atroposlib.envs.base:env_manager: Status dict: {'current_step': 0, 'queue_size': 0, 'unallocated_fraction': 1.0, 'self_queue_size': 0, 'max_group_size': 1, 'env_weight': 1.0}
[96m[ATROPOS][0m INFO:     127.0.0.1:63077 - "GET /batch HTTP/1.1" 200 OK
[96m[ATROPOS][0m INFO:     127.0.0.1:63078 - "GET /status-env HTTP/1.1" 200 OK
[94m[GSM8K][0m INFO:atroposlib.envs.base:env_manager: Status dict: {'current_step': 0, 'queue_size': 0, 'unallocated_fraction': 1.0, 'self_queue_size': 0, 'max_group_size': 1, 'env_weight': 1.0}
[96m[ATROPOS][0m INFO:     127.0.0.1:63079 - "GET /status-env HTTP/1.1" 200 OK
[94m[GSM8K][0m INFO:atroposlib.envs.base:env_manager: Status dict: {'current_step': 0, 'queue_size': 0, 'unallocated_fraction': 1.0, 'self_queue_size': 0, 'max_group_size': 1, 'env_weight': 1.0}
[96m[ATROPOS][0m INFO:     127.0.0.1:63080 - "GET /status-env HTTP/1.1" 200 OK
[94m[GSM8K][0m INFO:atroposlib.envs.base:env_manager: Status dict: {'current_step': 0, 'queue_size': 0, 'unallocated_fraction': 1.0, 'self_queue_size': 0, 'max_group_size': 1, 'env_weight': 1.0}
[96m[ATROPOS][0m INFO:     127.0.0.1:63081 - "GET /status-env HTTP/1.1" 200 OK
[94m[GSM8K][0m INFO:atroposlib.envs.base:env_manager: Status dict: {'current_step': 0, 'queue_size': 0, 'unallocated_fraction': 1.0, 'self_queue_size': 0, 'max_group_size': 1, 'env_weight': 1.0}
[96m[ATROPOS][0m INFO:     127.0.0.1:63082 - "GET /status-env HTTP/1.1" 200 OK
[94m[GSM8K][0m INFO:atroposlib.envs.base:env_manager: Status dict: {'current_step': 0, 'queue_size': 0, 'unallocated_fraction': 1.0, 'self_queue_size': 0, 'max_group_size': 1, 'env_weight': 1.0}
[96m[ATROPOS][0m INFO:     127.0.0.1:63083 - "GET /status-env HTTP/1.1" 200 OK
[94m[GSM8K][0m INFO:atroposlib.envs.base:env_manager: Status dict: {'current_step': 0, 'queue_size': 0, 'unallocated_fraction': 1.0, 'self_queue_size': 0, 'max_group_size': 1, 'env_weight': 1.0}
[96m[ATROPOS][0m INFO:     127.0.0.1:63084 - "GET /status-env HTTP/1.1" 200 OK
[94m[GSM8K][0m INFO:atroposlib.envs.base:env_manager: Status dict: {'current_step': 0, 'queue_size': 0, 'unallocated_fraction': 1.0, 'self_queue_size': 0, 'max_group_size': 1, 'env_weight': 1.0}
[96m[ATROPOS][0m INFO:     127.0.0.1:63085 - "GET /status-env HTTP/1.1" 200 OK
[94m[GSM8K][0m INFO:atroposlib.envs.base:env_manager: Status dict: {'current_step': 0, 'queue_size': 0, 'unallocated_fraction': 1.0, 'self_queue_size': 0, 'max_group_size': 1, 'env_weight': 1.0}
[96m[ATROPOS][0m INFO:     127.0.0.1:63086 - "GET /status-env HTTP/1.1" 200 OK
[94m[GSM8K][0m INFO:atroposlib.envs.base:env_manager: Status dict: {'current_step': 0, 'queue_size': 0, 'unallocated_fraction': 1.0, 'self_queue_size': 0, 'max_group_size': 1, 'env_weight': 1.0}
[96m[ATROPOS][0m INFO:     127.0.0.1:63087 - "GET /status-env HTTP/1.1" 200 OK
[94m[GSM8K][0m INFO:atroposlib.envs.base:env_manager: Status dict: {'current_step': 0, 'queue_size': 0, 'unallocated_fraction': 1.0, 'self_queue_size': 0, 'max_group_size': 1, 'env_weight': 1.0}
[96m[ATROPOS][0m INFO:     127.0.0.1:63088 - "GET /batch HTTP/1.1" 200 OK
[96m[ATROPOS][0m INFO:     127.0.0.1:63089 - "GET /status-env HTTP/1.1" 200 OK
[94m[GSM8K][0m INFO:atroposlib.envs.base:env_manager: Status dict: {'current_step': 0, 'queue_size': 0, 'unallocated_fraction': 1.0, 'self_queue_size': 0, 'max_group_size': 1, 'env_weight': 1.0}
[96m[ATROPOS][0m INFO:     127.0.0.1:63090 - "GET /status-env HTTP/1.1" 200 OK
[94m[GSM8K][0m INFO:atroposlib.envs.base:env_manager: Status dict: {'current_step': 0, 'queue_size': 0, 'unallocated_fraction': 1.0, 'self_queue_size': 0, 'max_group_size': 1, 'env_weight': 1.0}
[96m[ATROPOS][0m INFO:     127.0.0.1:63091 - "GET /status-env HTTP/1.1" 200 OK
[94m[GSM8K][0m INFO:atroposlib.envs.base:env_manager: Status dict: {'current_step': 0, 'queue_size': 0, 'unallocated_fraction': 1.0, 'self_queue_size': 0, 'max_group_size': 1, 'env_weight': 1.0}
[96m[ATROPOS][0m INFO:     127.0.0.1:63092 - "GET /status-env HTTP/1.1" 200 OK
[94m[GSM8K][0m INFO:atroposlib.envs.base:env_manager: Status dict: {'current_step': 0, 'queue_size': 0, 'unallocated_fraction': 1.0, 'self_queue_size': 0, 'max_group_size': 1, 'env_weight': 1.0}
[96m[ATROPOS][0m INFO:     127.0.0.1:63093 - "GET /status-env HTTP/1.1" 200 OK
[94m[GSM8K][0m INFO:atroposlib.envs.base:env_manager: Status dict: {'current_step': 0, 'queue_size': 0, 'unallocated_fraction': 1.0, 'self_queue_size': 0, 'max_group_size': 1, 'env_weight': 1.0}
[96m[ATROPOS][0m INFO:     127.0.0.1:63094 - "GET /status-env HTTP/1.1" 200 OK
[94m[GSM8K][0m INFO:atroposlib.envs.base:env_manager: Status dict: {'current_step': 0, 'queue_size': 0, 'unallocated_fraction': 1.0, 'self_queue_size': 0, 'max_group_size': 1, 'env_weight': 1.0}
[96m[ATROPOS][0m INFO:     127.0.0.1:63095 - "GET /status-env HTTP/1.1" 200 OK
[94m[GSM8K][0m INFO:atroposlib.envs.base:env_manager: Status dict: {'current_step': 0, 'queue_size': 0, 'unallocated_fraction': 1.0, 'self_queue_size': 0, 'max_group_size': 1, 'env_weight': 1.0}
[96m[ATROPOS][0m INFO:     127.0.0.1:63096 - "GET /status-env HTTP/1.1" 200 OK
[94m[GSM8K][0m INFO:atroposlib.envs.base:env_manager: Status dict: {'current_step': 0, 'queue_size': 0, 'unallocated_fraction': 1.0, 'self_queue_size': 0, 'max_group_size': 1, 'env_weight': 1.0}
[96m[ATROPOS][0m INFO:     127.0.0.1:63097 - "GET /status-env HTTP/1.1" 200 OK
[94m[GSM8K][0m INFO:atroposlib.envs.base:env_manager: Status dict: {'current_step': 0, 'queue_size': 0, 'unallocated_fraction': 1.0, 'self_queue_size': 0, 'max_group_size': 1, 'env_weight': 1.0}
[96m[ATROPOS][0m INFO:     127.0.0.1:63098 - "GET /status-env HTTP/1.1" 200 OK
[94m[GSM8K][0m INFO:atroposlib.envs.base:env_manager: Status dict: {'current_step': 0, 'queue_size': 0, 'unallocated_fraction': 1.0, 'self_queue_size': 0, 'max_group_size': 1, 'env_weight': 1.0}
[96m[ATROPOS][0m INFO:     127.0.0.1:63099 - "GET /batch HTTP/1.1" 200 OK
[96m[ATROPOS][0m INFO:     127.0.0.1:63100 - "GET /status-env HTTP/1.1" 200 OK
[94m[GSM8K][0m INFO:atroposlib.envs.base:env_manager: Status dict: {'current_step': 0, 'queue_size': 0, 'unallocated_fraction': 1.0, 'self_queue_size': 0, 'max_group_size': 1, 'env_weight': 1.0}
[96m[ATROPOS][0m INFO:     127.0.0.1:63101 - "GET /status-env HTTP/1.1" 200 OK
[94m[GSM8K][0m INFO:atroposlib.envs.base:env_manager: Status dict: {'current_step': 0, 'queue_size': 0, 'unallocated_fraction': 1.0, 'self_queue_size': 0, 'max_group_size': 1, 'env_weight': 1.0}
[96m[ATROPOS][0m INFO:     127.0.0.1:63102 - "GET /status-env HTTP/1.1" 200 OK
[94m[GSM8K][0m INFO:atroposlib.envs.base:env_manager: Status dict: {'current_step': 0, 'queue_size': 0, 'unallocated_fraction': 1.0, 'self_queue_size': 0, 'max_group_size': 1, 'env_weight': 1.0}
[96m[ATROPOS][0m INFO:     127.0.0.1:63103 - "GET /status-env HTTP/1.1" 200 OK
[94m[GSM8K][0m INFO:atroposlib.envs.base:env_manager: Status dict: {'current_step': 0, 'queue_size': 0, 'unallocated_fraction': 1.0, 'self_queue_size': 0, 'max_group_size': 1, 'env_weight': 1.0}
[96m[ATROPOS][0m INFO:     127.0.0.1:63104 - "GET /status-env HTTP/1.1" 200 OK
[94m[GSM8K][0m INFO:atroposlib.envs.base:env_manager: Status dict: {'current_step': 0, 'queue_size': 0, 'unallocated_fraction': 1.0, 'self_queue_size': 0, 'max_group_size': 1, 'env_weight': 1.0}
[96m[ATROPOS][0m INFO:     127.0.0.1:63105 - "GET /status-env HTTP/1.1" 200 OK
[94m[GSM8K][0m INFO:atroposlib.envs.base:env_manager: Status dict: {'current_step': 0, 'queue_size': 0, 'unallocated_fraction': 1.0, 'self_queue_size': 0, 'max_group_size': 1, 'env_weight': 1.0}
[96m[ATROPOS][0m INFO:     127.0.0.1:63106 - "GET /status-env HTTP/1.1" 200 OK
[94m[GSM8K][0m INFO:atroposlib.envs.base:env_manager: Status dict: {'current_step': 0, 'queue_size': 0, 'unallocated_fraction': 1.0, 'self_queue_size': 0, 'max_group_size': 1, 'env_weight': 1.0}
[96m[ATROPOS][0m INFO:     127.0.0.1:63107 - "GET /status-env HTTP/1.1" 200 OK
[94m[GSM8K][0m INFO:atroposlib.envs.base:env_manager: Status dict: {'current_step': 0, 'queue_size': 0, 'unallocated_fraction': 1.0, 'self_queue_size': 0, 'max_group_size': 1, 'env_weight': 1.0}
[96m[ATROPOS][0m INFO:     127.0.0.1:63108 - "GET /status-env HTTP/1.1" 200 OK
[94m[GSM8K][0m INFO:atroposlib.envs.base:env_manager: Status dict: {'current_step': 0, 'queue_size': 0, 'unallocated_fraction': 1.0, 'self_queue_size': 0, 'max_group_size': 1, 'env_weight': 1.0}
[96m[ATROPOS][0m INFO:     127.0.0.1:63109 - "GET /status-env HTTP/1.1" 200 OK
[96m[ATROPOS][0m INFO:     127.0.0.1:63110 - "GET /batch HTTP/1.1" 200 OK
[94m[GSM8K][0m INFO:atroposlib.envs.base:env_manager: Status dict: {'current_step': 0, 'queue_size': 0, 'unallocated_fraction': 1.0, 'self_queue_size': 0, 'max_group_size': 1, 'env_weight': 1.0}
[96m[ATROPOS][0m INFO:     127.0.0.1:63111 - "GET /status-env HTTP/1.1" 200 OK
[94m[GSM8K][0m INFO:atroposlib.envs.base:env_manager: Status dict: {'current_step': 0, 'queue_size': 0, 'unallocated_fraction': 1.0, 'self_queue_size': 0, 'max_group_size': 1, 'env_weight': 1.0}
[96m[ATROPOS][0m INFO:     127.0.0.1:63112 - "GET /status-env HTTP/1.1" 200 OK
[94m[GSM8K][0m INFO:atroposlib.envs.base:env_manager: Status dict: {'current_step': 0, 'queue_size': 0, 'unallocated_fraction': 1.0, 'self_queue_size': 0, 'max_group_size': 1, 'env_weight': 1.0}
[96m[ATROPOS][0m INFO:     127.0.0.1:63113 - "GET /status-env HTTP/1.1" 200 OK
[94m[GSM8K][0m INFO:atroposlib.envs.base:env_manager: Status dict: {'current_step': 0, 'queue_size': 0, 'unallocated_fraction': 1.0, 'self_queue_size': 0, 'max_group_size': 1, 'env_weight': 1.0}
[96m[ATROPOS][0m INFO:     127.0.0.1:63114 - "GET /status-env HTTP/1.1" 200 OK
[94m[GSM8K][0m INFO:atroposlib.envs.base:env_manager: Status dict: {'current_step': 0, 'queue_size': 0, 'unallocated_fraction': 1.0, 'self_queue_size': 0, 'max_group_size': 1, 'env_weight': 1.0}
[96m[ATROPOS][0m INFO:     127.0.0.1:63115 - "GET /status-env HTTP/1.1" 200 OK
[94m[GSM8K][0m INFO:atroposlib.envs.base:env_manager: Status dict: {'current_step': 0, 'queue_size': 0, 'unallocated_fraction': 1.0, 'self_queue_size': 0, 'max_group_size': 1, 'env_weight': 1.0}
[96m[ATROPOS][0m INFO:     127.0.0.1:63116 - "GET /status-env HTTP/1.1" 200 OK
[94m[GSM8K][0m INFO:atroposlib.envs.base:env_manager: Status dict: {'current_step': 0, 'queue_size': 0, 'unallocated_fraction': 1.0, 'self_queue_size': 0, 'max_group_size': 1, 'env_weight': 1.0}
[96m[ATROPOS][0m INFO:     127.0.0.1:63117 - "GET /status-env HTTP/1.1" 200 OK
[94m[GSM8K][0m INFO:atroposlib.envs.base:env_manager: Status dict: {'current_step': 0, 'queue_size': 0, 'unallocated_fraction': 1.0, 'self_queue_size': 0, 'max_group_size': 1, 'env_weight': 1.0}
[96m[ATROPOS][0m INFO:     127.0.0.1:63118 - "GET /status-env HTTP/1.1" 200 OK
[94m[GSM8K][0m INFO:atroposlib.envs.base:env_manager: Status dict: {'current_step': 0, 'queue_size': 0, 'unallocated_fraction': 1.0, 'self_queue_size': 0, 'max_group_size': 1, 'env_weight': 1.0}
[96m[ATROPOS][0m INFO:     127.0.0.1:63119 - "GET /status-env HTTP/1.1" 200 OK
[94m[GSM8K][0m INFO:atroposlib.envs.base:env_manager: Status dict: {'current_step': 0, 'queue_size': 0, 'unallocated_fraction': 1.0, 'self_queue_size': 0, 'max_group_size': 1, 'env_weight': 1.0}
[96m[ATROPOS][0m INFO:     127.0.0.1:63120 - "GET /batch HTTP/1.1" 200 OK
[92m[TRAINER][0m INFO:root:Polling for batch... attempt 205
[96m[ATROPOS][0m INFO:     127.0.0.1:63121 - "GET /status-env HTTP/1.1" 200 OK
[94m[GSM8K][0m INFO:atroposlib.envs.base:env_manager: Status dict: {'current_step': 0, 'queue_size': 0, 'unallocated_fraction': 1.0, 'self_queue_size': 0, 'max_group_size': 1, 'env_weight': 1.0}
[96m[ATROPOS][0m INFO:     127.0.0.1:63122 - "GET /status-env HTTP/1.1" 200 OK
[94m[GSM8K][0m INFO:atroposlib.envs.base:env_manager: Status dict: {'current_step': 0, 'queue_size': 0, 'unallocated_fraction': 1.0, 'self_queue_size': 0, 'max_group_size': 1, 'env_weight': 1.0}
[96m[ATROPOS][0m INFO:     127.0.0.1:63123 - "GET /status-env HTTP/1.1" 200 OK
[94m[GSM8K][0m INFO:atroposlib.envs.base:env_manager: Status dict: {'current_step': 0, 'queue_size': 0, 'unallocated_fraction': 1.0, 'self_queue_size': 0, 'max_group_size': 1, 'env_weight': 1.0}
[96m[ATROPOS][0m INFO:     127.0.0.1:63124 - "GET /status-env HTTP/1.1" 200 OK
[94m[GSM8K][0m INFO:atroposlib.envs.base:env_manager: Status dict: {'current_step': 0, 'queue_size': 0, 'unallocated_fraction': 1.0, 'self_queue_size': 0, 'max_group_size': 1, 'env_weight': 1.0}
[96m[ATROPOS][0m INFO:     127.0.0.1:63125 - "GET /status-env HTTP/1.1" 200 OK
[94m[GSM8K][0m INFO:atroposlib.envs.base:env_manager: Status dict: {'current_step': 0, 'queue_size': 0, 'unallocated_fraction': 1.0, 'self_queue_size': 0, 'max_group_size': 1, 'env_weight': 1.0}
[96m[ATROPOS][0m INFO:     127.0.0.1:63126 - "GET /status-env HTTP/1.1" 200 OK
[94m[GSM8K][0m INFO:atroposlib.envs.base:env_manager: Status dict: {'current_step': 0, 'queue_size': 0, 'unallocated_fraction': 1.0, 'self_queue_size': 0, 'max_group_size': 1, 'env_weight': 1.0}
[96m[ATROPOS][0m INFO:     127.0.0.1:63127 - "GET /status-env HTTP/1.1" 200 OK
[94m[GSM8K][0m INFO:atroposlib.envs.base:env_manager: Status dict: {'current_step': 0, 'queue_size': 0, 'unallocated_fraction': 1.0, 'self_queue_size': 0, 'max_group_size': 1, 'env_weight': 1.0}
[96m[ATROPOS][0m INFO:     127.0.0.1:63128 - "GET /status-env HTTP/1.1" 200 OK
[94m[GSM8K][0m INFO:atroposlib.envs.base:env_manager: Status dict: {'current_step': 0, 'queue_size': 0, 'unallocated_fraction': 1.0, 'self_queue_size': 0, 'max_group_size': 1, 'env_weight': 1.0}
[96m[ATROPOS][0m INFO:     127.0.0.1:63129 - "GET /status-env HTTP/1.1" 200 OK
[94m[GSM8K][0m INFO:atroposlib.envs.base:env_manager: Status dict: {'current_step': 0, 'queue_size': 0, 'unallocated_fraction': 1.0, 'self_queue_size': 0, 'max_group_size': 1, 'env_weight': 1.0}
[96m[ATROPOS][0m INFO:     127.0.0.1:63130 - "GET /status-env HTTP/1.1" 200 OK
[94m[GSM8K][0m INFO:atroposlib.envs.base:env_manager: Status dict: {'current_step': 0, 'queue_size': 0, 'unallocated_fraction': 1.0, 'self_queue_size': 0, 'max_group_size': 1, 'env_weight': 1.0}
[96m[ATROPOS][0m INFO:     127.0.0.1:63131 - "GET /batch HTTP/1.1" 200 OK
[96m[ATROPOS][0m INFO:     127.0.0.1:63132 - "GET /status-env HTTP/1.1" 200 OK
[94m[GSM8K][0m INFO:atroposlib.envs.base:env_manager: Status dict: {'current_step': 0, 'queue_size': 0, 'unallocated_fraction': 1.0, 'self_queue_size': 0, 'max_group_size': 1, 'env_weight': 1.0}
[96m[ATROPOS][0m INFO:     127.0.0.1:63133 - "GET /status-env HTTP/1.1" 200 OK
[94m[GSM8K][0m INFO:atroposlib.envs.base:env_manager: Status dict: {'current_step': 0, 'queue_size': 0, 'unallocated_fraction': 1.0, 'self_queue_size': 0, 'max_group_size': 1, 'env_weight': 1.0}
[96m[ATROPOS][0m INFO:     127.0.0.1:63134 - "GET /status-env HTTP/1.1" 200 OK
[94m[GSM8K][0m INFO:atroposlib.envs.base:env_manager: Status dict: {'current_step': 0, 'queue_size': 0, 'unallocated_fraction': 1.0, 'self_queue_size': 0, 'max_group_size': 1, 'env_weight': 1.0}
[96m[ATROPOS][0m INFO:     127.0.0.1:63135 - "GET /status-env HTTP/1.1" 200 OK
[94m[GSM8K][0m INFO:atroposlib.envs.base:env_manager: Status dict: {'current_step': 0, 'queue_size': 0, 'unallocated_fraction': 1.0, 'self_queue_size': 0, 'max_group_size': 1, 'env_weight': 1.0}
[96m[ATROPOS][0m INFO:     127.0.0.1:63136 - "GET /status-env HTTP/1.1" 200 OK
[94m[GSM8K][0m INFO:atroposlib.envs.base:env_manager: Status dict: {'current_step': 0, 'queue_size': 0, 'unallocated_fraction': 1.0, 'self_queue_size': 0, 'max_group_size': 1, 'env_weight': 1.0}
[96m[ATROPOS][0m INFO:     127.0.0.1:63137 - "GET /status-env HTTP/1.1" 200 OK
[94m[GSM8K][0m INFO:atroposlib.envs.base:env_manager: Status dict: {'current_step': 0, 'queue_size': 0, 'unallocated_fraction': 1.0, 'self_queue_size': 0, 'max_group_size': 1, 'env_weight': 1.0}
[96m[ATROPOS][0m INFO:     127.0.0.1:63138 - "GET /status-env HTTP/1.1" 200 OK
[94m[GSM8K][0m INFO:atroposlib.envs.base:env_manager: Status dict: {'current_step': 0, 'queue_size': 0, 'unallocated_fraction': 1.0, 'self_queue_size': 0, 'max_group_size': 1, 'env_weight': 1.0}
[96m[ATROPOS][0m INFO:     127.0.0.1:63139 - "GET /status-env HTTP/1.1" 200 OK
[94m[GSM8K][0m INFO:atroposlib.envs.base:env_manager: Status dict: {'current_step': 0, 'queue_size': 0, 'unallocated_fraction': 1.0, 'self_queue_size': 0, 'max_group_size': 1, 'env_weight': 1.0}
[96m[ATROPOS][0m INFO:     127.0.0.1:63140 - "GET /status-env HTTP/1.1" 200 OK
[94m[GSM8K][0m INFO:atroposlib.envs.base:env_manager: Status dict: {'current_step': 0, 'queue_size': 0, 'unallocated_fraction': 1.0, 'self_queue_size': 0, 'max_group_size': 1, 'env_weight': 1.0}
[96m[ATROPOS][0m INFO:     127.0.0.1:63141 - "GET /status-env HTTP/1.1" 200 OK
[94m[GSM8K][0m INFO:atroposlib.envs.base:env_manager: Status dict: {'current_step': 0, 'queue_size': 0, 'unallocated_fraction': 1.0, 'self_queue_size': 0, 'max_group_size': 1, 'env_weight': 1.0}
[96m[ATROPOS][0m INFO:     127.0.0.1:63142 - "GET /batch HTTP/1.1" 200 OK
[96m[ATROPOS][0m INFO:     127.0.0.1:63143 - "GET /status-env HTTP/1.1" 200 OK
[94m[GSM8K][0m INFO:atroposlib.envs.base:env_manager: Status dict: {'current_step': 0, 'queue_size': 0, 'unallocated_fraction': 1.0, 'self_queue_size': 0, 'max_group_size': 1, 'env_weight': 1.0}
[96m[ATROPOS][0m INFO:     127.0.0.1:63144 - "GET /status-env HTTP/1.1" 200 OK
[94m[GSM8K][0m INFO:atroposlib.envs.base:env_manager: Status dict: {'current_step': 0, 'queue_size': 0, 'unallocated_fraction': 1.0, 'self_queue_size': 0, 'max_group_size': 1, 'env_weight': 1.0}
[96m[ATROPOS][0m INFO:     127.0.0.1:63145 - "GET /status-env HTTP/1.1" 200 OK
[94m[GSM8K][0m INFO:atroposlib.envs.base:env_manager: Status dict: {'current_step': 0, 'queue_size': 0, 'unallocated_fraction': 1.0, 'self_queue_size': 0, 'max_group_size': 1, 'env_weight': 1.0}
[96m[ATROPOS][0m INFO:     127.0.0.1:63146 - "GET /status-env HTTP/1.1" 200 OK
[94m[GSM8K][0m INFO:atroposlib.envs.base:env_manager: Status dict: {'current_step': 0, 'queue_size': 0, 'unallocated_fraction': 1.0, 'self_queue_size': 0, 'max_group_size': 1, 'env_weight': 1.0}
[96m[ATROPOS][0m INFO:     127.0.0.1:63147 - "GET /status-env HTTP/1.1" 200 OK
[94m[GSM8K][0m INFO:atroposlib.envs.base:env_manager: Status dict: {'current_step': 0, 'queue_size': 0, 'unallocated_fraction': 1.0, 'self_queue_size': 0, 'max_group_size': 1, 'env_weight': 1.0}
[96m[ATROPOS][0m INFO:     127.0.0.1:63148 - "GET /status-env HTTP/1.1" 200 OK
[94m[GSM8K][0m INFO:atroposlib.envs.base:env_manager: Status dict: {'current_step': 0, 'queue_size': 0, 'unallocated_fraction': 1.0, 'self_queue_size': 0, 'max_group_size': 1, 'env_weight': 1.0}
[96m[ATROPOS][0m INFO:     127.0.0.1:63149 - "GET /status-env HTTP/1.1" 200 OK
[94m[GSM8K][0m INFO:atroposlib.envs.base:env_manager: Status dict: {'current_step': 0, 'queue_size': 0, 'unallocated_fraction': 1.0, 'self_queue_size': 0, 'max_group_size': 1, 'env_weight': 1.0}
[96m[ATROPOS][0m INFO:     127.0.0.1:63150 - "GET /status-env HTTP/1.1" 200 OK
[94m[GSM8K][0m INFO:atroposlib.envs.base:env_manager: Status dict: {'current_step': 0, 'queue_size': 0, 'unallocated_fraction': 1.0, 'self_queue_size': 0, 'max_group_size': 1, 'env_weight': 1.0}
[96m[ATROPOS][0m INFO:     127.0.0.1:63151 - "GET /status-env HTTP/1.1" 200 OK
[94m[GSM8K][0m INFO:atroposlib.envs.base:env_manager: Status dict: {'current_step': 0, 'queue_size': 0, 'unallocated_fraction': 1.0, 'self_queue_size': 0, 'max_group_size': 1, 'env_weight': 1.0}
[96m[ATROPOS][0m INFO:     127.0.0.1:63153 - "GET /batch HTTP/1.1" 200 OK
[96m[ATROPOS][0m INFO:     127.0.0.1:63152 - "GET /status-env HTTP/1.1" 200 OK
[94m[GSM8K][0m INFO:atroposlib.envs.base:env_manager: Status dict: {'current_step': 0, 'queue_size': 0, 'unallocated_fraction': 1.0, 'self_queue_size': 0, 'max_group_size': 1, 'env_weight': 1.0}
[96m[ATROPOS][0m INFO:     127.0.0.1:63154 - "GET /status-env HTTP/1.1" 200 OK
[94m[GSM8K][0m INFO:atroposlib.envs.base:env_manager: Status dict: {'current_step': 0, 'queue_size': 0, 'unallocated_fraction': 1.0, 'self_queue_size': 0, 'max_group_size': 1, 'env_weight': 1.0}
[96m[ATROPOS][0m INFO:     127.0.0.1:63155 - "GET /status-env HTTP/1.1" 200 OK
[94m[GSM8K][0m INFO:atroposlib.envs.base:env_manager: Status dict: {'current_step': 0, 'queue_size': 0, 'unallocated_fraction': 1.0, 'self_queue_size': 0, 'max_group_size': 1, 'env_weight': 1.0}
[96m[ATROPOS][0m INFO:     127.0.0.1:63156 - "GET /status-env HTTP/1.1" 200 OK
[94m[GSM8K][0m INFO:atroposlib.envs.base:env_manager: Status dict: {'current_step': 0, 'queue_size': 0, 'unallocated_fraction': 1.0, 'self_queue_size': 0, 'max_group_size': 1, 'env_weight': 1.0}
[96m[ATROPOS][0m INFO:     127.0.0.1:63157 - "GET /status-env HTTP/1.1" 200 OK
[94m[GSM8K][0m INFO:atroposlib.envs.base:env_manager: Status dict: {'current_step': 0, 'queue_size': 0, 'unallocated_fraction': 1.0, 'self_queue_size': 0, 'max_group_size': 1, 'env_weight': 1.0}
[96m[ATROPOS][0m INFO:     127.0.0.1:63158 - "GET /status-env HTTP/1.1" 200 OK
[94m[GSM8K][0m INFO:atroposlib.envs.base:env_manager: Status dict: {'current_step': 0, 'queue_size': 0, 'unallocated_fraction': 1.0, 'self_queue_size': 0, 'max_group_size': 1, 'env_weight': 1.0}
[96m[ATROPOS][0m INFO:     127.0.0.1:63159 - "GET /status-env HTTP/1.1" 200 OK
[94m[GSM8K][0m INFO:atroposlib.envs.base:env_manager: Status dict: {'current_step': 0, 'queue_size': 0, 'unallocated_fraction': 1.0, 'self_queue_size': 0, 'max_group_size': 1, 'env_weight': 1.0}
[96m[ATROPOS][0m INFO:     127.0.0.1:63160 - "GET /status-env HTTP/1.1" 200 OK
[94m[GSM8K][0m INFO:atroposlib.envs.base:env_manager: Status dict: {'current_step': 0, 'queue_size': 0, 'unallocated_fraction': 1.0, 'self_queue_size': 0, 'max_group_size': 1, 'env_weight': 1.0}
[96m[ATROPOS][0m INFO:     127.0.0.1:63161 - "GET /status-env HTTP/1.1" 200 OK
[94m[GSM8K][0m INFO:atroposlib.envs.base:env_manager: Status dict: {'current_step': 0, 'queue_size': 0, 'unallocated_fraction': 1.0, 'self_queue_size': 0, 'max_group_size': 1, 'env_weight': 1.0}
[96m[ATROPOS][0m INFO:     127.0.0.1:63162 - "GET /status-env HTTP/1.1" 200 OK
[94m[GSM8K][0m INFO:atroposlib.envs.base:env_manager: Status dict: {'current_step': 0, 'queue_size': 0, 'unallocated_fraction': 1.0, 'self_queue_size': 0, 'max_group_size': 1, 'env_weight': 1.0}
[96m[ATROPOS][0m INFO:     127.0.0.1:63163 - "GET /batch HTTP/1.1" 200 OK
[96m[ATROPOS][0m INFO:     127.0.0.1:63164 - "GET /status-env HTTP/1.1" 200 OK
[94m[GSM8K][0m INFO:atroposlib.envs.base:env_manager: Status dict: {'current_step': 0, 'queue_size': 0, 'unallocated_fraction': 1.0, 'self_queue_size': 0, 'max_group_size': 1, 'env_weight': 1.0}
[96m[ATROPOS][0m INFO:     127.0.0.1:63165 - "GET /status-env HTTP/1.1" 200 OK
[94m[GSM8K][0m INFO:atroposlib.envs.base:env_manager: Status dict: {'current_step': 0, 'queue_size': 0, 'unallocated_fraction': 1.0, 'self_queue_size': 0, 'max_group_size': 1, 'env_weight': 1.0}
[96m[ATROPOS][0m INFO:     127.0.0.1:63166 - "GET /status-env HTTP/1.1" 200 OK
[94m[GSM8K][0m INFO:atroposlib.envs.base:env_manager: Status dict: {'current_step': 0, 'queue_size': 0, 'unallocated_fraction': 1.0, 'self_queue_size': 0, 'max_group_size': 1, 'env_weight': 1.0}
[96m[ATROPOS][0m INFO:     127.0.0.1:63167 - "GET /status-env HTTP/1.1" 200 OK
[94m[GSM8K][0m INFO:atroposlib.envs.base:env_manager: Status dict: {'current_step': 0, 'queue_size': 0, 'unallocated_fraction': 1.0, 'self_queue_size': 0, 'max_group_size': 1, 'env_weight': 1.0}
[96m[ATROPOS][0m INFO:     127.0.0.1:63168 - "GET /status-env HTTP/1.1" 200 OK
[94m[GSM8K][0m INFO:atroposlib.envs.base:env_manager: Status dict: {'current_step': 0, 'queue_size': 0, 'unallocated_fraction': 1.0, 'self_queue_size': 0, 'max_group_size': 1, 'env_weight': 1.0}
[96m[ATROPOS][0m INFO:     127.0.0.1:63169 - "GET /status-env HTTP/1.1" 200 OK
[94m[GSM8K][0m INFO:atroposlib.envs.base:env_manager: Status dict: {'current_step': 0, 'queue_size': 0, 'unallocated_fraction': 1.0, 'self_queue_size': 0, 'max_group_size': 1, 'env_weight': 1.0}
[96m[ATROPOS][0m INFO:     127.0.0.1:63170 - "GET /status-env HTTP/1.1" 200 OK
[94m[GSM8K][0m INFO:atroposlib.envs.base:env_manager: Status dict: {'current_step': 0, 'queue_size': 0, 'unallocated_fraction': 1.0, 'self_queue_size': 0, 'max_group_size': 1, 'env_weight': 1.0}
[96m[ATROPOS][0m INFO:     127.0.0.1:63171 - "GET /status-env HTTP/1.1" 200 OK
[94m[GSM8K][0m INFO:atroposlib.envs.base:env_manager: Status dict: {'current_step': 0, 'queue_size': 0, 'unallocated_fraction': 1.0, 'self_queue_size': 0, 'max_group_size': 1, 'env_weight': 1.0}
[96m[ATROPOS][0m INFO:     127.0.0.1:63172 - "GET /status-env HTTP/1.1" 200 OK
[94m[GSM8K][0m INFO:atroposlib.envs.base:env_manager: Status dict: {'current_step': 0, 'queue_size': 0, 'unallocated_fraction': 1.0, 'self_queue_size': 0, 'max_group_size': 1, 'env_weight': 1.0}
[96m[ATROPOS][0m INFO:     127.0.0.1:63173 - "GET /status-env HTTP/1.1" 200 OK
[94m[GSM8K][0m INFO:atroposlib.envs.base:env_manager: Status dict: {'current_step': 0, 'queue_size': 0, 'unallocated_fraction': 1.0, 'self_queue_size': 0, 'max_group_size': 1, 'env_weight': 1.0}
[96m[ATROPOS][0m INFO:     127.0.0.1:63174 - "GET /batch HTTP/1.1" 200 OK
[92m[TRAINER][0m INFO:root:Polling for batch... attempt 210
[96m[ATROPOS][0m INFO:     127.0.0.1:63175 - "GET /status-env HTTP/1.1" 200 OK
[94m[GSM8K][0m INFO:atroposlib.envs.base:env_manager: Status dict: {'current_step': 0, 'queue_size': 0, 'unallocated_fraction': 1.0, 'self_queue_size': 0, 'max_group_size': 1, 'env_weight': 1.0}
[96m[ATROPOS][0m INFO:     127.0.0.1:63176 - "GET /status-env HTTP/1.1" 200 OK
[94m[GSM8K][0m INFO:atroposlib.envs.base:env_manager: Status dict: {'current_step': 0, 'queue_size': 0, 'unallocated_fraction': 1.0, 'self_queue_size': 0, 'max_group_size': 1, 'env_weight': 1.0}
[96m[ATROPOS][0m INFO:     127.0.0.1:63177 - "GET /status-env HTTP/1.1" 200 OK
[94m[GSM8K][0m INFO:atroposlib.envs.base:env_manager: Status dict: {'current_step': 0, 'queue_size': 0, 'unallocated_fraction': 1.0, 'self_queue_size': 0, 'max_group_size': 1, 'env_weight': 1.0}
[96m[ATROPOS][0m INFO:     127.0.0.1:63178 - "GET /status-env HTTP/1.1" 200 OK
[94m[GSM8K][0m INFO:atroposlib.envs.base:env_manager: Status dict: {'current_step': 0, 'queue_size': 0, 'unallocated_fraction': 1.0, 'self_queue_size': 0, 'max_group_size': 1, 'env_weight': 1.0}
[96m[ATROPOS][0m INFO:     127.0.0.1:63179 - "GET /status-env HTTP/1.1" 200 OK
[94m[GSM8K][0m INFO:atroposlib.envs.base:env_manager: Status dict: {'current_step': 0, 'queue_size': 0, 'unallocated_fraction': 1.0, 'self_queue_size': 0, 'max_group_size': 1, 'env_weight': 1.0}
[96m[ATROPOS][0m INFO:     127.0.0.1:63181 - "GET /status-env HTTP/1.1" 200 OK
[94m[GSM8K][0m INFO:atroposlib.envs.base:env_manager: Status dict: {'current_step': 0, 'queue_size': 0, 'unallocated_fraction': 1.0, 'self_queue_size': 0, 'max_group_size': 1, 'env_weight': 1.0}
[96m[ATROPOS][0m INFO:     127.0.0.1:63182 - "GET /status-env HTTP/1.1" 200 OK
[94m[GSM8K][0m INFO:atroposlib.envs.base:env_manager: Status dict: {'current_step': 0, 'queue_size': 0, 'unallocated_fraction': 1.0, 'self_queue_size': 0, 'max_group_size': 1, 'env_weight': 1.0}
[96m[ATROPOS][0m INFO:     127.0.0.1:63183 - "GET /status-env HTTP/1.1" 200 OK
[94m[GSM8K][0m INFO:atroposlib.envs.base:env_manager: Status dict: {'current_step': 0, 'queue_size': 0, 'unallocated_fraction': 1.0, 'self_queue_size': 0, 'max_group_size': 1, 'env_weight': 1.0}
[96m[ATROPOS][0m INFO:     127.0.0.1:63184 - "GET /status-env HTTP/1.1" 200 OK
[94m[GSM8K][0m INFO:atroposlib.envs.base:env_manager: Status dict: {'current_step': 0, 'queue_size': 0, 'unallocated_fraction': 1.0, 'self_queue_size': 0, 'max_group_size': 1, 'env_weight': 1.0}
[96m[ATROPOS][0m INFO:     127.0.0.1:63185 - "GET /status-env HTTP/1.1" 200 OK
[94m[GSM8K][0m INFO:atroposlib.envs.base:env_manager: Status dict: {'current_step': 0, 'queue_size': 0, 'unallocated_fraction': 1.0, 'self_queue_size': 0, 'max_group_size': 1, 'env_weight': 1.0}
[96m[ATROPOS][0m INFO:     127.0.0.1:63186 - "GET /batch HTTP/1.1" 200 OK
[96m[ATROPOS][0m INFO:     127.0.0.1:63188 - "GET /status-env HTTP/1.1" 200 OK
[94m[GSM8K][0m INFO:atroposlib.envs.base:env_manager: Status dict: {'current_step': 0, 'queue_size': 0, 'unallocated_fraction': 1.0, 'self_queue_size': 0, 'max_group_size': 1, 'env_weight': 1.0}
[96m[ATROPOS][0m INFO:     127.0.0.1:63189 - "GET /status-env HTTP/1.1" 200 OK
[94m[GSM8K][0m INFO:atroposlib.envs.base:env_manager: Status dict: {'current_step': 0, 'queue_size': 0, 'unallocated_fraction': 1.0, 'self_queue_size': 0, 'max_group_size': 1, 'env_weight': 1.0}
[96m[ATROPOS][0m INFO:     127.0.0.1:63190 - "GET /status-env HTTP/1.1" 200 OK
[94m[GSM8K][0m INFO:atroposlib.envs.base:env_manager: Status dict: {'current_step': 0, 'queue_size': 0, 'unallocated_fraction': 1.0, 'self_queue_size': 0, 'max_group_size': 1, 'env_weight': 1.0}
[96m[ATROPOS][0m INFO:     127.0.0.1:63191 - "GET /status-env HTTP/1.1" 200 OK
[94m[GSM8K][0m INFO:atroposlib.envs.base:env_manager: Status dict: {'current_step': 0, 'queue_size': 0, 'unallocated_fraction': 1.0, 'self_queue_size': 0, 'max_group_size': 1, 'env_weight': 1.0}
[96m[ATROPOS][0m INFO:     127.0.0.1:63192 - "GET /status-env HTTP/1.1" 200 OK
[94m[GSM8K][0m INFO:atroposlib.envs.base:env_manager: Status dict: {'current_step': 0, 'queue_size': 0, 'unallocated_fraction': 1.0, 'self_queue_size': 0, 'max_group_size': 1, 'env_weight': 1.0}
[96m[ATROPOS][0m INFO:     127.0.0.1:63193 - "GET /status-env HTTP/1.1" 200 OK
[94m[GSM8K][0m INFO:atroposlib.envs.base:env_manager: Status dict: {'current_step': 0, 'queue_size': 0, 'unallocated_fraction': 1.0, 'self_queue_size': 0, 'max_group_size': 1, 'env_weight': 1.0}
[96m[ATROPOS][0m INFO:     127.0.0.1:63194 - "GET /status-env HTTP/1.1" 200 OK
[94m[GSM8K][0m INFO:atroposlib.envs.base:env_manager: Status dict: {'current_step': 0, 'queue_size': 0, 'unallocated_fraction': 1.0, 'self_queue_size': 0, 'max_group_size': 1, 'env_weight': 1.0}
[96m[ATROPOS][0m INFO:     127.0.0.1:63195 - "GET /status-env HTTP/1.1" 200 OK
[94m[GSM8K][0m INFO:atroposlib.envs.base:env_manager: Status dict: {'current_step': 0, 'queue_size': 0, 'unallocated_fraction': 1.0, 'self_queue_size': 0, 'max_group_size': 1, 'env_weight': 1.0}
[96m[ATROPOS][0m INFO:     127.0.0.1:63196 - "GET /status-env HTTP/1.1" 200 OK
[94m[GSM8K][0m INFO:atroposlib.envs.base:env_manager: Status dict: {'current_step': 0, 'queue_size': 0, 'unallocated_fraction': 1.0, 'self_queue_size': 0, 'max_group_size': 1, 'env_weight': 1.0}
[96m[ATROPOS][0m INFO:     127.0.0.1:63197 - "GET /batch HTTP/1.1" 200 OK
[96m[ATROPOS][0m INFO:     127.0.0.1:63198 - "GET /status-env HTTP/1.1" 200 OK
[94m[GSM8K][0m INFO:atroposlib.envs.base:env_manager: Status dict: {'current_step': 0, 'queue_size': 0, 'unallocated_fraction': 1.0, 'self_queue_size': 0, 'max_group_size': 1, 'env_weight': 1.0}
[96m[ATROPOS][0m INFO:     127.0.0.1:63199 - "GET /status-env HTTP/1.1" 200 OK
[94m[GSM8K][0m INFO:atroposlib.envs.base:env_manager: Status dict: {'current_step': 0, 'queue_size': 0, 'unallocated_fraction': 1.0, 'self_queue_size': 0, 'max_group_size': 1, 'env_weight': 1.0}
[96m[ATROPOS][0m INFO:     127.0.0.1:63200 - "GET /status-env HTTP/1.1" 200 OK
[94m[GSM8K][0m INFO:atroposlib.envs.base:env_manager: Status dict: {'current_step': 0, 'queue_size': 0, 'unallocated_fraction': 1.0, 'self_queue_size': 0, 'max_group_size': 1, 'env_weight': 1.0}
[96m[ATROPOS][0m INFO:     127.0.0.1:63201 - "GET /status-env HTTP/1.1" 200 OK
[94m[GSM8K][0m INFO:atroposlib.envs.base:env_manager: Status dict: {'current_step': 0, 'queue_size': 0, 'unallocated_fraction': 1.0, 'self_queue_size': 0, 'max_group_size': 1, 'env_weight': 1.0}
[96m[ATROPOS][0m INFO:     127.0.0.1:63202 - "GET /status-env HTTP/1.1" 200 OK
[94m[GSM8K][0m INFO:atroposlib.envs.base:env_manager: Status dict: {'current_step': 0, 'queue_size': 0, 'unallocated_fraction': 1.0, 'self_queue_size': 0, 'max_group_size': 1, 'env_weight': 1.0}
[96m[ATROPOS][0m INFO:     127.0.0.1:63204 - "GET /status-env HTTP/1.1" 200 OK
[94m[GSM8K][0m INFO:atroposlib.envs.base:env_manager: Status dict: {'current_step': 0, 'queue_size': 0, 'unallocated_fraction': 1.0, 'self_queue_size': 0, 'max_group_size': 1, 'env_weight': 1.0}
[96m[ATROPOS][0m INFO:     127.0.0.1:63205 - "GET /status-env HTTP/1.1" 200 OK
[94m[GSM8K][0m INFO:atroposlib.envs.base:env_manager: Status dict: {'current_step': 0, 'queue_size': 0, 'unallocated_fraction': 1.0, 'self_queue_size': 0, 'max_group_size': 1, 'env_weight': 1.0}
[96m[ATROPOS][0m INFO:     127.0.0.1:63206 - "GET /status-env HTTP/1.1" 200 OK
[94m[GSM8K][0m INFO:atroposlib.envs.base:env_manager: Status dict: {'current_step': 0, 'queue_size': 0, 'unallocated_fraction': 1.0, 'self_queue_size': 0, 'max_group_size': 1, 'env_weight': 1.0}
[96m[ATROPOS][0m INFO:     127.0.0.1:63207 - "GET /status-env HTTP/1.1" 200 OK
[94m[GSM8K][0m INFO:atroposlib.envs.base:env_manager: Status dict: {'current_step': 0, 'queue_size': 0, 'unallocated_fraction': 1.0, 'self_queue_size': 0, 'max_group_size': 1, 'env_weight': 1.0}
[96m[ATROPOS][0m INFO:     127.0.0.1:63208 - "GET /status-env HTTP/1.1" 200 OK
[94m[GSM8K][0m INFO:atroposlib.envs.base:env_manager: Status dict: {'current_step': 0, 'queue_size': 0, 'unallocated_fraction': 1.0, 'self_queue_size': 0, 'max_group_size': 1, 'env_weight': 1.0}
[96m[ATROPOS][0m INFO:     127.0.0.1:63209 - "GET /batch HTTP/1.1" 200 OK
[96m[ATROPOS][0m INFO:     127.0.0.1:63210 - "GET /status-env HTTP/1.1" 200 OK
[94m[GSM8K][0m INFO:atroposlib.envs.base:env_manager: Status dict: {'current_step': 0, 'queue_size': 0, 'unallocated_fraction': 1.0, 'self_queue_size': 0, 'max_group_size': 1, 'env_weight': 1.0}
[96m[ATROPOS][0m INFO:     127.0.0.1:63211 - "GET /status-env HTTP/1.1" 200 OK
[94m[GSM8K][0m INFO:atroposlib.envs.base:env_manager: Status dict: {'current_step': 0, 'queue_size': 0, 'unallocated_fraction': 1.0, 'self_queue_size': 0, 'max_group_size': 1, 'env_weight': 1.0}
[96m[ATROPOS][0m INFO:     127.0.0.1:63212 - "GET /status-env HTTP/1.1" 200 OK
[94m[GSM8K][0m INFO:atroposlib.envs.base:env_manager: Status dict: {'current_step': 0, 'queue_size': 0, 'unallocated_fraction': 1.0, 'self_queue_size': 0, 'max_group_size': 1, 'env_weight': 1.0}
[96m[ATROPOS][0m INFO:     127.0.0.1:63213 - "GET /status-env HTTP/1.1" 200 OK
[94m[GSM8K][0m INFO:atroposlib.envs.base:env_manager: Status dict: {'current_step': 0, 'queue_size': 0, 'unallocated_fraction': 1.0, 'self_queue_size': 0, 'max_group_size': 1, 'env_weight': 1.0}
[96m[ATROPOS][0m INFO:     127.0.0.1:63214 - "GET /status-env HTTP/1.1" 200 OK
[94m[GSM8K][0m INFO:atroposlib.envs.base:env_manager: Status dict: {'current_step': 0, 'queue_size': 0, 'unallocated_fraction': 1.0, 'self_queue_size': 0, 'max_group_size': 1, 'env_weight': 1.0}
[96m[ATROPOS][0m INFO:     127.0.0.1:63215 - "GET /status-env HTTP/1.1" 200 OK
[94m[GSM8K][0m INFO:atroposlib.envs.base:env_manager: Status dict: {'current_step': 0, 'queue_size': 0, 'unallocated_fraction': 1.0, 'self_queue_size': 0, 'max_group_size': 1, 'env_weight': 1.0}
[96m[ATROPOS][0m INFO:     127.0.0.1:63216 - "GET /status-env HTTP/1.1" 200 OK
[94m[GSM8K][0m INFO:atroposlib.envs.base:env_manager: Status dict: {'current_step': 0, 'queue_size': 0, 'unallocated_fraction': 1.0, 'self_queue_size': 0, 'max_group_size': 1, 'env_weight': 1.0}
[96m[ATROPOS][0m INFO:     127.0.0.1:63218 - "GET /status-env HTTP/1.1" 200 OK
[94m[GSM8K][0m INFO:atroposlib.envs.base:env_manager: Status dict: {'current_step': 0, 'queue_size': 0, 'unallocated_fraction': 1.0, 'self_queue_size': 0, 'max_group_size': 1, 'env_weight': 1.0}
[96m[ATROPOS][0m INFO:     127.0.0.1:63219 - "GET /status-env HTTP/1.1" 200 OK
[94m[GSM8K][0m INFO:atroposlib.envs.base:env_manager: Status dict: {'current_step': 0, 'queue_size': 0, 'unallocated_fraction': 1.0, 'self_queue_size': 0, 'max_group_size': 1, 'env_weight': 1.0}
[96m[ATROPOS][0m INFO:     127.0.0.1:63220 - "GET /status-env HTTP/1.1" 200 OK
[94m[GSM8K][0m INFO:atroposlib.envs.base:env_manager: Status dict: {'current_step': 0, 'queue_size': 0, 'unallocated_fraction': 1.0, 'self_queue_size': 0, 'max_group_size': 1, 'env_weight': 1.0}
[96m[ATROPOS][0m INFO:     127.0.0.1:63221 - "GET /batch HTTP/1.1" 200 OK
[96m[ATROPOS][0m INFO:     127.0.0.1:63222 - "GET /status-env HTTP/1.1" 200 OK
[94m[GSM8K][0m INFO:atroposlib.envs.base:env_manager: Status dict: {'current_step': 0, 'queue_size': 0, 'unallocated_fraction': 1.0, 'self_queue_size': 0, 'max_group_size': 1, 'env_weight': 1.0}
[96m[ATROPOS][0m INFO:     127.0.0.1:63223 - "GET /status-env HTTP/1.1" 200 OK
[94m[GSM8K][0m INFO:atroposlib.envs.base:env_manager: Status dict: {'current_step': 0, 'queue_size': 0, 'unallocated_fraction': 1.0, 'self_queue_size': 0, 'max_group_size': 1, 'env_weight': 1.0}
[96m[ATROPOS][0m INFO:     127.0.0.1:63224 - "GET /status-env HTTP/1.1" 200 OK
[94m[GSM8K][0m INFO:atroposlib.envs.base:env_manager: Status dict: {'current_step': 0, 'queue_size': 0, 'unallocated_fraction': 1.0, 'self_queue_size': 0, 'max_group_size': 1, 'env_weight': 1.0}
[96m[ATROPOS][0m INFO:     127.0.0.1:63225 - "GET /status-env HTTP/1.1" 200 OK
[94m[GSM8K][0m INFO:atroposlib.envs.base:env_manager: Status dict: {'current_step': 0, 'queue_size': 0, 'unallocated_fraction': 1.0, 'self_queue_size': 0, 'max_group_size': 1, 'env_weight': 1.0}
[96m[ATROPOS][0m INFO:     127.0.0.1:63227 - "GET /status-env HTTP/1.1" 200 OK
[94m[GSM8K][0m INFO:atroposlib.envs.base:env_manager: Status dict: {'current_step': 0, 'queue_size': 0, 'unallocated_fraction': 1.0, 'self_queue_size': 0, 'max_group_size': 1, 'env_weight': 1.0}
[96m[ATROPOS][0m INFO:     127.0.0.1:63228 - "GET /status-env HTTP/1.1" 200 OK
[94m[GSM8K][0m INFO:atroposlib.envs.base:env_manager: Status dict: {'current_step': 0, 'queue_size': 0, 'unallocated_fraction': 1.0, 'self_queue_size': 0, 'max_group_size': 1, 'env_weight': 1.0}
[96m[ATROPOS][0m INFO:     127.0.0.1:63229 - "GET /status-env HTTP/1.1" 200 OK
[94m[GSM8K][0m INFO:atroposlib.envs.base:env_manager: Status dict: {'current_step': 0, 'queue_size': 0, 'unallocated_fraction': 1.0, 'self_queue_size': 0, 'max_group_size': 1, 'env_weight': 1.0}
[96m[ATROPOS][0m INFO:     127.0.0.1:63230 - "GET /status-env HTTP/1.1" 200 OK
[94m[GSM8K][0m INFO:atroposlib.envs.base:env_manager: Status dict: {'current_step': 0, 'queue_size': 0, 'unallocated_fraction': 1.0, 'self_queue_size': 0, 'max_group_size': 1, 'env_weight': 1.0}
[96m[ATROPOS][0m INFO:     127.0.0.1:63231 - "GET /status-env HTTP/1.1" 200 OK
[94m[GSM8K][0m INFO:atroposlib.envs.base:env_manager: Status dict: {'current_step': 0, 'queue_size': 0, 'unallocated_fraction': 1.0, 'self_queue_size': 0, 'max_group_size': 1, 'env_weight': 1.0}
[96m[ATROPOS][0m INFO:     127.0.0.1:63232 - "GET /batch HTTP/1.1" 200 OK
[92m[TRAINER][0m INFO:root:Polling for batch... attempt 215
[96m[ATROPOS][0m INFO:     127.0.0.1:63233 - "GET /status-env HTTP/1.1" 200 OK
[94m[GSM8K][0m INFO:atroposlib.envs.base:env_manager: Status dict: {'current_step': 0, 'queue_size': 0, 'unallocated_fraction': 1.0, 'self_queue_size': 0, 'max_group_size': 1, 'env_weight': 1.0}
[96m[ATROPOS][0m INFO:     127.0.0.1:63234 - "GET /status-env HTTP/1.1" 200 OK
[94m[GSM8K][0m INFO:atroposlib.envs.base:env_manager: Status dict: {'current_step': 0, 'queue_size': 0, 'unallocated_fraction': 1.0, 'self_queue_size': 0, 'max_group_size': 1, 'env_weight': 1.0}
[96m[ATROPOS][0m INFO:     127.0.0.1:63235 - "GET /status-env HTTP/1.1" 200 OK
[94m[GSM8K][0m INFO:atroposlib.envs.base:env_manager: Status dict: {'current_step': 0, 'queue_size': 0, 'unallocated_fraction': 1.0, 'self_queue_size': 0, 'max_group_size': 1, 'env_weight': 1.0}
[96m[ATROPOS][0m INFO:     127.0.0.1:63236 - "GET /status-env HTTP/1.1" 200 OK
[94m[GSM8K][0m INFO:atroposlib.envs.base:env_manager: Status dict: {'current_step': 0, 'queue_size': 0, 'unallocated_fraction': 1.0, 'self_queue_size': 0, 'max_group_size': 1, 'env_weight': 1.0}
[96m[ATROPOS][0m INFO:     127.0.0.1:63237 - "GET /status-env HTTP/1.1" 200 OK
[94m[GSM8K][0m INFO:atroposlib.envs.base:env_manager: Status dict: {'current_step': 0, 'queue_size': 0, 'unallocated_fraction': 1.0, 'self_queue_size': 0, 'max_group_size': 1, 'env_weight': 1.0}
[96m[ATROPOS][0m INFO:     127.0.0.1:63238 - "GET /status-env HTTP/1.1" 200 OK
[94m[GSM8K][0m INFO:atroposlib.envs.base:env_manager: Status dict: {'current_step': 0, 'queue_size': 0, 'unallocated_fraction': 1.0, 'self_queue_size': 0, 'max_group_size': 1, 'env_weight': 1.0}
[96m[ATROPOS][0m INFO:     127.0.0.1:63239 - "GET /status-env HTTP/1.1" 200 OK
[94m[GSM8K][0m INFO:atroposlib.envs.base:env_manager: Status dict: {'current_step': 0, 'queue_size': 0, 'unallocated_fraction': 1.0, 'self_queue_size': 0, 'max_group_size': 1, 'env_weight': 1.0}
[96m[ATROPOS][0m INFO:     127.0.0.1:63240 - "GET /status-env HTTP/1.1" 200 OK
[94m[GSM8K][0m INFO:atroposlib.envs.base:env_manager: Status dict: {'current_step': 0, 'queue_size': 0, 'unallocated_fraction': 1.0, 'self_queue_size': 0, 'max_group_size': 1, 'env_weight': 1.0}
[96m[ATROPOS][0m INFO:     127.0.0.1:63241 - "GET /status-env HTTP/1.1" 200 OK
[94m[GSM8K][0m INFO:atroposlib.envs.base:env_manager: Status dict: {'current_step': 0, 'queue_size': 0, 'unallocated_fraction': 1.0, 'self_queue_size': 0, 'max_group_size': 1, 'env_weight': 1.0}
[96m[ATROPOS][0m INFO:     127.0.0.1:63242 - "GET /status-env HTTP/1.1" 200 OK
[94m[GSM8K][0m INFO:atroposlib.envs.base:env_manager: Status dict: {'current_step': 0, 'queue_size': 0, 'unallocated_fraction': 1.0, 'self_queue_size': 0, 'max_group_size': 1, 'env_weight': 1.0}
[96m[ATROPOS][0m INFO:     127.0.0.1:63243 - "GET /batch HTTP/1.1" 200 OK
[96m[ATROPOS][0m INFO:     127.0.0.1:63244 - "GET /status-env HTTP/1.1" 200 OK
[94m[GSM8K][0m INFO:atroposlib.envs.base:env_manager: Status dict: {'current_step': 0, 'queue_size': 0, 'unallocated_fraction': 1.0, 'self_queue_size': 0, 'max_group_size': 1, 'env_weight': 1.0}
[96m[ATROPOS][0m INFO:     127.0.0.1:63245 - "GET /status-env HTTP/1.1" 200 OK
[94m[GSM8K][0m INFO:atroposlib.envs.base:env_manager: Status dict: {'current_step': 0, 'queue_size': 0, 'unallocated_fraction': 1.0, 'self_queue_size': 0, 'max_group_size': 1, 'env_weight': 1.0}
[96m[ATROPOS][0m INFO:     127.0.0.1:63246 - "GET /status-env HTTP/1.1" 200 OK
[94m[GSM8K][0m INFO:atroposlib.envs.base:env_manager: Status dict: {'current_step': 0, 'queue_size': 0, 'unallocated_fraction': 1.0, 'self_queue_size': 0, 'max_group_size': 1, 'env_weight': 1.0}
[96m[ATROPOS][0m INFO:     127.0.0.1:63247 - "GET /status-env HTTP/1.1" 200 OK
[94m[GSM8K][0m INFO:atroposlib.envs.base:env_manager: Status dict: {'current_step': 0, 'queue_size': 0, 'unallocated_fraction': 1.0, 'self_queue_size': 0, 'max_group_size': 1, 'env_weight': 1.0}
[96m[ATROPOS][0m INFO:     127.0.0.1:63248 - "GET /status-env HTTP/1.1" 200 OK
[94m[GSM8K][0m INFO:atroposlib.envs.base:env_manager: Status dict: {'current_step': 0, 'queue_size': 0, 'unallocated_fraction': 1.0, 'self_queue_size': 0, 'max_group_size': 1, 'env_weight': 1.0}
[96m[ATROPOS][0m INFO:     127.0.0.1:63249 - "GET /status-env HTTP/1.1" 200 OK
[94m[GSM8K][0m INFO:atroposlib.envs.base:env_manager: Status dict: {'current_step': 0, 'queue_size': 0, 'unallocated_fraction': 1.0, 'self_queue_size': 0, 'max_group_size': 1, 'env_weight': 1.0}
[96m[ATROPOS][0m INFO:     127.0.0.1:63250 - "GET /status-env HTTP/1.1" 200 OK
[94m[GSM8K][0m INFO:atroposlib.envs.base:env_manager: Status dict: {'current_step': 0, 'queue_size': 0, 'unallocated_fraction': 1.0, 'self_queue_size': 0, 'max_group_size': 1, 'env_weight': 1.0}
[96m[ATROPOS][0m INFO:     127.0.0.1:63251 - "GET /status-env HTTP/1.1" 200 OK
[94m[GSM8K][0m INFO:atroposlib.envs.base:env_manager: Status dict: {'current_step': 0, 'queue_size': 0, 'unallocated_fraction': 1.0, 'self_queue_size': 0, 'max_group_size': 1, 'env_weight': 1.0}
[96m[ATROPOS][0m INFO:     127.0.0.1:63252 - "GET /status-env HTTP/1.1" 200 OK
[94m[GSM8K][0m INFO:atroposlib.envs.base:env_manager: Status dict: {'current_step': 0, 'queue_size': 0, 'unallocated_fraction': 1.0, 'self_queue_size': 0, 'max_group_size': 1, 'env_weight': 1.0}
[96m[ATROPOS][0m INFO:     127.0.0.1:63260 - "GET /status-env HTTP/1.1" 200 OK
[94m[GSM8K][0m INFO:atroposlib.envs.base:env_manager: Status dict: {'current_step': 0, 'queue_size': 0, 'unallocated_fraction': 1.0, 'self_queue_size': 0, 'max_group_size': 1, 'env_weight': 1.0}
[96m[ATROPOS][0m INFO:     127.0.0.1:63261 - "GET /batch HTTP/1.1" 200 OK
[96m[ATROPOS][0m INFO:     127.0.0.1:63262 - "GET /status-env HTTP/1.1" 200 OK
[94m[GSM8K][0m INFO:atroposlib.envs.base:env_manager: Status dict: {'current_step': 0, 'queue_size': 0, 'unallocated_fraction': 1.0, 'self_queue_size': 0, 'max_group_size': 1, 'env_weight': 1.0}
[96m[ATROPOS][0m INFO:     127.0.0.1:63264 - "GET /status-env HTTP/1.1" 200 OK
[94m[GSM8K][0m INFO:atroposlib.envs.base:env_manager: Status dict: {'current_step': 0, 'queue_size': 0, 'unallocated_fraction': 1.0, 'self_queue_size': 0, 'max_group_size': 1, 'env_weight': 1.0}
[96m[ATROPOS][0m INFO:     127.0.0.1:63265 - "GET /status-env HTTP/1.1" 200 OK
[94m[GSM8K][0m INFO:atroposlib.envs.base:env_manager: Status dict: {'current_step': 0, 'queue_size': 0, 'unallocated_fraction': 1.0, 'self_queue_size': 0, 'max_group_size': 1, 'env_weight': 1.0}
[96m[ATROPOS][0m INFO:     127.0.0.1:63266 - "GET /status-env HTTP/1.1" 200 OK
[94m[GSM8K][0m INFO:atroposlib.envs.base:env_manager: Status dict: {'current_step': 0, 'queue_size': 0, 'unallocated_fraction': 1.0, 'self_queue_size': 0, 'max_group_size': 1, 'env_weight': 1.0}
[96m[ATROPOS][0m INFO:     127.0.0.1:63268 - "GET /status-env HTTP/1.1" 200 OK
[94m[GSM8K][0m INFO:atroposlib.envs.base:env_manager: Status dict: {'current_step': 0, 'queue_size': 0, 'unallocated_fraction': 1.0, 'self_queue_size': 0, 'max_group_size': 1, 'env_weight': 1.0}
[96m[ATROPOS][0m INFO:     127.0.0.1:63269 - "GET /status-env HTTP/1.1" 200 OK
[94m[GSM8K][0m INFO:atroposlib.envs.base:env_manager: Status dict: {'current_step': 0, 'queue_size': 0, 'unallocated_fraction': 1.0, 'self_queue_size': 0, 'max_group_size': 1, 'env_weight': 1.0}
[96m[ATROPOS][0m INFO:     127.0.0.1:63270 - "GET /status-env HTTP/1.1" 200 OK
[94m[GSM8K][0m INFO:atroposlib.envs.base:env_manager: Status dict: {'current_step': 0, 'queue_size': 0, 'unallocated_fraction': 1.0, 'self_queue_size': 0, 'max_group_size': 1, 'env_weight': 1.0}
[96m[ATROPOS][0m INFO:     127.0.0.1:63271 - "GET /status-env HTTP/1.1" 200 OK
[94m[GSM8K][0m INFO:atroposlib.envs.base:env_manager: Status dict: {'current_step': 0, 'queue_size': 0, 'unallocated_fraction': 1.0, 'self_queue_size': 0, 'max_group_size': 1, 'env_weight': 1.0}
[96m[ATROPOS][0m INFO:     127.0.0.1:63272 - "GET /status-env HTTP/1.1" 200 OK
[94m[GSM8K][0m INFO:atroposlib.envs.base:env_manager: Status dict: {'current_step': 0, 'queue_size': 0, 'unallocated_fraction': 1.0, 'self_queue_size': 0, 'max_group_size': 1, 'env_weight': 1.0}
[96m[ATROPOS][0m INFO:     127.0.0.1:63273 - "GET /batch HTTP/1.1" 200 OK
[96m[ATROPOS][0m INFO:     127.0.0.1:63274 - "GET /status-env HTTP/1.1" 200 OK
[94m[GSM8K][0m INFO:atroposlib.envs.base:env_manager: Status dict: {'current_step': 0, 'queue_size': 0, 'unallocated_fraction': 1.0, 'self_queue_size': 0, 'max_group_size': 1, 'env_weight': 1.0}
[96m[ATROPOS][0m INFO:     127.0.0.1:63275 - "GET /status-env HTTP/1.1" 200 OK
[94m[GSM8K][0m INFO:atroposlib.envs.base:env_manager: Status dict: {'current_step': 0, 'queue_size': 0, 'unallocated_fraction': 1.0, 'self_queue_size': 0, 'max_group_size': 1, 'env_weight': 1.0}
[96m[ATROPOS][0m INFO:     127.0.0.1:63276 - "GET /status-env HTTP/1.1" 200 OK
[94m[GSM8K][0m INFO:atroposlib.envs.base:env_manager: Status dict: {'current_step': 0, 'queue_size': 0, 'unallocated_fraction': 1.0, 'self_queue_size': 0, 'max_group_size': 1, 'env_weight': 1.0}
[96m[ATROPOS][0m INFO:     127.0.0.1:63277 - "GET /status-env HTTP/1.1" 200 OK
[94m[GSM8K][0m INFO:atroposlib.envs.base:env_manager: Status dict: {'current_step': 0, 'queue_size': 0, 'unallocated_fraction': 1.0, 'self_queue_size': 0, 'max_group_size': 1, 'env_weight': 1.0}
[96m[ATROPOS][0m INFO:     127.0.0.1:63278 - "GET /status-env HTTP/1.1" 200 OK
[94m[GSM8K][0m INFO:atroposlib.envs.base:env_manager: Status dict: {'current_step': 0, 'queue_size': 0, 'unallocated_fraction': 1.0, 'self_queue_size': 0, 'max_group_size': 1, 'env_weight': 1.0}
[96m[ATROPOS][0m INFO:     127.0.0.1:63279 - "GET /status-env HTTP/1.1" 200 OK
[94m[GSM8K][0m INFO:atroposlib.envs.base:env_manager: Status dict: {'current_step': 0, 'queue_size': 0, 'unallocated_fraction': 1.0, 'self_queue_size': 0, 'max_group_size': 1, 'env_weight': 1.0}
[96m[ATROPOS][0m INFO:     127.0.0.1:63280 - "GET /status-env HTTP/1.1" 200 OK
[94m[GSM8K][0m INFO:atroposlib.envs.base:env_manager: Status dict: {'current_step': 0, 'queue_size': 0, 'unallocated_fraction': 1.0, 'self_queue_size': 0, 'max_group_size': 1, 'env_weight': 1.0}
[96m[ATROPOS][0m INFO:     127.0.0.1:63281 - "GET /status-env HTTP/1.1" 200 OK
[94m[GSM8K][0m INFO:atroposlib.envs.base:env_manager: Status dict: {'current_step': 0, 'queue_size': 0, 'unallocated_fraction': 1.0, 'self_queue_size': 0, 'max_group_size': 1, 'env_weight': 1.0}
[96m[ATROPOS][0m INFO:     127.0.0.1:63282 - "GET /status-env HTTP/1.1" 200 OK
[94m[GSM8K][0m INFO:atroposlib.envs.base:env_manager: Status dict: {'current_step': 0, 'queue_size': 0, 'unallocated_fraction': 1.0, 'self_queue_size': 0, 'max_group_size': 1, 'env_weight': 1.0}
[96m[ATROPOS][0m INFO:     127.0.0.1:63283 - "GET /status-env HTTP/1.1" 200 OK
[94m[GSM8K][0m INFO:atroposlib.envs.base:env_manager: Status dict: {'current_step': 0, 'queue_size': 0, 'unallocated_fraction': 1.0, 'self_queue_size': 0, 'max_group_size': 1, 'env_weight': 1.0}
[96m[ATROPOS][0m INFO:     127.0.0.1:63284 - "GET /batch HTTP/1.1" 200 OK
[96m[ATROPOS][0m INFO:     127.0.0.1:63285 - "GET /status-env HTTP/1.1" 200 OK
[94m[GSM8K][0m INFO:atroposlib.envs.base:env_manager: Status dict: {'current_step': 0, 'queue_size': 0, 'unallocated_fraction': 1.0, 'self_queue_size': 0, 'max_group_size': 1, 'env_weight': 1.0}
[96m[ATROPOS][0m INFO:     127.0.0.1:63286 - "GET /status-env HTTP/1.1" 200 OK
[94m[GSM8K][0m INFO:atroposlib.envs.base:env_manager: Status dict: {'current_step': 0, 'queue_size': 0, 'unallocated_fraction': 1.0, 'self_queue_size': 0, 'max_group_size': 1, 'env_weight': 1.0}
[96m[ATROPOS][0m INFO:     127.0.0.1:63287 - "GET /status-env HTTP/1.1" 200 OK
[94m[GSM8K][0m INFO:atroposlib.envs.base:env_manager: Status dict: {'current_step': 0, 'queue_size': 0, 'unallocated_fraction': 1.0, 'self_queue_size': 0, 'max_group_size': 1, 'env_weight': 1.0}
[96m[ATROPOS][0m INFO:     127.0.0.1:63288 - "GET /status-env HTTP/1.1" 200 OK
[94m[GSM8K][0m INFO:atroposlib.envs.base:env_manager: Status dict: {'current_step': 0, 'queue_size': 0, 'unallocated_fraction': 1.0, 'self_queue_size': 0, 'max_group_size': 1, 'env_weight': 1.0}
[96m[ATROPOS][0m INFO:     127.0.0.1:63289 - "GET /status-env HTTP/1.1" 200 OK
[94m[GSM8K][0m INFO:atroposlib.envs.base:env_manager: Status dict: {'current_step': 0, 'queue_size': 0, 'unallocated_fraction': 1.0, 'self_queue_size': 0, 'max_group_size': 1, 'env_weight': 1.0}
[96m[ATROPOS][0m INFO:     127.0.0.1:63290 - "GET /status-env HTTP/1.1" 200 OK
[94m[GSM8K][0m INFO:atroposlib.envs.base:env_manager: Status dict: {'current_step': 0, 'queue_size': 0, 'unallocated_fraction': 1.0, 'self_queue_size': 0, 'max_group_size': 1, 'env_weight': 1.0}
[96m[ATROPOS][0m INFO:     127.0.0.1:63292 - "GET /status-env HTTP/1.1" 200 OK
[94m[GSM8K][0m INFO:atroposlib.envs.base:env_manager: Status dict: {'current_step': 0, 'queue_size': 0, 'unallocated_fraction': 1.0, 'self_queue_size': 0, 'max_group_size': 1, 'env_weight': 1.0}
[96m[ATROPOS][0m INFO:     127.0.0.1:63293 - "GET /status-env HTTP/1.1" 200 OK
[94m[GSM8K][0m INFO:atroposlib.envs.base:env_manager: Status dict: {'current_step': 0, 'queue_size': 0, 'unallocated_fraction': 1.0, 'self_queue_size': 0, 'max_group_size': 1, 'env_weight': 1.0}
[96m[ATROPOS][0m INFO:     127.0.0.1:63294 - "GET /status-env HTTP/1.1" 200 OK
[94m[GSM8K][0m INFO:atroposlib.envs.base:env_manager: Status dict: {'current_step': 0, 'queue_size': 0, 'unallocated_fraction': 1.0, 'self_queue_size': 0, 'max_group_size': 1, 'env_weight': 1.0}
[96m[ATROPOS][0m INFO:     127.0.0.1:63295 - "GET /status-env HTTP/1.1" 200 OK
[94m[GSM8K][0m INFO:atroposlib.envs.base:env_manager: Status dict: {'current_step': 0, 'queue_size': 0, 'unallocated_fraction': 1.0, 'self_queue_size': 0, 'max_group_size': 1, 'env_weight': 1.0}
[96m[ATROPOS][0m INFO:     127.0.0.1:63296 - "GET /batch HTTP/1.1" 200 OK
[92m[TRAINER][0m INFO:root:Polling for batch... attempt 220
[96m[ATROPOS][0m INFO:     127.0.0.1:63298 - "GET /status-env HTTP/1.1" 200 OK
[94m[GSM8K][0m INFO:atroposlib.envs.base:env_manager: Status dict: {'current_step': 0, 'queue_size': 0, 'unallocated_fraction': 1.0, 'self_queue_size': 0, 'max_group_size': 1, 'env_weight': 1.0}
[96m[ATROPOS][0m INFO:     127.0.0.1:63299 - "GET /status-env HTTP/1.1" 200 OK
[94m[GSM8K][0m INFO:atroposlib.envs.base:env_manager: Status dict: {'current_step': 0, 'queue_size': 0, 'unallocated_fraction': 1.0, 'self_queue_size': 0, 'max_group_size': 1, 'env_weight': 1.0}
[96m[ATROPOS][0m INFO:     127.0.0.1:63300 - "GET /status-env HTTP/1.1" 200 OK
[94m[GSM8K][0m INFO:atroposlib.envs.base:env_manager: Status dict: {'current_step': 0, 'queue_size': 0, 'unallocated_fraction': 1.0, 'self_queue_size': 0, 'max_group_size': 1, 'env_weight': 1.0}
[96m[ATROPOS][0m INFO:     127.0.0.1:63301 - "GET /status-env HTTP/1.1" 200 OK
[94m[GSM8K][0m INFO:atroposlib.envs.base:env_manager: Status dict: {'current_step': 0, 'queue_size': 0, 'unallocated_fraction': 1.0, 'self_queue_size': 0, 'max_group_size': 1, 'env_weight': 1.0}
[96m[ATROPOS][0m INFO:     127.0.0.1:63302 - "GET /status-env HTTP/1.1" 200 OK
[94m[GSM8K][0m INFO:atroposlib.envs.base:env_manager: Status dict: {'current_step': 0, 'queue_size': 0, 'unallocated_fraction': 1.0, 'self_queue_size': 0, 'max_group_size': 1, 'env_weight': 1.0}
[96m[ATROPOS][0m INFO:     127.0.0.1:63303 - "GET /status-env HTTP/1.1" 200 OK
[94m[GSM8K][0m INFO:atroposlib.envs.base:env_manager: Status dict: {'current_step': 0, 'queue_size': 0, 'unallocated_fraction': 1.0, 'self_queue_size': 0, 'max_group_size': 1, 'env_weight': 1.0}
[96m[ATROPOS][0m INFO:     127.0.0.1:63304 - "GET /status-env HTTP/1.1" 200 OK
[94m[GSM8K][0m INFO:atroposlib.envs.base:env_manager: Status dict: {'current_step': 0, 'queue_size': 0, 'unallocated_fraction': 1.0, 'self_queue_size': 0, 'max_group_size': 1, 'env_weight': 1.0}
[96m[ATROPOS][0m INFO:     127.0.0.1:63305 - "GET /status-env HTTP/1.1" 200 OK
[94m[GSM8K][0m INFO:atroposlib.envs.base:env_manager: Status dict: {'current_step': 0, 'queue_size': 0, 'unallocated_fraction': 1.0, 'self_queue_size': 0, 'max_group_size': 1, 'env_weight': 1.0}
[96m[ATROPOS][0m INFO:     127.0.0.1:63306 - "GET /status-env HTTP/1.1" 200 OK
[94m[GSM8K][0m INFO:atroposlib.envs.base:env_manager: Status dict: {'current_step': 0, 'queue_size': 0, 'unallocated_fraction': 1.0, 'self_queue_size': 0, 'max_group_size': 1, 'env_weight': 1.0}
[96m[ATROPOS][0m INFO:     127.0.0.1:63308 - "GET /batch HTTP/1.1" 200 OK
[96m[ATROPOS][0m INFO:     127.0.0.1:63309 - "GET /status-env HTTP/1.1" 200 OK
[94m[GSM8K][0m INFO:atroposlib.envs.base:env_manager: Status dict: {'current_step': 0, 'queue_size': 0, 'unallocated_fraction': 1.0, 'self_queue_size': 0, 'max_group_size': 1, 'env_weight': 1.0}
[96m[ATROPOS][0m INFO:     127.0.0.1:63311 - "GET /status-env HTTP/1.1" 200 OK
[94m[GSM8K][0m INFO:atroposlib.envs.base:env_manager: Status dict: {'current_step': 0, 'queue_size': 0, 'unallocated_fraction': 1.0, 'self_queue_size': 0, 'max_group_size': 1, 'env_weight': 1.0}
[96m[ATROPOS][0m INFO:     127.0.0.1:63312 - "GET /status-env HTTP/1.1" 200 OK
[94m[GSM8K][0m INFO:atroposlib.envs.base:env_manager: Status dict: {'current_step': 0, 'queue_size': 0, 'unallocated_fraction': 1.0, 'self_queue_size': 0, 'max_group_size': 1, 'env_weight': 1.0}
[96m[ATROPOS][0m INFO:     127.0.0.1:63315 - "GET /status-env HTTP/1.1" 200 OK
[94m[GSM8K][0m INFO:atroposlib.envs.base:env_manager: Status dict: {'current_step': 0, 'queue_size': 0, 'unallocated_fraction': 1.0, 'self_queue_size': 0, 'max_group_size': 1, 'env_weight': 1.0}
[96m[ATROPOS][0m INFO:     127.0.0.1:63317 - "GET /status-env HTTP/1.1" 200 OK
[94m[GSM8K][0m INFO:atroposlib.envs.base:env_manager: Status dict: {'current_step': 0, 'queue_size': 0, 'unallocated_fraction': 1.0, 'self_queue_size': 0, 'max_group_size': 1, 'env_weight': 1.0}
[96m[ATROPOS][0m INFO:     127.0.0.1:63318 - "GET /status-env HTTP/1.1" 200 OK
[94m[GSM8K][0m INFO:atroposlib.envs.base:env_manager: Status dict: {'current_step': 0, 'queue_size': 0, 'unallocated_fraction': 1.0, 'self_queue_size': 0, 'max_group_size': 1, 'env_weight': 1.0}
[96m[ATROPOS][0m INFO:     127.0.0.1:63319 - "GET /status-env HTTP/1.1" 200 OK
[94m[GSM8K][0m INFO:atroposlib.envs.base:env_manager: Status dict: {'current_step': 0, 'queue_size': 0, 'unallocated_fraction': 1.0, 'self_queue_size': 0, 'max_group_size': 1, 'env_weight': 1.0}
[96m[ATROPOS][0m INFO:     127.0.0.1:63320 - "GET /status-env HTTP/1.1" 200 OK
[94m[GSM8K][0m INFO:atroposlib.envs.base:env_manager: Status dict: {'current_step': 0, 'queue_size': 0, 'unallocated_fraction': 1.0, 'self_queue_size': 0, 'max_group_size': 1, 'env_weight': 1.0}
[96m[ATROPOS][0m INFO:     127.0.0.1:63321 - "GET /status-env HTTP/1.1" 200 OK
[94m[GSM8K][0m INFO:atroposlib.envs.base:env_manager: Status dict: {'current_step': 0, 'queue_size': 0, 'unallocated_fraction': 1.0, 'self_queue_size': 0, 'max_group_size': 1, 'env_weight': 1.0}
[96m[ATROPOS][0m INFO:     127.0.0.1:63322 - "GET /status-env HTTP/1.1" 200 OK
[94m[GSM8K][0m INFO:atroposlib.envs.base:env_manager: Status dict: {'current_step': 0, 'queue_size': 0, 'unallocated_fraction': 1.0, 'self_queue_size': 0, 'max_group_size': 1, 'env_weight': 1.0}
[96m[ATROPOS][0m INFO:     127.0.0.1:63323 - "GET /batch HTTP/1.1" 200 OK
[96m[ATROPOS][0m INFO:     127.0.0.1:63324 - "GET /status-env HTTP/1.1" 200 OK
[94m[GSM8K][0m INFO:atroposlib.envs.base:env_manager: Status dict: {'current_step': 0, 'queue_size': 0, 'unallocated_fraction': 1.0, 'self_queue_size': 0, 'max_group_size': 1, 'env_weight': 1.0}
[96m[ATROPOS][0m INFO:     127.0.0.1:63327 - "GET /status-env HTTP/1.1" 200 OK
[94m[GSM8K][0m INFO:atroposlib.envs.base:env_manager: Status dict: {'current_step': 0, 'queue_size': 0, 'unallocated_fraction': 1.0, 'self_queue_size': 0, 'max_group_size': 1, 'env_weight': 1.0}
[96m[ATROPOS][0m INFO:     127.0.0.1:63328 - "GET /status-env HTTP/1.1" 200 OK
[94m[GSM8K][0m INFO:atroposlib.envs.base:env_manager: Status dict: {'current_step': 0, 'queue_size': 0, 'unallocated_fraction': 1.0, 'self_queue_size': 0, 'max_group_size': 1, 'env_weight': 1.0}
[96m[ATROPOS][0m INFO:     127.0.0.1:63329 - "GET /status-env HTTP/1.1" 200 OK
[94m[GSM8K][0m INFO:atroposlib.envs.base:env_manager: Status dict: {'current_step': 0, 'queue_size': 0, 'unallocated_fraction': 1.0, 'self_queue_size': 0, 'max_group_size': 1, 'env_weight': 1.0}
[96m[ATROPOS][0m INFO:     127.0.0.1:63330 - "GET /status-env HTTP/1.1" 200 OK
[94m[GSM8K][0m INFO:atroposlib.envs.base:env_manager: Status dict: {'current_step': 0, 'queue_size': 0, 'unallocated_fraction': 1.0, 'self_queue_size': 0, 'max_group_size': 1, 'env_weight': 1.0}
[96m[ATROPOS][0m INFO:     127.0.0.1:63331 - "GET /status-env HTTP/1.1" 200 OK
[94m[GSM8K][0m INFO:atroposlib.envs.base:env_manager: Status dict: {'current_step': 0, 'queue_size': 0, 'unallocated_fraction': 1.0, 'self_queue_size': 0, 'max_group_size': 1, 'env_weight': 1.0}
[96m[ATROPOS][0m INFO:     127.0.0.1:63332 - "GET /status-env HTTP/1.1" 200 OK
[94m[GSM8K][0m INFO:atroposlib.envs.base:env_manager: Status dict: {'current_step': 0, 'queue_size': 0, 'unallocated_fraction': 1.0, 'self_queue_size': 0, 'max_group_size': 1, 'env_weight': 1.0}
[96m[ATROPOS][0m INFO:     127.0.0.1:63333 - "GET /status-env HTTP/1.1" 200 OK
[94m[GSM8K][0m INFO:atroposlib.envs.base:env_manager: Status dict: {'current_step': 0, 'queue_size': 0, 'unallocated_fraction': 1.0, 'self_queue_size': 0, 'max_group_size': 1, 'env_weight': 1.0}
[96m[ATROPOS][0m INFO:     127.0.0.1:63334 - "GET /status-env HTTP/1.1" 200 OK
[94m[GSM8K][0m INFO:atroposlib.envs.base:env_manager: Status dict: {'current_step': 0, 'queue_size': 0, 'unallocated_fraction': 1.0, 'self_queue_size': 0, 'max_group_size': 1, 'env_weight': 1.0}
[96m[ATROPOS][0m INFO:     127.0.0.1:63335 - "GET /status-env HTTP/1.1" 200 OK
[94m[GSM8K][0m INFO:atroposlib.envs.base:env_manager: Status dict: {'current_step': 0, 'queue_size': 0, 'unallocated_fraction': 1.0, 'self_queue_size': 0, 'max_group_size': 1, 'env_weight': 1.0}
[96m[ATROPOS][0m INFO:     127.0.0.1:63336 - "GET /batch HTTP/1.1" 200 OK
[96m[ATROPOS][0m INFO:     127.0.0.1:63337 - "GET /status-env HTTP/1.1" 200 OK
[94m[GSM8K][0m INFO:atroposlib.envs.base:env_manager: Status dict: {'current_step': 0, 'queue_size': 0, 'unallocated_fraction': 1.0, 'self_queue_size': 0, 'max_group_size': 1, 'env_weight': 1.0}
[96m[ATROPOS][0m INFO:     127.0.0.1:63338 - "GET /status-env HTTP/1.1" 200 OK
[94m[GSM8K][0m INFO:atroposlib.envs.base:env_manager: Status dict: {'current_step': 0, 'queue_size': 0, 'unallocated_fraction': 1.0, 'self_queue_size': 0, 'max_group_size': 1, 'env_weight': 1.0}
[96m[ATROPOS][0m INFO:     127.0.0.1:63339 - "GET /status-env HTTP/1.1" 200 OK
[94m[GSM8K][0m INFO:atroposlib.envs.base:env_manager: Status dict: {'current_step': 0, 'queue_size': 0, 'unallocated_fraction': 1.0, 'self_queue_size': 0, 'max_group_size': 1, 'env_weight': 1.0}
[96m[ATROPOS][0m INFO:     127.0.0.1:63340 - "GET /status-env HTTP/1.1" 200 OK
[94m[GSM8K][0m INFO:atroposlib.envs.base:env_manager: Status dict: {'current_step': 0, 'queue_size': 0, 'unallocated_fraction': 1.0, 'self_queue_size': 0, 'max_group_size': 1, 'env_weight': 1.0}
[96m[ATROPOS][0m INFO:     127.0.0.1:63341 - "GET /status-env HTTP/1.1" 200 OK
[94m[GSM8K][0m INFO:atroposlib.envs.base:env_manager: Status dict: {'current_step': 0, 'queue_size': 0, 'unallocated_fraction': 1.0, 'self_queue_size': 0, 'max_group_size': 1, 'env_weight': 1.0}
[96m[ATROPOS][0m INFO:     127.0.0.1:63342 - "GET /status-env HTTP/1.1" 200 OK
[94m[GSM8K][0m INFO:atroposlib.envs.base:env_manager: Status dict: {'current_step': 0, 'queue_size': 0, 'unallocated_fraction': 1.0, 'self_queue_size': 0, 'max_group_size': 1, 'env_weight': 1.0}
[96m[ATROPOS][0m INFO:     127.0.0.1:63343 - "GET /status-env HTTP/1.1" 200 OK
[94m[GSM8K][0m INFO:atroposlib.envs.base:env_manager: Status dict: {'current_step': 0, 'queue_size': 0, 'unallocated_fraction': 1.0, 'self_queue_size': 0, 'max_group_size': 1, 'env_weight': 1.0}
[96m[ATROPOS][0m INFO:     127.0.0.1:63344 - "GET /status-env HTTP/1.1" 200 OK
[94m[GSM8K][0m INFO:atroposlib.envs.base:env_manager: Status dict: {'current_step': 0, 'queue_size': 0, 'unallocated_fraction': 1.0, 'self_queue_size': 0, 'max_group_size': 1, 'env_weight': 1.0}
[96m[ATROPOS][0m INFO:     127.0.0.1:63345 - "GET /status-env HTTP/1.1" 200 OK
[94m[GSM8K][0m INFO:atroposlib.envs.base:env_manager: Status dict: {'current_step': 0, 'queue_size': 0, 'unallocated_fraction': 1.0, 'self_queue_size': 0, 'max_group_size': 1, 'env_weight': 1.0}
[96m[ATROPOS][0m INFO:     127.0.0.1:63347 - "GET /batch HTTP/1.1" 200 OK
[96m[ATROPOS][0m INFO:     127.0.0.1:63348 - "GET /status-env HTTP/1.1" 200 OK
[94m[GSM8K][0m INFO:atroposlib.envs.base:env_manager: Status dict: {'current_step': 0, 'queue_size': 0, 'unallocated_fraction': 1.0, 'self_queue_size': 0, 'max_group_size': 1, 'env_weight': 1.0}
[96m[ATROPOS][0m INFO:     127.0.0.1:63349 - "GET /status-env HTTP/1.1" 200 OK
[94m[GSM8K][0m INFO:atroposlib.envs.base:env_manager: Status dict: {'current_step': 0, 'queue_size': 0, 'unallocated_fraction': 1.0, 'self_queue_size': 0, 'max_group_size': 1, 'env_weight': 1.0}
[96m[ATROPOS][0m INFO:     127.0.0.1:63350 - "GET /status-env HTTP/1.1" 200 OK
[94m[GSM8K][0m INFO:atroposlib.envs.base:env_manager: Status dict: {'current_step': 0, 'queue_size': 0, 'unallocated_fraction': 1.0, 'self_queue_size': 0, 'max_group_size': 1, 'env_weight': 1.0}
[96m[ATROPOS][0m INFO:     127.0.0.1:63352 - "GET /status-env HTTP/1.1" 200 OK
[94m[GSM8K][0m INFO:atroposlib.envs.base:env_manager: Status dict: {'current_step': 0, 'queue_size': 0, 'unallocated_fraction': 1.0, 'self_queue_size': 0, 'max_group_size': 1, 'env_weight': 1.0}
[96m[ATROPOS][0m INFO:     127.0.0.1:63353 - "GET /status-env HTTP/1.1" 200 OK
[94m[GSM8K][0m INFO:atroposlib.envs.base:env_manager: Status dict: {'current_step': 0, 'queue_size': 0, 'unallocated_fraction': 1.0, 'self_queue_size': 0, 'max_group_size': 1, 'env_weight': 1.0}
[96m[ATROPOS][0m INFO:     127.0.0.1:63354 - "GET /status-env HTTP/1.1" 200 OK
[94m[GSM8K][0m INFO:atroposlib.envs.base:env_manager: Status dict: {'current_step': 0, 'queue_size': 0, 'unallocated_fraction': 1.0, 'self_queue_size': 0, 'max_group_size': 1, 'env_weight': 1.0}
[96m[ATROPOS][0m INFO:     127.0.0.1:63355 - "GET /status-env HTTP/1.1" 200 OK
[94m[GSM8K][0m INFO:atroposlib.envs.base:env_manager: Status dict: {'current_step': 0, 'queue_size': 0, 'unallocated_fraction': 1.0, 'self_queue_size': 0, 'max_group_size': 1, 'env_weight': 1.0}
[96m[ATROPOS][0m INFO:     127.0.0.1:63356 - "GET /status-env HTTP/1.1" 200 OK
[94m[GSM8K][0m INFO:atroposlib.envs.base:env_manager: Status dict: {'current_step': 0, 'queue_size': 0, 'unallocated_fraction': 1.0, 'self_queue_size': 0, 'max_group_size': 1, 'env_weight': 1.0}
[96m[ATROPOS][0m INFO:     127.0.0.1:63357 - "GET /status-env HTTP/1.1" 200 OK
[94m[GSM8K][0m INFO:atroposlib.envs.base:env_manager: Status dict: {'current_step': 0, 'queue_size': 0, 'unallocated_fraction': 1.0, 'self_queue_size': 0, 'max_group_size': 1, 'env_weight': 1.0}
[96m[ATROPOS][0m INFO:     127.0.0.1:63358 - "GET /status-env HTTP/1.1" 200 OK
[94m[GSM8K][0m INFO:atroposlib.envs.base:env_manager: Status dict: {'current_step': 0, 'queue_size': 0, 'unallocated_fraction': 1.0, 'self_queue_size': 0, 'max_group_size': 1, 'env_weight': 1.0}
[96m[ATROPOS][0m INFO:     127.0.0.1:63359 - "GET /batch HTTP/1.1" 200 OK
[92m[TRAINER][0m INFO:root:Polling for batch... attempt 225
[96m[ATROPOS][0m INFO:     127.0.0.1:63360 - "GET /status-env HTTP/1.1" 200 OK
[94m[GSM8K][0m INFO:atroposlib.envs.base:env_manager: Status dict: {'current_step': 0, 'queue_size': 0, 'unallocated_fraction': 1.0, 'self_queue_size': 0, 'max_group_size': 1, 'env_weight': 1.0}
[96m[ATROPOS][0m INFO:     127.0.0.1:63361 - "GET /status-env HTTP/1.1" 200 OK
[94m[GSM8K][0m INFO:atroposlib.envs.base:env_manager: Status dict: {'current_step': 0, 'queue_size': 0, 'unallocated_fraction': 1.0, 'self_queue_size': 0, 'max_group_size': 1, 'env_weight': 1.0}
[96m[ATROPOS][0m INFO:     127.0.0.1:63362 - "GET /status-env HTTP/1.1" 200 OK
[94m[GSM8K][0m INFO:atroposlib.envs.base:env_manager: Status dict: {'current_step': 0, 'queue_size': 0, 'unallocated_fraction': 1.0, 'self_queue_size': 0, 'max_group_size': 1, 'env_weight': 1.0}
[96m[ATROPOS][0m INFO:     127.0.0.1:63363 - "GET /status-env HTTP/1.1" 200 OK
[94m[GSM8K][0m INFO:atroposlib.envs.base:env_manager: Status dict: {'current_step': 0, 'queue_size': 0, 'unallocated_fraction': 1.0, 'self_queue_size': 0, 'max_group_size': 1, 'env_weight': 1.0}
[96m[ATROPOS][0m INFO:     127.0.0.1:63364 - "GET /status-env HTTP/1.1" 200 OK
[94m[GSM8K][0m INFO:atroposlib.envs.base:env_manager: Status dict: {'current_step': 0, 'queue_size': 0, 'unallocated_fraction': 1.0, 'self_queue_size': 0, 'max_group_size': 1, 'env_weight': 1.0}
[96m[ATROPOS][0m INFO:     127.0.0.1:63365 - "GET /status-env HTTP/1.1" 200 OK
[94m[GSM8K][0m INFO:atroposlib.envs.base:env_manager: Status dict: {'current_step': 0, 'queue_size': 0, 'unallocated_fraction': 1.0, 'self_queue_size': 0, 'max_group_size': 1, 'env_weight': 1.0}
[96m[ATROPOS][0m INFO:     127.0.0.1:63366 - "GET /status-env HTTP/1.1" 200 OK
[94m[GSM8K][0m INFO:atroposlib.envs.base:env_manager: Status dict: {'current_step': 0, 'queue_size': 0, 'unallocated_fraction': 1.0, 'self_queue_size': 0, 'max_group_size': 1, 'env_weight': 1.0}
[96m[ATROPOS][0m INFO:     127.0.0.1:63367 - "GET /status-env HTTP/1.1" 200 OK
[94m[GSM8K][0m INFO:atroposlib.envs.base:env_manager: Status dict: {'current_step': 0, 'queue_size': 0, 'unallocated_fraction': 1.0, 'self_queue_size': 0, 'max_group_size': 1, 'env_weight': 1.0}
[96m[ATROPOS][0m INFO:     127.0.0.1:63368 - "GET /status-env HTTP/1.1" 200 OK
[94m[GSM8K][0m INFO:atroposlib.envs.base:env_manager: Status dict: {'current_step': 0, 'queue_size': 0, 'unallocated_fraction': 1.0, 'self_queue_size': 0, 'max_group_size': 1, 'env_weight': 1.0}
[96m[ATROPOS][0m INFO:     127.0.0.1:63369 - "GET /status-env HTTP/1.1" 200 OK
[94m[GSM8K][0m INFO:atroposlib.envs.base:env_manager: Status dict: {'current_step': 0, 'queue_size': 0, 'unallocated_fraction': 1.0, 'self_queue_size': 0, 'max_group_size': 1, 'env_weight': 1.0}
[96m[ATROPOS][0m INFO:     127.0.0.1:63370 - "GET /batch HTTP/1.1" 200 OK
[96m[ATROPOS][0m INFO:     127.0.0.1:63371 - "GET /status-env HTTP/1.1" 200 OK
[94m[GSM8K][0m INFO:atroposlib.envs.base:env_manager: Status dict: {'current_step': 0, 'queue_size': 0, 'unallocated_fraction': 1.0, 'self_queue_size': 0, 'max_group_size': 1, 'env_weight': 1.0}
[96m[ATROPOS][0m INFO:     127.0.0.1:63372 - "GET /status-env HTTP/1.1" 200 OK
[94m[GSM8K][0m INFO:atroposlib.envs.base:env_manager: Status dict: {'current_step': 0, 'queue_size': 0, 'unallocated_fraction': 1.0, 'self_queue_size': 0, 'max_group_size': 1, 'env_weight': 1.0}
[96m[ATROPOS][0m INFO:     127.0.0.1:63373 - "GET /status-env HTTP/1.1" 200 OK
[94m[GSM8K][0m INFO:atroposlib.envs.base:env_manager: Status dict: {'current_step': 0, 'queue_size': 0, 'unallocated_fraction': 1.0, 'self_queue_size': 0, 'max_group_size': 1, 'env_weight': 1.0}
[96m[ATROPOS][0m INFO:     127.0.0.1:63374 - "GET /status-env HTTP/1.1" 200 OK
[94m[GSM8K][0m INFO:atroposlib.envs.base:env_manager: Status dict: {'current_step': 0, 'queue_size': 0, 'unallocated_fraction': 1.0, 'self_queue_size': 0, 'max_group_size': 1, 'env_weight': 1.0}
[96m[ATROPOS][0m INFO:     127.0.0.1:63375 - "GET /status-env HTTP/1.1" 200 OK
[94m[GSM8K][0m INFO:atroposlib.envs.base:env_manager: Status dict: {'current_step': 0, 'queue_size': 0, 'unallocated_fraction': 1.0, 'self_queue_size': 0, 'max_group_size': 1, 'env_weight': 1.0}
[96m[ATROPOS][0m INFO:     127.0.0.1:63376 - "GET /status-env HTTP/1.1" 200 OK
[94m[GSM8K][0m INFO:atroposlib.envs.base:env_manager: Status dict: {'current_step': 0, 'queue_size': 0, 'unallocated_fraction': 1.0, 'self_queue_size': 0, 'max_group_size': 1, 'env_weight': 1.0}
[96m[ATROPOS][0m INFO:     127.0.0.1:63377 - "GET /status-env HTTP/1.1" 200 OK
[94m[GSM8K][0m INFO:atroposlib.envs.base:env_manager: Status dict: {'current_step': 0, 'queue_size': 0, 'unallocated_fraction': 1.0, 'self_queue_size': 0, 'max_group_size': 1, 'env_weight': 1.0}
[96m[ATROPOS][0m INFO:     127.0.0.1:63378 - "GET /status-env HTTP/1.1" 200 OK
[94m[GSM8K][0m INFO:atroposlib.envs.base:env_manager: Status dict: {'current_step': 0, 'queue_size': 0, 'unallocated_fraction': 1.0, 'self_queue_size': 0, 'max_group_size': 1, 'env_weight': 1.0}
[96m[ATROPOS][0m INFO:     127.0.0.1:63379 - "GET /status-env HTTP/1.1" 200 OK
[94m[GSM8K][0m INFO:atroposlib.envs.base:env_manager: Status dict: {'current_step': 0, 'queue_size': 0, 'unallocated_fraction': 1.0, 'self_queue_size': 0, 'max_group_size': 1, 'env_weight': 1.0}
[96m[ATROPOS][0m INFO:     127.0.0.1:63380 - "GET /batch HTTP/1.1" 200 OK
[96m[ATROPOS][0m INFO:     127.0.0.1:63381 - "GET /status-env HTTP/1.1" 200 OK
[94m[GSM8K][0m INFO:atroposlib.envs.base:env_manager: Status dict: {'current_step': 0, 'queue_size': 0, 'unallocated_fraction': 1.0, 'self_queue_size': 0, 'max_group_size': 1, 'env_weight': 1.0}
[96m[ATROPOS][0m INFO:     127.0.0.1:63382 - "GET /status-env HTTP/1.1" 200 OK
[94m[GSM8K][0m INFO:atroposlib.envs.base:env_manager: Status dict: {'current_step': 0, 'queue_size': 0, 'unallocated_fraction': 1.0, 'self_queue_size': 0, 'max_group_size': 1, 'env_weight': 1.0}
[96m[ATROPOS][0m INFO:     127.0.0.1:63383 - "GET /status-env HTTP/1.1" 200 OK
[94m[GSM8K][0m INFO:atroposlib.envs.base:env_manager: Status dict: {'current_step': 0, 'queue_size': 0, 'unallocated_fraction': 1.0, 'self_queue_size': 0, 'max_group_size': 1, 'env_weight': 1.0}
[96m[ATROPOS][0m INFO:     127.0.0.1:63384 - "GET /status-env HTTP/1.1" 200 OK
[94m[GSM8K][0m INFO:atroposlib.envs.base:env_manager: Status dict: {'current_step': 0, 'queue_size': 0, 'unallocated_fraction': 1.0, 'self_queue_size': 0, 'max_group_size': 1, 'env_weight': 1.0}
[96m[ATROPOS][0m INFO:     127.0.0.1:63387 - "GET /status-env HTTP/1.1" 200 OK
[94m[GSM8K][0m INFO:atroposlib.envs.base:env_manager: Status dict: {'current_step': 0, 'queue_size': 0, 'unallocated_fraction': 1.0, 'self_queue_size': 0, 'max_group_size': 1, 'env_weight': 1.0}
[96m[ATROPOS][0m INFO:     127.0.0.1:63388 - "GET /status-env HTTP/1.1" 200 OK
[94m[GSM8K][0m INFO:atroposlib.envs.base:env_manager: Status dict: {'current_step': 0, 'queue_size': 0, 'unallocated_fraction': 1.0, 'self_queue_size': 0, 'max_group_size': 1, 'env_weight': 1.0}
[96m[ATROPOS][0m INFO:     127.0.0.1:63389 - "GET /status-env HTTP/1.1" 200 OK
[94m[GSM8K][0m INFO:atroposlib.envs.base:env_manager: Status dict: {'current_step': 0, 'queue_size': 0, 'unallocated_fraction': 1.0, 'self_queue_size': 0, 'max_group_size': 1, 'env_weight': 1.0}
[96m[ATROPOS][0m INFO:     127.0.0.1:63390 - "GET /status-env HTTP/1.1" 200 OK
[94m[GSM8K][0m INFO:atroposlib.envs.base:env_manager: Status dict: {'current_step': 0, 'queue_size': 0, 'unallocated_fraction': 1.0, 'self_queue_size': 0, 'max_group_size': 1, 'env_weight': 1.0}
[96m[ATROPOS][0m INFO:     127.0.0.1:63391 - "GET /status-env HTTP/1.1" 200 OK
[94m[GSM8K][0m INFO:atroposlib.envs.base:env_manager: Status dict: {'current_step': 0, 'queue_size': 0, 'unallocated_fraction': 1.0, 'self_queue_size': 0, 'max_group_size': 1, 'env_weight': 1.0}
[96m[ATROPOS][0m INFO:     127.0.0.1:63392 - "GET /status-env HTTP/1.1" 200 OK
[94m[GSM8K][0m INFO:atroposlib.envs.base:env_manager: Status dict: {'current_step': 0, 'queue_size': 0, 'unallocated_fraction': 1.0, 'self_queue_size': 0, 'max_group_size': 1, 'env_weight': 1.0}
[96m[ATROPOS][0m INFO:     127.0.0.1:63393 - "GET /batch HTTP/1.1" 200 OK
[96m[ATROPOS][0m INFO:     127.0.0.1:63394 - "GET /status-env HTTP/1.1" 200 OK
[94m[GSM8K][0m INFO:atroposlib.envs.base:env_manager: Status dict: {'current_step': 0, 'queue_size': 0, 'unallocated_fraction': 1.0, 'self_queue_size': 0, 'max_group_size': 1, 'env_weight': 1.0}
[96m[ATROPOS][0m INFO:     127.0.0.1:63395 - "GET /status-env HTTP/1.1" 200 OK
[94m[GSM8K][0m INFO:atroposlib.envs.base:env_manager: Status dict: {'current_step': 0, 'queue_size': 0, 'unallocated_fraction': 1.0, 'self_queue_size': 0, 'max_group_size': 1, 'env_weight': 1.0}
[96m[ATROPOS][0m INFO:     127.0.0.1:63396 - "GET /status-env HTTP/1.1" 200 OK
[94m[GSM8K][0m INFO:atroposlib.envs.base:env_manager: Status dict: {'current_step': 0, 'queue_size': 0, 'unallocated_fraction': 1.0, 'self_queue_size': 0, 'max_group_size': 1, 'env_weight': 1.0}
[96m[ATROPOS][0m INFO:     127.0.0.1:63400 - "GET /status-env HTTP/1.1" 200 OK
[94m[GSM8K][0m INFO:atroposlib.envs.base:env_manager: Status dict: {'current_step': 0, 'queue_size': 0, 'unallocated_fraction': 1.0, 'self_queue_size': 0, 'max_group_size': 1, 'env_weight': 1.0}
[96m[ATROPOS][0m INFO:     127.0.0.1:63402 - "GET /status-env HTTP/1.1" 200 OK
[94m[GSM8K][0m INFO:atroposlib.envs.base:env_manager: Status dict: {'current_step': 0, 'queue_size': 0, 'unallocated_fraction': 1.0, 'self_queue_size': 0, 'max_group_size': 1, 'env_weight': 1.0}
[96m[ATROPOS][0m INFO:     127.0.0.1:63403 - "GET /status-env HTTP/1.1" 200 OK
[94m[GSM8K][0m INFO:atroposlib.envs.base:env_manager: Status dict: {'current_step': 0, 'queue_size': 0, 'unallocated_fraction': 1.0, 'self_queue_size': 0, 'max_group_size': 1, 'env_weight': 1.0}
[96m[ATROPOS][0m INFO:     127.0.0.1:63404 - "GET /status-env HTTP/1.1" 200 OK
[94m[GSM8K][0m INFO:atroposlib.envs.base:env_manager: Status dict: {'current_step': 0, 'queue_size': 0, 'unallocated_fraction': 1.0, 'self_queue_size': 0, 'max_group_size': 1, 'env_weight': 1.0}
[96m[ATROPOS][0m INFO:     127.0.0.1:63405 - "GET /status-env HTTP/1.1" 200 OK
[94m[GSM8K][0m INFO:atroposlib.envs.base:env_manager: Status dict: {'current_step': 0, 'queue_size': 0, 'unallocated_fraction': 1.0, 'self_queue_size': 0, 'max_group_size': 1, 'env_weight': 1.0}
[96m[ATROPOS][0m INFO:     127.0.0.1:63408 - "GET /status-env HTTP/1.1" 200 OK
[94m[GSM8K][0m INFO:atroposlib.envs.base:env_manager: Status dict: {'current_step': 0, 'queue_size': 0, 'unallocated_fraction': 1.0, 'self_queue_size': 0, 'max_group_size': 1, 'env_weight': 1.0}
[96m[ATROPOS][0m INFO:     127.0.0.1:63409 - "GET /status-env HTTP/1.1" 200 OK
[96m[ATROPOS][0m INFO:     127.0.0.1:63410 - "GET /batch HTTP/1.1" 200 OK
[94m[GSM8K][0m INFO:atroposlib.envs.base:env_manager: Status dict: {'current_step': 0, 'queue_size': 0, 'unallocated_fraction': 1.0, 'self_queue_size': 0, 'max_group_size': 1, 'env_weight': 1.0}
[96m[ATROPOS][0m INFO:     127.0.0.1:63411 - "GET /status-env HTTP/1.1" 200 OK
[94m[GSM8K][0m INFO:atroposlib.envs.base:env_manager: Status dict: {'current_step': 0, 'queue_size': 0, 'unallocated_fraction': 1.0, 'self_queue_size': 0, 'max_group_size': 1, 'env_weight': 1.0}
[96m[ATROPOS][0m INFO:     127.0.0.1:63412 - "GET /status-env HTTP/1.1" 200 OK
[94m[GSM8K][0m INFO:atroposlib.envs.base:env_manager: Status dict: {'current_step': 0, 'queue_size': 0, 'unallocated_fraction': 1.0, 'self_queue_size': 0, 'max_group_size': 1, 'env_weight': 1.0}
[96m[ATROPOS][0m INFO:     127.0.0.1:63413 - "GET /status-env HTTP/1.1" 200 OK
[94m[GSM8K][0m INFO:atroposlib.envs.base:env_manager: Status dict: {'current_step': 0, 'queue_size': 0, 'unallocated_fraction': 1.0, 'self_queue_size': 0, 'max_group_size': 1, 'env_weight': 1.0}
[96m[ATROPOS][0m INFO:     127.0.0.1:63414 - "GET /status-env HTTP/1.1" 200 OK
[94m[GSM8K][0m INFO:atroposlib.envs.base:env_manager: Status dict: {'current_step': 0, 'queue_size': 0, 'unallocated_fraction': 1.0, 'self_queue_size': 0, 'max_group_size': 1, 'env_weight': 1.0}
[96m[ATROPOS][0m INFO:     127.0.0.1:63416 - "GET /status-env HTTP/1.1" 200 OK
[94m[GSM8K][0m INFO:atroposlib.envs.base:env_manager: Status dict: {'current_step': 0, 'queue_size': 0, 'unallocated_fraction': 1.0, 'self_queue_size': 0, 'max_group_size': 1, 'env_weight': 1.0}
[96m[ATROPOS][0m INFO:     127.0.0.1:63417 - "GET /status-env HTTP/1.1" 200 OK
[94m[GSM8K][0m INFO:atroposlib.envs.base:env_manager: Status dict: {'current_step': 0, 'queue_size': 0, 'unallocated_fraction': 1.0, 'self_queue_size': 0, 'max_group_size': 1, 'env_weight': 1.0}
[96m[ATROPOS][0m INFO:     127.0.0.1:63418 - "GET /status-env HTTP/1.1" 200 OK
[94m[GSM8K][0m INFO:atroposlib.envs.base:env_manager: Status dict: {'current_step': 0, 'queue_size': 0, 'unallocated_fraction': 1.0, 'self_queue_size': 0, 'max_group_size': 1, 'env_weight': 1.0}
[96m[ATROPOS][0m INFO:     127.0.0.1:63419 - "GET /status-env HTTP/1.1" 200 OK
[94m[GSM8K][0m INFO:atroposlib.envs.base:env_manager: Status dict: {'current_step': 0, 'queue_size': 0, 'unallocated_fraction': 1.0, 'self_queue_size': 0, 'max_group_size': 1, 'env_weight': 1.0}
[96m[ATROPOS][0m INFO:     127.0.0.1:63420 - "GET /status-env HTTP/1.1" 200 OK
[94m[GSM8K][0m INFO:atroposlib.envs.base:env_manager: Status dict: {'current_step': 0, 'queue_size': 0, 'unallocated_fraction': 1.0, 'self_queue_size': 0, 'max_group_size': 1, 'env_weight': 1.0}
[96m[ATROPOS][0m INFO:     127.0.0.1:63421 - "GET /batch HTTP/1.1" 200 OK
[92m[TRAINER][0m INFO:root:Polling for batch... attempt 230
[96m[ATROPOS][0m INFO:     127.0.0.1:63422 - "GET /status-env HTTP/1.1" 200 OK
[94m[GSM8K][0m INFO:atroposlib.envs.base:env_manager: Status dict: {'current_step': 0, 'queue_size': 0, 'unallocated_fraction': 1.0, 'self_queue_size': 0, 'max_group_size': 1, 'env_weight': 1.0}
[96m[ATROPOS][0m INFO:     127.0.0.1:63423 - "GET /status-env HTTP/1.1" 200 OK
[94m[GSM8K][0m INFO:atroposlib.envs.base:env_manager: Status dict: {'current_step': 0, 'queue_size': 0, 'unallocated_fraction': 1.0, 'self_queue_size': 0, 'max_group_size': 1, 'env_weight': 1.0}
[96m[ATROPOS][0m INFO:     127.0.0.1:63424 - "GET /status-env HTTP/1.1" 200 OK
[94m[GSM8K][0m INFO:atroposlib.envs.base:env_manager: Status dict: {'current_step': 0, 'queue_size': 0, 'unallocated_fraction': 1.0, 'self_queue_size': 0, 'max_group_size': 1, 'env_weight': 1.0}
[96m[ATROPOS][0m INFO:     127.0.0.1:63425 - "GET /status-env HTTP/1.1" 200 OK
[94m[GSM8K][0m INFO:atroposlib.envs.base:env_manager: Status dict: {'current_step': 0, 'queue_size': 0, 'unallocated_fraction': 1.0, 'self_queue_size': 0, 'max_group_size': 1, 'env_weight': 1.0}
[96m[ATROPOS][0m INFO:     127.0.0.1:63426 - "GET /status-env HTTP/1.1" 200 OK
[94m[GSM8K][0m INFO:atroposlib.envs.base:env_manager: Status dict: {'current_step': 0, 'queue_size': 0, 'unallocated_fraction': 1.0, 'self_queue_size': 0, 'max_group_size': 1, 'env_weight': 1.0}
[96m[ATROPOS][0m INFO:     127.0.0.1:63427 - "GET /status-env HTTP/1.1" 200 OK
[94m[GSM8K][0m INFO:atroposlib.envs.base:env_manager: Status dict: {'current_step': 0, 'queue_size': 0, 'unallocated_fraction': 1.0, 'self_queue_size': 0, 'max_group_size': 1, 'env_weight': 1.0}
[96m[ATROPOS][0m INFO:     127.0.0.1:63428 - "GET /status-env HTTP/1.1" 200 OK
[94m[GSM8K][0m INFO:atroposlib.envs.base:env_manager: Status dict: {'current_step': 0, 'queue_size': 0, 'unallocated_fraction': 1.0, 'self_queue_size': 0, 'max_group_size': 1, 'env_weight': 1.0}
[96m[ATROPOS][0m INFO:     127.0.0.1:63429 - "GET /status-env HTTP/1.1" 200 OK
[94m[GSM8K][0m INFO:atroposlib.envs.base:env_manager: Status dict: {'current_step': 0, 'queue_size': 0, 'unallocated_fraction': 1.0, 'self_queue_size': 0, 'max_group_size': 1, 'env_weight': 1.0}
[96m[ATROPOS][0m INFO:     127.0.0.1:63430 - "GET /status-env HTTP/1.1" 200 OK
[94m[GSM8K][0m INFO:atroposlib.envs.base:env_manager: Status dict: {'current_step': 0, 'queue_size': 0, 'unallocated_fraction': 1.0, 'self_queue_size': 0, 'max_group_size': 1, 'env_weight': 1.0}
[96m[ATROPOS][0m INFO:     127.0.0.1:63431 - "GET /status-env HTTP/1.1" 200 OK
[94m[GSM8K][0m INFO:atroposlib.envs.base:env_manager: Status dict: {'current_step': 0, 'queue_size': 0, 'unallocated_fraction': 1.0, 'self_queue_size': 0, 'max_group_size': 1, 'env_weight': 1.0}
[96m[ATROPOS][0m INFO:     127.0.0.1:63432 - "GET /batch HTTP/1.1" 200 OK
[96m[ATROPOS][0m INFO:     127.0.0.1:63433 - "GET /status-env HTTP/1.1" 200 OK
[94m[GSM8K][0m INFO:atroposlib.envs.base:env_manager: Status dict: {'current_step': 0, 'queue_size': 0, 'unallocated_fraction': 1.0, 'self_queue_size': 0, 'max_group_size': 1, 'env_weight': 1.0}
[96m[ATROPOS][0m INFO:     127.0.0.1:63434 - "GET /status-env HTTP/1.1" 200 OK
[94m[GSM8K][0m INFO:atroposlib.envs.base:env_manager: Status dict: {'current_step': 0, 'queue_size': 0, 'unallocated_fraction': 1.0, 'self_queue_size': 0, 'max_group_size': 1, 'env_weight': 1.0}
[96m[ATROPOS][0m INFO:     127.0.0.1:63435 - "GET /status-env HTTP/1.1" 200 OK
[94m[GSM8K][0m INFO:atroposlib.envs.base:env_manager: Status dict: {'current_step': 0, 'queue_size': 0, 'unallocated_fraction': 1.0, 'self_queue_size': 0, 'max_group_size': 1, 'env_weight': 1.0}
[96m[ATROPOS][0m INFO:     127.0.0.1:63436 - "GET /status-env HTTP/1.1" 200 OK
[94m[GSM8K][0m INFO:atroposlib.envs.base:env_manager: Status dict: {'current_step': 0, 'queue_size': 0, 'unallocated_fraction': 1.0, 'self_queue_size': 0, 'max_group_size': 1, 'env_weight': 1.0}
[96m[ATROPOS][0m INFO:     127.0.0.1:63437 - "GET /status-env HTTP/1.1" 200 OK
[94m[GSM8K][0m INFO:atroposlib.envs.base:env_manager: Status dict: {'current_step': 0, 'queue_size': 0, 'unallocated_fraction': 1.0, 'self_queue_size': 0, 'max_group_size': 1, 'env_weight': 1.0}
[96m[ATROPOS][0m INFO:     127.0.0.1:63438 - "GET /status-env HTTP/1.1" 200 OK
[94m[GSM8K][0m INFO:atroposlib.envs.base:env_manager: Status dict: {'current_step': 0, 'queue_size': 0, 'unallocated_fraction': 1.0, 'self_queue_size': 0, 'max_group_size': 1, 'env_weight': 1.0}
[96m[ATROPOS][0m INFO:     127.0.0.1:63439 - "GET /status-env HTTP/1.1" 200 OK
[94m[GSM8K][0m INFO:atroposlib.envs.base:env_manager: Status dict: {'current_step': 0, 'queue_size': 0, 'unallocated_fraction': 1.0, 'self_queue_size': 0, 'max_group_size': 1, 'env_weight': 1.0}
[96m[ATROPOS][0m INFO:     127.0.0.1:63440 - "GET /status-env HTTP/1.1" 200 OK
[94m[GSM8K][0m INFO:atroposlib.envs.base:env_manager: Status dict: {'current_step': 0, 'queue_size': 0, 'unallocated_fraction': 1.0, 'self_queue_size': 0, 'max_group_size': 1, 'env_weight': 1.0}
[96m[ATROPOS][0m INFO:     127.0.0.1:63441 - "GET /status-env HTTP/1.1" 200 OK
[94m[GSM8K][0m INFO:atroposlib.envs.base:env_manager: Status dict: {'current_step': 0, 'queue_size': 0, 'unallocated_fraction': 1.0, 'self_queue_size': 0, 'max_group_size': 1, 'env_weight': 1.0}
[96m[ATROPOS][0m INFO:     127.0.0.1:63442 - "GET /batch HTTP/1.1" 200 OK
[96m[ATROPOS][0m INFO:     127.0.0.1:63443 - "GET /status-env HTTP/1.1" 200 OK
[94m[GSM8K][0m INFO:atroposlib.envs.base:env_manager: Status dict: {'current_step': 0, 'queue_size': 0, 'unallocated_fraction': 1.0, 'self_queue_size': 0, 'max_group_size': 1, 'env_weight': 1.0}
[96m[ATROPOS][0m INFO:     127.0.0.1:63444 - "GET /status-env HTTP/1.1" 200 OK
[94m[GSM8K][0m INFO:atroposlib.envs.base:env_manager: Status dict: {'current_step': 0, 'queue_size': 0, 'unallocated_fraction': 1.0, 'self_queue_size': 0, 'max_group_size': 1, 'env_weight': 1.0}
[96m[ATROPOS][0m INFO:     127.0.0.1:63445 - "GET /status-env HTTP/1.1" 200 OK
[94m[GSM8K][0m INFO:atroposlib.envs.base:env_manager: Status dict: {'current_step': 0, 'queue_size': 0, 'unallocated_fraction': 1.0, 'self_queue_size': 0, 'max_group_size': 1, 'env_weight': 1.0}
[96m[ATROPOS][0m INFO:     127.0.0.1:63446 - "GET /status-env HTTP/1.1" 200 OK
[94m[GSM8K][0m INFO:atroposlib.envs.base:env_manager: Status dict: {'current_step': 0, 'queue_size': 0, 'unallocated_fraction': 1.0, 'self_queue_size': 0, 'max_group_size': 1, 'env_weight': 1.0}
[96m[ATROPOS][0m INFO:     127.0.0.1:63447 - "GET /status-env HTTP/1.1" 200 OK
[94m[GSM8K][0m INFO:atroposlib.envs.base:env_manager: Status dict: {'current_step': 0, 'queue_size': 0, 'unallocated_fraction': 1.0, 'self_queue_size': 0, 'max_group_size': 1, 'env_weight': 1.0}
[96m[ATROPOS][0m INFO:     127.0.0.1:63448 - "GET /status-env HTTP/1.1" 200 OK
[94m[GSM8K][0m INFO:atroposlib.envs.base:env_manager: Status dict: {'current_step': 0, 'queue_size': 0, 'unallocated_fraction': 1.0, 'self_queue_size': 0, 'max_group_size': 1, 'env_weight': 1.0}
[96m[ATROPOS][0m INFO:     127.0.0.1:63449 - "GET /status-env HTTP/1.1" 200 OK
[94m[GSM8K][0m INFO:atroposlib.envs.base:env_manager: Status dict: {'current_step': 0, 'queue_size': 0, 'unallocated_fraction': 1.0, 'self_queue_size': 0, 'max_group_size': 1, 'env_weight': 1.0}
[96m[ATROPOS][0m INFO:     127.0.0.1:63450 - "GET /status-env HTTP/1.1" 200 OK
[94m[GSM8K][0m INFO:atroposlib.envs.base:env_manager: Status dict: {'current_step': 0, 'queue_size': 0, 'unallocated_fraction': 1.0, 'self_queue_size': 0, 'max_group_size': 1, 'env_weight': 1.0}
[96m[ATROPOS][0m INFO:     127.0.0.1:63451 - "GET /status-env HTTP/1.1" 200 OK
[94m[GSM8K][0m INFO:atroposlib.envs.base:env_manager: Status dict: {'current_step': 0, 'queue_size': 0, 'unallocated_fraction': 1.0, 'self_queue_size': 0, 'max_group_size': 1, 'env_weight': 1.0}
[96m[ATROPOS][0m INFO:     127.0.0.1:63452 - "GET /status-env HTTP/1.1" 200 OK
[94m[GSM8K][0m INFO:atroposlib.envs.base:env_manager: Status dict: {'current_step': 0, 'queue_size': 0, 'unallocated_fraction': 1.0, 'self_queue_size': 0, 'max_group_size': 1, 'env_weight': 1.0}
[96m[ATROPOS][0m INFO:     127.0.0.1:63453 - "GET /batch HTTP/1.1" 200 OK
[96m[ATROPOS][0m INFO:     127.0.0.1:63454 - "GET /status-env HTTP/1.1" 200 OK
[94m[GSM8K][0m INFO:atroposlib.envs.base:env_manager: Status dict: {'current_step': 0, 'queue_size': 0, 'unallocated_fraction': 1.0, 'self_queue_size': 0, 'max_group_size': 1, 'env_weight': 1.0}
[96m[ATROPOS][0m INFO:     127.0.0.1:63455 - "GET /status-env HTTP/1.1" 200 OK
[94m[GSM8K][0m INFO:atroposlib.envs.base:env_manager: Status dict: {'current_step': 0, 'queue_size': 0, 'unallocated_fraction': 1.0, 'self_queue_size': 0, 'max_group_size': 1, 'env_weight': 1.0}
[96m[ATROPOS][0m INFO:     127.0.0.1:63456 - "GET /status-env HTTP/1.1" 200 OK
[94m[GSM8K][0m INFO:atroposlib.envs.base:env_manager: Status dict: {'current_step': 0, 'queue_size': 0, 'unallocated_fraction': 1.0, 'self_queue_size': 0, 'max_group_size': 1, 'env_weight': 1.0}
[96m[ATROPOS][0m INFO:     127.0.0.1:63457 - "GET /status-env HTTP/1.1" 200 OK
[94m[GSM8K][0m INFO:atroposlib.envs.base:env_manager: Status dict: {'current_step': 0, 'queue_size': 0, 'unallocated_fraction': 1.0, 'self_queue_size': 0, 'max_group_size': 1, 'env_weight': 1.0}
[96m[ATROPOS][0m INFO:     127.0.0.1:63458 - "GET /status-env HTTP/1.1" 200 OK
[94m[GSM8K][0m INFO:atroposlib.envs.base:env_manager: Status dict: {'current_step': 0, 'queue_size': 0, 'unallocated_fraction': 1.0, 'self_queue_size': 0, 'max_group_size': 1, 'env_weight': 1.0}
[96m[ATROPOS][0m INFO:     127.0.0.1:63459 - "GET /status-env HTTP/1.1" 200 OK
[94m[GSM8K][0m INFO:atroposlib.envs.base:env_manager: Status dict: {'current_step': 0, 'queue_size': 0, 'unallocated_fraction': 1.0, 'self_queue_size': 0, 'max_group_size': 1, 'env_weight': 1.0}
[96m[ATROPOS][0m INFO:     127.0.0.1:63460 - "GET /status-env HTTP/1.1" 200 OK
[94m[GSM8K][0m INFO:atroposlib.envs.base:env_manager: Status dict: {'current_step': 0, 'queue_size': 0, 'unallocated_fraction': 1.0, 'self_queue_size': 0, 'max_group_size': 1, 'env_weight': 1.0}
[96m[ATROPOS][0m INFO:     127.0.0.1:63461 - "GET /status-env HTTP/1.1" 200 OK
[94m[GSM8K][0m INFO:atroposlib.envs.base:env_manager: Status dict: {'current_step': 0, 'queue_size': 0, 'unallocated_fraction': 1.0, 'self_queue_size': 0, 'max_group_size': 1, 'env_weight': 1.0}
[96m[ATROPOS][0m INFO:     127.0.0.1:63462 - "GET /status-env HTTP/1.1" 200 OK
[94m[GSM8K][0m INFO:atroposlib.envs.base:env_manager: Status dict: {'current_step': 0, 'queue_size': 0, 'unallocated_fraction': 1.0, 'self_queue_size': 0, 'max_group_size': 1, 'env_weight': 1.0}
[96m[ATROPOS][0m INFO:     127.0.0.1:63463 - "GET /status-env HTTP/1.1" 200 OK
[94m[GSM8K][0m INFO:atroposlib.envs.base:env_manager: Status dict: {'current_step': 0, 'queue_size': 0, 'unallocated_fraction': 1.0, 'self_queue_size': 0, 'max_group_size': 1, 'env_weight': 1.0}
[96m[ATROPOS][0m INFO:     127.0.0.1:63464 - "GET /batch HTTP/1.1" 200 OK
[96m[ATROPOS][0m INFO:     127.0.0.1:63465 - "GET /status-env HTTP/1.1" 200 OK
[94m[GSM8K][0m INFO:atroposlib.envs.base:env_manager: Status dict: {'current_step': 0, 'queue_size': 0, 'unallocated_fraction': 1.0, 'self_queue_size': 0, 'max_group_size': 1, 'env_weight': 1.0}
[96m[ATROPOS][0m INFO:     127.0.0.1:63466 - "GET /status-env HTTP/1.1" 200 OK
[94m[GSM8K][0m INFO:atroposlib.envs.base:env_manager: Status dict: {'current_step': 0, 'queue_size': 0, 'unallocated_fraction': 1.0, 'self_queue_size': 0, 'max_group_size': 1, 'env_weight': 1.0}
[96m[ATROPOS][0m INFO:     127.0.0.1:63467 - "GET /status-env HTTP/1.1" 200 OK
[94m[GSM8K][0m INFO:atroposlib.envs.base:env_manager: Status dict: {'current_step': 0, 'queue_size': 0, 'unallocated_fraction': 1.0, 'self_queue_size': 0, 'max_group_size': 1, 'env_weight': 1.0}
[96m[ATROPOS][0m INFO:     127.0.0.1:63468 - "GET /status-env HTTP/1.1" 200 OK
[94m[GSM8K][0m INFO:atroposlib.envs.base:env_manager: Status dict: {'current_step': 0, 'queue_size': 0, 'unallocated_fraction': 1.0, 'self_queue_size': 0, 'max_group_size': 1, 'env_weight': 1.0}
[96m[ATROPOS][0m INFO:     127.0.0.1:63469 - "GET /status-env HTTP/1.1" 200 OK
[94m[GSM8K][0m INFO:atroposlib.envs.base:env_manager: Status dict: {'current_step': 0, 'queue_size': 0, 'unallocated_fraction': 1.0, 'self_queue_size': 0, 'max_group_size': 1, 'env_weight': 1.0}
[96m[ATROPOS][0m INFO:     127.0.0.1:63470 - "GET /status-env HTTP/1.1" 200 OK
[94m[GSM8K][0m INFO:atroposlib.envs.base:env_manager: Status dict: {'current_step': 0, 'queue_size': 0, 'unallocated_fraction': 1.0, 'self_queue_size': 0, 'max_group_size': 1, 'env_weight': 1.0}
[96m[ATROPOS][0m INFO:     127.0.0.1:63471 - "GET /status-env HTTP/1.1" 200 OK
[94m[GSM8K][0m INFO:atroposlib.envs.base:env_manager: Status dict: {'current_step': 0, 'queue_size': 0, 'unallocated_fraction': 1.0, 'self_queue_size': 0, 'max_group_size': 1, 'env_weight': 1.0}
[96m[ATROPOS][0m INFO:     127.0.0.1:63472 - "GET /status-env HTTP/1.1" 200 OK
[94m[GSM8K][0m INFO:atroposlib.envs.base:env_manager: Status dict: {'current_step': 0, 'queue_size': 0, 'unallocated_fraction': 1.0, 'self_queue_size': 0, 'max_group_size': 1, 'env_weight': 1.0}
[96m[ATROPOS][0m INFO:     127.0.0.1:63473 - "GET /status-env HTTP/1.1" 200 OK
[94m[GSM8K][0m INFO:atroposlib.envs.base:env_manager: Status dict: {'current_step': 0, 'queue_size': 0, 'unallocated_fraction': 1.0, 'self_queue_size': 0, 'max_group_size': 1, 'env_weight': 1.0}
[96m[ATROPOS][0m INFO:     127.0.0.1:63474 - "GET /batch HTTP/1.1" 200 OK
[92m[TRAINER][0m INFO:root:Polling for batch... attempt 235
[96m[ATROPOS][0m INFO:     127.0.0.1:63475 - "GET /status-env HTTP/1.1" 200 OK
[94m[GSM8K][0m INFO:atroposlib.envs.base:env_manager: Status dict: {'current_step': 0, 'queue_size': 0, 'unallocated_fraction': 1.0, 'self_queue_size': 0, 'max_group_size': 1, 'env_weight': 1.0}
[96m[ATROPOS][0m INFO:     127.0.0.1:63476 - "GET /status-env HTTP/1.1" 200 OK
[94m[GSM8K][0m INFO:atroposlib.envs.base:env_manager: Status dict: {'current_step': 0, 'queue_size': 0, 'unallocated_fraction': 1.0, 'self_queue_size': 0, 'max_group_size': 1, 'env_weight': 1.0}
[96m[ATROPOS][0m INFO:     127.0.0.1:63477 - "GET /status-env HTTP/1.1" 200 OK
[94m[GSM8K][0m INFO:atroposlib.envs.base:env_manager: Status dict: {'current_step': 0, 'queue_size': 0, 'unallocated_fraction': 1.0, 'self_queue_size': 0, 'max_group_size': 1, 'env_weight': 1.0}
[96m[ATROPOS][0m INFO:     127.0.0.1:63478 - "GET /status-env HTTP/1.1" 200 OK
[94m[GSM8K][0m INFO:atroposlib.envs.base:env_manager: Status dict: {'current_step': 0, 'queue_size': 0, 'unallocated_fraction': 1.0, 'self_queue_size': 0, 'max_group_size': 1, 'env_weight': 1.0}
[96m[ATROPOS][0m INFO:     127.0.0.1:63479 - "GET /status-env HTTP/1.1" 200 OK
[94m[GSM8K][0m INFO:atroposlib.envs.base:env_manager: Status dict: {'current_step': 0, 'queue_size': 0, 'unallocated_fraction': 1.0, 'self_queue_size': 0, 'max_group_size': 1, 'env_weight': 1.0}
[96m[ATROPOS][0m INFO:     127.0.0.1:63480 - "GET /status-env HTTP/1.1" 200 OK
[94m[GSM8K][0m INFO:atroposlib.envs.base:env_manager: Status dict: {'current_step': 0, 'queue_size': 0, 'unallocated_fraction': 1.0, 'self_queue_size': 0, 'max_group_size': 1, 'env_weight': 1.0}
[96m[ATROPOS][0m INFO:     127.0.0.1:63481 - "GET /status-env HTTP/1.1" 200 OK
[94m[GSM8K][0m INFO:atroposlib.envs.base:env_manager: Status dict: {'current_step': 0, 'queue_size': 0, 'unallocated_fraction': 1.0, 'self_queue_size': 0, 'max_group_size': 1, 'env_weight': 1.0}
[96m[ATROPOS][0m INFO:     127.0.0.1:63482 - "GET /status-env HTTP/1.1" 200 OK
[94m[GSM8K][0m INFO:atroposlib.envs.base:env_manager: Status dict: {'current_step': 0, 'queue_size': 0, 'unallocated_fraction': 1.0, 'self_queue_size': 0, 'max_group_size': 1, 'env_weight': 1.0}
[96m[ATROPOS][0m INFO:     127.0.0.1:63483 - "GET /status-env HTTP/1.1" 200 OK
[94m[GSM8K][0m INFO:atroposlib.envs.base:env_manager: Status dict: {'current_step': 0, 'queue_size': 0, 'unallocated_fraction': 1.0, 'self_queue_size': 0, 'max_group_size': 1, 'env_weight': 1.0}
[96m[ATROPOS][0m INFO:     127.0.0.1:63484 - "GET /status-env HTTP/1.1" 200 OK
[94m[GSM8K][0m INFO:atroposlib.envs.base:env_manager: Status dict: {'current_step': 0, 'queue_size': 0, 'unallocated_fraction': 1.0, 'self_queue_size': 0, 'max_group_size': 1, 'env_weight': 1.0}
[96m[ATROPOS][0m INFO:     127.0.0.1:63485 - "GET /batch HTTP/1.1" 200 OK
[96m[ATROPOS][0m INFO:     127.0.0.1:63486 - "GET /status-env HTTP/1.1" 200 OK
[94m[GSM8K][0m INFO:atroposlib.envs.base:env_manager: Status dict: {'current_step': 0, 'queue_size': 0, 'unallocated_fraction': 1.0, 'self_queue_size': 0, 'max_group_size': 1, 'env_weight': 1.0}
[96m[ATROPOS][0m INFO:     127.0.0.1:63487 - "GET /status-env HTTP/1.1" 200 OK
[94m[GSM8K][0m INFO:atroposlib.envs.base:env_manager: Status dict: {'current_step': 0, 'queue_size': 0, 'unallocated_fraction': 1.0, 'self_queue_size': 0, 'max_group_size': 1, 'env_weight': 1.0}
[96m[ATROPOS][0m INFO:     127.0.0.1:63488 - "GET /status-env HTTP/1.1" 200 OK
[94m[GSM8K][0m INFO:atroposlib.envs.base:env_manager: Status dict: {'current_step': 0, 'queue_size': 0, 'unallocated_fraction': 1.0, 'self_queue_size': 0, 'max_group_size': 1, 'env_weight': 1.0}
[96m[ATROPOS][0m INFO:     127.0.0.1:63489 - "GET /status-env HTTP/1.1" 200 OK
[94m[GSM8K][0m INFO:atroposlib.envs.base:env_manager: Status dict: {'current_step': 0, 'queue_size': 0, 'unallocated_fraction': 1.0, 'self_queue_size': 0, 'max_group_size': 1, 'env_weight': 1.0}
[96m[ATROPOS][0m INFO:     127.0.0.1:63490 - "GET /status-env HTTP/1.1" 200 OK
[94m[GSM8K][0m INFO:atroposlib.envs.base:env_manager: Status dict: {'current_step': 0, 'queue_size': 0, 'unallocated_fraction': 1.0, 'self_queue_size': 0, 'max_group_size': 1, 'env_weight': 1.0}
[96m[ATROPOS][0m INFO:     127.0.0.1:63491 - "GET /status-env HTTP/1.1" 200 OK
[94m[GSM8K][0m INFO:atroposlib.envs.base:env_manager: Status dict: {'current_step': 0, 'queue_size': 0, 'unallocated_fraction': 1.0, 'self_queue_size': 0, 'max_group_size': 1, 'env_weight': 1.0}
[96m[ATROPOS][0m INFO:     127.0.0.1:63492 - "GET /status-env HTTP/1.1" 200 OK
[94m[GSM8K][0m INFO:atroposlib.envs.base:env_manager: Status dict: {'current_step': 0, 'queue_size': 0, 'unallocated_fraction': 1.0, 'self_queue_size': 0, 'max_group_size': 1, 'env_weight': 1.0}
[96m[ATROPOS][0m INFO:     127.0.0.1:63493 - "GET /status-env HTTP/1.1" 200 OK
[94m[GSM8K][0m INFO:atroposlib.envs.base:env_manager: Status dict: {'current_step': 0, 'queue_size': 0, 'unallocated_fraction': 1.0, 'self_queue_size': 0, 'max_group_size': 1, 'env_weight': 1.0}
[96m[ATROPOS][0m INFO:     127.0.0.1:63494 - "GET /status-env HTTP/1.1" 200 OK
[94m[GSM8K][0m INFO:atroposlib.envs.base:env_manager: Status dict: {'current_step': 0, 'queue_size': 0, 'unallocated_fraction': 1.0, 'self_queue_size': 0, 'max_group_size': 1, 'env_weight': 1.0}
[96m[ATROPOS][0m INFO:     127.0.0.1:63495 - "GET /batch HTTP/1.1" 200 OK
[96m[ATROPOS][0m INFO:     127.0.0.1:63496 - "GET /status-env HTTP/1.1" 200 OK
[94m[GSM8K][0m INFO:atroposlib.envs.base:env_manager: Status dict: {'current_step': 0, 'queue_size': 0, 'unallocated_fraction': 1.0, 'self_queue_size': 0, 'max_group_size': 1, 'env_weight': 1.0}
[96m[ATROPOS][0m INFO:     127.0.0.1:63497 - "GET /status-env HTTP/1.1" 200 OK
[94m[GSM8K][0m INFO:atroposlib.envs.base:env_manager: Status dict: {'current_step': 0, 'queue_size': 0, 'unallocated_fraction': 1.0, 'self_queue_size': 0, 'max_group_size': 1, 'env_weight': 1.0}
[96m[ATROPOS][0m INFO:     127.0.0.1:63498 - "GET /status-env HTTP/1.1" 200 OK
[94m[GSM8K][0m INFO:atroposlib.envs.base:env_manager: Status dict: {'current_step': 0, 'queue_size': 0, 'unallocated_fraction': 1.0, 'self_queue_size': 0, 'max_group_size': 1, 'env_weight': 1.0}
[96m[ATROPOS][0m INFO:     127.0.0.1:63499 - "GET /status-env HTTP/1.1" 200 OK
[94m[GSM8K][0m INFO:atroposlib.envs.base:env_manager: Status dict: {'current_step': 0, 'queue_size': 0, 'unallocated_fraction': 1.0, 'self_queue_size': 0, 'max_group_size': 1, 'env_weight': 1.0}
[96m[ATROPOS][0m INFO:     127.0.0.1:63501 - "GET /status-env HTTP/1.1" 200 OK
[94m[GSM8K][0m INFO:atroposlib.envs.base:env_manager: Status dict: {'current_step': 0, 'queue_size': 0, 'unallocated_fraction': 1.0, 'self_queue_size': 0, 'max_group_size': 1, 'env_weight': 1.0}
[96m[ATROPOS][0m INFO:     127.0.0.1:63502 - "GET /status-env HTTP/1.1" 200 OK
[94m[GSM8K][0m INFO:atroposlib.envs.base:env_manager: Status dict: {'current_step': 0, 'queue_size': 0, 'unallocated_fraction': 1.0, 'self_queue_size': 0, 'max_group_size': 1, 'env_weight': 1.0}
[96m[ATROPOS][0m INFO:     127.0.0.1:63503 - "GET /status-env HTTP/1.1" 200 OK
[94m[GSM8K][0m INFO:atroposlib.envs.base:env_manager: Status dict: {'current_step': 0, 'queue_size': 0, 'unallocated_fraction': 1.0, 'self_queue_size': 0, 'max_group_size': 1, 'env_weight': 1.0}
[96m[ATROPOS][0m INFO:     127.0.0.1:63504 - "GET /status-env HTTP/1.1" 200 OK
[94m[GSM8K][0m INFO:atroposlib.envs.base:env_manager: Status dict: {'current_step': 0, 'queue_size': 0, 'unallocated_fraction': 1.0, 'self_queue_size': 0, 'max_group_size': 1, 'env_weight': 1.0}
[96m[ATROPOS][0m INFO:     127.0.0.1:63505 - "GET /status-env HTTP/1.1" 200 OK
[94m[GSM8K][0m INFO:atroposlib.envs.base:env_manager: Status dict: {'current_step': 0, 'queue_size': 0, 'unallocated_fraction': 1.0, 'self_queue_size': 0, 'max_group_size': 1, 'env_weight': 1.0}
[96m[ATROPOS][0m INFO:     127.0.0.1:63506 - "GET /status-env HTTP/1.1" 200 OK
[94m[GSM8K][0m INFO:atroposlib.envs.base:env_manager: Status dict: {'current_step': 0, 'queue_size': 0, 'unallocated_fraction': 1.0, 'self_queue_size': 0, 'max_group_size': 1, 'env_weight': 1.0}
[96m[ATROPOS][0m INFO:     127.0.0.1:63507 - "GET /batch HTTP/1.1" 200 OK
[96m[ATROPOS][0m INFO:     127.0.0.1:63508 - "GET /status-env HTTP/1.1" 200 OK
[94m[GSM8K][0m INFO:atroposlib.envs.base:env_manager: Status dict: {'current_step': 0, 'queue_size': 0, 'unallocated_fraction': 1.0, 'self_queue_size': 0, 'max_group_size': 1, 'env_weight': 1.0}
[96m[ATROPOS][0m INFO:     127.0.0.1:63509 - "GET /status-env HTTP/1.1" 200 OK
[94m[GSM8K][0m INFO:atroposlib.envs.base:env_manager: Status dict: {'current_step': 0, 'queue_size': 0, 'unallocated_fraction': 1.0, 'self_queue_size': 0, 'max_group_size': 1, 'env_weight': 1.0}
[96m[ATROPOS][0m INFO:     127.0.0.1:63510 - "GET /status-env HTTP/1.1" 200 OK
[94m[GSM8K][0m INFO:atroposlib.envs.base:env_manager: Status dict: {'current_step': 0, 'queue_size': 0, 'unallocated_fraction': 1.0, 'self_queue_size': 0, 'max_group_size': 1, 'env_weight': 1.0}
[96m[ATROPOS][0m INFO:     127.0.0.1:63511 - "GET /status-env HTTP/1.1" 200 OK
[94m[GSM8K][0m INFO:atroposlib.envs.base:env_manager: Status dict: {'current_step': 0, 'queue_size': 0, 'unallocated_fraction': 1.0, 'self_queue_size': 0, 'max_group_size': 1, 'env_weight': 1.0}
[96m[ATROPOS][0m INFO:     127.0.0.1:63512 - "GET /status-env HTTP/1.1" 200 OK
[94m[GSM8K][0m INFO:atroposlib.envs.base:env_manager: Status dict: {'current_step': 0, 'queue_size': 0, 'unallocated_fraction': 1.0, 'self_queue_size': 0, 'max_group_size': 1, 'env_weight': 1.0}
[96m[ATROPOS][0m INFO:     127.0.0.1:63513 - "GET /status-env HTTP/1.1" 200 OK
[94m[GSM8K][0m INFO:atroposlib.envs.base:env_manager: Status dict: {'current_step': 0, 'queue_size': 0, 'unallocated_fraction': 1.0, 'self_queue_size': 0, 'max_group_size': 1, 'env_weight': 1.0}
[96m[ATROPOS][0m INFO:     127.0.0.1:63514 - "GET /status-env HTTP/1.1" 200 OK
[94m[GSM8K][0m INFO:atroposlib.envs.base:env_manager: Status dict: {'current_step': 0, 'queue_size': 0, 'unallocated_fraction': 1.0, 'self_queue_size': 0, 'max_group_size': 1, 'env_weight': 1.0}
[96m[ATROPOS][0m INFO:     127.0.0.1:63515 - "GET /status-env HTTP/1.1" 200 OK
[94m[GSM8K][0m INFO:atroposlib.envs.base:env_manager: Status dict: {'current_step': 0, 'queue_size': 0, 'unallocated_fraction': 1.0, 'self_queue_size': 0, 'max_group_size': 1, 'env_weight': 1.0}
[96m[ATROPOS][0m INFO:     127.0.0.1:63516 - "GET /status-env HTTP/1.1" 200 OK
[94m[GSM8K][0m INFO:atroposlib.envs.base:env_manager: Status dict: {'current_step': 0, 'queue_size': 0, 'unallocated_fraction': 1.0, 'self_queue_size': 0, 'max_group_size': 1, 'env_weight': 1.0}
[96m[ATROPOS][0m INFO:     127.0.0.1:63517 - "GET /status-env HTTP/1.1" 200 OK
[94m[GSM8K][0m INFO:atroposlib.envs.base:env_manager: Status dict: {'current_step': 0, 'queue_size': 0, 'unallocated_fraction': 1.0, 'self_queue_size': 0, 'max_group_size': 1, 'env_weight': 1.0}
[96m[ATROPOS][0m INFO:     127.0.0.1:63518 - "GET /batch HTTP/1.1" 200 OK
[96m[ATROPOS][0m INFO:     127.0.0.1:63519 - "GET /status-env HTTP/1.1" 200 OK
[94m[GSM8K][0m INFO:atroposlib.envs.base:env_manager: Status dict: {'current_step': 0, 'queue_size': 0, 'unallocated_fraction': 1.0, 'self_queue_size': 0, 'max_group_size': 1, 'env_weight': 1.0}
[96m[ATROPOS][0m INFO:     127.0.0.1:63520 - "GET /status-env HTTP/1.1" 200 OK
[94m[GSM8K][0m INFO:atroposlib.envs.base:env_manager: Status dict: {'current_step': 0, 'queue_size': 0, 'unallocated_fraction': 1.0, 'self_queue_size': 0, 'max_group_size': 1, 'env_weight': 1.0}
[96m[ATROPOS][0m INFO:     127.0.0.1:63521 - "GET /status-env HTTP/1.1" 200 OK
[94m[GSM8K][0m INFO:atroposlib.envs.base:env_manager: Status dict: {'current_step': 0, 'queue_size': 0, 'unallocated_fraction': 1.0, 'self_queue_size': 0, 'max_group_size': 1, 'env_weight': 1.0}
[96m[ATROPOS][0m INFO:     127.0.0.1:63522 - "GET /status-env HTTP/1.1" 200 OK
[94m[GSM8K][0m INFO:atroposlib.envs.base:env_manager: Status dict: {'current_step': 0, 'queue_size': 0, 'unallocated_fraction': 1.0, 'self_queue_size': 0, 'max_group_size': 1, 'env_weight': 1.0}
[96m[ATROPOS][0m INFO:     127.0.0.1:63523 - "GET /status-env HTTP/1.1" 200 OK
[94m[GSM8K][0m INFO:atroposlib.envs.base:env_manager: Status dict: {'current_step': 0, 'queue_size': 0, 'unallocated_fraction': 1.0, 'self_queue_size': 0, 'max_group_size': 1, 'env_weight': 1.0}
[96m[ATROPOS][0m INFO:     127.0.0.1:63524 - "GET /status-env HTTP/1.1" 200 OK
[94m[GSM8K][0m INFO:atroposlib.envs.base:env_manager: Status dict: {'current_step': 0, 'queue_size': 0, 'unallocated_fraction': 1.0, 'self_queue_size': 0, 'max_group_size': 1, 'env_weight': 1.0}
[96m[ATROPOS][0m INFO:     127.0.0.1:63525 - "GET /status-env HTTP/1.1" 200 OK
[94m[GSM8K][0m INFO:atroposlib.envs.base:env_manager: Status dict: {'current_step': 0, 'queue_size': 0, 'unallocated_fraction': 1.0, 'self_queue_size': 0, 'max_group_size': 1, 'env_weight': 1.0}
[96m[ATROPOS][0m INFO:     127.0.0.1:63526 - "GET /status-env HTTP/1.1" 200 OK
[94m[GSM8K][0m INFO:atroposlib.envs.base:env_manager: Status dict: {'current_step': 0, 'queue_size': 0, 'unallocated_fraction': 1.0, 'self_queue_size': 0, 'max_group_size': 1, 'env_weight': 1.0}
[96m[ATROPOS][0m INFO:     127.0.0.1:63527 - "GET /status-env HTTP/1.1" 200 OK
[94m[GSM8K][0m INFO:atroposlib.envs.base:env_manager: Status dict: {'current_step': 0, 'queue_size': 0, 'unallocated_fraction': 1.0, 'self_queue_size': 0, 'max_group_size': 1, 'env_weight': 1.0}
[96m[ATROPOS][0m INFO:     127.0.0.1:63528 - "GET /batch HTTP/1.1" 200 OK
[92m[TRAINER][0m INFO:root:Polling for batch... attempt 240
[96m[ATROPOS][0m INFO:     127.0.0.1:63529 - "GET /status-env HTTP/1.1" 200 OK
[94m[GSM8K][0m INFO:atroposlib.envs.base:env_manager: Status dict: {'current_step': 0, 'queue_size': 0, 'unallocated_fraction': 1.0, 'self_queue_size': 0, 'max_group_size': 1, 'env_weight': 1.0}
[96m[ATROPOS][0m INFO:     127.0.0.1:63530 - "GET /status-env HTTP/1.1" 200 OK
[94m[GSM8K][0m INFO:atroposlib.envs.base:env_manager: Status dict: {'current_step': 0, 'queue_size': 0, 'unallocated_fraction': 1.0, 'self_queue_size': 0, 'max_group_size': 1, 'env_weight': 1.0}
[96m[ATROPOS][0m INFO:     127.0.0.1:63531 - "GET /status-env HTTP/1.1" 200 OK
[94m[GSM8K][0m INFO:atroposlib.envs.base:env_manager: Status dict: {'current_step': 0, 'queue_size': 0, 'unallocated_fraction': 1.0, 'self_queue_size': 0, 'max_group_size': 1, 'env_weight': 1.0}
[96m[ATROPOS][0m INFO:     127.0.0.1:63532 - "GET /status-env HTTP/1.1" 200 OK
[94m[GSM8K][0m INFO:atroposlib.envs.base:env_manager: Status dict: {'current_step': 0, 'queue_size': 0, 'unallocated_fraction': 1.0, 'self_queue_size': 0, 'max_group_size': 1, 'env_weight': 1.0}
[96m[ATROPOS][0m INFO:     127.0.0.1:63533 - "GET /status-env HTTP/1.1" 200 OK
[94m[GSM8K][0m INFO:atroposlib.envs.base:env_manager: Status dict: {'current_step': 0, 'queue_size': 0, 'unallocated_fraction': 1.0, 'self_queue_size': 0, 'max_group_size': 1, 'env_weight': 1.0}
[96m[ATROPOS][0m INFO:     127.0.0.1:63534 - "GET /status-env HTTP/1.1" 200 OK
[94m[GSM8K][0m INFO:atroposlib.envs.base:env_manager: Status dict: {'current_step': 0, 'queue_size': 0, 'unallocated_fraction': 1.0, 'self_queue_size': 0, 'max_group_size': 1, 'env_weight': 1.0}
[96m[ATROPOS][0m INFO:     127.0.0.1:63535 - "GET /status-env HTTP/1.1" 200 OK
[94m[GSM8K][0m INFO:atroposlib.envs.base:env_manager: Status dict: {'current_step': 0, 'queue_size': 0, 'unallocated_fraction': 1.0, 'self_queue_size': 0, 'max_group_size': 1, 'env_weight': 1.0}
[96m[ATROPOS][0m INFO:     127.0.0.1:63536 - "GET /status-env HTTP/1.1" 200 OK
[94m[GSM8K][0m INFO:atroposlib.envs.base:env_manager: Status dict: {'current_step': 0, 'queue_size': 0, 'unallocated_fraction': 1.0, 'self_queue_size': 0, 'max_group_size': 1, 'env_weight': 1.0}
[96m[ATROPOS][0m INFO:     127.0.0.1:63537 - "GET /status-env HTTP/1.1" 200 OK
[94m[GSM8K][0m INFO:atroposlib.envs.base:env_manager: Status dict: {'current_step': 0, 'queue_size': 0, 'unallocated_fraction': 1.0, 'self_queue_size': 0, 'max_group_size': 1, 'env_weight': 1.0}
[96m[ATROPOS][0m INFO:     127.0.0.1:63538 - "GET /status-env HTTP/1.1" 200 OK
[94m[GSM8K][0m INFO:atroposlib.envs.base:env_manager: Status dict: {'current_step': 0, 'queue_size': 0, 'unallocated_fraction': 1.0, 'self_queue_size': 0, 'max_group_size': 1, 'env_weight': 1.0}
[96m[ATROPOS][0m INFO:     127.0.0.1:63539 - "GET /batch HTTP/1.1" 200 OK
[96m[ATROPOS][0m INFO:     127.0.0.1:63540 - "GET /status-env HTTP/1.1" 200 OK
[94m[GSM8K][0m INFO:atroposlib.envs.base:env_manager: Status dict: {'current_step': 0, 'queue_size': 0, 'unallocated_fraction': 1.0, 'self_queue_size': 0, 'max_group_size': 1, 'env_weight': 1.0}
[96m[ATROPOS][0m INFO:     127.0.0.1:63541 - "GET /status-env HTTP/1.1" 200 OK
[94m[GSM8K][0m INFO:atroposlib.envs.base:env_manager: Status dict: {'current_step': 0, 'queue_size': 0, 'unallocated_fraction': 1.0, 'self_queue_size': 0, 'max_group_size': 1, 'env_weight': 1.0}
[96m[ATROPOS][0m INFO:     127.0.0.1:63542 - "GET /status-env HTTP/1.1" 200 OK
[94m[GSM8K][0m INFO:atroposlib.envs.base:env_manager: Status dict: {'current_step': 0, 'queue_size': 0, 'unallocated_fraction': 1.0, 'self_queue_size': 0, 'max_group_size': 1, 'env_weight': 1.0}
[96m[ATROPOS][0m INFO:     127.0.0.1:63543 - "GET /status-env HTTP/1.1" 200 OK
[94m[GSM8K][0m INFO:atroposlib.envs.base:env_manager: Status dict: {'current_step': 0, 'queue_size': 0, 'unallocated_fraction': 1.0, 'self_queue_size': 0, 'max_group_size': 1, 'env_weight': 1.0}
[96m[ATROPOS][0m INFO:     127.0.0.1:63544 - "GET /status-env HTTP/1.1" 200 OK
[94m[GSM8K][0m INFO:atroposlib.envs.base:env_manager: Status dict: {'current_step': 0, 'queue_size': 0, 'unallocated_fraction': 1.0, 'self_queue_size': 0, 'max_group_size': 1, 'env_weight': 1.0}
[96m[ATROPOS][0m INFO:     127.0.0.1:63545 - "GET /status-env HTTP/1.1" 200 OK
[94m[GSM8K][0m INFO:atroposlib.envs.base:env_manager: Status dict: {'current_step': 0, 'queue_size': 0, 'unallocated_fraction': 1.0, 'self_queue_size': 0, 'max_group_size': 1, 'env_weight': 1.0}
[96m[ATROPOS][0m INFO:     127.0.0.1:63546 - "GET /status-env HTTP/1.1" 200 OK
[94m[GSM8K][0m INFO:atroposlib.envs.base:env_manager: Status dict: {'current_step': 0, 'queue_size': 0, 'unallocated_fraction': 1.0, 'self_queue_size': 0, 'max_group_size': 1, 'env_weight': 1.0}
[96m[ATROPOS][0m INFO:     127.0.0.1:63547 - "GET /status-env HTTP/1.1" 200 OK
[94m[GSM8K][0m INFO:atroposlib.envs.base:env_manager: Status dict: {'current_step': 0, 'queue_size': 0, 'unallocated_fraction': 1.0, 'self_queue_size': 0, 'max_group_size': 1, 'env_weight': 1.0}
[96m[ATROPOS][0m INFO:     127.0.0.1:63548 - "GET /status-env HTTP/1.1" 200 OK
[94m[GSM8K][0m INFO:atroposlib.envs.base:env_manager: Status dict: {'current_step': 0, 'queue_size': 0, 'unallocated_fraction': 1.0, 'self_queue_size': 0, 'max_group_size': 1, 'env_weight': 1.0}
[96m[ATROPOS][0m INFO:     127.0.0.1:63549 - "GET /status-env HTTP/1.1" 200 OK
[94m[GSM8K][0m INFO:atroposlib.envs.base:env_manager: Status dict: {'current_step': 0, 'queue_size': 0, 'unallocated_fraction': 1.0, 'self_queue_size': 0, 'max_group_size': 1, 'env_weight': 1.0}
[96m[ATROPOS][0m INFO:     127.0.0.1:63550 - "GET /batch HTTP/1.1" 200 OK
[96m[ATROPOS][0m INFO:     127.0.0.1:63551 - "GET /status-env HTTP/1.1" 200 OK
[94m[GSM8K][0m INFO:atroposlib.envs.base:env_manager: Status dict: {'current_step': 0, 'queue_size': 0, 'unallocated_fraction': 1.0, 'self_queue_size': 0, 'max_group_size': 1, 'env_weight': 1.0}
[96m[ATROPOS][0m INFO:     127.0.0.1:63552 - "GET /status-env HTTP/1.1" 200 OK
[94m[GSM8K][0m INFO:atroposlib.envs.base:env_manager: Status dict: {'current_step': 0, 'queue_size': 0, 'unallocated_fraction': 1.0, 'self_queue_size': 0, 'max_group_size': 1, 'env_weight': 1.0}
[96m[ATROPOS][0m INFO:     127.0.0.1:63553 - "GET /status-env HTTP/1.1" 200 OK
[94m[GSM8K][0m INFO:atroposlib.envs.base:env_manager: Status dict: {'current_step': 0, 'queue_size': 0, 'unallocated_fraction': 1.0, 'self_queue_size': 0, 'max_group_size': 1, 'env_weight': 1.0}
[96m[ATROPOS][0m INFO:     127.0.0.1:63554 - "GET /status-env HTTP/1.1" 200 OK
[94m[GSM8K][0m INFO:atroposlib.envs.base:env_manager: Status dict: {'current_step': 0, 'queue_size': 0, 'unallocated_fraction': 1.0, 'self_queue_size': 0, 'max_group_size': 1, 'env_weight': 1.0}
[96m[ATROPOS][0m INFO:     127.0.0.1:63555 - "GET /status-env HTTP/1.1" 200 OK
[94m[GSM8K][0m INFO:atroposlib.envs.base:env_manager: Status dict: {'current_step': 0, 'queue_size': 0, 'unallocated_fraction': 1.0, 'self_queue_size': 0, 'max_group_size': 1, 'env_weight': 1.0}
[96m[ATROPOS][0m INFO:     127.0.0.1:63556 - "GET /status-env HTTP/1.1" 200 OK
[94m[GSM8K][0m INFO:atroposlib.envs.base:env_manager: Status dict: {'current_step': 0, 'queue_size': 0, 'unallocated_fraction': 1.0, 'self_queue_size': 0, 'max_group_size': 1, 'env_weight': 1.0}
[96m[ATROPOS][0m INFO:     127.0.0.1:63557 - "GET /status-env HTTP/1.1" 200 OK
[94m[GSM8K][0m INFO:atroposlib.envs.base:env_manager: Status dict: {'current_step': 0, 'queue_size': 0, 'unallocated_fraction': 1.0, 'self_queue_size': 0, 'max_group_size': 1, 'env_weight': 1.0}
[96m[ATROPOS][0m INFO:     127.0.0.1:63558 - "GET /status-env HTTP/1.1" 200 OK
[94m[GSM8K][0m INFO:atroposlib.envs.base:env_manager: Status dict: {'current_step': 0, 'queue_size': 0, 'unallocated_fraction': 1.0, 'self_queue_size': 0, 'max_group_size': 1, 'env_weight': 1.0}
[96m[ATROPOS][0m INFO:     127.0.0.1:63559 - "GET /status-env HTTP/1.1" 200 OK
[94m[GSM8K][0m INFO:atroposlib.envs.base:env_manager: Status dict: {'current_step': 0, 'queue_size': 0, 'unallocated_fraction': 1.0, 'self_queue_size': 0, 'max_group_size': 1, 'env_weight': 1.0}
[96m[ATROPOS][0m INFO:     127.0.0.1:63560 - "GET /batch HTTP/1.1" 200 OK
[96m[ATROPOS][0m INFO:     127.0.0.1:63561 - "GET /status-env HTTP/1.1" 200 OK
[94m[GSM8K][0m INFO:atroposlib.envs.base:env_manager: Status dict: {'current_step': 0, 'queue_size': 0, 'unallocated_fraction': 1.0, 'self_queue_size': 0, 'max_group_size': 1, 'env_weight': 1.0}
[96m[ATROPOS][0m INFO:     127.0.0.1:63562 - "GET /status-env HTTP/1.1" 200 OK
[94m[GSM8K][0m INFO:atroposlib.envs.base:env_manager: Status dict: {'current_step': 0, 'queue_size': 0, 'unallocated_fraction': 1.0, 'self_queue_size': 0, 'max_group_size': 1, 'env_weight': 1.0}
[96m[ATROPOS][0m INFO:     127.0.0.1:63563 - "GET /status-env HTTP/1.1" 200 OK
[94m[GSM8K][0m INFO:atroposlib.envs.base:env_manager: Status dict: {'current_step': 0, 'queue_size': 0, 'unallocated_fraction': 1.0, 'self_queue_size': 0, 'max_group_size': 1, 'env_weight': 1.0}
[96m[ATROPOS][0m INFO:     127.0.0.1:63564 - "GET /status-env HTTP/1.1" 200 OK
[94m[GSM8K][0m INFO:atroposlib.envs.base:env_manager: Status dict: {'current_step': 0, 'queue_size': 0, 'unallocated_fraction': 1.0, 'self_queue_size': 0, 'max_group_size': 1, 'env_weight': 1.0}
[96m[ATROPOS][0m INFO:     127.0.0.1:63565 - "GET /status-env HTTP/1.1" 200 OK
[94m[GSM8K][0m INFO:atroposlib.envs.base:env_manager: Status dict: {'current_step': 0, 'queue_size': 0, 'unallocated_fraction': 1.0, 'self_queue_size': 0, 'max_group_size': 1, 'env_weight': 1.0}
[96m[ATROPOS][0m INFO:     127.0.0.1:63566 - "GET /status-env HTTP/1.1" 200 OK
[94m[GSM8K][0m INFO:atroposlib.envs.base:env_manager: Status dict: {'current_step': 0, 'queue_size': 0, 'unallocated_fraction': 1.0, 'self_queue_size': 0, 'max_group_size': 1, 'env_weight': 1.0}
[96m[ATROPOS][0m INFO:     127.0.0.1:63567 - "GET /status-env HTTP/1.1" 200 OK
[94m[GSM8K][0m INFO:atroposlib.envs.base:env_manager: Status dict: {'current_step': 0, 'queue_size': 0, 'unallocated_fraction': 1.0, 'self_queue_size': 0, 'max_group_size': 1, 'env_weight': 1.0}
[96m[ATROPOS][0m INFO:     127.0.0.1:63568 - "GET /status-env HTTP/1.1" 200 OK
[94m[GSM8K][0m INFO:atroposlib.envs.base:env_manager: Status dict: {'current_step': 0, 'queue_size': 0, 'unallocated_fraction': 1.0, 'self_queue_size': 0, 'max_group_size': 1, 'env_weight': 1.0}
[96m[ATROPOS][0m INFO:     127.0.0.1:63569 - "GET /status-env HTTP/1.1" 200 OK
[94m[GSM8K][0m INFO:atroposlib.envs.base:env_manager: Status dict: {'current_step': 0, 'queue_size': 0, 'unallocated_fraction': 1.0, 'self_queue_size': 0, 'max_group_size': 1, 'env_weight': 1.0}
[96m[ATROPOS][0m INFO:     127.0.0.1:63570 - "GET /status-env HTTP/1.1" 200 OK
[94m[GSM8K][0m INFO:atroposlib.envs.base:env_manager: Status dict: {'current_step': 0, 'queue_size': 0, 'unallocated_fraction': 1.0, 'self_queue_size': 0, 'max_group_size': 1, 'env_weight': 1.0}
[96m[ATROPOS][0m INFO:     127.0.0.1:63571 - "GET /batch HTTP/1.1" 200 OK
[96m[ATROPOS][0m INFO:     127.0.0.1:63572 - "GET /status-env HTTP/1.1" 200 OK
[94m[GSM8K][0m INFO:atroposlib.envs.base:env_manager: Status dict: {'current_step': 0, 'queue_size': 0, 'unallocated_fraction': 1.0, 'self_queue_size': 0, 'max_group_size': 1, 'env_weight': 1.0}
[96m[ATROPOS][0m INFO:     127.0.0.1:63573 - "GET /status-env HTTP/1.1" 200 OK
[94m[GSM8K][0m INFO:atroposlib.envs.base:env_manager: Status dict: {'current_step': 0, 'queue_size': 0, 'unallocated_fraction': 1.0, 'self_queue_size': 0, 'max_group_size': 1, 'env_weight': 1.0}
[96m[ATROPOS][0m INFO:     127.0.0.1:63574 - "GET /status-env HTTP/1.1" 200 OK
[94m[GSM8K][0m INFO:atroposlib.envs.base:env_manager: Status dict: {'current_step': 0, 'queue_size': 0, 'unallocated_fraction': 1.0, 'self_queue_size': 0, 'max_group_size': 1, 'env_weight': 1.0}
[96m[ATROPOS][0m INFO:     127.0.0.1:63575 - "GET /status-env HTTP/1.1" 200 OK
[94m[GSM8K][0m INFO:atroposlib.envs.base:env_manager: Status dict: {'current_step': 0, 'queue_size': 0, 'unallocated_fraction': 1.0, 'self_queue_size': 0, 'max_group_size': 1, 'env_weight': 1.0}
[96m[ATROPOS][0m INFO:     127.0.0.1:63576 - "GET /status-env HTTP/1.1" 200 OK
[94m[GSM8K][0m INFO:atroposlib.envs.base:env_manager: Status dict: {'current_step': 0, 'queue_size': 0, 'unallocated_fraction': 1.0, 'self_queue_size': 0, 'max_group_size': 1, 'env_weight': 1.0}
[96m[ATROPOS][0m INFO:     127.0.0.1:63577 - "GET /status-env HTTP/1.1" 200 OK
[94m[GSM8K][0m INFO:atroposlib.envs.base:env_manager: Status dict: {'current_step': 0, 'queue_size': 0, 'unallocated_fraction': 1.0, 'self_queue_size': 0, 'max_group_size': 1, 'env_weight': 1.0}
[96m[ATROPOS][0m INFO:     127.0.0.1:63580 - "GET /status-env HTTP/1.1" 200 OK
[94m[GSM8K][0m INFO:atroposlib.envs.base:env_manager: Status dict: {'current_step': 0, 'queue_size': 0, 'unallocated_fraction': 1.0, 'self_queue_size': 0, 'max_group_size': 1, 'env_weight': 1.0}
[96m[ATROPOS][0m INFO:     127.0.0.1:63581 - "GET /status-env HTTP/1.1" 200 OK
[94m[GSM8K][0m INFO:atroposlib.envs.base:env_manager: Status dict: {'current_step': 0, 'queue_size': 0, 'unallocated_fraction': 1.0, 'self_queue_size': 0, 'max_group_size': 1, 'env_weight': 1.0}
[96m[ATROPOS][0m INFO:     127.0.0.1:63582 - "GET /status-env HTTP/1.1" 200 OK
[94m[GSM8K][0m INFO:atroposlib.envs.base:env_manager: Status dict: {'current_step': 0, 'queue_size': 0, 'unallocated_fraction': 1.0, 'self_queue_size': 0, 'max_group_size': 1, 'env_weight': 1.0}
[96m[ATROPOS][0m INFO:     127.0.0.1:63583 - "GET /status-env HTTP/1.1" 200 OK
[94m[GSM8K][0m INFO:atroposlib.envs.base:env_manager: Status dict: {'current_step': 0, 'queue_size': 0, 'unallocated_fraction': 1.0, 'self_queue_size': 0, 'max_group_size': 1, 'env_weight': 1.0}
[96m[ATROPOS][0m INFO:     127.0.0.1:63584 - "GET /batch HTTP/1.1" 200 OK
[92m[TRAINER][0m INFO:root:Polling for batch... attempt 245
[96m[ATROPOS][0m INFO:     127.0.0.1:63585 - "GET /status-env HTTP/1.1" 200 OK
[94m[GSM8K][0m INFO:atroposlib.envs.base:env_manager: Status dict: {'current_step': 0, 'queue_size': 0, 'unallocated_fraction': 1.0, 'self_queue_size': 0, 'max_group_size': 1, 'env_weight': 1.0}
[96m[ATROPOS][0m INFO:     127.0.0.1:63586 - "GET /status-env HTTP/1.1" 200 OK
[94m[GSM8K][0m INFO:atroposlib.envs.base:env_manager: Status dict: {'current_step': 0, 'queue_size': 0, 'unallocated_fraction': 1.0, 'self_queue_size': 0, 'max_group_size': 1, 'env_weight': 1.0}
[96m[ATROPOS][0m INFO:     127.0.0.1:63587 - "GET /status-env HTTP/1.1" 200 OK
[94m[GSM8K][0m INFO:atroposlib.envs.base:env_manager: Status dict: {'current_step': 0, 'queue_size': 0, 'unallocated_fraction': 1.0, 'self_queue_size': 0, 'max_group_size': 1, 'env_weight': 1.0}
[96m[ATROPOS][0m INFO:     127.0.0.1:63588 - "GET /status-env HTTP/1.1" 200 OK
[94m[GSM8K][0m INFO:atroposlib.envs.base:env_manager: Status dict: {'current_step': 0, 'queue_size': 0, 'unallocated_fraction': 1.0, 'self_queue_size': 0, 'max_group_size': 1, 'env_weight': 1.0}
[96m[ATROPOS][0m INFO:     127.0.0.1:63589 - "GET /status-env HTTP/1.1" 200 OK
[94m[GSM8K][0m INFO:atroposlib.envs.base:env_manager: Status dict: {'current_step': 0, 'queue_size': 0, 'unallocated_fraction': 1.0, 'self_queue_size': 0, 'max_group_size': 1, 'env_weight': 1.0}
[96m[ATROPOS][0m INFO:     127.0.0.1:63590 - "GET /status-env HTTP/1.1" 200 OK
[94m[GSM8K][0m INFO:atroposlib.envs.base:env_manager: Status dict: {'current_step': 0, 'queue_size': 0, 'unallocated_fraction': 1.0, 'self_queue_size': 0, 'max_group_size': 1, 'env_weight': 1.0}
[96m[ATROPOS][0m INFO:     127.0.0.1:63591 - "GET /status-env HTTP/1.1" 200 OK
[94m[GSM8K][0m INFO:atroposlib.envs.base:env_manager: Status dict: {'current_step': 0, 'queue_size': 0, 'unallocated_fraction': 1.0, 'self_queue_size': 0, 'max_group_size': 1, 'env_weight': 1.0}
[96m[ATROPOS][0m INFO:     127.0.0.1:63592 - "GET /status-env HTTP/1.1" 200 OK
[94m[GSM8K][0m INFO:atroposlib.envs.base:env_manager: Status dict: {'current_step': 0, 'queue_size': 0, 'unallocated_fraction': 1.0, 'self_queue_size': 0, 'max_group_size': 1, 'env_weight': 1.0}
[96m[ATROPOS][0m INFO:     127.0.0.1:63593 - "GET /status-env HTTP/1.1" 200 OK
[94m[GSM8K][0m INFO:atroposlib.envs.base:env_manager: Status dict: {'current_step': 0, 'queue_size': 0, 'unallocated_fraction': 1.0, 'self_queue_size': 0, 'max_group_size': 1, 'env_weight': 1.0}
[96m[ATROPOS][0m INFO:     127.0.0.1:63594 - "GET /status-env HTTP/1.1" 200 OK
[94m[GSM8K][0m INFO:atroposlib.envs.base:env_manager: Status dict: {'current_step': 0, 'queue_size': 0, 'unallocated_fraction': 1.0, 'self_queue_size': 0, 'max_group_size': 1, 'env_weight': 1.0}
[96m[ATROPOS][0m INFO:     127.0.0.1:63595 - "GET /batch HTTP/1.1" 200 OK
[96m[ATROPOS][0m INFO:     127.0.0.1:63596 - "GET /status-env HTTP/1.1" 200 OK
[94m[GSM8K][0m INFO:atroposlib.envs.base:env_manager: Status dict: {'current_step': 0, 'queue_size': 0, 'unallocated_fraction': 1.0, 'self_queue_size': 0, 'max_group_size': 1, 'env_weight': 1.0}
[96m[ATROPOS][0m INFO:     127.0.0.1:63597 - "GET /status-env HTTP/1.1" 200 OK
[94m[GSM8K][0m INFO:atroposlib.envs.base:env_manager: Status dict: {'current_step': 0, 'queue_size': 0, 'unallocated_fraction': 1.0, 'self_queue_size': 0, 'max_group_size': 1, 'env_weight': 1.0}
[96m[ATROPOS][0m INFO:     127.0.0.1:63598 - "GET /status-env HTTP/1.1" 200 OK
[94m[GSM8K][0m INFO:atroposlib.envs.base:env_manager: Status dict: {'current_step': 0, 'queue_size': 0, 'unallocated_fraction': 1.0, 'self_queue_size': 0, 'max_group_size': 1, 'env_weight': 1.0}
[96m[ATROPOS][0m INFO:     127.0.0.1:63599 - "GET /status-env HTTP/1.1" 200 OK
[94m[GSM8K][0m INFO:atroposlib.envs.base:env_manager: Status dict: {'current_step': 0, 'queue_size': 0, 'unallocated_fraction': 1.0, 'self_queue_size': 0, 'max_group_size': 1, 'env_weight': 1.0}
[96m[ATROPOS][0m INFO:     127.0.0.1:63600 - "GET /status-env HTTP/1.1" 200 OK
[94m[GSM8K][0m INFO:atroposlib.envs.base:env_manager: Status dict: {'current_step': 0, 'queue_size': 0, 'unallocated_fraction': 1.0, 'self_queue_size': 0, 'max_group_size': 1, 'env_weight': 1.0}
[96m[ATROPOS][0m INFO:     127.0.0.1:63601 - "GET /status-env HTTP/1.1" 200 OK
[94m[GSM8K][0m INFO:atroposlib.envs.base:env_manager: Status dict: {'current_step': 0, 'queue_size': 0, 'unallocated_fraction': 1.0, 'self_queue_size': 0, 'max_group_size': 1, 'env_weight': 1.0}
[96m[ATROPOS][0m INFO:     127.0.0.1:63602 - "GET /status-env HTTP/1.1" 200 OK
[94m[GSM8K][0m INFO:atroposlib.envs.base:env_manager: Status dict: {'current_step': 0, 'queue_size': 0, 'unallocated_fraction': 1.0, 'self_queue_size': 0, 'max_group_size': 1, 'env_weight': 1.0}
[96m[ATROPOS][0m INFO:     127.0.0.1:63603 - "GET /status-env HTTP/1.1" 200 OK
[94m[GSM8K][0m INFO:atroposlib.envs.base:env_manager: Status dict: {'current_step': 0, 'queue_size': 0, 'unallocated_fraction': 1.0, 'self_queue_size': 0, 'max_group_size': 1, 'env_weight': 1.0}
[96m[ATROPOS][0m INFO:     127.0.0.1:63605 - "GET /status-env HTTP/1.1" 200 OK
[94m[GSM8K][0m INFO:atroposlib.envs.base:env_manager: Status dict: {'current_step': 0, 'queue_size': 0, 'unallocated_fraction': 1.0, 'self_queue_size': 0, 'max_group_size': 1, 'env_weight': 1.0}
[96m[ATROPOS][0m INFO:     127.0.0.1:63608 - "GET /batch HTTP/1.1" 200 OK
[96m[ATROPOS][0m INFO:     127.0.0.1:63607 - "GET /status-env HTTP/1.1" 200 OK
[94m[GSM8K][0m INFO:atroposlib.envs.base:env_manager: Status dict: {'current_step': 0, 'queue_size': 0, 'unallocated_fraction': 1.0, 'self_queue_size': 0, 'max_group_size': 1, 'env_weight': 1.0}
[96m[ATROPOS][0m INFO:     127.0.0.1:63610 - "GET /status-env HTTP/1.1" 200 OK
[94m[GSM8K][0m INFO:atroposlib.envs.base:env_manager: Status dict: {'current_step': 0, 'queue_size': 0, 'unallocated_fraction': 1.0, 'self_queue_size': 0, 'max_group_size': 1, 'env_weight': 1.0}
[96m[ATROPOS][0m INFO:     127.0.0.1:63611 - "GET /status-env HTTP/1.1" 200 OK
[94m[GSM8K][0m INFO:atroposlib.envs.base:env_manager: Status dict: {'current_step': 0, 'queue_size': 0, 'unallocated_fraction': 1.0, 'self_queue_size': 0, 'max_group_size': 1, 'env_weight': 1.0}
[96m[ATROPOS][0m INFO:     127.0.0.1:63612 - "GET /status-env HTTP/1.1" 200 OK
[94m[GSM8K][0m INFO:atroposlib.envs.base:env_manager: Status dict: {'current_step': 0, 'queue_size': 0, 'unallocated_fraction': 1.0, 'self_queue_size': 0, 'max_group_size': 1, 'env_weight': 1.0}
[96m[ATROPOS][0m INFO:     127.0.0.1:63614 - "GET /status-env HTTP/1.1" 200 OK
[94m[GSM8K][0m INFO:atroposlib.envs.base:env_manager: Status dict: {'current_step': 0, 'queue_size': 0, 'unallocated_fraction': 1.0, 'self_queue_size': 0, 'max_group_size': 1, 'env_weight': 1.0}
[96m[ATROPOS][0m INFO:     127.0.0.1:63616 - "GET /status-env HTTP/1.1" 200 OK
[94m[GSM8K][0m INFO:atroposlib.envs.base:env_manager: Status dict: {'current_step': 0, 'queue_size': 0, 'unallocated_fraction': 1.0, 'self_queue_size': 0, 'max_group_size': 1, 'env_weight': 1.0}
[96m[ATROPOS][0m INFO:     127.0.0.1:63624 - "GET /status-env HTTP/1.1" 200 OK
[94m[GSM8K][0m INFO:atroposlib.envs.base:env_manager: Status dict: {'current_step': 0, 'queue_size': 0, 'unallocated_fraction': 1.0, 'self_queue_size': 0, 'max_group_size': 1, 'env_weight': 1.0}
[96m[ATROPOS][0m INFO:     127.0.0.1:63626 - "GET /status-env HTTP/1.1" 200 OK
[94m[GSM8K][0m INFO:atroposlib.envs.base:env_manager: Status dict: {'current_step': 0, 'queue_size': 0, 'unallocated_fraction': 1.0, 'self_queue_size': 0, 'max_group_size': 1, 'env_weight': 1.0}
[96m[ATROPOS][0m INFO:     127.0.0.1:63628 - "GET /status-env HTTP/1.1" 200 OK
[94m[GSM8K][0m INFO:atroposlib.envs.base:env_manager: Status dict: {'current_step': 0, 'queue_size': 0, 'unallocated_fraction': 1.0, 'self_queue_size': 0, 'max_group_size': 1, 'env_weight': 1.0}
[96m[ATROPOS][0m INFO:     127.0.0.1:63630 - "GET /status-env HTTP/1.1" 200 OK
[94m[GSM8K][0m INFO:atroposlib.envs.base:env_manager: Status dict: {'current_step': 0, 'queue_size': 0, 'unallocated_fraction': 1.0, 'self_queue_size': 0, 'max_group_size': 1, 'env_weight': 1.0}
[96m[ATROPOS][0m INFO:     127.0.0.1:63631 - "GET /batch HTTP/1.1" 200 OK
[96m[ATROPOS][0m INFO:     127.0.0.1:63632 - "GET /status-env HTTP/1.1" 200 OK
[94m[GSM8K][0m INFO:atroposlib.envs.base:env_manager: Status dict: {'current_step': 0, 'queue_size': 0, 'unallocated_fraction': 1.0, 'self_queue_size': 0, 'max_group_size': 1, 'env_weight': 1.0}
[96m[ATROPOS][0m INFO:     127.0.0.1:63635 - "GET /status-env HTTP/1.1" 200 OK
[94m[GSM8K][0m INFO:atroposlib.envs.base:env_manager: Status dict: {'current_step': 0, 'queue_size': 0, 'unallocated_fraction': 1.0, 'self_queue_size': 0, 'max_group_size': 1, 'env_weight': 1.0}
[96m[ATROPOS][0m INFO:     127.0.0.1:63636 - "GET /status-env HTTP/1.1" 200 OK
[94m[GSM8K][0m INFO:atroposlib.envs.base:env_manager: Status dict: {'current_step': 0, 'queue_size': 0, 'unallocated_fraction': 1.0, 'self_queue_size': 0, 'max_group_size': 1, 'env_weight': 1.0}
[96m[ATROPOS][0m INFO:     127.0.0.1:63637 - "GET /status-env HTTP/1.1" 200 OK
[94m[GSM8K][0m INFO:atroposlib.envs.base:env_manager: Status dict: {'current_step': 0, 'queue_size': 0, 'unallocated_fraction': 1.0, 'self_queue_size': 0, 'max_group_size': 1, 'env_weight': 1.0}
[96m[ATROPOS][0m INFO:     127.0.0.1:63638 - "GET /status-env HTTP/1.1" 200 OK
[94m[GSM8K][0m INFO:atroposlib.envs.base:env_manager: Status dict: {'current_step': 0, 'queue_size': 0, 'unallocated_fraction': 1.0, 'self_queue_size': 0, 'max_group_size': 1, 'env_weight': 1.0}
[96m[ATROPOS][0m INFO:     127.0.0.1:63639 - "GET /status-env HTTP/1.1" 200 OK
[94m[GSM8K][0m INFO:atroposlib.envs.base:env_manager: Status dict: {'current_step': 0, 'queue_size': 0, 'unallocated_fraction': 1.0, 'self_queue_size': 0, 'max_group_size': 1, 'env_weight': 1.0}
[96m[ATROPOS][0m INFO:     127.0.0.1:63640 - "GET /status-env HTTP/1.1" 200 OK
[94m[GSM8K][0m INFO:atroposlib.envs.base:env_manager: Status dict: {'current_step': 0, 'queue_size': 0, 'unallocated_fraction': 1.0, 'self_queue_size': 0, 'max_group_size': 1, 'env_weight': 1.0}
[96m[ATROPOS][0m INFO:     127.0.0.1:63641 - "GET /status-env HTTP/1.1" 200 OK
[94m[GSM8K][0m INFO:atroposlib.envs.base:env_manager: Status dict: {'current_step': 0, 'queue_size': 0, 'unallocated_fraction': 1.0, 'self_queue_size': 0, 'max_group_size': 1, 'env_weight': 1.0}
[96m[ATROPOS][0m INFO:     127.0.0.1:63642 - "GET /status-env HTTP/1.1" 200 OK
[94m[GSM8K][0m INFO:atroposlib.envs.base:env_manager: Status dict: {'current_step': 0, 'queue_size': 0, 'unallocated_fraction': 1.0, 'self_queue_size': 0, 'max_group_size': 1, 'env_weight': 1.0}
[96m[ATROPOS][0m INFO:     127.0.0.1:63643 - "GET /status-env HTTP/1.1" 200 OK
[94m[GSM8K][0m INFO:atroposlib.envs.base:env_manager: Status dict: {'current_step': 0, 'queue_size': 0, 'unallocated_fraction': 1.0, 'self_queue_size': 0, 'max_group_size': 1, 'env_weight': 1.0}
[96m[ATROPOS][0m INFO:     127.0.0.1:63644 - "GET /batch HTTP/1.1" 200 OK
[96m[ATROPOS][0m INFO:     127.0.0.1:63645 - "GET /status-env HTTP/1.1" 200 OK
[94m[GSM8K][0m INFO:atroposlib.envs.base:env_manager: Status dict: {'current_step': 0, 'queue_size': 0, 'unallocated_fraction': 1.0, 'self_queue_size': 0, 'max_group_size': 1, 'env_weight': 1.0}
[96m[ATROPOS][0m INFO:     127.0.0.1:63646 - "GET /status-env HTTP/1.1" 200 OK
[94m[GSM8K][0m INFO:atroposlib.envs.base:env_manager: Status dict: {'current_step': 0, 'queue_size': 0, 'unallocated_fraction': 1.0, 'self_queue_size': 0, 'max_group_size': 1, 'env_weight': 1.0}
[96m[ATROPOS][0m INFO:     127.0.0.1:63647 - "GET /status-env HTTP/1.1" 200 OK
[94m[GSM8K][0m INFO:atroposlib.envs.base:env_manager: Status dict: {'current_step': 0, 'queue_size': 0, 'unallocated_fraction': 1.0, 'self_queue_size': 0, 'max_group_size': 1, 'env_weight': 1.0}
[96m[ATROPOS][0m INFO:     127.0.0.1:63648 - "GET /status-env HTTP/1.1" 200 OK
[94m[GSM8K][0m INFO:atroposlib.envs.base:env_manager: Status dict: {'current_step': 0, 'queue_size': 0, 'unallocated_fraction': 1.0, 'self_queue_size': 0, 'max_group_size': 1, 'env_weight': 1.0}
[96m[ATROPOS][0m INFO:     127.0.0.1:63649 - "GET /status-env HTTP/1.1" 200 OK
[94m[GSM8K][0m INFO:atroposlib.envs.base:env_manager: Status dict: {'current_step': 0, 'queue_size': 0, 'unallocated_fraction': 1.0, 'self_queue_size': 0, 'max_group_size': 1, 'env_weight': 1.0}
[96m[ATROPOS][0m INFO:     127.0.0.1:63651 - "GET /status-env HTTP/1.1" 200 OK
[94m[GSM8K][0m INFO:atroposlib.envs.base:env_manager: Status dict: {'current_step': 0, 'queue_size': 0, 'unallocated_fraction': 1.0, 'self_queue_size': 0, 'max_group_size': 1, 'env_weight': 1.0}
[96m[ATROPOS][0m INFO:     127.0.0.1:63652 - "GET /status-env HTTP/1.1" 200 OK
[94m[GSM8K][0m INFO:atroposlib.envs.base:env_manager: Status dict: {'current_step': 0, 'queue_size': 0, 'unallocated_fraction': 1.0, 'self_queue_size': 0, 'max_group_size': 1, 'env_weight': 1.0}
[96m[ATROPOS][0m INFO:     127.0.0.1:63653 - "GET /status-env HTTP/1.1" 200 OK
[94m[GSM8K][0m INFO:atroposlib.envs.base:env_manager: Status dict: {'current_step': 0, 'queue_size': 0, 'unallocated_fraction': 1.0, 'self_queue_size': 0, 'max_group_size': 1, 'env_weight': 1.0}
[96m[ATROPOS][0m INFO:     127.0.0.1:63654 - "GET /status-env HTTP/1.1" 200 OK
[94m[GSM8K][0m INFO:atroposlib.envs.base:env_manager: Status dict: {'current_step': 0, 'queue_size': 0, 'unallocated_fraction': 1.0, 'self_queue_size': 0, 'max_group_size': 1, 'env_weight': 1.0}
[96m[ATROPOS][0m INFO:     127.0.0.1:63658 - "GET /status-env HTTP/1.1" 200 OK
[94m[GSM8K][0m INFO:atroposlib.envs.base:env_manager: Status dict: {'current_step': 0, 'queue_size': 0, 'unallocated_fraction': 1.0, 'self_queue_size': 0, 'max_group_size': 1, 'env_weight': 1.0}
[96m[ATROPOS][0m INFO:     127.0.0.1:63659 - "GET /batch HTTP/1.1" 200 OK
[92m[TRAINER][0m INFO:root:Polling for batch... attempt 250
[96m[ATROPOS][0m INFO:     127.0.0.1:63660 - "GET /status-env HTTP/1.1" 200 OK
[94m[GSM8K][0m INFO:atroposlib.envs.base:env_manager: Status dict: {'current_step': 0, 'queue_size': 0, 'unallocated_fraction': 1.0, 'self_queue_size': 0, 'max_group_size': 1, 'env_weight': 1.0}
[96m[ATROPOS][0m INFO:     127.0.0.1:63663 - "GET /status-env HTTP/1.1" 200 OK
[94m[GSM8K][0m INFO:atroposlib.envs.base:env_manager: Status dict: {'current_step': 0, 'queue_size': 0, 'unallocated_fraction': 1.0, 'self_queue_size': 0, 'max_group_size': 1, 'env_weight': 1.0}
[96m[ATROPOS][0m INFO:     127.0.0.1:63664 - "GET /status-env HTTP/1.1" 200 OK
[94m[GSM8K][0m INFO:atroposlib.envs.base:env_manager: Status dict: {'current_step': 0, 'queue_size': 0, 'unallocated_fraction': 1.0, 'self_queue_size': 0, 'max_group_size': 1, 'env_weight': 1.0}
[96m[ATROPOS][0m INFO:     127.0.0.1:63666 - "GET /status-env HTTP/1.1" 200 OK
[94m[GSM8K][0m INFO:atroposlib.envs.base:env_manager: Status dict: {'current_step': 0, 'queue_size': 0, 'unallocated_fraction': 1.0, 'self_queue_size': 0, 'max_group_size': 1, 'env_weight': 1.0}
[96m[ATROPOS][0m INFO:     127.0.0.1:63667 - "GET /status-env HTTP/1.1" 200 OK
[94m[GSM8K][0m INFO:atroposlib.envs.base:env_manager: Status dict: {'current_step': 0, 'queue_size': 0, 'unallocated_fraction': 1.0, 'self_queue_size': 0, 'max_group_size': 1, 'env_weight': 1.0}
[96m[ATROPOS][0m INFO:     127.0.0.1:63668 - "GET /status-env HTTP/1.1" 200 OK
[94m[GSM8K][0m INFO:atroposlib.envs.base:env_manager: Status dict: {'current_step': 0, 'queue_size': 0, 'unallocated_fraction': 1.0, 'self_queue_size': 0, 'max_group_size': 1, 'env_weight': 1.0}
[96m[ATROPOS][0m INFO:     127.0.0.1:63669 - "GET /status-env HTTP/1.1" 200 OK
[94m[GSM8K][0m INFO:atroposlib.envs.base:env_manager: Status dict: {'current_step': 0, 'queue_size': 0, 'unallocated_fraction': 1.0, 'self_queue_size': 0, 'max_group_size': 1, 'env_weight': 1.0}
[96m[ATROPOS][0m INFO:     127.0.0.1:63670 - "GET /status-env HTTP/1.1" 200 OK
[94m[GSM8K][0m INFO:atroposlib.envs.base:env_manager: Status dict: {'current_step': 0, 'queue_size': 0, 'unallocated_fraction': 1.0, 'self_queue_size': 0, 'max_group_size': 1, 'env_weight': 1.0}
[96m[ATROPOS][0m INFO:     127.0.0.1:63671 - "GET /status-env HTTP/1.1" 200 OK
[94m[GSM8K][0m INFO:atroposlib.envs.base:env_manager: Status dict: {'current_step': 0, 'queue_size': 0, 'unallocated_fraction': 1.0, 'self_queue_size': 0, 'max_group_size': 1, 'env_weight': 1.0}
[96m[ATROPOS][0m INFO:     127.0.0.1:63672 - "GET /batch HTTP/1.1" 200 OK
[96m[ATROPOS][0m INFO:     127.0.0.1:63673 - "GET /status-env HTTP/1.1" 200 OK
[94m[GSM8K][0m INFO:atroposlib.envs.base:env_manager: Status dict: {'current_step': 0, 'queue_size': 0, 'unallocated_fraction': 1.0, 'self_queue_size': 0, 'max_group_size': 1, 'env_weight': 1.0}
[96m[ATROPOS][0m INFO:     127.0.0.1:63674 - "GET /status-env HTTP/1.1" 200 OK
[94m[GSM8K][0m INFO:atroposlib.envs.base:env_manager: Status dict: {'current_step': 0, 'queue_size': 0, 'unallocated_fraction': 1.0, 'self_queue_size': 0, 'max_group_size': 1, 'env_weight': 1.0}
[96m[ATROPOS][0m INFO:     127.0.0.1:63675 - "GET /status-env HTTP/1.1" 200 OK
[94m[GSM8K][0m INFO:atroposlib.envs.base:env_manager: Status dict: {'current_step': 0, 'queue_size': 0, 'unallocated_fraction': 1.0, 'self_queue_size': 0, 'max_group_size': 1, 'env_weight': 1.0}
[96m[ATROPOS][0m INFO:     127.0.0.1:63677 - "GET /status-env HTTP/1.1" 200 OK
[94m[GSM8K][0m INFO:atroposlib.envs.base:env_manager: Status dict: {'current_step': 0, 'queue_size': 0, 'unallocated_fraction': 1.0, 'self_queue_size': 0, 'max_group_size': 1, 'env_weight': 1.0}
[96m[ATROPOS][0m INFO:     127.0.0.1:63678 - "GET /status-env HTTP/1.1" 200 OK
[94m[GSM8K][0m INFO:atroposlib.envs.base:env_manager: Status dict: {'current_step': 0, 'queue_size': 0, 'unallocated_fraction': 1.0, 'self_queue_size': 0, 'max_group_size': 1, 'env_weight': 1.0}
[96m[ATROPOS][0m INFO:     127.0.0.1:63679 - "GET /status-env HTTP/1.1" 200 OK
[94m[GSM8K][0m INFO:atroposlib.envs.base:env_manager: Status dict: {'current_step': 0, 'queue_size': 0, 'unallocated_fraction': 1.0, 'self_queue_size': 0, 'max_group_size': 1, 'env_weight': 1.0}
[96m[ATROPOS][0m INFO:     127.0.0.1:63680 - "GET /status-env HTTP/1.1" 200 OK
[94m[GSM8K][0m INFO:atroposlib.envs.base:env_manager: Status dict: {'current_step': 0, 'queue_size': 0, 'unallocated_fraction': 1.0, 'self_queue_size': 0, 'max_group_size': 1, 'env_weight': 1.0}
[96m[ATROPOS][0m INFO:     127.0.0.1:63681 - "GET /status-env HTTP/1.1" 200 OK
[94m[GSM8K][0m INFO:atroposlib.envs.base:env_manager: Status dict: {'current_step': 0, 'queue_size': 0, 'unallocated_fraction': 1.0, 'self_queue_size': 0, 'max_group_size': 1, 'env_weight': 1.0}
[96m[ATROPOS][0m INFO:     127.0.0.1:63682 - "GET /status-env HTTP/1.1" 200 OK
[94m[GSM8K][0m INFO:atroposlib.envs.base:env_manager: Status dict: {'current_step': 0, 'queue_size': 0, 'unallocated_fraction': 1.0, 'self_queue_size': 0, 'max_group_size': 1, 'env_weight': 1.0}
[96m[ATROPOS][0m INFO:     127.0.0.1:63683 - "GET /status-env HTTP/1.1" 200 OK
[94m[GSM8K][0m INFO:atroposlib.envs.base:env_manager: Status dict: {'current_step': 0, 'queue_size': 0, 'unallocated_fraction': 1.0, 'self_queue_size': 0, 'max_group_size': 1, 'env_weight': 1.0}
[96m[ATROPOS][0m INFO:     127.0.0.1:63684 - "GET /batch HTTP/1.1" 200 OK
[96m[ATROPOS][0m INFO:     127.0.0.1:63685 - "GET /status-env HTTP/1.1" 200 OK
[94m[GSM8K][0m INFO:atroposlib.envs.base:env_manager: Status dict: {'current_step': 0, 'queue_size': 0, 'unallocated_fraction': 1.0, 'self_queue_size': 0, 'max_group_size': 1, 'env_weight': 1.0}
[96m[ATROPOS][0m INFO:     127.0.0.1:63686 - "GET /status-env HTTP/1.1" 200 OK
[94m[GSM8K][0m INFO:atroposlib.envs.base:env_manager: Status dict: {'current_step': 0, 'queue_size': 0, 'unallocated_fraction': 1.0, 'self_queue_size': 0, 'max_group_size': 1, 'env_weight': 1.0}
[96m[ATROPOS][0m INFO:     127.0.0.1:63689 - "GET /status-env HTTP/1.1" 200 OK
[94m[GSM8K][0m INFO:atroposlib.envs.base:env_manager: Status dict: {'current_step': 0, 'queue_size': 0, 'unallocated_fraction': 1.0, 'self_queue_size': 0, 'max_group_size': 1, 'env_weight': 1.0}
[96m[ATROPOS][0m INFO:     127.0.0.1:63692 - "GET /status-env HTTP/1.1" 200 OK
[94m[GSM8K][0m INFO:atroposlib.envs.base:env_manager: Status dict: {'current_step': 0, 'queue_size': 0, 'unallocated_fraction': 1.0, 'self_queue_size': 0, 'max_group_size': 1, 'env_weight': 1.0}
[96m[ATROPOS][0m INFO:     127.0.0.1:63712 - "GET /status-env HTTP/1.1" 200 OK
[94m[GSM8K][0m INFO:atroposlib.envs.base:env_manager: Status dict: {'current_step': 0, 'queue_size': 0, 'unallocated_fraction': 1.0, 'self_queue_size': 0, 'max_group_size': 1, 'env_weight': 1.0}
[96m[ATROPOS][0m INFO:     127.0.0.1:63713 - "GET /status-env HTTP/1.1" 200 OK
[94m[GSM8K][0m INFO:atroposlib.envs.base:env_manager: Status dict: {'current_step': 0, 'queue_size': 0, 'unallocated_fraction': 1.0, 'self_queue_size': 0, 'max_group_size': 1, 'env_weight': 1.0}
[96m[ATROPOS][0m INFO:     127.0.0.1:63718 - "GET /status-env HTTP/1.1" 200 OK
[94m[GSM8K][0m INFO:atroposlib.envs.base:env_manager: Status dict: {'current_step': 0, 'queue_size': 0, 'unallocated_fraction': 1.0, 'self_queue_size': 0, 'max_group_size': 1, 'env_weight': 1.0}
[96m[ATROPOS][0m INFO:     127.0.0.1:63723 - "GET /status-env HTTP/1.1" 200 OK
[94m[GSM8K][0m INFO:atroposlib.envs.base:env_manager: Status dict: {'current_step': 0, 'queue_size': 0, 'unallocated_fraction': 1.0, 'self_queue_size': 0, 'max_group_size': 1, 'env_weight': 1.0}
[92m[TRAINER][0m [91mERROR:root:Chat request timed out for model NousResearch/Hermes-4-Qwen3-14B-1-e3 after 60.0 seconds.[0m
[92m[TRAINER][0m INFO:     127.0.0.1:60883 - "POST /v1/chat/completions HTTP/1.1" 504 Gateway Timeout
[96m[ATROPOS][0m INFO:     127.0.0.1:63728 - "GET /status-env HTTP/1.1" 200 OK
[94m[GSM8K][0m INFO:atroposlib.envs.base:env_manager: Status dict: {'current_step': 0, 'queue_size': 0, 'unallocated_fraction': 1.0, 'self_queue_size': 0, 'max_group_size': 1, 'env_weight': 1.0}
[96m[ATROPOS][0m INFO:     127.0.0.1:63730 - "GET /status-env HTTP/1.1" 200 OK
[94m[GSM8K][0m INFO:atroposlib.envs.base:env_manager: Status dict: {'current_step': 0, 'queue_size': 0, 'unallocated_fraction': 1.0, 'self_queue_size': 0, 'max_group_size': 1, 'env_weight': 1.0}
[96m[ATROPOS][0m INFO:     127.0.0.1:63731 - "GET /batch HTTP/1.1" 200 OK
[96m[ATROPOS][0m INFO:     127.0.0.1:63732 - "GET /status-env HTTP/1.1" 200 OK
[94m[GSM8K][0m INFO:atroposlib.envs.base:env_manager: Status dict: {'current_step': 0, 'queue_size': 0, 'unallocated_fraction': 1.0, 'self_queue_size': 0, 'max_group_size': 1, 'env_weight': 1.0}
[96m[ATROPOS][0m INFO:     127.0.0.1:63734 - "GET /status-env HTTP/1.1" 200 OK
[94m[GSM8K][0m INFO:atroposlib.envs.base:env_manager: Status dict: {'current_step': 0, 'queue_size': 0, 'unallocated_fraction': 1.0, 'self_queue_size': 0, 'max_group_size': 1, 'env_weight': 1.0}
[92m[TRAINER][0m INFO:root:Non-streaming chat completion request for model NousResearch/Hermes-4-Qwen3-14B-1-e3. It will be queued for batch processing.
[96m[ATROPOS][0m INFO:     127.0.0.1:63737 - "GET /status-env HTTP/1.1" 200 OK
[94m[GSM8K][0m INFO:atroposlib.envs.base:env_manager: Status dict: {'current_step': 0, 'queue_size': 0, 'unallocated_fraction': 1.0, 'self_queue_size': 0, 'max_group_size': 1, 'env_weight': 1.0}
[96m[ATROPOS][0m INFO:     127.0.0.1:63740 - "GET /status-env HTTP/1.1" 200 OK
[94m[GSM8K][0m INFO:atroposlib.envs.base:env_manager: Status dict: {'current_step': 0, 'queue_size': 0, 'unallocated_fraction': 1.0, 'self_queue_size': 0, 'max_group_size': 1, 'env_weight': 1.0}
[96m[ATROPOS][0m INFO:     127.0.0.1:63742 - "GET /status-env HTTP/1.1" 200 OK
[94m[GSM8K][0m INFO:atroposlib.envs.base:env_manager: Status dict: {'current_step': 0, 'queue_size': 0, 'unallocated_fraction': 1.0, 'self_queue_size': 0, 'max_group_size': 1, 'env_weight': 1.0}
[96m[ATROPOS][0m INFO:     127.0.0.1:63745 - "GET /status-env HTTP/1.1" 200 OK
[94m[GSM8K][0m INFO:atroposlib.envs.base:env_manager: Status dict: {'current_step': 0, 'queue_size': 0, 'unallocated_fraction': 1.0, 'self_queue_size': 0, 'max_group_size': 1, 'env_weight': 1.0}
[96m[ATROPOS][0m INFO:     127.0.0.1:63746 - "GET /status-env HTTP/1.1" 200 OK
[94m[GSM8K][0m INFO:atroposlib.envs.base:env_manager: Status dict: {'current_step': 0, 'queue_size': 0, 'unallocated_fraction': 1.0, 'self_queue_size': 0, 'max_group_size': 1, 'env_weight': 1.0}
[96m[ATROPOS][0m INFO:     127.0.0.1:63747 - "GET /status-env HTTP/1.1" 200 OK
[94m[GSM8K][0m INFO:atroposlib.envs.base:env_manager: Status dict: {'current_step': 0, 'queue_size': 0, 'unallocated_fraction': 1.0, 'self_queue_size': 0, 'max_group_size': 1, 'env_weight': 1.0}
[96m[ATROPOS][0m INFO:     127.0.0.1:63748 - "GET /status-env HTTP/1.1" 200 OK
[94m[GSM8K][0m INFO:atroposlib.envs.base:env_manager: Status dict: {'current_step': 0, 'queue_size': 0, 'unallocated_fraction': 1.0, 'self_queue_size': 0, 'max_group_size': 1, 'env_weight': 1.0}
[96m[ATROPOS][0m INFO:     127.0.0.1:63749 - "GET /status-env HTTP/1.1" 200 OK
[94m[GSM8K][0m INFO:atroposlib.envs.base:env_manager: Status dict: {'current_step': 0, 'queue_size': 0, 'unallocated_fraction': 1.0, 'self_queue_size': 0, 'max_group_size': 1, 'env_weight': 1.0}
[96m[ATROPOS][0m INFO:     127.0.0.1:63750 - "GET /batch HTTP/1.1" 200 OK
[96m[ATROPOS][0m INFO:     127.0.0.1:63751 - "GET /status-env HTTP/1.1" 200 OK
[94m[GSM8K][0m INFO:atroposlib.envs.base:env_manager: Status dict: {'current_step': 0, 'queue_size': 0, 'unallocated_fraction': 1.0, 'self_queue_size': 0, 'max_group_size': 1, 'env_weight': 1.0}
[96m[ATROPOS][0m INFO:     127.0.0.1:63752 - "GET /status-env HTTP/1.1" 200 OK
[94m[GSM8K][0m INFO:atroposlib.envs.base:env_manager: Status dict: {'current_step': 0, 'queue_size': 0, 'unallocated_fraction': 1.0, 'self_queue_size': 0, 'max_group_size': 1, 'env_weight': 1.0}
[96m[ATROPOS][0m INFO:     127.0.0.1:63753 - "GET /status-env HTTP/1.1" 200 OK
[94m[GSM8K][0m INFO:atroposlib.envs.base:env_manager: Status dict: {'current_step': 0, 'queue_size': 0, 'unallocated_fraction': 1.0, 'self_queue_size': 0, 'max_group_size': 1, 'env_weight': 1.0}
[96m[ATROPOS][0m INFO:     127.0.0.1:63754 - "GET /status-env HTTP/1.1" 200 OK
[94m[GSM8K][0m INFO:atroposlib.envs.base:env_manager: Status dict: {'current_step': 0, 'queue_size': 0, 'unallocated_fraction': 1.0, 'self_queue_size': 0, 'max_group_size': 1, 'env_weight': 1.0}
[96m[ATROPOS][0m INFO:     127.0.0.1:63755 - "GET /status-env HTTP/1.1" 200 OK
[94m[GSM8K][0m INFO:atroposlib.envs.base:env_manager: Status dict: {'current_step': 0, 'queue_size': 0, 'unallocated_fraction': 1.0, 'self_queue_size': 0, 'max_group_size': 1, 'env_weight': 1.0}
[96m[ATROPOS][0m INFO:     127.0.0.1:63756 - "GET /status-env HTTP/1.1" 200 OK
[94m[GSM8K][0m INFO:atroposlib.envs.base:env_manager: Status dict: {'current_step': 0, 'queue_size': 0, 'unallocated_fraction': 1.0, 'self_queue_size': 0, 'max_group_size': 1, 'env_weight': 1.0}
[96m[ATROPOS][0m INFO:     127.0.0.1:63757 - "GET /status-env HTTP/1.1" 200 OK
[94m[GSM8K][0m INFO:atroposlib.envs.base:env_manager: Status dict: {'current_step': 0, 'queue_size': 0, 'unallocated_fraction': 1.0, 'self_queue_size': 0, 'max_group_size': 1, 'env_weight': 1.0}
[96m[ATROPOS][0m INFO:     127.0.0.1:63761 - "GET /status-env HTTP/1.1" 200 OK
[94m[GSM8K][0m INFO:atroposlib.envs.base:env_manager: Status dict: {'current_step': 0, 'queue_size': 0, 'unallocated_fraction': 1.0, 'self_queue_size': 0, 'max_group_size': 1, 'env_weight': 1.0}
[96m[ATROPOS][0m INFO:     127.0.0.1:63762 - "GET /status-env HTTP/1.1" 200 OK
[94m[GSM8K][0m INFO:atroposlib.envs.base:env_manager: Status dict: {'current_step': 0, 'queue_size': 0, 'unallocated_fraction': 1.0, 'self_queue_size': 0, 'max_group_size': 1, 'env_weight': 1.0}
[96m[ATROPOS][0m INFO:     127.0.0.1:63763 - "GET /batch HTTP/1.1" 200 OK
[92m[TRAINER][0m INFO:root:Polling for batch... attempt 255
[96m[ATROPOS][0m INFO:     127.0.0.1:63764 - "GET /status-env HTTP/1.1" 200 OK
[94m[GSM8K][0m INFO:atroposlib.envs.base:env_manager: Status dict: {'current_step': 0, 'queue_size': 0, 'unallocated_fraction': 1.0, 'self_queue_size': 0, 'max_group_size': 1, 'env_weight': 1.0}
[96m[ATROPOS][0m INFO:     127.0.0.1:63765 - "GET /status-env HTTP/1.1" 200 OK
[94m[GSM8K][0m INFO:atroposlib.envs.base:env_manager: Status dict: {'current_step': 0, 'queue_size': 0, 'unallocated_fraction': 1.0, 'self_queue_size': 0, 'max_group_size': 1, 'env_weight': 1.0}
[96m[ATROPOS][0m INFO:     127.0.0.1:63766 - "GET /status-env HTTP/1.1" 200 OK
[94m[GSM8K][0m INFO:atroposlib.envs.base:env_manager: Status dict: {'current_step': 0, 'queue_size': 0, 'unallocated_fraction': 1.0, 'self_queue_size': 0, 'max_group_size': 1, 'env_weight': 1.0}
[96m[ATROPOS][0m INFO:     127.0.0.1:63767 - "GET /status-env HTTP/1.1" 200 OK
[94m[GSM8K][0m INFO:atroposlib.envs.base:env_manager: Status dict: {'current_step': 0, 'queue_size': 0, 'unallocated_fraction': 1.0, 'self_queue_size': 0, 'max_group_size': 1, 'env_weight': 1.0}
[96m[ATROPOS][0m INFO:     127.0.0.1:63768 - "GET /status-env HTTP/1.1" 200 OK
[94m[GSM8K][0m INFO:atroposlib.envs.base:env_manager: Status dict: {'current_step': 0, 'queue_size': 0, 'unallocated_fraction': 1.0, 'self_queue_size': 0, 'max_group_size': 1, 'env_weight': 1.0}
[96m[ATROPOS][0m INFO:     127.0.0.1:63769 - "GET /status-env HTTP/1.1" 200 OK
[94m[GSM8K][0m INFO:atroposlib.envs.base:env_manager: Status dict: {'current_step': 0, 'queue_size': 0, 'unallocated_fraction': 1.0, 'self_queue_size': 0, 'max_group_size': 1, 'env_weight': 1.0}
[96m[ATROPOS][0m INFO:     127.0.0.1:63770 - "GET /status-env HTTP/1.1" 200 OK
[94m[GSM8K][0m INFO:atroposlib.envs.base:env_manager: Status dict: {'current_step': 0, 'queue_size': 0, 'unallocated_fraction': 1.0, 'self_queue_size': 0, 'max_group_size': 1, 'env_weight': 1.0}
[96m[ATROPOS][0m INFO:     127.0.0.1:63771 - "GET /status-env HTTP/1.1" 200 OK
[94m[GSM8K][0m INFO:atroposlib.envs.base:env_manager: Status dict: {'current_step': 0, 'queue_size': 0, 'unallocated_fraction': 1.0, 'self_queue_size': 0, 'max_group_size': 1, 'env_weight': 1.0}
[96m[ATROPOS][0m INFO:     127.0.0.1:63772 - "GET /status-env HTTP/1.1" 200 OK
[94m[GSM8K][0m INFO:atroposlib.envs.base:env_manager: Status dict: {'current_step': 0, 'queue_size': 0, 'unallocated_fraction': 1.0, 'self_queue_size': 0, 'max_group_size': 1, 'env_weight': 1.0}
[96m[ATROPOS][0m INFO:     127.0.0.1:63773 - "GET /status-env HTTP/1.1" 200 OK
[94m[GSM8K][0m INFO:atroposlib.envs.base:env_manager: Status dict: {'current_step': 0, 'queue_size': 0, 'unallocated_fraction': 1.0, 'self_queue_size': 0, 'max_group_size': 1, 'env_weight': 1.0}
[96m[ATROPOS][0m INFO:     127.0.0.1:63774 - "GET /batch HTTP/1.1" 200 OK
[96m[ATROPOS][0m INFO:     127.0.0.1:63775 - "GET /status-env HTTP/1.1" 200 OK
[94m[GSM8K][0m INFO:atroposlib.envs.base:env_manager: Status dict: {'current_step': 0, 'queue_size': 0, 'unallocated_fraction': 1.0, 'self_queue_size': 0, 'max_group_size': 1, 'env_weight': 1.0}
[96m[ATROPOS][0m INFO:     127.0.0.1:63776 - "GET /status-env HTTP/1.1" 200 OK
[94m[GSM8K][0m INFO:atroposlib.envs.base:env_manager: Status dict: {'current_step': 0, 'queue_size': 0, 'unallocated_fraction': 1.0, 'self_queue_size': 0, 'max_group_size': 1, 'env_weight': 1.0}
[96m[ATROPOS][0m INFO:     127.0.0.1:63777 - "GET /status-env HTTP/1.1" 200 OK
[94m[GSM8K][0m INFO:atroposlib.envs.base:env_manager: Status dict: {'current_step': 0, 'queue_size': 0, 'unallocated_fraction': 1.0, 'self_queue_size': 0, 'max_group_size': 1, 'env_weight': 1.0}
[96m[ATROPOS][0m INFO:     127.0.0.1:63778 - "GET /status-env HTTP/1.1" 200 OK
[94m[GSM8K][0m INFO:atroposlib.envs.base:env_manager: Status dict: {'current_step': 0, 'queue_size': 0, 'unallocated_fraction': 1.0, 'self_queue_size': 0, 'max_group_size': 1, 'env_weight': 1.0}
[96m[ATROPOS][0m INFO:     127.0.0.1:63779 - "GET /status-env HTTP/1.1" 200 OK
[94m[GSM8K][0m INFO:atroposlib.envs.base:env_manager: Status dict: {'current_step': 0, 'queue_size': 0, 'unallocated_fraction': 1.0, 'self_queue_size': 0, 'max_group_size': 1, 'env_weight': 1.0}
[96m[ATROPOS][0m INFO:     127.0.0.1:63780 - "GET /status-env HTTP/1.1" 200 OK
[94m[GSM8K][0m INFO:atroposlib.envs.base:env_manager: Status dict: {'current_step': 0, 'queue_size': 0, 'unallocated_fraction': 1.0, 'self_queue_size': 0, 'max_group_size': 1, 'env_weight': 1.0}
[96m[ATROPOS][0m INFO:     127.0.0.1:63781 - "GET /status-env HTTP/1.1" 200 OK
[94m[GSM8K][0m INFO:atroposlib.envs.base:env_manager: Status dict: {'current_step': 0, 'queue_size': 0, 'unallocated_fraction': 1.0, 'self_queue_size': 0, 'max_group_size': 1, 'env_weight': 1.0}
[96m[ATROPOS][0m INFO:     127.0.0.1:63782 - "GET /status-env HTTP/1.1" 200 OK
[94m[GSM8K][0m INFO:atroposlib.envs.base:env_manager: Status dict: {'current_step': 0, 'queue_size': 0, 'unallocated_fraction': 1.0, 'self_queue_size': 0, 'max_group_size': 1, 'env_weight': 1.0}
[96m[ATROPOS][0m INFO:     127.0.0.1:63783 - "GET /status-env HTTP/1.1" 200 OK
[94m[GSM8K][0m INFO:atroposlib.envs.base:env_manager: Status dict: {'current_step': 0, 'queue_size': 0, 'unallocated_fraction': 1.0, 'self_queue_size': 0, 'max_group_size': 1, 'env_weight': 1.0}
[92m[TRAINER][0m INFO:root:Processing batch of 6 requests.
[92m[TRAINER][0m INFO:root:Calling batch_generate_text_util with 8 expanded prompts.
[92m[TRAINER][0m INFO:root:Using tokenizer's model_max_length: 131072
[92m[TRAINER][0m [93mWARNING:root:Effective max_length 131072 exceeds safety cap of 65536. Capping to 65536.[0m
[92m[TRAINER][0m INFO:root:Final effective_max_length for tokenizer: 65536
[96m[ATROPOS][0m INFO:     127.0.0.1:63784 - "GET /status-env HTTP/1.1" 200 OK
[94m[GSM8K][0m INFO:atroposlib.envs.base:env_manager: Status dict: {'current_step': 0, 'queue_size': 0, 'unallocated_fraction': 1.0, 'self_queue_size': 0, 'max_group_size': 1, 'env_weight': 1.0}
[96m[ATROPOS][0m INFO:     127.0.0.1:63785 - "GET /batch HTTP/1.1" 200 OK
[96m[ATROPOS][0m INFO:     127.0.0.1:63786 - "GET /status-env HTTP/1.1" 200 OK
[94m[GSM8K][0m INFO:atroposlib.envs.base:env_manager: Status dict: {'current_step': 0, 'queue_size': 0, 'unallocated_fraction': 1.0, 'self_queue_size': 0, 'max_group_size': 1, 'env_weight': 1.0}
[96m[ATROPOS][0m INFO:     127.0.0.1:63787 - "GET /status-env HTTP/1.1" 200 OK
[94m[GSM8K][0m INFO:atroposlib.envs.base:env_manager: Status dict: {'current_step': 0, 'queue_size': 0, 'unallocated_fraction': 1.0, 'self_queue_size': 0, 'max_group_size': 1, 'env_weight': 1.0}
[96m[ATROPOS][0m INFO:     127.0.0.1:63788 - "GET /status-env HTTP/1.1" 200 OK
[94m[GSM8K][0m INFO:atroposlib.envs.base:env_manager: Status dict: {'current_step': 0, 'queue_size': 0, 'unallocated_fraction': 1.0, 'self_queue_size': 0, 'max_group_size': 1, 'env_weight': 1.0}
[96m[ATROPOS][0m INFO:     127.0.0.1:63791 - "GET /status-env HTTP/1.1" 200 OK
[94m[GSM8K][0m INFO:atroposlib.envs.base:env_manager: Status dict: {'current_step': 0, 'queue_size': 0, 'unallocated_fraction': 1.0, 'self_queue_size': 0, 'max_group_size': 1, 'env_weight': 1.0}
[96m[ATROPOS][0m INFO:     127.0.0.1:63792 - "GET /status-env HTTP/1.1" 200 OK
[94m[GSM8K][0m INFO:atroposlib.envs.base:env_manager: Status dict: {'current_step': 0, 'queue_size': 0, 'unallocated_fraction': 1.0, 'self_queue_size': 0, 'max_group_size': 1, 'env_weight': 1.0}
[96m[ATROPOS][0m INFO:     127.0.0.1:63793 - "GET /status-env HTTP/1.1" 200 OK
[94m[GSM8K][0m INFO:atroposlib.envs.base:env_manager: Status dict: {'current_step': 0, 'queue_size': 0, 'unallocated_fraction': 1.0, 'self_queue_size': 0, 'max_group_size': 1, 'env_weight': 1.0}
[96m[ATROPOS][0m INFO:     127.0.0.1:63794 - "GET /status-env HTTP/1.1" 200 OK
[94m[GSM8K][0m INFO:atroposlib.envs.base:env_manager: Status dict: {'current_step': 0, 'queue_size': 0, 'unallocated_fraction': 1.0, 'self_queue_size': 0, 'max_group_size': 1, 'env_weight': 1.0}
[96m[ATROPOS][0m INFO:     127.0.0.1:63795 - "GET /status-env HTTP/1.1" 200 OK
[94m[GSM8K][0m INFO:atroposlib.envs.base:env_manager: Status dict: {'current_step': 0, 'queue_size': 0, 'unallocated_fraction': 1.0, 'self_queue_size': 0, 'max_group_size': 1, 'env_weight': 1.0}
[96m[ATROPOS][0m INFO:     127.0.0.1:63796 - "GET /status-env HTTP/1.1" 200 OK
[94m[GSM8K][0m INFO:atroposlib.envs.base:env_manager: Status dict: {'current_step': 0, 'queue_size': 0, 'unallocated_fraction': 1.0, 'self_queue_size': 0, 'max_group_size': 1, 'env_weight': 1.0}
[96m[ATROPOS][0m INFO:     127.0.0.1:63797 - "GET /status-env HTTP/1.1" 200 OK
[94m[GSM8K][0m INFO:atroposlib.envs.base:env_manager: Status dict: {'current_step': 0, 'queue_size': 0, 'unallocated_fraction': 1.0, 'self_queue_size': 0, 'max_group_size': 1, 'env_weight': 1.0}
[96m[ATROPOS][0m INFO:     127.0.0.1:63798 - "GET /batch HTTP/1.1" 200 OK
[96m[ATROPOS][0m INFO:     127.0.0.1:63799 - "GET /status-env HTTP/1.1" 200 OK
[94m[GSM8K][0m INFO:atroposlib.envs.base:env_manager: Status dict: {'current_step': 0, 'queue_size': 0, 'unallocated_fraction': 1.0, 'self_queue_size': 0, 'max_group_size': 1, 'env_weight': 1.0}
[96m[ATROPOS][0m INFO:     127.0.0.1:63800 - "GET /status-env HTTP/1.1" 200 OK
[94m[GSM8K][0m INFO:atroposlib.envs.base:env_manager: Status dict: {'current_step': 0, 'queue_size': 0, 'unallocated_fraction': 1.0, 'self_queue_size': 0, 'max_group_size': 1, 'env_weight': 1.0}
[96m[ATROPOS][0m INFO:     127.0.0.1:63801 - "GET /status-env HTTP/1.1" 200 OK
[94m[GSM8K][0m INFO:atroposlib.envs.base:env_manager: Status dict: {'current_step': 0, 'queue_size': 0, 'unallocated_fraction': 1.0, 'self_queue_size': 0, 'max_group_size': 1, 'env_weight': 1.0}
[96m[ATROPOS][0m INFO:     127.0.0.1:63802 - "GET /status-env HTTP/1.1" 200 OK
[94m[GSM8K][0m INFO:atroposlib.envs.base:env_manager: Status dict: {'current_step': 0, 'queue_size': 0, 'unallocated_fraction': 1.0, 'self_queue_size': 0, 'max_group_size': 1, 'env_weight': 1.0}
[96m[ATROPOS][0m INFO:     127.0.0.1:63803 - "GET /status-env HTTP/1.1" 200 OK
[94m[GSM8K][0m INFO:atroposlib.envs.base:env_manager: Status dict: {'current_step': 0, 'queue_size': 0, 'unallocated_fraction': 1.0, 'self_queue_size': 0, 'max_group_size': 1, 'env_weight': 1.0}
[96m[ATROPOS][0m INFO:     127.0.0.1:63804 - "GET /status-env HTTP/1.1" 200 OK
[94m[GSM8K][0m INFO:atroposlib.envs.base:env_manager: Status dict: {'current_step': 0, 'queue_size': 0, 'unallocated_fraction': 1.0, 'self_queue_size': 0, 'max_group_size': 1, 'env_weight': 1.0}
[96m[ATROPOS][0m INFO:     127.0.0.1:63805 - "GET /status-env HTTP/1.1" 200 OK
[94m[GSM8K][0m INFO:atroposlib.envs.base:env_manager: Status dict: {'current_step': 0, 'queue_size': 0, 'unallocated_fraction': 1.0, 'self_queue_size': 0, 'max_group_size': 1, 'env_weight': 1.0}
[96m[ATROPOS][0m INFO:     127.0.0.1:63806 - "GET /status-env HTTP/1.1" 200 OK
[94m[GSM8K][0m INFO:atroposlib.envs.base:env_manager: Status dict: {'current_step': 0, 'queue_size': 0, 'unallocated_fraction': 1.0, 'self_queue_size': 0, 'max_group_size': 1, 'env_weight': 1.0}
[96m[ATROPOS][0m INFO:     127.0.0.1:63807 - "GET /status-env HTTP/1.1" 200 OK
[94m[GSM8K][0m INFO:atroposlib.envs.base:env_manager: Status dict: {'current_step': 0, 'queue_size': 0, 'unallocated_fraction': 1.0, 'self_queue_size': 0, 'max_group_size': 1, 'env_weight': 1.0}
[96m[ATROPOS][0m INFO:     127.0.0.1:63808 - "GET /batch HTTP/1.1" 200 OK
[96m[ATROPOS][0m INFO:     127.0.0.1:63809 - "GET /status-env HTTP/1.1" 200 OK
[94m[GSM8K][0m INFO:atroposlib.envs.base:env_manager: Status dict: {'current_step': 0, 'queue_size': 0, 'unallocated_fraction': 1.0, 'self_queue_size': 0, 'max_group_size': 1, 'env_weight': 1.0}
[96m[ATROPOS][0m INFO:     127.0.0.1:63810 - "GET /status-env HTTP/1.1" 200 OK
[94m[GSM8K][0m INFO:atroposlib.envs.base:env_manager: Status dict: {'current_step': 0, 'queue_size': 0, 'unallocated_fraction': 1.0, 'self_queue_size': 0, 'max_group_size': 1, 'env_weight': 1.0}
[96m[ATROPOS][0m INFO:     127.0.0.1:63811 - "GET /status-env HTTP/1.1" 200 OK
[94m[GSM8K][0m INFO:atroposlib.envs.base:env_manager: Status dict: {'current_step': 0, 'queue_size': 0, 'unallocated_fraction': 1.0, 'self_queue_size': 0, 'max_group_size': 1, 'env_weight': 1.0}
[96m[ATROPOS][0m INFO:     127.0.0.1:63812 - "GET /status-env HTTP/1.1" 200 OK
[94m[GSM8K][0m INFO:atroposlib.envs.base:env_manager: Status dict: {'current_step': 0, 'queue_size': 0, 'unallocated_fraction': 1.0, 'self_queue_size': 0, 'max_group_size': 1, 'env_weight': 1.0}
[96m[ATROPOS][0m INFO:     127.0.0.1:63813 - "GET /status-env HTTP/1.1" 200 OK
[94m[GSM8K][0m INFO:atroposlib.envs.base:env_manager: Status dict: {'current_step': 0, 'queue_size': 0, 'unallocated_fraction': 1.0, 'self_queue_size': 0, 'max_group_size': 1, 'env_weight': 1.0}
[96m[ATROPOS][0m INFO:     127.0.0.1:63814 - "GET /status-env HTTP/1.1" 200 OK
[94m[GSM8K][0m INFO:atroposlib.envs.base:env_manager: Status dict: {'current_step': 0, 'queue_size': 0, 'unallocated_fraction': 1.0, 'self_queue_size': 0, 'max_group_size': 1, 'env_weight': 1.0}
[96m[ATROPOS][0m INFO:     127.0.0.1:63815 - "GET /status-env HTTP/1.1" 200 OK
[94m[GSM8K][0m INFO:atroposlib.envs.base:env_manager: Status dict: {'current_step': 0, 'queue_size': 0, 'unallocated_fraction': 1.0, 'self_queue_size': 0, 'max_group_size': 1, 'env_weight': 1.0}
[96m[ATROPOS][0m INFO:     127.0.0.1:63816 - "GET /status-env HTTP/1.1" 200 OK
[94m[GSM8K][0m INFO:atroposlib.envs.base:env_manager: Status dict: {'current_step': 0, 'queue_size': 0, 'unallocated_fraction': 1.0, 'self_queue_size': 0, 'max_group_size': 1, 'env_weight': 1.0}
[96m[ATROPOS][0m INFO:     127.0.0.1:63817 - "GET /status-env HTTP/1.1" 200 OK
[94m[GSM8K][0m INFO:atroposlib.envs.base:env_manager: Status dict: {'current_step': 0, 'queue_size': 0, 'unallocated_fraction': 1.0, 'self_queue_size': 0, 'max_group_size': 1, 'env_weight': 1.0}
[96m[ATROPOS][0m INFO:     127.0.0.1:63818 - "GET /status-env HTTP/1.1" 200 OK
[94m[GSM8K][0m INFO:atroposlib.envs.base:env_manager: Status dict: {'current_step': 0, 'queue_size': 0, 'unallocated_fraction': 1.0, 'self_queue_size': 0, 'max_group_size': 1, 'env_weight': 1.0}
[96m[ATROPOS][0m INFO:     127.0.0.1:63819 - "GET /batch HTTP/1.1" 200 OK
[92m[TRAINER][0m INFO:root:Polling for batch... attempt 260
[96m[ATROPOS][0m INFO:     127.0.0.1:63820 - "GET /status-env HTTP/1.1" 200 OK
[94m[GSM8K][0m INFO:atroposlib.envs.base:env_manager: Status dict: {'current_step': 0, 'queue_size': 0, 'unallocated_fraction': 1.0, 'self_queue_size': 0, 'max_group_size': 1, 'env_weight': 1.0}
[96m[ATROPOS][0m INFO:     127.0.0.1:63821 - "GET /status-env HTTP/1.1" 200 OK
[94m[GSM8K][0m INFO:atroposlib.envs.base:env_manager: Status dict: {'current_step': 0, 'queue_size': 0, 'unallocated_fraction': 1.0, 'self_queue_size': 0, 'max_group_size': 1, 'env_weight': 1.0}
[96m[ATROPOS][0m INFO:     127.0.0.1:63822 - "GET /status-env HTTP/1.1" 200 OK
[94m[GSM8K][0m INFO:atroposlib.envs.base:env_manager: Status dict: {'current_step': 0, 'queue_size': 0, 'unallocated_fraction': 1.0, 'self_queue_size': 0, 'max_group_size': 1, 'env_weight': 1.0}
[96m[ATROPOS][0m INFO:     127.0.0.1:63823 - "GET /status-env HTTP/1.1" 200 OK
[94m[GSM8K][0m INFO:atroposlib.envs.base:env_manager: Status dict: {'current_step': 0, 'queue_size': 0, 'unallocated_fraction': 1.0, 'self_queue_size': 0, 'max_group_size': 1, 'env_weight': 1.0}
[96m[ATROPOS][0m INFO:     127.0.0.1:63824 - "GET /status-env HTTP/1.1" 200 OK
[94m[GSM8K][0m INFO:atroposlib.envs.base:env_manager: Status dict: {'current_step': 0, 'queue_size': 0, 'unallocated_fraction': 1.0, 'self_queue_size': 0, 'max_group_size': 1, 'env_weight': 1.0}
[96m[ATROPOS][0m INFO:     127.0.0.1:63825 - "GET /status-env HTTP/1.1" 200 OK
[94m[GSM8K][0m INFO:atroposlib.envs.base:env_manager: Status dict: {'current_step': 0, 'queue_size': 0, 'unallocated_fraction': 1.0, 'self_queue_size': 0, 'max_group_size': 1, 'env_weight': 1.0}
[96m[ATROPOS][0m INFO:     127.0.0.1:63827 - "GET /status-env HTTP/1.1" 200 OK
[94m[GSM8K][0m INFO:atroposlib.envs.base:env_manager: Status dict: {'current_step': 0, 'queue_size': 0, 'unallocated_fraction': 1.0, 'self_queue_size': 0, 'max_group_size': 1, 'env_weight': 1.0}
[96m[ATROPOS][0m INFO:     127.0.0.1:63828 - "GET /status-env HTTP/1.1" 200 OK
[94m[GSM8K][0m INFO:atroposlib.envs.base:env_manager: Status dict: {'current_step': 0, 'queue_size': 0, 'unallocated_fraction': 1.0, 'self_queue_size': 0, 'max_group_size': 1, 'env_weight': 1.0}
[96m[ATROPOS][0m INFO:     127.0.0.1:63829 - "GET /status-env HTTP/1.1" 200 OK
[94m[GSM8K][0m INFO:atroposlib.envs.base:env_manager: Status dict: {'current_step': 0, 'queue_size': 0, 'unallocated_fraction': 1.0, 'self_queue_size': 0, 'max_group_size': 1, 'env_weight': 1.0}
[96m[ATROPOS][0m INFO:     127.0.0.1:63831 - "GET /status-env HTTP/1.1" 200 OK
[94m[GSM8K][0m INFO:atroposlib.envs.base:env_manager: Status dict: {'current_step': 0, 'queue_size': 0, 'unallocated_fraction': 1.0, 'self_queue_size': 0, 'max_group_size': 1, 'env_weight': 1.0}
[96m[ATROPOS][0m INFO:     127.0.0.1:63832 - "GET /batch HTTP/1.1" 200 OK
[96m[ATROPOS][0m INFO:     127.0.0.1:63834 - "GET /status-env HTTP/1.1" 200 OK
[94m[GSM8K][0m INFO:atroposlib.envs.base:env_manager: Status dict: {'current_step': 0, 'queue_size': 0, 'unallocated_fraction': 1.0, 'self_queue_size': 0, 'max_group_size': 1, 'env_weight': 1.0}
[96m[ATROPOS][0m INFO:     127.0.0.1:63835 - "GET /status-env HTTP/1.1" 200 OK
[94m[GSM8K][0m INFO:atroposlib.envs.base:env_manager: Status dict: {'current_step': 0, 'queue_size': 0, 'unallocated_fraction': 1.0, 'self_queue_size': 0, 'max_group_size': 1, 'env_weight': 1.0}
[96m[ATROPOS][0m INFO:     127.0.0.1:63836 - "GET /status-env HTTP/1.1" 200 OK
[94m[GSM8K][0m INFO:atroposlib.envs.base:env_manager: Status dict: {'current_step': 0, 'queue_size': 0, 'unallocated_fraction': 1.0, 'self_queue_size': 0, 'max_group_size': 1, 'env_weight': 1.0}
[96m[ATROPOS][0m INFO:     127.0.0.1:63838 - "GET /status-env HTTP/1.1" 200 OK
[94m[GSM8K][0m INFO:atroposlib.envs.base:env_manager: Status dict: {'current_step': 0, 'queue_size': 0, 'unallocated_fraction': 1.0, 'self_queue_size': 0, 'max_group_size': 1, 'env_weight': 1.0}
[96m[ATROPOS][0m INFO:     127.0.0.1:63841 - "GET /status-env HTTP/1.1" 200 OK
[94m[GSM8K][0m INFO:atroposlib.envs.base:env_manager: Status dict: {'current_step': 0, 'queue_size': 0, 'unallocated_fraction': 1.0, 'self_queue_size': 0, 'max_group_size': 1, 'env_weight': 1.0}
[96m[ATROPOS][0m INFO:     127.0.0.1:63842 - "GET /status-env HTTP/1.1" 200 OK
[94m[GSM8K][0m INFO:atroposlib.envs.base:env_manager: Status dict: {'current_step': 0, 'queue_size': 0, 'unallocated_fraction': 1.0, 'self_queue_size': 0, 'max_group_size': 1, 'env_weight': 1.0}
[96m[ATROPOS][0m INFO:     127.0.0.1:63843 - "GET /status-env HTTP/1.1" 200 OK
[94m[GSM8K][0m INFO:atroposlib.envs.base:env_manager: Status dict: {'current_step': 0, 'queue_size': 0, 'unallocated_fraction': 1.0, 'self_queue_size': 0, 'max_group_size': 1, 'env_weight': 1.0}
[96m[ATROPOS][0m INFO:     127.0.0.1:63844 - "GET /status-env HTTP/1.1" 200 OK
[94m[GSM8K][0m INFO:atroposlib.envs.base:env_manager: Status dict: {'current_step': 0, 'queue_size': 0, 'unallocated_fraction': 1.0, 'self_queue_size': 0, 'max_group_size': 1, 'env_weight': 1.0}
[96m[ATROPOS][0m INFO:     127.0.0.1:63845 - "GET /status-env HTTP/1.1" 200 OK
[94m[GSM8K][0m INFO:atroposlib.envs.base:env_manager: Status dict: {'current_step': 0, 'queue_size': 0, 'unallocated_fraction': 1.0, 'self_queue_size': 0, 'max_group_size': 1, 'env_weight': 1.0}
[96m[ATROPOS][0m INFO:     127.0.0.1:63846 - "GET /batch HTTP/1.1" 200 OK
[96m[ATROPOS][0m INFO:     127.0.0.1:63847 - "GET /status-env HTTP/1.1" 200 OK
[94m[GSM8K][0m INFO:atroposlib.envs.base:env_manager: Status dict: {'current_step': 0, 'queue_size': 0, 'unallocated_fraction': 1.0, 'self_queue_size': 0, 'max_group_size': 1, 'env_weight': 1.0}
[96m[ATROPOS][0m INFO:     127.0.0.1:63848 - "GET /status-env HTTP/1.1" 200 OK
[94m[GSM8K][0m INFO:atroposlib.envs.base:env_manager: Status dict: {'current_step': 0, 'queue_size': 0, 'unallocated_fraction': 1.0, 'self_queue_size': 0, 'max_group_size': 1, 'env_weight': 1.0}
[96m[ATROPOS][0m INFO:     127.0.0.1:63849 - "GET /status-env HTTP/1.1" 200 OK
[94m[GSM8K][0m INFO:atroposlib.envs.base:env_manager: Status dict: {'current_step': 0, 'queue_size': 0, 'unallocated_fraction': 1.0, 'self_queue_size': 0, 'max_group_size': 1, 'env_weight': 1.0}
[96m[ATROPOS][0m INFO:     127.0.0.1:63850 - "GET /status-env HTTP/1.1" 200 OK
[94m[GSM8K][0m INFO:atroposlib.envs.base:env_manager: Status dict: {'current_step': 0, 'queue_size': 0, 'unallocated_fraction': 1.0, 'self_queue_size': 0, 'max_group_size': 1, 'env_weight': 1.0}
[96m[ATROPOS][0m INFO:     127.0.0.1:63851 - "GET /status-env HTTP/1.1" 200 OK
